[c_pc_2M_plain_sp1] regime=pooledcross train neurons=6927 val neurons=2354 mice=33
    ep0 loss=0.559 err=43.901 within15=0.195 sel=-44.365 (3s)
    ep1 loss=0.504 err=43.567 within15=0.196 sel=-42.492 (5s)
    ep2 loss=0.500 err=43.076 within15=0.200 sel=-44.172 (8s)
    ep3 loss=0.499 err=43.832 within15=0.190 sel=-43.483 (11s)
    ep4 loss=0.493 err=44.865 within15=0.188 sel=-44.586 (13s)
    ep5 loss=0.489 err=44.320 within15=0.188 sel=-42.199 (16s)
    ep6 loss=0.482 err=38.468 within15=0.252 sel=-42.310 (18s)
    ep7 loss=0.476 err=44.778 within15=0.188 sel=-41.479 (21s)
    ep8 loss=0.471 err=43.295 within15=0.194 sel=-40.486 (23s)
    ep9 loss=0.467 err=38.900 within15=0.244 sel=-41.121 (26s)
    ep10 loss=0.464 err=43.421 within15=0.197 sel=-40.645 (28s)
    ep11 loss=0.461 err=39.888 within15=0.225 sel=-40.187 (31s)
    ep12 loss=0.460 err=37.391 within15=0.258 sel=-39.549 (34s)
    ep13 loss=0.459 err=39.494 within15=0.253 sel=-41.594 (36s)
    ep14 loss=0.457 err=37.323 within15=0.260 sel=-40.581 (39s)
    ep15 loss=0.455 err=39.226 within15=0.248 sel=-40.242 (41s)
    ep16 loss=0.453 err=38.268 within15=0.260 sel=-40.453 (44s)
    ep17 loss=0.450 err=38.035 within15=0.264 sel=-40.352 (46s)
    ep18 loss=0.448 err=38.888 within15=0.241 sel=-39.772 (49s)
    ep19 loss=0.444 err=38.466 within15=0.251 sel=-39.461 (51s)
    ep20 loss=0.443 err=38.296 within15=0.250 sel=-40.104 (54s)
    ep21 loss=0.439 err=39.721 within15=0.229 sel=-40.572 (57s)
    ep22 loss=0.436 err=39.358 within15=0.234 sel=-40.581 (59s)
    ep23 loss=0.432 err=37.021 within15=0.260 sel=-38.605 (62s)
    ep24 loss=0.430 err=38.212 within15=0.254 sel=-40.439 (64s)
    ep25 loss=0.426 err=36.871 within15=0.276 sel=-39.616 (67s)
    ep26 loss=0.423 err=37.466 within15=0.275 sel=-39.427 (69s)
    ep27 loss=0.419 err=39.367 within15=0.245 sel=-40.265 (72s)
    ep28 loss=0.415 err=37.719 within15=0.263 sel=-39.268 (75s)
    ep29 loss=0.411 err=38.910 within15=0.236 sel=-40.654 (77s)
    ep30 loss=0.407 err=37.578 within15=0.264 sel=-41.471 (80s)
    ep31 loss=0.403 err=37.034 within15=0.271 sel=-40.375 (82s)
    ep32 loss=0.398 err=36.905 within15=0.277 sel=-39.877 (85s)
    ep33 loss=0.393 err=37.901 within15=0.262 sel=-40.014 (87s)
    ep34 loss=0.387 err=37.463 within15=0.260 sel=-40.934 (90s)
    ep35 loss=0.382 err=37.806 within15=0.252 sel=-41.652 (93s)
    ep36 loss=0.378 err=38.211 within15=0.247 sel=-41.745 (95s)
    ep37 loss=0.371 err=39.039 within15=0.229 sel=-41.218 (98s)
    ep38 loss=0.362 err=39.471 within15=0.219 sel=-40.835 (100s)
    ep39 loss=0.356 err=39.075 within15=0.229 sel=-41.292 (103s)
    ep40 loss=0.351 err=40.361 within15=0.206 sel=-41.339 (105s)
    ep41 loss=0.344 err=40.155 within15=0.229 sel=-41.049 (108s)
    ep42 loss=0.338 err=39.701 within15=0.211 sel=-41.493 (111s)
    ep43 loss=0.332 err=38.782 within15=0.229 sel=-40.810 (113s)
    ep44 loss=0.326 err=38.728 within15=0.235 sel=-40.333 (116s)
    ep45 loss=0.320 err=39.359 within15=0.227 sel=-40.365 (118s)
    ep46 loss=0.313 err=38.961 within15=0.231 sel=-40.582 (121s)
    ep47 loss=0.309 err=39.564 within15=0.209 sel=-40.527 (123s)
    ep48 loss=0.305 err=40.432 within15=0.207 sel=-41.208 (126s)
    ep49 loss=0.301 err=39.553 within15=0.220 sel=-40.195 (129s)
    ep50 loss=0.299 err=40.153 within15=0.218 sel=-40.891 (131s)
    ep51 loss=0.295 err=39.824 within15=0.222 sel=-40.747 (134s)
    ep52 loss=0.293 err=40.078 within15=0.221 sel=-40.470 (136s)
    ep53 loss=0.290 err=40.315 within15=0.204 sel=-40.623 (139s)
    ep54 loss=0.288 err=41.136 within15=0.201 sel=-40.773 (141s)
    ep55 loss=0.289 err=41.094 within15=0.201 sel=-40.618 (144s)
    ep56 loss=0.289 err=40.085 within15=0.212 sel=-40.518 (147s)
    ep57 loss=0.287 err=40.242 within15=0.213 sel=-40.345 (149s)
    ep58 loss=0.286 err=40.154 within15=0.212 sel=-40.290 (152s)
    ep59 loss=0.287 err=39.755 within15=0.219 sel=-40.368 (154s)
    test-time averaging: err_avg8=37.678 err_avg32=37.780
  -> c_pc_2M_plain_sp1: err=37.021 avg32=37.780 within15=0.260 err_modD=36.978 best_epoch=23
[c_pc_2M_plain_sp2] regime=pooledcross train neurons=6853 val neurons=2428 mice=33
    ep0 loss=0.558 err=43.332 within15=0.191 sel=-46.459 (3s)
    ep1 loss=0.502 err=43.433 within15=0.204 sel=-45.480 (6s)
    ep2 loss=0.495 err=42.936 within15=0.222 sel=-43.912 (8s)
    ep3 loss=0.494 err=42.551 within15=0.208 sel=-45.282 (11s)
    ep4 loss=0.486 err=43.588 within15=0.194 sel=-43.278 (13s)
    ep5 loss=0.485 err=41.296 within15=0.230 sel=-43.423 (16s)
    ep6 loss=0.473 err=39.280 within15=0.239 sel=-41.823 (18s)
    ep7 loss=0.468 err=41.935 within15=0.215 sel=-39.344 (21s)
    ep8 loss=0.463 err=38.887 within15=0.243 sel=-39.821 (24s)
    ep9 loss=0.459 err=40.143 within15=0.222 sel=-39.478 (26s)
    ep10 loss=0.456 err=39.902 within15=0.231 sel=-40.232 (29s)
    ep11 loss=0.455 err=39.307 within15=0.243 sel=-40.147 (31s)
    ep12 loss=0.453 err=39.561 within15=0.234 sel=-39.733 (34s)
    ep13 loss=0.451 err=39.285 within15=0.241 sel=-38.902 (36s)
    ep14 loss=0.449 err=40.301 within15=0.247 sel=-39.335 (39s)
    ep15 loss=0.452 err=39.779 within15=0.232 sel=-40.156 (41s)
    ep16 loss=0.443 err=39.270 within15=0.235 sel=-39.608 (44s)
    ep17 loss=0.440 err=38.885 within15=0.248 sel=-39.734 (46s)
    ep18 loss=0.438 err=39.097 within15=0.234 sel=-39.518 (49s)
    ep19 loss=0.434 err=38.962 within15=0.227 sel=-39.494 (51s)
    ep20 loss=0.432 err=38.443 within15=0.243 sel=-38.557 (54s)
    ep21 loss=0.426 err=38.735 within15=0.249 sel=-39.076 (56s)
    ep22 loss=0.424 err=38.066 within15=0.245 sel=-39.101 (59s)
    ep23 loss=0.421 err=37.873 within15=0.249 sel=-39.807 (62s)
    ep24 loss=0.416 err=38.554 within15=0.235 sel=-40.921 (64s)
    ep25 loss=0.411 err=38.816 within15=0.247 sel=-38.836 (67s)
    ep26 loss=0.407 err=38.749 within15=0.247 sel=-39.805 (69s)
    ep27 loss=0.403 err=38.475 within15=0.239 sel=-41.349 (72s)
    ep28 loss=0.397 err=38.442 within15=0.258 sel=-40.153 (74s)
    ep29 loss=0.391 err=38.277 within15=0.253 sel=-41.163 (77s)
    ep30 loss=0.385 err=37.904 within15=0.252 sel=-40.962 (80s)
    ep31 loss=0.378 err=39.688 within15=0.231 sel=-42.718 (82s)
    ep32 loss=0.372 err=38.760 within15=0.247 sel=-41.463 (85s)
    ep33 loss=0.363 err=38.657 within15=0.252 sel=-41.792 (87s)
    ep34 loss=0.356 err=40.089 within15=0.220 sel=-42.579 (90s)
    ep35 loss=0.348 err=38.382 within15=0.241 sel=-41.930 (92s)
    ep36 loss=0.339 err=37.943 within15=0.237 sel=-40.038 (95s)
    ep37 loss=0.331 err=38.404 within15=0.249 sel=-40.685 (98s)
    ep38 loss=0.323 err=37.925 within15=0.243 sel=-40.498 (100s)
    ep39 loss=0.315 err=38.455 within15=0.246 sel=-40.446 (103s)
    ep40 loss=0.307 err=37.753 within15=0.256 sel=-40.916 (105s)
    ep41 loss=0.300 err=39.294 within15=0.234 sel=-41.655 (108s)
    ep42 loss=0.293 err=37.398 within15=0.255 sel=-42.744 (110s)
    ep43 loss=0.286 err=38.124 within15=0.244 sel=-41.410 (113s)
    ep44 loss=0.280 err=38.271 within15=0.235 sel=-40.527 (115s)
    ep45 loss=0.273 err=38.803 within15=0.243 sel=-41.334 (118s)
    ep46 loss=0.268 err=38.392 within15=0.238 sel=-41.132 (121s)
    ep47 loss=0.263 err=38.556 within15=0.243 sel=-41.104 (123s)
    ep48 loss=0.259 err=37.803 within15=0.258 sel=-40.322 (126s)
    ep49 loss=0.256 err=39.203 within15=0.231 sel=-41.051 (128s)
    ep50 loss=0.251 err=38.339 within15=0.254 sel=-40.975 (131s)
    ep51 loss=0.250 err=37.370 within15=0.250 sel=-40.820 (133s)
    ep52 loss=0.248 err=38.167 within15=0.252 sel=-40.922 (136s)
    ep53 loss=0.245 err=37.474 within15=0.252 sel=-40.377 (139s)
    ep54 loss=0.244 err=38.458 within15=0.249 sel=-40.669 (141s)
    ep55 loss=0.243 err=38.223 within15=0.244 sel=-40.296 (144s)
    ep56 loss=0.242 err=38.267 within15=0.242 sel=-40.515 (146s)
    ep57 loss=0.242 err=38.186 within15=0.252 sel=-40.666 (149s)
    ep58 loss=0.241 err=38.232 within15=0.265 sel=-40.617 (151s)
    ep59 loss=0.240 err=38.840 within15=0.238 sel=-40.620 (154s)
    test-time averaging: err_avg8=38.492 err_avg32=38.642
  -> c_pc_2M_plain_sp2: err=38.443 avg32=38.642 within15=0.243 err_modD=37.658 best_epoch=20
[c_pc_2M_plain_s1] regime=pooledcross train neurons=6706 val neurons=2575 mice=33
    ep0 loss=0.558 err=43.294 within15=0.197 sel=-43.480 (3s)
    ep1 loss=0.502 err=41.630 within15=0.213 sel=-43.811 (6s)
    ep2 loss=0.499 err=44.249 within15=0.197 sel=-46.203 (8s)
    ep3 loss=0.498 err=42.213 within15=0.194 sel=-46.368 (11s)
    ep4 loss=0.496 err=40.448 within15=0.223 sel=-42.709 (13s)
    ep5 loss=0.492 err=38.768 within15=0.238 sel=-41.565 (16s)
    ep6 loss=0.487 err=39.696 within15=0.244 sel=-44.542 (19s)
    ep7 loss=0.483 err=38.693 within15=0.241 sel=-41.421 (21s)
    ep8 loss=0.480 err=37.905 within15=0.262 sel=-40.182 (24s)
    ep9 loss=0.476 err=37.533 within15=0.265 sel=-40.347 (27s)
    ep10 loss=0.472 err=37.910 within15=0.260 sel=-39.314 (30s)
    ep11 loss=0.470 err=37.079 within15=0.272 sel=-38.519 (33s)
    ep12 loss=0.468 err=37.164 within15=0.277 sel=-38.049 (36s)
    ep13 loss=0.466 err=37.494 within15=0.276 sel=-38.617 (39s)
    ep14 loss=0.463 err=36.280 within15=0.292 sel=-37.084 (42s)
    ep15 loss=0.462 err=36.514 within15=0.282 sel=-36.921 (44s)
    ep16 loss=0.460 err=37.407 within15=0.273 sel=-38.241 (47s)
    ep17 loss=0.458 err=36.312 within15=0.276 sel=-37.448 (50s)
    ep18 loss=0.456 err=36.190 within15=0.291 sel=-37.330 (52s)
    ep19 loss=0.453 err=36.021 within15=0.282 sel=-37.183 (55s)
    ep20 loss=0.450 err=35.609 within15=0.299 sel=-37.832 (57s)
    ep21 loss=0.448 err=35.355 within15=0.297 sel=-38.859 (60s)
    ep22 loss=0.446 err=35.291 within15=0.298 sel=-37.696 (62s)
    ep23 loss=0.442 err=35.229 within15=0.291 sel=-37.174 (65s)
    ep24 loss=0.439 err=36.201 within15=0.284 sel=-38.011 (68s)
    ep25 loss=0.436 err=35.568 within15=0.296 sel=-36.877 (70s)
    ep26 loss=0.432 err=35.418 within15=0.306 sel=-36.746 (73s)
    ep27 loss=0.428 err=35.053 within15=0.292 sel=-37.739 (75s)
    ep28 loss=0.423 err=34.849 within15=0.298 sel=-37.995 (78s)
    ep29 loss=0.420 err=35.212 within15=0.305 sel=-38.407 (80s)
    ep30 loss=0.414 err=35.070 within15=0.304 sel=-38.352 (83s)
    ep31 loss=0.407 err=35.035 within15=0.305 sel=-38.049 (86s)
    ep32 loss=0.402 err=35.527 within15=0.302 sel=-37.531 (88s)
    ep33 loss=0.395 err=35.520 within15=0.299 sel=-37.317 (91s)
    ep34 loss=0.389 err=35.981 within15=0.291 sel=-37.522 (93s)
    ep35 loss=0.380 err=34.706 within15=0.305 sel=-37.467 (96s)
    ep36 loss=0.372 err=35.148 within15=0.304 sel=-37.321 (99s)
    ep37 loss=0.366 err=36.112 within15=0.293 sel=-39.009 (101s)
    ep38 loss=0.357 err=35.427 within15=0.292 sel=-37.629 (104s)
    ep39 loss=0.348 err=35.839 within15=0.294 sel=-37.364 (106s)
    ep40 loss=0.340 err=35.451 within15=0.290 sel=-39.528 (109s)
    ep41 loss=0.332 err=36.017 within15=0.284 sel=-39.158 (112s)
    ep42 loss=0.323 err=35.914 within15=0.289 sel=-38.516 (114s)
    ep43 loss=0.316 err=36.653 within15=0.284 sel=-38.398 (117s)
    ep44 loss=0.308 err=37.066 within15=0.263 sel=-39.326 (119s)
    ep45 loss=0.301 err=36.576 within15=0.276 sel=-38.425 (122s)
    ep46 loss=0.294 err=35.579 within15=0.292 sel=-38.233 (124s)
    ep47 loss=0.289 err=35.989 within15=0.284 sel=-39.101 (127s)
    ep48 loss=0.282 err=36.241 within15=0.272 sel=-38.840 (130s)
    ep49 loss=0.278 err=36.292 within15=0.273 sel=-38.227 (132s)
    ep50 loss=0.276 err=36.604 within15=0.272 sel=-38.444 (135s)
    ep51 loss=0.273 err=36.298 within15=0.280 sel=-38.577 (137s)
    ep52 loss=0.269 err=36.574 within15=0.270 sel=-38.377 (140s)
    ep53 loss=0.267 err=36.409 within15=0.282 sel=-38.478 (143s)
    ep54 loss=0.266 err=36.739 within15=0.266 sel=-38.249 (145s)
    ep55 loss=0.265 err=36.529 within15=0.273 sel=-38.385 (148s)
    ep56 loss=0.262 err=36.117 within15=0.277 sel=-38.575 (150s)
    ep57 loss=0.262 err=36.811 within15=0.273 sel=-38.632 (153s)
    ep58 loss=0.262 err=36.656 within15=0.266 sel=-38.651 (155s)
    ep59 loss=0.262 err=36.404 within15=0.265 sel=-38.636 (158s)
    test-time averaging: err_avg8=35.297 err_avg32=35.275
  -> c_pc_2M_plain_s1: err=35.418 avg32=35.275 within15=0.306 err_modD=35.202 best_epoch=26
[c_pc_2M_plain_s2] regime=pooledcross train neurons=6706 val neurons=2575 mice=33
    ep0 loss=0.562 err=43.546 within15=0.197 sel=-44.556 (3s)
    ep1 loss=0.503 err=41.785 within15=0.218 sel=-44.059 (5s)
    ep2 loss=0.499 err=43.896 within15=0.194 sel=-45.443 (8s)
    ep3 loss=0.499 err=42.914 within15=0.205 sel=-43.662 (11s)
    ep4 loss=0.497 err=42.195 within15=0.210 sel=-44.155 (13s)
    ep5 loss=0.493 err=39.922 within15=0.235 sel=-44.788 (16s)
    ep6 loss=0.488 err=37.871 within15=0.255 sel=-40.835 (18s)
    ep7 loss=0.484 err=37.909 within15=0.256 sel=-40.255 (21s)
    ep8 loss=0.481 err=40.272 within15=0.242 sel=-42.544 (24s)
    ep9 loss=0.478 err=38.927 within15=0.261 sel=-42.474 (26s)
    ep10 loss=0.474 err=40.536 within15=0.240 sel=-41.514 (29s)
    ep11 loss=0.472 err=37.451 within15=0.272 sel=-39.972 (31s)
    ep12 loss=0.470 err=37.002 within15=0.280 sel=-39.019 (34s)
    ep13 loss=0.467 err=37.130 within15=0.271 sel=-39.117 (36s)
    ep14 loss=0.465 err=36.822 within15=0.291 sel=-38.640 (39s)
    ep15 loss=0.463 err=37.310 within15=0.273 sel=-39.112 (42s)
    ep16 loss=0.461 err=36.701 within15=0.280 sel=-38.231 (44s)
    ep17 loss=0.459 err=37.192 within15=0.272 sel=-39.222 (47s)
    ep18 loss=0.457 err=36.238 within15=0.285 sel=-38.194 (49s)
    ep19 loss=0.454 err=35.393 within15=0.293 sel=-37.237 (52s)
    ep20 loss=0.452 err=36.079 within15=0.289 sel=-38.090 (54s)
    ep21 loss=0.450 err=35.396 within15=0.294 sel=-37.037 (57s)
    ep22 loss=0.448 err=36.397 within15=0.284 sel=-38.999 (59s)
    ep23 loss=0.444 err=35.461 within15=0.296 sel=-38.510 (62s)
    ep24 loss=0.442 err=34.982 within15=0.301 sel=-37.735 (65s)
    ep25 loss=0.439 err=35.192 within15=0.298 sel=-38.279 (67s)
    ep26 loss=0.436 err=35.837 within15=0.306 sel=-38.024 (70s)
    ep27 loss=0.432 err=35.369 within15=0.291 sel=-38.002 (72s)
    ep28 loss=0.429 err=35.262 within15=0.296 sel=-38.737 (75s)
    ep29 loss=0.425 err=35.538 within15=0.300 sel=-38.899 (77s)
    ep30 loss=0.422 err=34.855 within15=0.296 sel=-38.407 (80s)
    ep31 loss=0.418 err=35.168 within15=0.301 sel=-38.509 (83s)
    ep32 loss=0.413 err=35.025 within15=0.311 sel=-38.750 (85s)
    ep33 loss=0.408 err=35.190 within15=0.307 sel=-38.927 (88s)
    ep34 loss=0.402 err=35.661 within15=0.297 sel=-38.358 (90s)
    ep35 loss=0.396 err=35.188 within15=0.307 sel=-39.100 (93s)
    ep36 loss=0.390 err=34.574 within15=0.301 sel=-38.226 (96s)
    ep37 loss=0.383 err=34.831 within15=0.308 sel=-38.400 (98s)
    ep38 loss=0.377 err=34.662 within15=0.320 sel=-39.105 (101s)
    ep39 loss=0.371 err=35.016 within15=0.311 sel=-38.746 (103s)
    ep40 loss=0.363 err=34.411 within15=0.315 sel=-38.798 (106s)
    ep41 loss=0.356 err=34.463 within15=0.301 sel=-39.927 (108s)
    ep42 loss=0.350 err=34.890 within15=0.299 sel=-38.941 (111s)
    ep43 loss=0.341 err=34.658 within15=0.298 sel=-39.186 (114s)
    ep44 loss=0.336 err=35.211 within15=0.296 sel=-39.556 (116s)
    ep45 loss=0.331 err=34.995 within15=0.294 sel=-39.269 (119s)
    ep46 loss=0.325 err=34.569 within15=0.308 sel=-39.408 (121s)
    ep47 loss=0.320 err=34.794 within15=0.303 sel=-39.170 (124s)
    ep48 loss=0.316 err=35.123 within15=0.293 sel=-39.265 (126s)
    ep49 loss=0.311 err=34.950 within15=0.298 sel=-38.617 (129s)
    ep50 loss=0.307 err=34.710 within15=0.300 sel=-38.917 (132s)
    ep51 loss=0.305 err=35.132 within15=0.285 sel=-38.270 (134s)
    ep52 loss=0.302 err=35.125 within15=0.291 sel=-38.839 (137s)
    ep53 loss=0.300 err=35.031 within15=0.303 sel=-38.900 (139s)
    ep54 loss=0.299 err=35.180 within15=0.294 sel=-38.794 (142s)
    ep55 loss=0.297 err=34.871 within15=0.294 sel=-38.627 (144s)
    ep56 loss=0.295 err=34.662 within15=0.301 sel=-38.930 (147s)
    ep57 loss=0.295 err=35.298 within15=0.282 sel=-38.827 (150s)
    ep58 loss=0.295 err=35.059 within15=0.300 sel=-38.791 (152s)
    ep59 loss=0.295 err=34.790 within15=0.308 sel=-38.827 (155s)
    test-time averaging: err_avg8=36.069 err_avg32=35.681
  -> c_pc_2M_plain_s2: err=35.396 avg32=35.681 within15=0.294 err_modD=35.395 best_epoch=21
QUEUE_POD4_ALLEN_DONE
