[c_iv_03M_n1024] func_iv oricirc n_neurons=5287 split_seed=0 bins=0 {'dim': 128, 'layers': 2, 'epochs': 20, 'batch': 64, 'seed': 0, 'n': 1024, 'rel_bias': True, 'device': 'cuda', 'early_stop': 0.2, 'sel_reps': 1, 'pops_per_epoch': 5000}
    ep0 loss=0.531 err=31.202 within15=0.389 sel=-31.791 (17s)
    ep1 loss=0.423 err=30.713 within15=0.401 sel=-30.859 (35s)
    ep2 loss=0.415 err=30.615 within15=0.406 sel=-30.604 (52s)
    ep3 loss=0.410 err=29.966 within15=0.407 sel=-29.438 (69s)
    ep4 loss=0.403 err=29.639 within15=0.408 sel=-28.722 (87s)
    ep5 loss=0.397 err=29.106 within15=0.413 sel=-28.830 (104s)
    ep6 loss=0.389 err=29.293 within15=0.413 sel=-27.651 (122s)
    ep7 loss=0.384 err=29.032 within15=0.418 sel=-27.166 (139s)
    ep8 loss=0.379 err=30.788 within15=0.393 sel=-26.996 (156s)
    ep9 loss=0.373 err=29.586 within15=0.394 sel=-26.624 (173s)
    ep10 loss=0.370 err=30.636 within15=0.391 sel=-26.623 (191s)
    ep11 loss=0.366 err=29.801 within15=0.397 sel=-26.172 (208s)
    ep12 loss=0.363 err=30.562 within15=0.393 sel=-26.540 (226s)
    ep13 loss=0.359 err=30.268 within15=0.398 sel=-26.125 (243s)
    ep14 loss=0.356 err=29.890 within15=0.402 sel=-25.650 (260s)
    ep15 loss=0.352 err=29.451 within15=0.406 sel=-25.351 (278s)
    ep16 loss=0.351 err=30.887 within15=0.392 sel=-26.081 (295s)
    ep17 loss=0.349 err=30.240 within15=0.399 sel=-25.796 (312s)
    ep18 loss=0.348 err=30.281 within15=0.394 sel=-25.758 (330s)
    ep19 loss=0.348 err=30.396 within15=0.398 sel=-25.749 (347s)
    test-time averaging: err_avg8=30.429 err_avg32=29.799
  -> c_iv_03M_n1024: err=29.451 within15=0.406 err_modD=29.368 loss=0.348 sel_metric=-25.351 val_at_last_epoch=30.396 err_avg8=30.429 err_avg32=29.799 best_epoch=15 params=397066 349s
[c_is_2M_n1024] func_is oricirc n_neurons=5287 split_seed=0 bins=0 {'dim': 256, 'layers': 4, 'epochs': 30, 'batch': 64, 'seed': 0, 'n': 1024, 'rel_bias': True, 'device': 'cuda', 'early_stop': 0.2, 'sel_reps': 1, 'pops_per_epoch': 5000}
    ep0 loss=0.553 err=38.253 within15=0.320 sel=-38.610 (41s)
    ep1 loss=0.495 err=38.766 within15=0.182 sel=-38.818 (83s)
    ep2 loss=0.500 err=40.354 within15=0.331 sel=-42.755 (125s)
    ep3 loss=0.459 err=32.536 within15=0.354 sel=-31.267 (166s)
    ep4 loss=0.440 err=29.293 within15=0.421 sel=-30.405 (208s)
    ep5 loss=0.391 err=26.040 within15=0.439 sel=-26.361 (250s)
    ep6 loss=0.348 err=23.085 within15=0.507 sel=-24.478 (279s)
    ep7 loss=0.309 err=21.908 within15=0.516 sel=-23.234 (321s)
    ep8 loss=0.294 err=22.267 within15=0.523 sel=-22.575 (362s)
    ep9 loss=0.276 err=22.372 within15=0.506 sel=-22.245 (404s)
    ep10 loss=0.274 err=21.670 within15=0.516 sel=-22.077 (446s)
    ep11 loss=0.259 err=21.207 within15=0.523 sel=-21.154 (488s)
    ep12 loss=0.250 err=21.224 within15=0.523 sel=-20.819 (529s)
    ep13 loss=0.243 err=20.861 within15=0.523 sel=-20.553 (571s)
    ep14 loss=0.318 err=22.491 within15=0.513 sel=-22.709 (612s)
    ep15 loss=0.251 err=20.860 within15=0.521 sel=-20.833 (654s)
    ep16 loss=0.226 err=20.867 within15=0.520 sel=-20.516 (696s)
    ep17 loss=0.214 err=21.300 within15=0.511 sel=-19.682 (738s)
    ep18 loss=0.201 err=21.377 within15=0.507 sel=-18.534 (779s)
    ep19 loss=0.188 err=21.427 within15=0.502 sel=-18.312 (821s)
    ep20 loss=0.177 err=21.617 within15=0.504 sel=-18.077 (863s)
    ep21 loss=0.168 err=21.508 within15=0.499 sel=-18.005 (905s)
    ep22 loss=0.160 err=21.639 within15=0.497 sel=-17.691 (946s)
    ep23 loss=0.154 err=21.428 within15=0.497 sel=-18.073 (988s)
    ep24 loss=0.149 err=21.828 within15=0.496 sel=-18.159 (1030s)
    ep25 loss=0.145 err=21.579 within15=0.491 sel=-17.857 (1072s)
    ep26 loss=0.142 err=21.389 within15=0.502 sel=-18.183 (1114s)
    ep27 loss=0.141 err=21.720 within15=0.498 sel=-17.898 (1155s)
    ep28 loss=0.140 err=21.723 within15=0.500 sel=-18.203 (1197s)
    ep29 loss=0.139 err=21.583 within15=0.499 sel=-18.092 (1239s)
    test-time averaging: err_avg8=22.115 err_avg32=21.480
  -> c_is_2M_n1024: err=21.639 within15=0.497 err_modD=21.639 loss=0.139 sel_metric=-17.691 val_at_last_epoch=21.583 err_avg8=22.115 err_avg32=21.480 best_epoch=22 params=2372626 1241s
QUEUE_POD4_N1024_DONE
