    balance_pop=1: populations with equal numbers per 8-class bin
[bal_iv] func_iv oricirc n_neurons=5287 split_seed=0 bins=0 {'seed': 0, 'dim': 512, 'layers': 8, 'epochs': 30, 'batch': 64, 'rel_bias': True, 'device': 'cuda', 'early_stop': 0.2, 'sel_reps': 4, 'pops_per_epoch': 5000, 'n': 512}
    ep0 loss=0.566 err=38.748 within15=0.266 sel=-37.048 (123s)
    ep1 loss=0.490 err=36.489 within15=0.259 sel=-35.534 (247s)
    ep2 loss=0.487 err=33.186 within15=0.289 sel=-33.806 (369s)
    ep3 loss=0.455 err=30.342 within15=0.369 sel=-29.228 (493s)
    ep4 loss=0.427 err=30.269 within15=0.386 sel=-30.857 (616s)
    ep5 loss=0.404 err=26.451 within15=0.424 sel=-26.771 (740s)
    ep6 loss=0.376 err=26.105 within15=0.421 sel=-27.113 (863s)
    ep7 loss=0.350 err=26.768 within15=0.425 sel=-27.086 (983s)
    ep8 loss=0.334 err=26.161 within15=0.421 sel=-27.551 (1082s)
    ep9 loss=0.296 err=26.822 within15=0.416 sel=-28.817 (1173s)
    ep10 loss=0.282 err=27.316 within15=0.404 sel=-29.054 (1264s)
    ep11 loss=0.220 err=27.413 within15=0.399 sel=-30.668 (1356s)
    ep12 loss=0.168 err=27.341 within15=0.406 sel=-31.650 (1447s)
    ep13 loss=0.128 err=27.894 within15=0.388 sel=-31.535 (1538s)
    ep14 loss=0.078 err=27.469 within15=0.397 sel=-31.851 (1621s)
    ep15 loss=0.052 err=27.567 within15=0.401 sel=-31.311 (1715s)
    ep16 loss=0.037 err=26.889 within15=0.416 sel=-30.565 (1810s)
    ep17 loss=0.028 err=26.962 within15=0.415 sel=-30.848 (1905s)
    ep18 loss=0.022 err=26.795 within15=0.420 sel=-30.371 (2001s)
    ep19 loss=0.018 err=27.187 within15=0.417 sel=-30.586 (2096s)
    ep20 loss=0.015 err=26.588 within15=0.429 sel=-30.015 (2191s)
    ep21 loss=0.013 err=26.570 within15=0.430 sel=-29.734 (2284s)
    ep22 loss=0.011 err=26.801 within15=0.425 sel=-30.206 (2379s)
    ep23 loss=0.010 err=26.757 within15=0.425 sel=-30.292 (2474s)
    ep24 loss=0.010 err=26.927 within15=0.428 sel=-29.994 (2569s)
    ep25 loss=0.009 err=26.746 within15=0.432 sel=-30.285 (2664s)
    ep26 loss=0.009 err=26.678 within15=0.429 sel=-30.108 (2759s)
    ep27 loss=0.008 err=26.613 within15=0.431 sel=-30.130 (2852s)
    ep28 loss=0.008 err=26.733 within15=0.431 sel=-30.288 (2947s)
    ep29 loss=0.008 err=26.768 within15=0.427 sel=-30.301 (3042s)
    test-time averaging: err_avg8=28.128 err_avg32=28.080
  -> bal_iv: err=26.451 within15=0.424 err_modD=26.389 loss=0.008 sel_metric=-26.771 val_at_last_epoch=26.768 err_avg8=28.128 err_avg32=28.080 best_epoch=5 params=17088546 3046s
    balance_pop=1: populations with equal numbers per 8-class bin
[bal_is_s1] func_is oricirc n_neurons=5287 split_seed=0 bins=0 {'seed': 1, 'dim': 512, 'layers': 8, 'epochs': 30, 'batch': 64, 'rel_bias': True, 'device': 'cuda', 'early_stop': 0.2, 'sel_reps': 4, 'pops_per_epoch': 5000, 'n': 512}
    ep0 loss=0.578 err=36.587 within15=0.241 sel=-37.326 (95s)
    ep1 loss=0.521 err=37.852 within15=0.191 sel=-39.424 (192s)
    ep2 loss=0.499 err=35.758 within15=0.329 sel=-36.975 (287s)
    ep3 loss=0.467 err=33.586 within15=0.334 sel=-32.431 (381s)
    ep4 loss=0.448 err=31.449 within15=0.367 sel=-30.263 (476s)
    ep5 loss=0.422 err=27.765 within15=0.418 sel=-28.610 (572s)
    ep6 loss=0.404 err=25.996 within15=0.426 sel=-25.931 (668s)
    ep7 loss=0.369 err=23.726 within15=0.477 sel=-24.771 (763s)
    ep8 loss=0.336 err=23.580 within15=0.462 sel=-24.393 (859s)
    ep9 loss=0.300 err=22.960 within15=0.470 sel=-26.087 (953s)
    ep10 loss=0.278 err=22.351 within15=0.480 sel=-23.798 (1048s)
    ep11 loss=0.228 err=21.713 within15=0.488 sel=-23.915 (1144s)
    ep12 loss=0.197 err=21.854 within15=0.479 sel=-24.978 (1240s)
    ep13 loss=0.171 err=21.496 within15=0.491 sel=-23.722 (1335s)
    ep14 loss=0.144 err=21.383 within15=0.492 sel=-24.719 (1431s)
    ep15 loss=0.116 err=21.953 within15=0.477 sel=-25.598 (1516s)
    ep16 loss=0.095 err=21.656 within15=0.500 sel=-26.334 (1608s)
    ep17 loss=0.077 err=21.897 within15=0.481 sel=-25.833 (1700s)
    ep18 loss=0.063 err=21.878 within15=0.487 sel=-26.171 (1791s)
    ep19 loss=0.052 err=21.289 within15=0.491 sel=-26.236 (1883s)
    ep20 loss=0.044 err=21.337 within15=0.497 sel=-25.805 (1975s)
    ep21 loss=0.038 err=21.576 within15=0.492 sel=-26.019 (2067s)
    ep22 loss=0.033 err=21.881 within15=0.493 sel=-25.889 (2152s)
    ep23 loss=0.030 err=21.468 within15=0.496 sel=-25.875 (2243s)
    ep24 loss=0.028 err=21.011 within15=0.511 sel=-25.777 (2335s)
    ep25 loss=0.026 err=21.480 within15=0.488 sel=-26.317 (2427s)
    ep26 loss=0.025 err=21.516 within15=0.489 sel=-25.715 (2519s)
    ep27 loss=0.024 err=21.284 within15=0.499 sel=-25.597 (2611s)
    ep28 loss=0.024 err=21.466 within15=0.496 sel=-25.620 (2700s)
    ep29 loss=0.023 err=21.294 within15=0.491 sel=-25.660 (2787s)
    test-time averaging: err_avg8=24.495 err_avg32=23.382
  -> bal_is_s1: err=21.496 within15=0.491 err_modD=21.402 loss=0.023 sel_metric=-23.722 val_at_last_epoch=21.294 err_avg8=24.495 err_avg32=23.382 best_epoch=13 params=17088546 2791s
    balance_pop=1: populations with equal numbers per 8-class bin
[bal_iv_s1] func_iv oricirc n_neurons=5287 split_seed=0 bins=0 {'seed': 1, 'dim': 512, 'layers': 8, 'epochs': 30, 'batch': 64, 'rel_bias': True, 'device': 'cuda', 'early_stop': 0.2, 'sel_reps': 4, 'pops_per_epoch': 5000, 'n': 512}
    ep0 loss=0.552 err=35.472 within15=0.250 sel=-36.192 (91s)
    ep1 loss=0.490 err=35.112 within15=0.300 sel=-34.679 (183s)
    ep2 loss=0.490 err=38.108 within15=0.228 sel=-34.114 (275s)
    ep3 loss=0.467 err=31.268 within15=0.320 sel=-29.523 (367s)
    ep4 loss=0.430 err=28.411 within15=0.380 sel=-29.573 (456s)
    ep5 loss=0.400 err=27.513 within15=0.400 sel=-27.619 (548s)
    ep6 loss=0.380 err=27.168 within15=0.408 sel=-29.217 (639s)
    ep7 loss=0.349 err=31.898 within15=0.339 sel=-31.296 (726s)
    ep8 loss=0.330 err=27.012 within15=0.411 sel=-27.893 (817s)
    ep9 loss=0.296 err=26.720 within15=0.412 sel=-27.588 (909s)
    ep10 loss=0.262 err=27.431 within15=0.400 sel=-30.540 (999s)
    ep11 loss=0.224 err=27.563 within15=0.402 sel=-30.870 (1090s)
    ep12 loss=0.175 err=27.231 within15=0.396 sel=-30.704 (1182s)
    ep13 loss=0.127 err=27.564 within15=0.400 sel=-30.066 (1273s)
    ep14 loss=0.088 err=26.993 within15=0.409 sel=-29.793 (1360s)
    ep15 loss=0.060 err=27.051 within15=0.422 sel=-29.504 (1451s)
    ep16 loss=0.043 err=27.186 within15=0.418 sel=-29.604 (1541s)
    ep17 loss=0.032 err=26.795 within15=0.421 sel=-29.755 (1631s)
    ep18 loss=0.025 err=26.499 within15=0.429 sel=-29.321 (1722s)
    ep19 loss=0.020 err=27.020 within15=0.419 sel=-29.666 (1814s)
    ep20 loss=0.017 err=26.547 within15=0.421 sel=-29.375 (1905s)
    ep21 loss=0.015 err=26.795 within15=0.426 sel=-29.624 (1996s)
    ep22 loss=0.013 err=26.855 within15=0.416 sel=-29.784 (2082s)
    ep23 loss=0.012 err=26.672 within15=0.424 sel=-29.526 (2171s)
    ep24 loss=0.011 err=27.067 within15=0.413 sel=-28.869 (2263s)
    ep25 loss=0.010 err=26.537 within15=0.425 sel=-29.217 (2354s)
    ep26 loss=0.009 err=26.588 within15=0.425 sel=-29.145 (2446s)
    ep27 loss=0.009 err=26.672 within15=0.425 sel=-29.133 (2538s)
    ep28 loss=0.009 err=26.510 within15=0.417 sel=-29.300 (2629s)
    ep29 loss=0.009 err=26.709 within15=0.420 sel=-29.248 (2715s)
    test-time averaging: err_avg8=28.270 err_avg32=27.353
  -> bal_iv_s1: err=26.720 within15=0.412 err_modD=26.504 loss=0.009 sel_metric=-27.588 val_at_last_epoch=26.709 err_avg8=28.270 err_avg32=27.353 best_epoch=9 params=17088546 2719s
QUEUE_POD6E_DONE
