[syn5_c0s0t0_d0] synthetic count=0 sharp=0 stim=0 n=6000 T=120 {'n': 512, 'dim': 256, 'layers': 4, 'epochs': 20, 'batch': 64, 'seed': 0, 'rel_bias': True, 'device': 'cuda', 'early_stop': 0.2, 'sel_reps': 4, 'pops_per_epoch': 5000}
    ep0 loss=0.567 err=51.111 within15=0.130 sel=-67.498 (14s)
    ep1 loss=0.505 err=42.957 within15=0.188 sel=-48.389 (34s)
    ep2 loss=0.498 err=53.974 within15=0.106 sel=-44.967 (53s)
    ep3 loss=0.495 err=49.405 within15=0.113 sel=-28.438 (72s)
    ep4 loss=0.494 err=50.553 within15=0.105 sel=-38.069 (91s)
    ep5 loss=0.493 err=56.115 within15=0.049 sel=-23.214 (110s)
    ep6 loss=0.492 err=48.087 within15=0.110 sel=-38.520 (129s)
    ep7 loss=0.493 err=51.668 within15=0.076 sel=-34.132 (149s)
    ep8 loss=0.491 err=44.774 within15=0.106 sel=-35.090 (168s)
    ep9 loss=0.492 err=51.432 within15=0.073 sel=-43.261 (187s)
    ep10 loss=0.490 err=55.119 within15=0.072 sel=-48.699 (207s)
    ep11 loss=0.490 err=51.579 within15=0.088 sel=-52.539 (226s)
    ep12 loss=0.491 err=50.610 within15=0.082 sel=-45.834 (245s)
    ep13 loss=0.490 err=49.758 within15=0.092 sel=-42.504 (264s)
    ep14 loss=0.491 err=44.126 within15=0.132 sel=-39.926 (284s)
    ep15 loss=0.488 err=46.005 within15=0.127 sel=-33.266 (303s)
    ep16 loss=0.489 err=52.478 within15=0.068 sel=-37.427 (323s)
    ep17 loss=0.489 err=50.885 within15=0.086 sel=-38.184 (342s)
    ep18 loss=0.489 err=52.195 within15=0.064 sel=-37.505 (361s)
    ep19 loss=0.489 err=53.971 within15=0.063 sel=-37.315 (380s)
    test-time averaging: err_avg8=40.358 err_avg32=48.783
  -> syn5_c0s0t0_d0: err=56.11 err_modD=23.79 within15=0.049 best_epoch=5 382s
[syn5_c0s0t1_d0] synthetic count=0 sharp=0 stim=1 n=6000 T=120 {'n': 512, 'dim': 256, 'layers': 4, 'epochs': 20, 'batch': 64, 'seed': 0, 'rel_bias': True, 'device': 'cuda', 'early_stop': 0.2, 'sel_reps': 4, 'pops_per_epoch': 5000}
    ep0 loss=0.563 err=56.684 within15=0.132 sel=-65.994 (20s)
    ep1 loss=0.505 err=47.210 within15=0.099 sel=-56.795 (39s)
    ep2 loss=0.491 err=49.147 within15=0.197 sel=-56.641 (59s)
    ep3 loss=0.485 err=48.424 within15=0.196 sel=-40.907 (78s)
    ep4 loss=0.483 err=49.806 within15=0.149 sel=-41.264 (98s)
    ep5 loss=0.478 err=50.858 within15=0.072 sel=-31.858 (117s)
    ep6 loss=0.475 err=53.949 within15=0.141 sel=-58.690 (138s)
    ep7 loss=0.473 err=44.674 within15=0.203 sel=-54.341 (157s)
    ep8 loss=0.461 err=39.043 within15=0.279 sel=-48.286 (177s)
    ep9 loss=0.444 err=37.672 within15=0.265 sel=-50.801 (196s)
    ep10 loss=0.397 err=21.904 within15=0.392 sel=-40.317 (215s)
    ep11 loss=0.345 err=22.422 within15=0.435 sel=-24.074 (235s)
    ep12 loss=0.292 err=23.807 within15=0.429 sel=-40.934 (254s)
    ep13 loss=0.216 err=27.637 within15=0.332 sel=-13.668 (274s)
    ep14 loss=0.145 err=26.460 within15=0.360 sel=-15.578 (294s)
    ep15 loss=0.110 err=23.147 within15=0.387 sel=-10.292 (313s)
    ep16 loss=0.094 err=17.414 within15=0.540 sel=-9.198 (333s)
    ep17 loss=0.078 err=19.564 within15=0.478 sel=-8.507 (352s)
    ep18 loss=0.074 err=17.091 within15=0.522 sel=-6.974 (372s)
    ep19 loss=0.072 err=15.116 within15=0.607 sel=-6.734 (391s)
    test-time averaging: err_avg8=18.845 err_avg32=16.641
  -> syn5_c0s0t1_d0: err=15.12 err_modD=15.12 within15=0.607 best_epoch=19 393s
[syn5_c0s1t0_d0] synthetic count=0 sharp=1 stim=0 n=6000 T=120 {'n': 512, 'dim': 256, 'layers': 4, 'epochs': 20, 'batch': 64, 'seed': 0, 'rel_bias': True, 'device': 'cuda', 'early_stop': 0.2, 'sel_reps': 4, 'pops_per_epoch': 5000}
    ep0 loss=0.565 err=45.217 within15=0.194 sel=-61.230 (20s)
    ep1 loss=0.503 err=48.223 within15=0.192 sel=-61.241 (39s)
    ep2 loss=0.501 err=48.029 within15=0.097 sel=-44.583 (59s)
    ep3 loss=0.498 err=47.259 within15=0.163 sel=-26.712 (79s)
    ep4 loss=0.496 err=50.397 within15=0.091 sel=-40.791 (98s)
    ep5 loss=0.495 err=50.276 within15=0.115 sel=-22.225 (117s)
    ep6 loss=0.494 err=43.326 within15=0.179 sel=-35.352 (137s)
    ep7 loss=0.495 err=49.340 within15=0.112 sel=-33.059 (156s)
    ep8 loss=0.493 err=40.594 within15=0.173 sel=-33.850 (175s)
    ep9 loss=0.493 err=45.789 within15=0.158 sel=-43.311 (195s)
    ep10 loss=0.491 err=52.120 within15=0.095 sel=-46.916 (214s)
    ep11 loss=0.491 err=47.343 within15=0.138 sel=-50.537 (233s)
    ep12 loss=0.491 err=51.373 within15=0.099 sel=-33.110 (253s)
    ep13 loss=0.489 err=50.913 within15=0.105 sel=-39.235 (272s)
    ep14 loss=0.489 err=45.414 within15=0.187 sel=-35.990 (291s)
    ep15 loss=0.486 err=45.859 within15=0.198 sel=-25.589 (311s)
    ep16 loss=0.486 err=47.562 within15=0.125 sel=-31.165 (330s)
    ep17 loss=0.486 err=50.164 within15=0.135 sel=-31.025 (349s)
    ep18 loss=0.485 err=49.695 within15=0.121 sel=-32.540 (369s)
    ep19 loss=0.485 err=53.674 within15=0.089 sel=-32.116 (388s)
    test-time averaging: err_avg8=39.752 err_avg32=45.123
  -> syn5_c0s1t0_d0: err=50.28 err_modD=25.96 within15=0.115 best_epoch=5 390s
[syn5_c0s1t1_d0] synthetic count=0 sharp=1 stim=1 n=6000 T=120 {'n': 512, 'dim': 256, 'layers': 4, 'epochs': 20, 'batch': 64, 'seed': 0, 'rel_bias': True, 'device': 'cuda', 'early_stop': 0.2, 'sel_reps': 4, 'pops_per_epoch': 5000}
    ep0 loss=0.558 err=52.708 within15=0.170 sel=-62.879 (20s)
    ep1 loss=0.500 err=45.478 within15=0.200 sel=-54.969 (39s)
    ep2 loss=0.488 err=49.991 within15=0.151 sel=-59.031 (59s)
    ep3 loss=0.477 err=45.578 within15=0.233 sel=-41.194 (78s)
    ep4 loss=0.470 err=39.561 within15=0.202 sel=-43.395 (98s)
    ep5 loss=0.456 err=39.333 within15=0.161 sel=-24.628 (117s)
    ep6 loss=0.408 err=22.777 within15=0.361 sel=-26.285 (136s)
    ep7 loss=0.329 err=15.947 within15=0.585 sel=-28.591 (156s)
    ep8 loss=0.230 err=13.879 within15=0.607 sel=-12.930 (175s)
    ep9 loss=0.148 err=8.932 within15=0.832 sel=-9.809 (194s)
    ep10 loss=0.099 err=8.331 within15=0.866 sel=-6.880 (213s)
    ep11 loss=0.069 err=6.232 within15=0.947 sel=-3.940 (233s)
    ep12 loss=0.050 err=5.964 within15=0.968 sel=-3.996 (252s)
    ep13 loss=0.037 err=5.297 within15=0.985 sel=-4.339 (271s)
    ep14 loss=0.029 err=4.801 within15=0.988 sel=-4.582 (291s)
    ep15 loss=0.024 err=4.328 within15=0.994 sel=-3.453 (310s)
    ep16 loss=0.021 err=4.523 within15=0.992 sel=-3.475 (329s)
    ep17 loss=0.019 err=4.216 within15=0.996 sel=-3.454 (349s)
    ep18 loss=0.018 err=4.336 within15=0.993 sel=-3.476 (368s)
    ep19 loss=0.018 err=4.256 within15=0.995 sel=-3.445 (387s)
    test-time averaging: err_avg8=4.335 err_avg32=4.190
  -> syn5_c0s1t1_d0: err=4.26 err_modD=4.18 within15=0.995 best_epoch=19 389s
[syn5_c1s0t0_d0] synthetic count=1 sharp=0 stim=0 n=6000 T=120 {'n': 512, 'dim': 256, 'layers': 4, 'epochs': 20, 'batch': 64, 'seed': 0, 'rel_bias': True, 'device': 'cuda', 'early_stop': 0.2, 'sel_reps': 4, 'pops_per_epoch': 5000}
    ep0 loss=0.573 err=46.674 within15=0.116 sel=-44.040 (20s)
    ep1 loss=0.505 err=44.398 within15=0.292 sel=-48.210 (40s)
    ep2 loss=0.502 err=47.779 within15=0.239 sel=-57.031 (59s)
    ep3 loss=0.502 err=46.226 within15=0.274 sel=-47.983 (78s)
    ep4 loss=0.501 err=45.086 within15=0.056 sel=-58.587 (98s)
    ep5 loss=0.501 err=44.952 within15=0.254 sel=-50.088 (117s)
    ep6 loss=0.500 err=45.193 within15=0.066 sel=-48.162 (136s)
    ep7 loss=0.500 err=46.279 within15=0.059 sel=-40.525 (156s)
    ep8 loss=0.500 err=43.992 within15=0.071 sel=-55.252 (175s)
    ep9 loss=0.499 err=47.490 within15=0.055 sel=-59.922 (195s)
    ep10 loss=0.499 err=46.793 within15=0.042 sel=-43.179 (214s)
    ep11 loss=0.499 err=45.150 within15=0.105 sel=-45.909 (233s)
    ep12 loss=0.499 err=36.748 within15=0.136 sel=-35.826 (253s)
    ep13 loss=0.500 err=40.120 within15=0.115 sel=-28.515 (272s)
    ep14 loss=0.499 err=38.436 within15=0.136 sel=-26.853 (292s)
    ep15 loss=0.499 err=38.541 within15=0.103 sel=-32.716 (308s)
    ep16 loss=0.499 err=42.620 within15=0.123 sel=-30.790 (320s)
    ep17 loss=0.499 err=40.864 within15=0.114 sel=-30.338 (339s)
    ep18 loss=0.499 err=42.189 within15=0.098 sel=-29.706 (358s)
    ep19 loss=0.498 err=40.177 within15=0.116 sel=-29.979 (378s)
    test-time averaging: err_avg8=35.890 err_avg32=43.816
  -> syn5_c1s0t0_d0: err=38.44 err_modD=32.89 within15=0.136 best_epoch=14 380s
[syn5_c1s0t1_d0] synthetic count=1 sharp=0 stim=1 n=6000 T=120 {'n': 512, 'dim': 256, 'layers': 4, 'epochs': 20, 'batch': 64, 'seed': 0, 'rel_bias': True, 'device': 'cuda', 'early_stop': 0.2, 'sel_reps': 4, 'pops_per_epoch': 5000}
    ep0 loss=0.575 err=47.494 within15=0.106 sel=-48.138 (20s)
    ep1 loss=0.508 err=45.214 within15=0.290 sel=-46.948 (39s)
    ep2 loss=0.503 err=46.080 within15=0.279 sel=-52.905 (58s)
    ep3 loss=0.502 err=45.454 within15=0.317 sel=-53.120 (78s)
    ep4 loss=0.501 err=44.573 within15=0.093 sel=-63.975 (97s)
    ep5 loss=0.501 err=45.579 within15=0.302 sel=-60.235 (116s)
    ep6 loss=0.501 err=45.610 within15=0.087 sel=-50.756 (136s)
    ep7 loss=0.500 err=46.821 within15=0.034 sel=-46.577 (155s)
    ep8 loss=0.500 err=45.467 within15=0.152 sel=-62.777 (175s)
    ep9 loss=0.500 err=47.537 within15=0.056 sel=-64.453 (195s)
    ep10 loss=0.500 err=47.025 within15=0.045 sel=-57.852 (214s)
    ep11 loss=0.500 err=46.259 within15=0.112 sel=-62.312 (233s)
    ep12 loss=0.500 err=42.374 within15=0.130 sel=-63.741 (253s)
    ep13 loss=0.500 err=46.500 within15=0.094 sel=-58.504 (272s)
    ep14 loss=0.500 err=43.781 within15=0.118 sel=-56.365 (291s)
    ep15 loss=0.500 err=43.667 within15=0.057 sel=-53.850 (310s)
    ep16 loss=0.500 err=52.588 within15=0.091 sel=-62.796 (330s)
    ep17 loss=0.500 err=45.081 within15=0.102 sel=-60.543 (349s)
    ep18 loss=0.500 err=44.014 within15=0.110 sel=-60.572 (368s)
    ep19 loss=0.500 err=43.521 within15=0.117 sel=-60.431 (388s)
    test-time averaging: err_avg8=45.121 err_avg32=44.405
  -> syn5_c1s0t1_d0: err=46.82 err_modD=43.18 within15=0.034 best_epoch=7 389s
[syn5_c1s1t0_d0] synthetic count=1 sharp=1 stim=0 n=6000 T=120 {'n': 512, 'dim': 256, 'layers': 4, 'epochs': 20, 'batch': 64, 'seed': 0, 'rel_bias': True, 'device': 'cuda', 'early_stop': 0.2, 'sel_reps': 4, 'pops_per_epoch': 5000}
    ep0 loss=0.569 err=45.042 within15=0.089 sel=-44.416 (20s)
    ep1 loss=0.518 err=45.179 within15=0.186 sel=-45.778 (39s)
    ep2 loss=0.509 err=46.508 within15=0.064 sel=-48.855 (58s)
    ep3 loss=0.502 err=43.784 within15=0.061 sel=-48.947 (78s)
    ep4 loss=0.501 err=43.758 within15=0.071 sel=-55.223 (97s)
    ep5 loss=0.500 err=42.088 within15=0.109 sel=-56.302 (122s)
    ep6 loss=0.500 err=41.980 within15=0.128 sel=-30.577 (152s)
    ep7 loss=0.499 err=44.769 within15=0.215 sel=-32.487 (181s)
    ep8 loss=0.499 err=39.876 within15=0.264 sel=-46.106 (210s)
    ep9 loss=0.498 err=46.197 within15=0.114 sel=-47.855 (240s)
    ep10 loss=0.497 err=46.227 within15=0.143 sel=-24.057 (269s)
    ep11 loss=0.497 err=40.427 within15=0.215 sel=-43.957 (299s)
    ep12 loss=0.495 err=30.685 within15=0.404 sel=-28.689 (328s)
    ep13 loss=0.494 err=31.377 within15=0.374 sel=-25.319 (358s)
    ep14 loss=0.494 err=26.891 within15=0.502 sel=-24.779 (387s)
    ep15 loss=0.490 err=23.282 within15=0.500 sel=-25.830 (416s)
    ep16 loss=0.491 err=38.530 within15=0.325 sel=-31.938 (446s)
    ep17 loss=0.487 err=24.676 within15=0.554 sel=-21.791 (475s)
    ep18 loss=0.488 err=29.381 within15=0.494 sel=-21.409 (505s)
    ep19 loss=0.483 err=23.894 within15=0.558 sel=-21.482 (535s)
    test-time averaging: err_avg8=32.472 err_avg32=26.273
  -> syn5_c1s1t0_d0: err=29.38 err_modD=26.68 within15=0.494 best_epoch=18 537s
[syn5_c1s1t1_d0] synthetic count=1 sharp=1 stim=1 n=6000 T=120 {'n': 512, 'dim': 256, 'layers': 4, 'epochs': 20, 'batch': 64, 'seed': 0, 'rel_bias': True, 'device': 'cuda', 'early_stop': 0.2, 'sel_reps': 4, 'pops_per_epoch': 5000}
    ep0 loss=0.573 err=46.872 within15=0.114 sel=-45.295 (30s)
    ep1 loss=0.506 err=44.807 within15=0.260 sel=-45.172 (60s)
    ep2 loss=0.505 err=45.769 within15=0.187 sel=-50.861 (90s)
    ep3 loss=0.502 err=44.673 within15=0.275 sel=-57.350 (119s)
    ep4 loss=0.501 err=44.495 within15=0.080 sel=-61.582 (148s)
    ep5 loss=0.501 err=44.704 within15=0.298 sel=-48.226 (178s)
    ep6 loss=0.501 err=45.240 within15=0.054 sel=-51.360 (207s)
    ep7 loss=0.500 err=45.911 within15=0.031 sel=-43.144 (237s)
    ep8 loss=0.500 err=44.680 within15=0.092 sel=-56.028 (266s)
    ep9 loss=0.500 err=45.877 within15=0.100 sel=-60.224 (296s)
    ep10 loss=0.500 err=45.464 within15=0.038 sel=-51.921 (325s)
    ep11 loss=0.500 err=44.655 within15=0.123 sel=-55.880 (355s)
    ep12 loss=0.500 err=42.155 within15=0.107 sel=-55.204 (384s)
    ep13 loss=0.500 err=45.793 within15=0.092 sel=-50.035 (414s)
    ep14 loss=0.500 err=42.489 within15=0.098 sel=-48.024 (443s)
    ep15 loss=0.500 err=42.811 within15=0.042 sel=-48.315 (473s)
    ep16 loss=0.500 err=49.791 within15=0.106 sel=-53.945 (502s)
    ep17 loss=0.500 err=43.151 within15=0.091 sel=-51.958 (532s)
    ep18 loss=0.500 err=43.183 within15=0.092 sel=-52.107 (561s)
    ep19 loss=0.500 err=41.773 within15=0.108 sel=-51.843 (590s)
    test-time averaging: err_avg8=43.677 err_avg32=43.388
  -> syn5_c1s1t1_d0: err=45.91 err_modD=43.61 within15=0.031 best_epoch=7 593s
[syn5_c0s0t0_d1] synthetic count=0 sharp=0 stim=0 n=6000 T=120 {'n': 512, 'dim': 256, 'layers': 4, 'epochs': 20, 'batch': 64, 'seed': 1, 'rel_bias': True, 'device': 'cuda', 'early_stop': 0.2, 'sel_reps': 4, 'pops_per_epoch': 5000}
    ep0 loss=0.558 err=47.457 within15=0.127 sel=-38.812 (30s)
    ep1 loss=0.477 err=55.490 within15=0.070 sel=-50.343 (60s)
    ep2 loss=0.467 err=57.514 within15=0.056 sel=-56.132 (89s)
    ep3 loss=0.461 err=55.734 within15=0.064 sel=-57.654 (119s)
    ep4 loss=0.459 err=54.464 within15=0.086 sel=-55.302 (148s)
    ep5 loss=0.456 err=55.120 within15=0.103 sel=-60.829 (178s)
    ep6 loss=0.459 err=57.032 within15=0.065 sel=-63.762 (207s)
    ep7 loss=0.456 err=59.877 within15=0.036 sel=-57.847 (236s)
    ep8 loss=0.457 err=51.039 within15=0.120 sel=-63.543 (266s)
    ep9 loss=0.452 err=56.910 within15=0.080 sel=-61.001 (295s)
    ep10 loss=0.455 err=54.946 within15=0.078 sel=-59.399 (325s)
    ep11 loss=0.459 err=59.929 within15=0.042 sel=-56.680 (354s)
    ep12 loss=0.453 err=57.745 within15=0.054 sel=-58.546 (384s)
    ep13 loss=0.449 err=60.382 within15=0.031 sel=-61.671 (413s)
    ep14 loss=0.453 err=56.606 within15=0.064 sel=-61.485 (442s)
    ep15 loss=0.450 err=60.143 within15=0.053 sel=-62.622 (472s)
    ep16 loss=0.451 err=54.746 within15=0.086 sel=-61.858 (501s)
    ep17 loss=0.451 err=55.930 within15=0.077 sel=-61.743 (531s)
    ep18 loss=0.450 err=54.003 within15=0.078 sel=-62.490 (560s)
    ep19 loss=0.452 err=49.007 within15=0.125 sel=-62.448 (590s)
    test-time averaging: err_avg8=54.664 err_avg32=46.831
  -> syn5_c0s0t0_d1: err=47.46 err_modD=38.87 within15=0.127 best_epoch=0 592s
[syn5_c0s0t1_d1] synthetic count=0 sharp=0 stim=1 n=6000 T=120 {'n': 512, 'dim': 256, 'layers': 4, 'epochs': 20, 'batch': 64, 'seed': 1, 'rel_bias': True, 'device': 'cuda', 'early_stop': 0.2, 'sel_reps': 4, 'pops_per_epoch': 5000}
    ep0 loss=0.559 err=42.911 within15=0.238 sel=-40.275 (30s)
    ep1 loss=0.485 err=40.019 within15=0.179 sel=-36.774 (59s)
    ep2 loss=0.466 err=41.128 within15=0.159 sel=-45.430 (89s)
    ep3 loss=0.445 err=34.325 within15=0.258 sel=-38.882 (118s)
    ep4 loss=0.426 err=28.191 within15=0.306 sel=-27.351 (148s)
    ep5 loss=0.367 err=26.829 within15=0.323 sel=-25.134 (178s)
    ep6 loss=0.300 err=26.565 within15=0.325 sel=-27.027 (207s)
    ep7 loss=0.247 err=24.347 within15=0.367 sel=-27.598 (236s)
    ep8 loss=0.205 err=17.592 within15=0.470 sel=-27.334 (266s)
    ep9 loss=0.155 err=15.268 within15=0.560 sel=-31.685 (295s)
    ep10 loss=0.118 err=13.048 within15=0.666 sel=-28.349 (325s)
    ep11 loss=0.093 err=11.730 within15=0.731 sel=-28.842 (354s)
    ep12 loss=0.086 err=10.233 within15=0.788 sel=-35.466 (379s)
    ep13 loss=0.071 err=9.765 within15=0.810 sel=-36.684 (408s)
    ep14 loss=0.061 err=10.013 within15=0.794 sel=-38.618 (438s)
    ep15 loss=0.053 err=9.245 within15=0.835 sel=-39.503 (467s)
    ep16 loss=0.048 err=8.568 within15=0.868 sel=-37.101 (496s)
    ep17 loss=0.048 err=7.910 within15=0.902 sel=-38.424 (526s)
    ep18 loss=0.045 err=8.893 within15=0.852 sel=-37.762 (555s)
    ep19 loss=0.043 err=8.312 within15=0.887 sel=-37.637 (585s)
    test-time averaging: err_avg8=26.586 err_avg32=26.136
  -> syn5_c0s0t1_d1: err=26.83 err_modD=18.86 within15=0.323 best_epoch=5 587s
[syn5_c0s1t0_d1] synthetic count=0 sharp=1 stim=0 n=6000 T=120 {'n': 512, 'dim': 256, 'layers': 4, 'epochs': 20, 'batch': 64, 'seed': 1, 'rel_bias': True, 'device': 'cuda', 'early_stop': 0.2, 'sel_reps': 4, 'pops_per_epoch': 5000}
    ep0 loss=0.556 err=44.810 within15=0.206 sel=-41.616 (30s)
    ep1 loss=0.478 err=50.459 within15=0.083 sel=-49.272 (60s)
    ep2 loss=0.464 err=55.901 within15=0.062 sel=-58.372 (89s)
    ep3 loss=0.455 err=54.574 within15=0.094 sel=-59.342 (118s)
    ep4 loss=0.452 err=52.384 within15=0.079 sel=-51.356 (148s)
    ep5 loss=0.444 err=52.718 within15=0.120 sel=-56.704 (177s)
    ep6 loss=0.447 err=58.338 within15=0.052 sel=-70.182 (207s)
    ep7 loss=0.442 err=56.085 within15=0.136 sel=-59.549 (236s)
    ep8 loss=0.440 err=50.215 within15=0.084 sel=-66.278 (265s)
    ep9 loss=0.433 err=57.942 within15=0.041 sel=-58.746 (295s)
    ep10 loss=0.433 err=54.935 within15=0.076 sel=-70.000 (324s)
    ep11 loss=0.438 err=61.986 within15=0.069 sel=-59.835 (354s)
    ep12 loss=0.429 err=53.726 within15=0.104 sel=-70.629 (383s)
    ep13 loss=0.423 err=57.561 within15=0.083 sel=-75.306 (413s)
    ep14 loss=0.426 err=58.465 within15=0.089 sel=-74.921 (442s)
    ep15 loss=0.421 err=62.521 within15=0.072 sel=-74.269 (472s)
    ep16 loss=0.422 err=55.620 within15=0.092 sel=-76.056 (501s)
    ep17 loss=0.422 err=53.571 within15=0.116 sel=-75.136 (531s)
    ep18 loss=0.421 err=54.022 within15=0.127 sel=-74.811 (560s)
    ep19 loss=0.422 err=49.411 within15=0.151 sel=-74.662 (589s)
    test-time averaging: err_avg8=50.909 err_avg32=42.703
  -> syn5_c0s1t0_d1: err=44.81 err_modD=42.09 within15=0.206 best_epoch=0 592s
[syn5_c0s1t1_d1] synthetic count=0 sharp=1 stim=1 n=6000 T=120 {'n': 512, 'dim': 256, 'layers': 4, 'epochs': 20, 'batch': 64, 'seed': 1, 'rel_bias': True, 'device': 'cuda', 'early_stop': 0.2, 'sel_reps': 4, 'pops_per_epoch': 5000}
    ep0 loss=0.560 err=44.771 within15=0.177 sel=-41.676 (30s)
    ep1 loss=0.489 err=44.522 within15=0.136 sel=-35.380 (60s)
    ep2 loss=0.475 err=48.012 within15=0.164 sel=-46.495 (84s)
    ep3 loss=0.450 err=34.868 within15=0.221 sel=-38.786 (114s)
    ep4 loss=0.392 err=27.840 within15=0.288 sel=-25.949 (143s)
    ep5 loss=0.324 err=25.518 within15=0.323 sel=-28.353 (172s)
    ep6 loss=0.272 err=23.894 within15=0.389 sel=-27.485 (202s)
    ep7 loss=0.228 err=20.847 within15=0.398 sel=-28.556 (231s)
    ep8 loss=0.175 err=13.823 within15=0.593 sel=-18.989 (260s)
    ep9 loss=0.124 err=10.112 within15=0.779 sel=-23.969 (290s)
    ep10 loss=0.094 err=9.819 within15=0.798 sel=-27.316 (319s)
    ep11 loss=0.066 err=6.767 within15=0.939 sel=-28.865 (349s)
    ep12 loss=0.057 err=6.034 within15=0.958 sel=-32.946 (378s)
    ep13 loss=0.044 err=6.096 within15=0.962 sel=-36.634 (407s)
    ep14 loss=0.038 err=6.288 within15=0.953 sel=-31.128 (437s)
    ep15 loss=0.035 err=5.713 within15=0.964 sel=-17.904 (466s)
    ep16 loss=0.031 err=4.830 within15=0.987 sel=-20.381 (495s)
    ep17 loss=0.030 err=5.293 within15=0.980 sel=-22.697 (525s)
    ep18 loss=0.028 err=4.803 within15=0.988 sel=-22.330 (554s)
    ep19 loss=0.025 err=5.281 within15=0.983 sel=-21.951 (583s)
    test-time averaging: err_avg8=7.211 err_avg32=6.662
  -> syn5_c0s1t1_d1: err=5.71 err_modD=5.70 within15=0.964 best_epoch=15 586s
[syn5_c1s0t0_d1] synthetic count=1 sharp=0 stim=0 n=6000 T=120 {'n': 512, 'dim': 256, 'layers': 4, 'epochs': 20, 'batch': 64, 'seed': 1, 'rel_bias': True, 'device': 'cuda', 'early_stop': 0.2, 'sel_reps': 4, 'pops_per_epoch': 5000}
    ep0 loss=0.569 err=43.385 within15=0.162 sel=-20.226 (39s)
    ep1 loss=0.494 err=44.626 within15=0.036 sel=-17.935 (79s)
    ep2 loss=0.488 err=46.303 within15=0.226 sel=-18.369 (119s)
    ep3 loss=0.473 err=51.109 within15=0.176 sel=-14.562 (159s)
    ep4 loss=0.471 err=41.247 within15=0.191 sel=-13.116 (198s)
    ep5 loss=0.465 err=38.036 within15=0.198 sel=-8.968 (238s)
    ep6 loss=0.461 err=40.376 within15=0.377 sel=-6.415 (277s)
    ep7 loss=0.450 err=47.198 within15=0.275 sel=-7.078 (317s)
    ep8 loss=0.444 err=39.734 within15=0.260 sel=-7.539 (356s)
    ep9 loss=0.436 err=36.235 within15=0.322 sel=-4.483 (396s)
    ep10 loss=0.427 err=36.489 within15=0.216 sel=-6.104 (435s)
    ep11 loss=0.430 err=42.093 within15=0.204 sel=-4.641 (475s)
    ep12 loss=0.421 err=42.551 within15=0.192 sel=-4.677 (514s)
    ep13 loss=0.419 err=45.873 within15=0.205 sel=-4.724 (554s)
    ep14 loss=0.410 err=48.646 within15=0.183 sel=-4.131 (593s)
    ep15 loss=0.412 err=41.301 within15=0.263 sel=-4.465 (633s)
    ep16 loss=0.408 err=42.211 within15=0.262 sel=-4.274 (672s)
    ep17 loss=0.397 err=27.093 within15=0.451 sel=-4.108 (712s)
    ep18 loss=0.400 err=51.761 within15=0.147 sel=-4.168 (751s)
    ep19 loss=0.394 err=23.280 within15=0.508 sel=-4.240 (791s)
    test-time averaging: err_avg8=34.174 err_avg32=32.878
  -> syn5_c1s0t0_d1: err=27.09 err_modD=27.06 within15=0.451 best_epoch=17 793s
[syn5_c1s0t1_d1] synthetic count=1 sharp=0 stim=1 n=6000 T=120 {'n': 512, 'dim': 256, 'layers': 4, 'epochs': 20, 'batch': 64, 'seed': 1, 'rel_bias': True, 'device': 'cuda', 'early_stop': 0.2, 'sel_reps': 4, 'pops_per_epoch': 5000}
    ep0 loss=0.568 err=43.200 within15=0.129 sel=-21.031 (40s)
    ep1 loss=0.493 err=43.097 within15=0.058 sel=-18.889 (80s)
    ep2 loss=0.482 err=42.918 within15=0.140 sel=-21.428 (120s)
    ep3 loss=0.469 err=48.971 within15=0.114 sel=-16.837 (159s)
    ep4 loss=0.465 err=39.750 within15=0.209 sel=-14.776 (199s)
    ep5 loss=0.458 err=41.050 within15=0.246 sel=-16.155 (238s)
    ep6 loss=0.457 err=31.386 within15=0.332 sel=-15.040 (278s)
    ep7 loss=0.440 err=43.218 within15=0.175 sel=-12.681 (317s)
    ep8 loss=0.436 err=32.193 within15=0.365 sel=-13.718 (357s)
    ep9 loss=0.412 err=36.567 within15=0.349 sel=-15.658 (396s)
    ep10 loss=0.393 err=33.547 within15=0.312 sel=-9.194 (436s)
    ep11 loss=0.387 err=40.590 within15=0.257 sel=-12.493 (475s)
    ep12 loss=0.363 err=35.959 within15=0.287 sel=-9.161 (515s)
    ep13 loss=0.333 err=43.772 within15=0.258 sel=-8.002 (554s)
    ep14 loss=0.290 err=26.619 within15=0.420 sel=-28.115 (594s)
    ep15 loss=0.262 err=19.417 within15=0.559 sel=-8.183 (634s)
    ep16 loss=0.248 err=21.385 within15=0.512 sel=-9.372 (673s)
    ep17 loss=0.228 err=19.316 within15=0.551 sel=-9.937 (713s)
    ep18 loss=0.220 err=22.962 within15=0.491 sel=-11.000 (752s)
    ep19 loss=0.215 err=17.338 within15=0.602 sel=-11.061 (792s)
    test-time averaging: err_avg8=30.378 err_avg32=28.584
  -> syn5_c1s0t1_d1: err=43.77 err_modD=27.41 within15=0.258 best_epoch=13 794s
[syn5_c1s1t0_d1] synthetic count=1 sharp=1 stim=0 n=6000 T=120 {'n': 512, 'dim': 256, 'layers': 4, 'epochs': 20, 'batch': 64, 'seed': 1, 'rel_bias': True, 'device': 'cuda', 'early_stop': 0.2, 'sel_reps': 4, 'pops_per_epoch': 5000}
    ep0 loss=0.571 err=43.091 within15=0.144 sel=-25.770 (40s)
    ep1 loss=0.501 err=44.580 within15=0.043 sel=-26.079 (80s)
    ep2 loss=0.500 err=46.330 within15=0.212 sel=-23.709 (120s)
    ep3 loss=0.488 err=46.631 within15=0.241 sel=-20.068 (160s)
    ep4 loss=0.486 err=41.271 within15=0.118 sel=-11.988 (199s)
    ep5 loss=0.481 err=42.775 within15=0.336 sel=-12.508 (239s)
    ep6 loss=0.476 err=38.967 within15=0.202 sel=-9.969 (278s)
    ep7 loss=0.472 err=44.099 within15=0.340 sel=-9.146 (318s)
    ep8 loss=0.466 err=44.669 within15=0.223 sel=-10.614 (357s)
    ep9 loss=0.455 err=43.426 within15=0.125 sel=-10.322 (394s)
    ep10 loss=0.447 err=44.272 within15=0.179 sel=-7.432 (433s)
    ep11 loss=0.439 err=42.368 within15=0.193 sel=-7.058 (473s)
    ep12 loss=0.431 err=45.829 within15=0.139 sel=-7.564 (502s)
    ep13 loss=0.427 err=52.048 within15=0.136 sel=-6.292 (541s)
    ep14 loss=0.418 err=51.053 within15=0.176 sel=-5.831 (579s)
    ep15 loss=0.419 err=44.832 within15=0.226 sel=-5.703 (617s)
    ep16 loss=0.417 err=49.710 within15=0.214 sel=-7.315 (655s)
    ep17 loss=0.407 err=35.213 within15=0.348 sel=-5.972 (694s)
    ep18 loss=0.410 err=52.013 within15=0.175 sel=-5.982 (732s)
    ep19 loss=0.407 err=29.312 within15=0.434 sel=-6.144 (770s)
    test-time averaging: err_avg8=35.253 err_avg32=37.243
  -> syn5_c1s1t0_d1: err=44.83 err_modD=37.75 within15=0.226 best_epoch=15 773s
[syn5_c1s1t1_d1] synthetic count=1 sharp=1 stim=1 n=6000 T=120 {'n': 512, 'dim': 256, 'layers': 4, 'epochs': 20, 'batch': 64, 'seed': 1, 'rel_bias': True, 'device': 'cuda', 'early_stop': 0.2, 'sel_reps': 4, 'pops_per_epoch': 5000}
    ep0 loss=0.564 err=34.725 within15=0.202 sel=-23.675 (39s)
    ep1 loss=0.478 err=24.799 within15=0.543 sel=-16.599 (78s)
    ep2 loss=0.464 err=33.508 within15=0.193 sel=-19.363 (116s)
    ep3 loss=0.446 err=40.076 within15=0.278 sel=-17.676 (154s)
    ep4 loss=0.434 err=42.832 within15=0.294 sel=-17.108 (193s)
    ep5 loss=0.422 err=21.865 within15=0.536 sel=-15.896 (231s)
    ep6 loss=0.413 err=18.068 within15=0.611 sel=-16.347 (269s)
    ep7 loss=0.391 err=18.987 within15=0.603 sel=-15.842 (308s)
    ep8 loss=0.385 err=20.600 within15=0.469 sel=-17.231 (346s)
    ep9 loss=0.366 err=20.440 within15=0.469 sel=-14.420 (384s)
    ep10 loss=0.317 err=16.881 within15=0.597 sel=-15.490 (423s)
    ep11 loss=0.254 err=17.612 within15=0.585 sel=-12.737 (461s)
    ep12 loss=0.185 err=16.538 within15=0.604 sel=-15.513 (499s)
    ep13 loss=0.160 err=17.739 within15=0.584 sel=-15.393 (537s)
    ep14 loss=0.135 err=14.926 within15=0.638 sel=-15.997 (576s)
    ep15 loss=0.115 err=12.061 within15=0.719 sel=-12.694 (613s)
    ep16 loss=0.101 err=11.481 within15=0.731 sel=-15.687 (649s)
    ep17 loss=0.091 err=10.247 within15=0.789 sel=-14.671 (687s)
    ep18 loss=0.087 err=10.826 within15=0.761 sel=-15.395 (726s)
    ep19 loss=0.084 err=10.078 within15=0.794 sel=-15.534 (756s)
    test-time averaging: err_avg8=12.069 err_avg32=12.318
  -> syn5_c1s1t1_d1: err=12.06 err_modD=12.06 within15=0.719 best_epoch=15 758s
[syn5_c0s0t0_d2] synthetic count=0 sharp=0 stim=0 n=6000 T=120 {'n': 512, 'dim': 256, 'layers': 4, 'epochs': 20, 'batch': 64, 'seed': 2, 'rel_bias': True, 'device': 'cuda', 'early_stop': 0.2, 'sel_reps': 4, 'pops_per_epoch': 5000}
    ep0 loss=0.560 err=53.650 within15=0.050 sel=-42.387 (28s)
    ep1 loss=0.476 err=57.168 within15=0.047 sel=-30.436 (57s)
    ep2 loss=0.465 err=58.149 within15=0.043 sel=-40.067 (85s)
    ep3 loss=0.457 err=60.373 within15=0.011 sel=-39.255 (113s)
    ep4 loss=0.456 err=56.252 within15=0.040 sel=-41.760 (141s)
    ep5 loss=0.456 err=58.679 within15=0.024 sel=-36.637 (170s)
    ep6 loss=0.451 err=56.874 within15=0.040 sel=-33.673 (198s)
    ep7 loss=0.452 err=57.296 within15=0.029 sel=-33.453 (226s)
    ep8 loss=0.454 err=58.305 within15=0.016 sel=-37.659 (254s)
    ep9 loss=0.448 err=57.643 within15=0.022 sel=-41.085 (282s)
    ep10 loss=0.449 err=57.095 within15=0.026 sel=-35.863 (310s)
    ep11 loss=0.449 err=59.972 within15=0.014 sel=-36.572 (339s)
    ep12 loss=0.450 err=53.107 within15=0.055 sel=-35.340 (367s)
    ep13 loss=0.448 err=55.916 within15=0.035 sel=-35.345 (395s)
    ep14 loss=0.447 err=55.452 within15=0.035 sel=-36.854 (423s)
    ep15 loss=0.446 err=54.407 within15=0.039 sel=-36.215 (451s)
    ep16 loss=0.446 err=56.185 within15=0.030 sel=-35.398 (480s)
    ep17 loss=0.446 err=56.558 within15=0.027 sel=-37.111 (508s)
    ep18 loss=0.445 err=57.519 within15=0.023 sel=-37.412 (536s)
    ep19 loss=0.445 err=57.078 within15=0.028 sel=-37.264 (561s)
    test-time averaging: err_avg8=55.054 err_avg32=56.512
  -> syn5_c0s0t0_d2: err=57.17 err_modD=22.82 within15=0.047 best_epoch=1 563s
[syn5_c0s0t1_d2] synthetic count=0 sharp=0 stim=1 n=6000 T=120 {'n': 512, 'dim': 256, 'layers': 4, 'epochs': 20, 'batch': 64, 'seed': 2, 'rel_bias': True, 'device': 'cuda', 'early_stop': 0.2, 'sel_reps': 4, 'pops_per_epoch': 5000}
    ep0 loss=0.566 err=48.656 within15=0.116 sel=-45.387 (30s)
    ep1 loss=0.486 err=50.850 within15=0.142 sel=-39.394 (59s)
    ep2 loss=0.474 err=63.528 within15=0.046 sel=-45.703 (88s)
    ep3 loss=0.459 err=46.555 within15=0.115 sel=-34.260 (118s)
    ep4 loss=0.453 err=50.523 within15=0.129 sel=-32.932 (147s)
    ep5 loss=0.443 err=69.825 within15=0.004 sel=-53.106 (177s)
    ep6 loss=0.432 err=63.904 within15=0.045 sel=-21.253 (206s)
    ep7 loss=0.426 err=61.482 within15=0.032 sel=-31.562 (235s)
    ep8 loss=0.423 err=62.170 within15=0.030 sel=-23.152 (265s)
    ep9 loss=0.412 err=80.134 within15=0.000 sel=-51.549 (294s)
    ep10 loss=0.400 err=63.407 within15=0.027 sel=-43.501 (324s)
    ep11 loss=0.379 err=48.238 within15=0.155 sel=-24.228 (353s)
    ep12 loss=0.324 err=57.379 within15=0.058 sel=-47.009 (382s)
    ep13 loss=0.297 err=28.207 within15=0.330 sel=-18.850 (412s)
    ep14 loss=0.246 err=35.276 within15=0.248 sel=-15.489 (441s)
    ep15 loss=0.226 err=20.373 within15=0.440 sel=-7.190 (470s)
    ep16 loss=0.201 err=20.143 within15=0.420 sel=-8.418 (500s)
    ep17 loss=0.187 err=17.688 within15=0.503 sel=-6.933 (529s)
    ep18 loss=0.173 err=19.292 within15=0.446 sel=-6.966 (559s)
    ep19 loss=0.174 err=21.496 within15=0.409 sel=-6.993 (589s)
    test-time averaging: err_avg8=23.049 err_avg32=18.164
  -> syn5_c0s0t1_d2: err=17.69 err_modD=17.69 within15=0.503 best_epoch=17 591s
[syn5_c0s1t0_d2] synthetic count=0 sharp=1 stim=0 n=6000 T=120 {'n': 512, 'dim': 256, 'layers': 4, 'epochs': 20, 'batch': 64, 'seed': 2, 'rel_bias': True, 'device': 'cuda', 'early_stop': 0.2, 'sel_reps': 4, 'pops_per_epoch': 5000}
    ep0 loss=0.558 err=53.659 within15=0.073 sel=-41.637 (30s)
    ep1 loss=0.478 err=54.740 within15=0.064 sel=-30.432 (59s)
    ep2 loss=0.465 err=60.200 within15=0.070 sel=-36.549 (89s)
    ep3 loss=0.454 err=61.552 within15=0.020 sel=-35.493 (118s)
    ep4 loss=0.450 err=54.905 within15=0.075 sel=-41.242 (147s)
    ep5 loss=0.449 err=62.612 within15=0.020 sel=-34.263 (177s)
    ep6 loss=0.443 err=59.532 within15=0.040 sel=-27.264 (206s)
    ep7 loss=0.440 err=58.664 within15=0.048 sel=-25.673 (236s)
    ep8 loss=0.443 err=59.461 within15=0.046 sel=-30.569 (265s)
    ep9 loss=0.433 err=60.195 within15=0.037 sel=-35.070 (294s)
    ep10 loss=0.433 err=59.025 within15=0.042 sel=-25.128 (324s)
    ep11 loss=0.430 err=62.224 within15=0.030 sel=-20.034 (353s)
    ep12 loss=0.431 err=56.008 within15=0.049 sel=-22.805 (382s)
    ep13 loss=0.427 err=59.498 within15=0.042 sel=-21.006 (412s)
    ep14 loss=0.424 err=58.803 within15=0.049 sel=-21.084 (441s)
    ep15 loss=0.423 err=56.342 within15=0.068 sel=-15.896 (471s)
    ep16 loss=0.421 err=59.374 within15=0.040 sel=-15.800 (500s)
    ep17 loss=0.424 err=58.305 within15=0.050 sel=-15.112 (529s)
    ep18 loss=0.417 err=59.826 within15=0.041 sel=-15.772 (559s)
    ep19 loss=0.420 err=59.190 within15=0.040 sel=-15.525 (588s)
    test-time averaging: err_avg8=56.159 err_avg32=57.899
  -> syn5_c0s1t0_d2: err=58.30 err_modD=15.42 within15=0.050 best_epoch=17 590s
[syn5_c0s1t1_d2] synthetic count=0 sharp=1 stim=1 n=6000 T=120 {'n': 512, 'dim': 256, 'layers': 4, 'epochs': 20, 'batch': 64, 'seed': 2, 'rel_bias': True, 'device': 'cuda', 'early_stop': 0.2, 'sel_reps': 4, 'pops_per_epoch': 5000}
    ep0 loss=0.559 err=49.250 within15=0.076 sel=-45.447 (30s)
    ep1 loss=0.476 err=56.102 within15=0.058 sel=-41.265 (60s)
    ep2 loss=0.466 err=62.482 within15=0.041 sel=-44.802 (89s)
    ep3 loss=0.458 err=64.458 within15=0.033 sel=-42.656 (118s)
    ep4 loss=0.450 err=53.297 within15=0.060 sel=-45.504 (148s)
    ep5 loss=0.438 err=65.162 within15=0.012 sel=-42.491 (177s)
    ep6 loss=0.426 err=71.122 within15=0.012 sel=-30.339 (206s)
    ep7 loss=0.406 err=56.577 within15=0.051 sel=-32.032 (236s)
    ep8 loss=0.388 err=51.898 within15=0.075 sel=-16.402 (260s)
    ep9 loss=0.337 err=36.821 within15=0.212 sel=-10.601 (290s)
    ep10 loss=0.291 err=31.459 within15=0.299 sel=-40.979 (320s)
    ep11 loss=0.242 err=26.702 within15=0.355 sel=-7.308 (349s)
    ep12 loss=0.201 err=14.271 within15=0.633 sel=-5.831 (379s)
    ep13 loss=0.166 err=15.003 within15=0.592 sel=-5.705 (408s)
    ep14 loss=0.142 err=13.509 within15=0.651 sel=-5.924 (438s)
    ep15 loss=0.120 err=11.104 within15=0.752 sel=-5.548 (467s)
    ep16 loss=0.096 err=10.075 within15=0.772 sel=-4.464 (496s)
    ep17 loss=0.087 err=8.636 within15=0.842 sel=-4.956 (526s)
    ep18 loss=0.080 err=7.928 within15=0.857 sel=-4.497 (555s)
    ep19 loss=0.081 err=9.198 within15=0.819 sel=-4.587 (584s)
    test-time averaging: err_avg8=13.813 err_avg32=9.643
  -> syn5_c0s1t1_d2: err=10.07 err_modD=10.07 within15=0.772 best_epoch=16 586s
[syn5_c1s0t0_d2] synthetic count=1 sharp=0 stim=0 n=6000 T=120 {'n': 512, 'dim': 256, 'layers': 4, 'epochs': 20, 'batch': 64, 'seed': 2, 'rel_bias': True, 'device': 'cuda', 'early_stop': 0.2, 'sel_reps': 4, 'pops_per_epoch': 5000}
    ep0 loss=0.549 err=38.287 within15=0.191 sel=-35.641 (30s)
    ep1 loss=0.439 err=28.793 within15=0.405 sel=-70.715 (60s)
    ep2 loss=0.416 err=24.665 within15=0.405 sel=-68.166 (89s)
    ep3 loss=0.403 err=27.388 within15=0.431 sel=-56.512 (118s)
    ep4 loss=0.394 err=32.709 within15=0.309 sel=-61.990 (148s)
    ep5 loss=0.381 err=24.000 within15=0.458 sel=-70.590 (177s)
    ep6 loss=0.377 err=29.118 within15=0.412 sel=-64.487 (207s)
    ep7 loss=0.373 err=38.375 within15=0.242 sel=-69.791 (236s)
    ep8 loss=0.368 err=34.153 within15=0.299 sel=-70.999 (265s)
    ep9 loss=0.355 err=41.553 within15=0.200 sel=-57.311 (295s)
    ep10 loss=0.352 err=37.651 within15=0.260 sel=-63.593 (324s)
    ep11 loss=0.347 err=34.126 within15=0.289 sel=-62.417 (354s)
    ep12 loss=0.341 err=31.464 within15=0.332 sel=-59.892 (383s)
    ep13 loss=0.329 err=32.947 within15=0.303 sel=-62.220 (412s)
    ep14 loss=0.327 err=32.619 within15=0.313 sel=-62.208 (442s)
    ep15 loss=0.322 err=28.638 within15=0.357 sel=-62.215 (471s)
    ep16 loss=0.316 err=32.767 within15=0.302 sel=-66.136 (501s)
    ep17 loss=0.314 err=32.814 within15=0.301 sel=-65.824 (530s)
    ep18 loss=0.312 err=36.873 within15=0.242 sel=-67.420 (559s)
    ep19 loss=0.307 err=29.444 within15=0.350 sel=-67.362 (589s)
    test-time averaging: err_avg8=37.124 err_avg32=40.720
  -> syn5_c1s0t0_d2: err=38.29 err_modD=33.33 within15=0.191 best_epoch=0 591s
[syn5_c1s0t1_d2] synthetic count=1 sharp=0 stim=1 n=6000 T=120 {'n': 512, 'dim': 256, 'layers': 4, 'epochs': 20, 'batch': 64, 'seed': 2, 'rel_bias': True, 'device': 'cuda', 'early_stop': 0.2, 'sel_reps': 4, 'pops_per_epoch': 5000}
    ep0 loss=0.539 err=22.278 within15=0.468 sel=-39.353 (30s)
    ep1 loss=0.423 err=20.056 within15=0.547 sel=-59.486 (60s)
    ep2 loss=0.403 err=23.928 within15=0.477 sel=-68.482 (89s)
    ep3 loss=0.383 err=22.145 within15=0.525 sel=-54.814 (118s)
    ep4 loss=0.357 err=24.742 within15=0.466 sel=-63.478 (148s)
    ep5 loss=0.319 err=26.727 within15=0.418 sel=-71.631 (177s)
    ep6 loss=0.298 err=28.096 within15=0.394 sel=-73.131 (206s)
    ep7 loss=0.275 err=37.994 within15=0.248 sel=-67.882 (236s)
    ep8 loss=0.252 err=38.421 within15=0.287 sel=-48.593 (265s)
    ep9 loss=0.235 err=57.813 within15=0.111 sel=-41.873 (294s)
    ep10 loss=0.215 err=53.488 within15=0.186 sel=-69.354 (324s)
    ep11 loss=0.198 err=47.148 within15=0.182 sel=-62.120 (353s)
    ep12 loss=0.176 err=29.021 within15=0.416 sel=-72.539 (382s)
    ep13 loss=0.168 err=39.972 within15=0.288 sel=-54.969 (412s)
    ep14 loss=0.153 err=45.735 within15=0.225 sel=-63.310 (441s)
    ep15 loss=0.141 err=34.949 within15=0.341 sel=-71.035 (470s)
    ep16 loss=0.130 err=38.556 within15=0.280 sel=-66.605 (500s)
    ep17 loss=0.128 err=52.941 within15=0.156 sel=-63.266 (524s)
    ep18 loss=0.122 err=61.909 within15=0.102 sel=-55.249 (552s)
    ep19 loss=0.121 err=42.804 within15=0.254 sel=-57.442 (580s)
    test-time averaging: err_avg8=25.444 err_avg32=24.587
  -> syn5_c1s0t1_d2: err=22.28 err_modD=20.93 within15=0.468 best_epoch=0 582s
[syn5_c1s1t0_d2] synthetic count=1 sharp=1 stim=0 n=6000 T=120 {'n': 512, 'dim': 256, 'layers': 4, 'epochs': 20, 'batch': 64, 'seed': 2, 'rel_bias': True, 'device': 'cuda', 'early_stop': 0.2, 'sel_reps': 4, 'pops_per_epoch': 5000}
    ep0 loss=0.560 err=40.187 within15=0.302 sel=-31.371 (28s)
    ep1 loss=0.468 err=37.877 within15=0.356 sel=-69.942 (57s)
    ep2 loss=0.449 err=33.007 within15=0.304 sel=-56.073 (85s)
    ep3 loss=0.432 err=28.939 within15=0.407 sel=-48.600 (113s)
    ep4 loss=0.420 err=21.881 within15=0.514 sel=-65.099 (141s)
    ep5 loss=0.400 err=23.877 within15=0.467 sel=-72.789 (170s)
    ep6 loss=0.398 err=25.342 within15=0.488 sel=-59.524 (198s)
    ep7 loss=0.394 err=26.338 within15=0.445 sel=-72.465 (226s)
    ep8 loss=0.391 err=28.667 within15=0.407 sel=-74.074 (254s)
    ep9 loss=0.377 err=32.826 within15=0.376 sel=-69.132 (282s)
    ep10 loss=0.369 err=36.883 within15=0.283 sel=-65.444 (310s)
    ep11 loss=0.361 err=32.155 within15=0.311 sel=-69.414 (339s)
    ep12 loss=0.351 err=31.522 within15=0.361 sel=-63.169 (367s)
    ep13 loss=0.332 err=33.655 within15=0.331 sel=-65.333 (395s)
    ep14 loss=0.324 err=38.682 within15=0.284 sel=-70.541 (423s)
    ep15 loss=0.305 err=33.732 within15=0.336 sel=-69.843 (451s)
    ep16 loss=0.284 err=38.738 within15=0.284 sel=-67.743 (480s)
    ep17 loss=0.272 err=57.770 within15=0.122 sel=-70.530 (508s)
    ep18 loss=0.263 err=61.314 within15=0.095 sel=-71.455 (536s)
    ep19 loss=0.260 err=48.056 within15=0.179 sel=-71.520 (564s)
    test-time averaging: err_avg8=37.888 err_avg32=42.502
  -> syn5_c1s1t0_d2: err=40.19 err_modD=38.98 within15=0.302 best_epoch=0 566s
[syn5_c1s1t1_d2] synthetic count=1 sharp=1 stim=1 n=6000 T=120 {'n': 512, 'dim': 256, 'layers': 4, 'epochs': 20, 'batch': 64, 'seed': 2, 'rel_bias': True, 'device': 'cuda', 'early_stop': 0.2, 'sel_reps': 4, 'pops_per_epoch': 5000}
    ep0 loss=0.545 err=24.792 within15=0.444 sel=-39.588 (25s)
    ep1 loss=0.450 err=29.182 within15=0.262 sel=-56.546 (53s)
    ep2 loss=0.418 err=18.205 within15=0.636 sel=-62.612 (82s)
    ep3 loss=0.406 err=19.907 within15=0.579 sel=-55.769 (110s)
    ep4 loss=0.391 err=22.853 within15=0.547 sel=-61.776 (138s)
    ep5 loss=0.363 err=22.677 within15=0.479 sel=-56.709 (166s)
    ep6 loss=0.313 err=17.086 within15=0.624 sel=-57.223 (194s)
    ep7 loss=0.287 err=22.512 within15=0.533 sel=-60.896 (223s)
    ep8 loss=0.252 err=19.957 within15=0.612 sel=-64.272 (251s)
    ep9 loss=0.228 err=19.389 within15=0.612 sel=-63.499 (279s)
    ep10 loss=0.199 err=18.900 within15=0.598 sel=-63.744 (307s)
    ep11 loss=0.183 err=16.327 within15=0.669 sel=-64.771 (335s)
    ep12 loss=0.159 err=9.367 within15=0.835 sel=-65.569 (363s)
    ep13 loss=0.137 err=16.411 within15=0.684 sel=-64.395 (392s)
    ep14 loss=0.123 err=15.761 within15=0.676 sel=-64.907 (420s)
    ep15 loss=0.106 err=9.847 within15=0.813 sel=-70.236 (448s)
    ep16 loss=0.096 err=11.147 within15=0.784 sel=-67.403 (476s)
    ep17 loss=0.085 err=10.267 within15=0.811 sel=-65.968 (504s)
    ep18 loss=0.079 err=12.457 within15=0.739 sel=-65.950 (533s)
    ep19 loss=0.074 err=14.665 within15=0.704 sel=-65.797 (561s)
    test-time averaging: err_avg8=27.222 err_avg32=27.954
  -> syn5_c1s1t1_d2: err=24.79 err_modD=24.65 within15=0.444 best_epoch=0 563s
[syn5_c0s0t0_d3] synthetic count=0 sharp=0 stim=0 n=6000 T=120 {'n': 512, 'dim': 256, 'layers': 4, 'epochs': 20, 'batch': 64, 'seed': 3, 'rel_bias': True, 'device': 'cuda', 'early_stop': 0.2, 'sel_reps': 4, 'pops_per_epoch': 5000}
    ep0 loss=0.566 err=28.813 within15=0.339 sel=-81.564 (28s)
    ep1 loss=0.500 err=44.313 within15=0.178 sel=-56.976 (57s)
    ep2 loss=0.491 err=23.947 within15=0.380 sel=-64.405 (85s)
    ep3 loss=0.489 err=29.322 within15=0.318 sel=-69.956 (114s)
    ep4 loss=0.486 err=24.952 within15=0.352 sel=-66.577 (137s)
    ep5 loss=0.486 err=26.601 within15=0.366 sel=-65.014 (160s)
    ep6 loss=0.484 err=27.563 within15=0.324 sel=-66.035 (189s)
    ep7 loss=0.482 err=25.950 within15=0.330 sel=-66.235 (217s)
    ep8 loss=0.484 err=26.299 within15=0.367 sel=-65.058 (245s)
    ep9 loss=0.482 err=24.870 within15=0.342 sel=-65.128 (273s)
    ep10 loss=0.482 err=26.946 within15=0.328 sel=-62.108 (301s)
    ep11 loss=0.482 err=26.999 within15=0.333 sel=-63.626 (329s)
    ep12 loss=0.481 err=27.499 within15=0.359 sel=-65.340 (357s)
    ep13 loss=0.480 err=24.395 within15=0.358 sel=-65.722 (386s)
    ep14 loss=0.481 err=25.911 within15=0.338 sel=-66.069 (414s)
    ep15 loss=0.482 err=24.186 within15=0.343 sel=-66.021 (442s)
    ep16 loss=0.482 err=26.592 within15=0.329 sel=-65.530 (470s)
    ep17 loss=0.480 err=24.063 within15=0.342 sel=-65.635 (499s)
    ep18 loss=0.478 err=24.392 within15=0.343 sel=-65.689 (527s)
    ep19 loss=0.482 err=25.294 within15=0.339 sel=-65.567 (555s)
    test-time averaging: err_avg8=43.099 err_avg32=44.288
  -> syn5_c0s0t0_d3: err=44.31 err_modD=41.87 within15=0.178 best_epoch=1 557s
[syn5_c0s0t1_d3] synthetic count=0 sharp=0 stim=1 n=6000 T=120 {'n': 512, 'dim': 256, 'layers': 4, 'epochs': 20, 'batch': 64, 'seed': 3, 'rel_bias': True, 'device': 'cuda', 'early_stop': 0.2, 'sel_reps': 4, 'pops_per_epoch': 5000}
    ep0 loss=0.559 err=32.161 within15=0.305 sel=-73.872 (28s)
    ep1 loss=0.496 err=37.294 within15=0.142 sel=-56.742 (57s)
    ep2 loss=0.479 err=32.418 within15=0.253 sel=-61.666 (86s)
    ep3 loss=0.475 err=27.964 within15=0.344 sel=-67.132 (114s)
    ep4 loss=0.466 err=21.785 within15=0.539 sel=-65.494 (142s)
    ep5 loss=0.453 err=23.196 within15=0.399 sel=-66.041 (170s)
    ep6 loss=0.440 err=21.698 within15=0.458 sel=-65.411 (198s)
    ep7 loss=0.417 err=21.715 within15=0.414 sel=-59.022 (226s)
    ep8 loss=0.378 err=21.375 within15=0.390 sel=-21.085 (250s)
    ep9 loss=0.320 err=20.340 within15=0.438 sel=-61.629 (278s)
    ep10 loss=0.289 err=19.135 within15=0.428 sel=-22.693 (307s)
    ep11 loss=0.264 err=17.186 within15=0.585 sel=-19.428 (335s)
    ep12 loss=0.223 err=10.705 within15=0.771 sel=-15.728 (363s)
    ep13 loss=0.141 err=6.041 within15=0.972 sel=-11.764 (391s)
    ep14 loss=0.093 err=4.589 within15=0.989 sel=-5.015 (419s)
    ep15 loss=0.067 err=4.070 within15=0.995 sel=-6.473 (448s)
    ep16 loss=0.050 err=3.739 within15=0.996 sel=-5.105 (476s)
    ep17 loss=0.041 err=3.662 within15=0.997 sel=-5.088 (504s)
    ep18 loss=0.037 err=3.621 within15=0.997 sel=-5.109 (532s)
    ep19 loss=0.035 err=3.628 within15=0.998 sel=-5.007 (560s)
    test-time averaging: err_avg8=3.793 err_avg32=3.657
  -> syn5_c0s0t1_d3: err=3.63 err_modD=3.60 within15=0.998 best_epoch=19 562s
[syn5_c0s1t0_d3] synthetic count=0 sharp=1 stim=0 n=6000 T=120 {'n': 512, 'dim': 256, 'layers': 4, 'epochs': 20, 'batch': 64, 'seed': 3, 'rel_bias': True, 'device': 'cuda', 'early_stop': 0.2, 'sel_reps': 4, 'pops_per_epoch': 5000}
    ep0 loss=0.566 err=41.624 within15=0.241 sel=-75.129 (28s)
    ep1 loss=0.501 err=39.044 within15=0.314 sel=-46.628 (57s)
    ep2 loss=0.495 err=34.404 within15=0.271 sel=-64.931 (85s)
    ep3 loss=0.494 err=38.162 within15=0.283 sel=-69.714 (113s)
    ep4 loss=0.491 err=27.096 within15=0.325 sel=-63.753 (141s)
    ep5 loss=0.491 err=29.638 within15=0.303 sel=-61.127 (170s)
    ep6 loss=0.489 err=30.475 within15=0.293 sel=-63.805 (198s)
    ep7 loss=0.487 err=31.341 within15=0.311 sel=-66.768 (226s)
    ep8 loss=0.489 err=31.746 within15=0.308 sel=-65.544 (254s)
    ep9 loss=0.487 err=26.513 within15=0.326 sel=-63.090 (283s)
    ep10 loss=0.486 err=31.060 within15=0.279 sel=-57.280 (311s)
    ep11 loss=0.486 err=29.267 within15=0.302 sel=-64.336 (339s)
    ep12 loss=0.482 err=32.123 within15=0.309 sel=-65.596 (363s)
    ep13 loss=0.481 err=25.231 within15=0.330 sel=-65.214 (391s)
    ep14 loss=0.482 err=24.050 within15=0.342 sel=-65.192 (420s)
    ep15 loss=0.481 err=23.731 within15=0.337 sel=-66.766 (448s)
    ep16 loss=0.482 err=25.565 within15=0.325 sel=-66.088 (476s)
    ep17 loss=0.478 err=22.528 within15=0.349 sel=-65.730 (504s)
    ep18 loss=0.476 err=23.401 within15=0.348 sel=-65.623 (533s)
    ep19 loss=0.481 err=22.604 within15=0.350 sel=-65.529 (561s)
    test-time averaging: err_avg8=36.497 err_avg32=38.020
  -> syn5_c0s1t0_d3: err=39.04 err_modD=39.04 within15=0.314 best_epoch=1 563s
[syn5_c0s1t1_d3] synthetic count=0 sharp=1 stim=1 n=6000 T=120 {'n': 512, 'dim': 256, 'layers': 4, 'epochs': 20, 'batch': 64, 'seed': 3, 'rel_bias': True, 'device': 'cuda', 'early_stop': 0.2, 'sel_reps': 4, 'pops_per_epoch': 5000}
    ep0 loss=0.551 err=28.428 within15=0.340 sel=-67.521 (29s)
    ep1 loss=0.486 err=35.318 within15=0.304 sel=-47.792 (57s)
    ep2 loss=0.458 err=28.753 within15=0.331 sel=-56.999 (86s)
    ep3 loss=0.434 err=22.700 within15=0.379 sel=-56.568 (114s)
    ep4 loss=0.391 err=18.580 within15=0.470 sel=-55.103 (142s)
    ep5 loss=0.346 err=20.104 within15=0.425 sel=-22.863 (171s)
    ep6 loss=0.299 err=20.703 within15=0.408 sel=-24.996 (199s)
    ep7 loss=0.266 err=14.914 within15=0.563 sel=-16.920 (228s)
    ep8 loss=0.214 err=9.078 within15=0.799 sel=-9.815 (256s)
    ep9 loss=0.141 err=5.410 within15=0.964 sel=-7.562 (284s)
    ep10 loss=0.097 err=4.414 within15=0.982 sel=-11.719 (312s)
    ep11 loss=0.062 err=3.691 within15=0.995 sel=-6.236 (341s)
    ep12 loss=0.046 err=3.710 within15=0.997 sel=-6.085 (369s)
    ep13 loss=0.035 err=3.616 within15=0.998 sel=-5.171 (397s)
    ep14 loss=0.029 err=3.327 within15=0.998 sel=-4.206 (425s)
    ep15 loss=0.024 err=3.249 within15=0.999 sel=-3.684 (454s)
    ep16 loss=0.022 err=3.174 within15=0.999 sel=-3.828 (478s)
    ep17 loss=0.020 err=3.190 within15=0.999 sel=-3.707 (506s)
    ep18 loss=0.020 err=3.080 within15=0.999 sel=-3.772 (534s)
    ep19 loss=0.019 err=3.125 within15=0.999 sel=-3.755 (562s)
    test-time averaging: err_avg8=3.574 err_avg32=3.300
  -> syn5_c0s1t1_d3: err=3.25 err_modD=3.24 within15=0.999 best_epoch=15 565s
[syn5_c1s0t0_d3] synthetic count=1 sharp=0 stim=0 n=6000 T=120 {'n': 512, 'dim': 256, 'layers': 4, 'epochs': 20, 'batch': 64, 'seed': 3, 'rel_bias': True, 'device': 'cuda', 'early_stop': 0.2, 'sel_reps': 4, 'pops_per_epoch': 5000}
    ep0 loss=0.573 err=40.599 within15=0.196 sel=-70.961 (29s)
    ep1 loss=0.504 err=45.322 within15=0.172 sel=-44.568 (57s)
    ep2 loss=0.499 err=43.934 within15=0.199 sel=-58.308 (85s)
    ep3 loss=0.500 err=45.655 within15=0.155 sel=-54.812 (113s)
    ep4 loss=0.498 err=38.518 within15=0.198 sel=-58.218 (141s)
    ep5 loss=0.498 err=42.503 within15=0.311 sel=-52.770 (170s)
    ep6 loss=0.497 err=40.540 within15=0.100 sel=-54.625 (198s)
    ep7 loss=0.496 err=32.908 within15=0.284 sel=-61.235 (226s)
    ep8 loss=0.497 err=35.560 within15=0.326 sel=-68.180 (254s)
    ep9 loss=0.495 err=41.036 within15=0.112 sel=-54.118 (282s)
    ep10 loss=0.495 err=37.651 within15=0.241 sel=-59.354 (311s)
    ep11 loss=0.493 err=27.420 within15=0.457 sel=-60.379 (339s)
    ep12 loss=0.493 err=30.382 within15=0.372 sel=-51.423 (367s)
    ep13 loss=0.492 err=24.955 within15=0.479 sel=-58.033 (395s)
    ep14 loss=0.492 err=38.365 within15=0.188 sel=-60.173 (423s)
    ep15 loss=0.491 err=35.487 within15=0.251 sel=-55.636 (452s)
    ep16 loss=0.488 err=41.210 within15=0.219 sel=-54.061 (480s)
    ep17 loss=0.486 err=39.271 within15=0.230 sel=-53.851 (508s)
    ep18 loss=0.483 err=39.906 within15=0.216 sel=-54.656 (536s)
    ep19 loss=0.485 err=45.129 within15=0.159 sel=-53.985 (564s)
    test-time averaging: err_avg8=42.646 err_avg32=44.647
  -> syn5_c1s0t0_d3: err=45.32 err_modD=42.41 within15=0.172 best_epoch=1 567s
[syn5_c1s0t1_d3] synthetic count=1 sharp=0 stim=1 n=6000 T=120 {'n': 512, 'dim': 256, 'layers': 4, 'epochs': 20, 'batch': 64, 'seed': 3, 'rel_bias': True, 'device': 'cuda', 'early_stop': 0.2, 'sel_reps': 4, 'pops_per_epoch': 5000}
    ep0 loss=0.566 err=38.583 within15=0.175 sel=-55.118 (25s)
    ep1 loss=0.492 err=33.883 within15=0.320 sel=-47.258 (50s)
    ep2 loss=0.472 err=24.246 within15=0.438 sel=-68.643 (69s)
    ep3 loss=0.470 err=21.137 within15=0.511 sel=-61.672 (88s)
    ep4 loss=0.458 err=26.746 within15=0.318 sel=-53.398 (107s)
    ep5 loss=0.454 err=17.683 within15=0.614 sel=-60.221 (127s)
    ep6 loss=0.436 err=25.492 within15=0.416 sel=-51.925 (146s)
    ep7 loss=0.413 err=13.554 within15=0.751 sel=-45.156 (165s)
    ep8 loss=0.397 err=11.747 within15=0.742 sel=-31.547 (185s)
    ep9 loss=0.368 err=16.287 within15=0.635 sel=-19.883 (204s)
    ep10 loss=0.336 err=12.001 within15=0.744 sel=-7.587 (223s)
    ep11 loss=0.284 err=8.392 within15=0.853 sel=-6.782 (243s)
    ep12 loss=0.211 err=10.714 within15=0.771 sel=-6.195 (262s)
    ep13 loss=0.148 err=8.765 within15=0.845 sel=-5.011 (281s)
    ep14 loss=0.118 err=10.919 within15=0.762 sel=-4.881 (301s)
    ep15 loss=0.095 err=7.625 within15=0.895 sel=-4.525 (320s)
    ep16 loss=0.080 err=7.974 within15=0.887 sel=-4.017 (339s)
    ep17 loss=0.072 err=7.928 within15=0.885 sel=-3.955 (359s)
    ep18 loss=0.069 err=7.998 within15=0.884 sel=-3.980 (378s)
    ep19 loss=0.066 err=8.877 within15=0.835 sel=-3.989 (397s)
    test-time averaging: err_avg8=10.459 err_avg32=8.452
  -> syn5_c1s0t1_d3: err=7.93 err_modD=7.93 within15=0.885 best_epoch=17 399s
[syn5_c1s1t0_d3] synthetic count=1 sharp=1 stim=0 n=6000 T=120 {'n': 512, 'dim': 256, 'layers': 4, 'epochs': 20, 'batch': 64, 'seed': 3, 'rel_bias': True, 'device': 'cuda', 'early_stop': 0.2, 'sel_reps': 4, 'pops_per_epoch': 5000}
    ep0 loss=0.571 err=40.310 within15=0.245 sel=-73.903 (20s)
    ep1 loss=0.505 err=41.654 within15=0.113 sel=-57.373 (39s)
    ep2 loss=0.500 err=43.843 within15=0.206 sel=-49.277 (58s)
    ep3 loss=0.500 err=44.552 within15=0.208 sel=-57.153 (78s)
    ep4 loss=0.499 err=40.690 within15=0.225 sel=-57.521 (97s)
    ep5 loss=0.498 err=41.823 within15=0.352 sel=-50.227 (116s)
    ep6 loss=0.498 err=41.267 within15=0.183 sel=-54.651 (136s)
    ep7 loss=0.496 err=40.816 within15=0.254 sel=-52.267 (155s)
    ep8 loss=0.496 err=37.503 within15=0.325 sel=-67.991 (174s)
    ep9 loss=0.491 err=45.740 within15=0.235 sel=-53.601 (194s)
    ep10 loss=0.490 err=50.551 within15=0.199 sel=-57.672 (213s)
    ep11 loss=0.481 err=37.298 within15=0.310 sel=-60.363 (232s)
    ep12 loss=0.474 err=45.678 within15=0.267 sel=-54.651 (252s)
    ep13 loss=0.458 err=45.069 within15=0.252 sel=-65.628 (271s)
    ep14 loss=0.442 err=58.382 within15=0.158 sel=-41.712 (290s)
    ep15 loss=0.432 err=57.508 within15=0.119 sel=-63.377 (310s)
    ep16 loss=0.416 err=59.881 within15=0.117 sel=-56.051 (329s)
    ep17 loss=0.408 err=54.955 within15=0.160 sel=-60.083 (349s)
    ep18 loss=0.396 err=55.686 within15=0.153 sel=-57.217 (368s)
    ep19 loss=0.396 err=59.630 within15=0.119 sel=-57.953 (387s)
    test-time averaging: err_avg8=55.214 err_avg32=56.301
  -> syn5_c1s1t0_d3: err=58.38 err_modD=31.33 within15=0.158 best_epoch=14 389s
[syn5_c1s1t1_d3] synthetic count=1 sharp=1 stim=1 n=6000 T=120 {'n': 512, 'dim': 256, 'layers': 4, 'epochs': 20, 'batch': 64, 'seed': 3, 'rel_bias': True, 'device': 'cuda', 'early_stop': 0.2, 'sel_reps': 4, 'pops_per_epoch': 5000}
    ep0 loss=0.560 err=34.972 within15=0.228 sel=-51.295 (20s)
    ep1 loss=0.476 err=34.567 within15=0.278 sel=-44.774 (39s)
    ep2 loss=0.449 err=24.062 within15=0.468 sel=-55.343 (59s)
    ep3 loss=0.463 err=17.867 within15=0.635 sel=-48.366 (78s)
    ep4 loss=0.425 err=26.499 within15=0.512 sel=-34.641 (97s)
    ep5 loss=0.401 err=19.216 within15=0.447 sel=-38.894 (117s)
    ep6 loss=0.371 err=11.972 within15=0.716 sel=-61.810 (136s)
    ep7 loss=0.292 err=15.593 within15=0.605 sel=-50.640 (155s)
    ep8 loss=0.220 err=11.677 within15=0.719 sel=-34.468 (175s)
    ep9 loss=0.149 err=10.566 within15=0.762 sel=-33.778 (194s)
    ep10 loss=0.116 err=10.593 within15=0.773 sel=-19.202 (214s)
    ep11 loss=0.093 err=6.996 within15=0.925 sel=-4.350 (233s)
    ep12 loss=0.072 err=7.461 within15=0.893 sel=-4.475 (252s)
    ep13 loss=0.057 err=5.983 within15=0.956 sel=-4.135 (272s)
    ep14 loss=0.047 err=7.202 within15=0.911 sel=-6.364 (291s)
    ep15 loss=0.042 err=4.823 within15=0.992 sel=-7.717 (310s)
    ep16 loss=0.039 err=5.232 within15=0.983 sel=-7.468 (330s)
    ep17 loss=0.035 err=4.683 within15=0.992 sel=-7.401 (349s)
    ep18 loss=0.031 err=4.471 within15=0.995 sel=-7.029 (368s)
    ep19 loss=0.032 err=5.549 within15=0.978 sel=-7.273 (388s)
    test-time averaging: err_avg8=7.428 err_avg32=5.651
  -> syn5_c1s1t1_d3: err=5.98 err_modD=5.98 within15=0.956 best_epoch=13 389s
[syn5_c0s0t0_d4] synthetic count=0 sharp=0 stim=0 n=6000 T=120 {'n': 512, 'dim': 256, 'layers': 4, 'epochs': 20, 'batch': 64, 'seed': 4, 'rel_bias': True, 'device': 'cuda', 'early_stop': 0.2, 'sel_reps': 4, 'pops_per_epoch': 5000}
    ep0 loss=0.565 err=55.125 within15=0.065 sel=-35.826 (20s)
    ep1 loss=0.497 err=55.718 within15=0.090 sel=-38.663 (40s)
    ep2 loss=0.491 err=62.242 within15=0.032 sel=-31.194 (59s)
    ep3 loss=0.485 err=62.970 within15=0.016 sel=-37.633 (79s)
    ep4 loss=0.483 err=64.335 within15=0.012 sel=-34.298 (98s)
    ep5 loss=0.484 err=63.800 within15=0.023 sel=-32.970 (117s)
    ep6 loss=0.484 err=62.045 within15=0.010 sel=-33.699 (137s)
    ep7 loss=0.481 err=64.445 within15=0.013 sel=-28.522 (156s)
    ep8 loss=0.481 err=64.300 within15=0.005 sel=-32.625 (175s)
    ep9 loss=0.482 err=63.465 within15=0.012 sel=-31.945 (195s)
    ep10 loss=0.481 err=63.518 within15=0.023 sel=-32.618 (214s)
    ep11 loss=0.480 err=63.979 within15=0.013 sel=-33.359 (233s)
    ep12 loss=0.480 err=62.427 within15=0.006 sel=-29.785 (253s)
    ep13 loss=0.478 err=62.383 within15=0.012 sel=-28.375 (272s)
    ep14 loss=0.478 err=63.410 within15=0.013 sel=-25.884 (291s)
    ep15 loss=0.480 err=63.274 within15=0.006 sel=-26.183 (311s)
    ep16 loss=0.476 err=63.847 within15=0.003 sel=-28.009 (330s)
    ep17 loss=0.478 err=63.437 within15=0.006 sel=-27.557 (349s)
    ep18 loss=0.477 err=64.951 within15=0.003 sel=-28.195 (369s)
    ep19 loss=0.480 err=64.013 within15=0.004 sel=-28.164 (388s)
    test-time averaging: err_avg8=62.465 err_avg32=63.456
  -> syn5_c0s0t0_d4: err=63.41 err_modD=22.89 within15=0.013 best_epoch=14 390s
[syn5_c0s0t1_d4] synthetic count=0 sharp=0 stim=1 n=6000 T=120 {'n': 512, 'dim': 256, 'layers': 4, 'epochs': 20, 'batch': 64, 'seed': 4, 'rel_bias': True, 'device': 'cuda', 'early_stop': 0.2, 'sel_reps': 4, 'pops_per_epoch': 5000}
    ep0 loss=0.553 err=44.617 within15=0.130 sel=-39.364 (20s)
    ep1 loss=0.477 err=54.900 within15=0.124 sel=-39.380 (39s)
    ep2 loss=0.467 err=53.386 within15=0.099 sel=-28.509 (59s)
    ep3 loss=0.448 err=54.205 within15=0.094 sel=-18.156 (78s)
    ep4 loss=0.436 err=57.445 within15=0.069 sel=-25.815 (97s)
    ep5 loss=0.429 err=52.214 within15=0.109 sel=-23.968 (116s)
    ep6 loss=0.425 err=49.808 within15=0.126 sel=-24.511 (136s)
    ep7 loss=0.417 err=54.822 within15=0.082 sel=-18.780 (155s)
    ep8 loss=0.408 err=50.618 within15=0.121 sel=-22.771 (174s)
    ep9 loss=0.403 err=50.493 within15=0.115 sel=-24.686 (194s)
    ep10 loss=0.399 err=48.056 within15=0.141 sel=-28.316 (213s)
    ep11 loss=0.394 err=50.696 within15=0.110 sel=-28.350 (232s)
    ep12 loss=0.369 err=43.629 within15=0.167 sel=-23.074 (252s)
    ep13 loss=0.342 err=38.606 within15=0.205 sel=-23.648 (271s)
    ep14 loss=0.310 err=40.098 within15=0.194 sel=-25.165 (290s)
    ep15 loss=0.284 err=38.137 within15=0.225 sel=-19.870 (299s)
    ep16 loss=0.253 err=36.412 within15=0.243 sel=-21.183 (317s)
    ep17 loss=0.245 err=36.872 within15=0.239 sel=-21.653 (336s)
    ep18 loss=0.235 err=38.566 within15=0.224 sel=-21.491 (356s)
    ep19 loss=0.239 err=35.969 within15=0.247 sel=-21.546 (375s)
    test-time averaging: err_avg8=54.883 err_avg32=53.481
  -> syn5_c0s0t1_d4: err=54.20 err_modD=14.19 within15=0.094 best_epoch=3 377s
[syn5_c0s1t0_d4] synthetic count=0 sharp=1 stim=0 n=6000 T=120 {'n': 512, 'dim': 256, 'layers': 4, 'epochs': 20, 'batch': 64, 'seed': 4, 'rel_bias': True, 'device': 'cuda', 'early_stop': 0.2, 'sel_reps': 4, 'pops_per_epoch': 5000}
    ep0 loss=0.564 err=58.342 within15=0.045 sel=-34.543 (20s)
    ep1 loss=0.498 err=57.015 within15=0.026 sel=-33.620 (40s)
    ep2 loss=0.494 err=61.805 within15=0.055 sel=-31.630 (59s)
    ep3 loss=0.486 err=64.207 within15=0.010 sel=-36.703 (79s)
    ep4 loss=0.481 err=65.542 within15=0.006 sel=-29.757 (98s)
    ep5 loss=0.482 err=64.324 within15=0.039 sel=-25.166 (118s)
    ep6 loss=0.480 err=61.702 within15=0.043 sel=-23.020 (137s)
    ep7 loss=0.475 err=66.593 within15=0.004 sel=-24.341 (157s)
    ep8 loss=0.473 err=65.766 within15=0.012 sel=-22.608 (176s)
    ep9 loss=0.474 err=66.153 within15=0.005 sel=-21.384 (195s)
    ep10 loss=0.471 err=65.063 within15=0.029 sel=-20.692 (215s)
    ep11 loss=0.470 err=65.729 within15=0.008 sel=-21.207 (234s)
    ep12 loss=0.470 err=65.618 within15=0.010 sel=-19.137 (253s)
    ep13 loss=0.467 err=64.759 within15=0.021 sel=-20.364 (273s)
    ep14 loss=0.464 err=64.573 within15=0.027 sel=-18.932 (293s)
    ep15 loss=0.468 err=66.078 within15=0.010 sel=-21.224 (312s)
    ep16 loss=0.460 err=66.175 within15=0.005 sel=-20.584 (331s)
    ep17 loss=0.464 err=65.764 within15=0.010 sel=-20.016 (351s)
    ep18 loss=0.462 err=66.660 within15=0.009 sel=-20.922 (370s)
    ep19 loss=0.466 err=66.345 within15=0.009 sel=-20.640 (389s)
    test-time averaging: err_avg8=63.627 err_avg32=64.600
  -> syn5_c0s1t0_d4: err=64.57 err_modD=20.71 within15=0.027 best_epoch=14 391s
[syn5_c0s1t1_d4] synthetic count=0 sharp=1 stim=1 n=6000 T=120 {'n': 512, 'dim': 256, 'layers': 4, 'epochs': 20, 'batch': 64, 'seed': 4, 'rel_bias': True, 'device': 'cuda', 'early_stop': 0.2, 'sel_reps': 4, 'pops_per_epoch': 5000}
    ep0 loss=0.548 err=44.155 within15=0.165 sel=-37.986 (20s)
    ep1 loss=0.471 err=48.381 within15=0.105 sel=-32.358 (39s)
    ep2 loss=0.463 err=48.073 within15=0.119 sel=-32.271 (59s)
    ep3 loss=0.453 err=47.342 within15=0.111 sel=-29.749 (78s)
    ep4 loss=0.442 err=51.272 within15=0.133 sel=-31.932 (98s)
    ep5 loss=0.433 err=46.143 within15=0.155 sel=-27.220 (117s)
    ep6 loss=0.424 err=49.889 within15=0.135 sel=-25.693 (136s)
    ep7 loss=0.408 err=52.600 within15=0.110 sel=-20.450 (156s)
    ep8 loss=0.395 err=47.405 within15=0.158 sel=-21.086 (175s)
    ep9 loss=0.370 err=41.532 within15=0.197 sel=-14.310 (194s)
    ep10 loss=0.341 err=43.277 within15=0.171 sel=-14.933 (214s)
    ep11 loss=0.317 err=46.792 within15=0.164 sel=-19.664 (233s)
    ep12 loss=0.277 err=35.776 within15=0.252 sel=-15.998 (252s)
    ep13 loss=0.251 err=37.731 within15=0.221 sel=-13.752 (272s)
    ep14 loss=0.222 err=34.324 within15=0.253 sel=-14.450 (291s)
    ep15 loss=0.204 err=32.743 within15=0.274 sel=-14.128 (310s)
    ep16 loss=0.181 err=31.642 within15=0.287 sel=-15.606 (330s)
    ep17 loss=0.169 err=30.257 within15=0.297 sel=-14.746 (349s)
    ep18 loss=0.160 err=33.130 within15=0.272 sel=-14.535 (368s)
    ep19 loss=0.158 err=27.612 within15=0.318 sel=-14.192 (388s)
    test-time averaging: err_avg8=36.584 err_avg32=36.197
  -> syn5_c0s1t1_d4: err=37.73 err_modD=8.34 within15=0.221 best_epoch=13 389s
[syn5_c1s0t0_d4] synthetic count=1 sharp=0 stim=0 n=6000 T=120 {'n': 512, 'dim': 256, 'layers': 4, 'epochs': 20, 'batch': 64, 'seed': 4, 'rel_bias': True, 'device': 'cuda', 'early_stop': 0.2, 'sel_reps': 4, 'pops_per_epoch': 5000}
    ep0 loss=0.572 err=41.201 within15=0.103 sel=-57.056 (20s)
    ep1 loss=0.503 err=39.669 within15=0.221 sel=-50.164 (39s)
    ep2 loss=0.496 err=37.280 within15=0.138 sel=-65.209 (59s)
    ep3 loss=0.491 err=27.699 within15=0.437 sel=-70.338 (78s)
    ep4 loss=0.489 err=29.510 within15=0.352 sel=-69.463 (97s)
    ep5 loss=0.490 err=23.963 within15=0.489 sel=-70.850 (117s)
    ep6 loss=0.486 err=25.851 within15=0.402 sel=-72.003 (136s)
    ep7 loss=0.486 err=21.932 within15=0.513 sel=-71.712 (155s)
    ep8 loss=0.485 err=20.311 within15=0.561 sel=-73.058 (175s)
    ep9 loss=0.473 err=22.332 within15=0.515 sel=-69.422 (194s)
    ep10 loss=0.467 err=19.153 within15=0.598 sel=-72.811 (213s)
    ep11 loss=0.457 err=18.240 within15=0.542 sel=-72.463 (233s)
    ep12 loss=0.432 err=22.826 within15=0.450 sel=-72.792 (252s)
    ep13 loss=0.400 err=30.690 within15=0.357 sel=-66.732 (271s)
    ep14 loss=0.375 err=18.159 within15=0.536 sel=-72.427 (291s)
    ep15 loss=0.349 err=16.437 within15=0.553 sel=-73.087 (310s)
    ep16 loss=0.342 err=19.438 within15=0.506 sel=-72.600 (329s)
    ep17 loss=0.326 err=19.651 within15=0.505 sel=-72.808 (349s)
    ep18 loss=0.319 err=16.852 within15=0.559 sel=-72.792 (368s)
    ep19 loss=0.315 err=15.158 within15=0.594 sel=-72.742 (387s)
    test-time averaging: err_avg8=43.819 err_avg32=42.226
  -> syn5_c1s0t0_d4: err=39.67 err_modD=39.67 within15=0.221 best_epoch=1 389s
[syn5_c1s0t1_d4] synthetic count=1 sharp=0 stim=1 n=6000 T=120 {'n': 512, 'dim': 256, 'layers': 4, 'epochs': 20, 'batch': 64, 'seed': 4, 'rel_bias': True, 'device': 'cuda', 'early_stop': 0.2, 'sel_reps': 4, 'pops_per_epoch': 5000}
    ep0 loss=0.540 err=25.500 within15=0.392 sel=-56.271 (20s)
    ep1 loss=0.450 err=16.045 within15=0.668 sel=-69.704 (40s)
    ep2 loss=0.415 err=13.847 within15=0.661 sel=-64.257 (59s)
    ep3 loss=0.385 err=14.728 within15=0.550 sel=-63.570 (78s)
    ep4 loss=0.336 err=13.120 within15=0.660 sel=-52.007 (98s)
    ep5 loss=0.305 err=7.786 within15=0.877 sel=-55.176 (117s)
    ep6 loss=0.255 err=8.316 within15=0.866 sel=-38.370 (136s)
    ep7 loss=0.199 err=6.035 within15=0.937 sel=-9.735 (155s)
    ep8 loss=0.155 err=4.675 within15=0.986 sel=-53.112 (175s)
    ep9 loss=0.121 err=4.007 within15=0.997 sel=-26.100 (194s)
    ep10 loss=0.104 err=4.520 within15=0.992 sel=-12.188 (214s)
    ep11 loss=0.083 err=4.086 within15=0.994 sel=-9.054 (233s)
    ep12 loss=0.068 err=3.979 within15=0.998 sel=-5.216 (252s)
    ep13 loss=0.057 err=3.856 within15=0.998 sel=-13.219 (272s)
    ep14 loss=0.049 err=3.600 within15=0.999 sel=-6.869 (291s)
    ep15 loss=0.048 err=3.705 within15=0.998 sel=-21.216 (310s)
    ep16 loss=0.040 err=3.585 within15=0.999 sel=-12.893 (330s)
    ep17 loss=0.036 err=3.640 within15=0.999 sel=-9.138 (349s)
    ep18 loss=0.034 err=3.766 within15=0.999 sel=-6.427 (369s)
    ep19 loss=0.034 err=3.536 within15=0.999 sel=-6.534 (388s)
    test-time averaging: err_avg8=6.203 err_avg32=4.076
  -> syn5_c1s0t1_d4: err=3.98 err_modD=3.94 within15=0.998 best_epoch=12 390s
[syn5_c1s1t0_d4] synthetic count=1 sharp=1 stim=0 n=6000 T=120 {'n': 512, 'dim': 256, 'layers': 4, 'epochs': 20, 'batch': 64, 'seed': 4, 'rel_bias': True, 'device': 'cuda', 'early_stop': 0.2, 'sel_reps': 4, 'pops_per_epoch': 5000}
    ep0 loss=0.573 err=45.051 within15=0.127 sel=-54.350 (20s)
    ep1 loss=0.505 err=41.061 within15=0.073 sel=-48.011 (39s)
    ep2 loss=0.501 err=41.883 within15=0.057 sel=-57.667 (58s)
    ep3 loss=0.497 err=36.102 within15=0.369 sel=-64.885 (78s)
    ep4 loss=0.495 err=37.473 within15=0.328 sel=-65.756 (97s)
    ep5 loss=0.496 err=35.369 within15=0.207 sel=-66.001 (116s)
    ep6 loss=0.493 err=31.809 within15=0.433 sel=-72.103 (136s)
    ep7 loss=0.493 err=28.811 within15=0.421 sel=-74.203 (155s)
    ep8 loss=0.489 err=28.945 within15=0.303 sel=-66.838 (174s)
    ep9 loss=0.469 err=27.356 within15=0.435 sel=-70.610 (194s)
    ep10 loss=0.442 err=27.932 within15=0.372 sel=-71.693 (208s)
    ep11 loss=0.412 err=21.636 within15=0.569 sel=-70.029 (218s)
    ep12 loss=0.388 err=19.909 within15=0.515 sel=-71.993 (230s)
    ep13 loss=0.360 err=18.349 within15=0.523 sel=-69.972 (242s)
    ep14 loss=0.334 err=15.651 within15=0.701 sel=-72.936 (254s)
    ep15 loss=0.304 err=11.268 within15=0.768 sel=-70.886 (263s)
    ep16 loss=0.284 err=11.720 within15=0.774 sel=-73.673 (275s)
    ep17 loss=0.269 err=10.443 within15=0.795 sel=-73.610 (288s)
    ep18 loss=0.255 err=11.144 within15=0.770 sel=-73.917 (301s)
    ep19 loss=0.249 err=9.206 within15=0.820 sel=-73.757 (313s)
    test-time averaging: err_avg8=44.651 err_avg32=43.251
  -> syn5_c1s1t0_d4: err=41.06 err_modD=41.02 within15=0.073 best_epoch=1 315s
[syn5_c1s1t1_d4] synthetic count=1 sharp=1 stim=1 n=6000 T=120 {'n': 512, 'dim': 256, 'layers': 4, 'epochs': 20, 'batch': 64, 'seed': 4, 'rel_bias': True, 'device': 'cuda', 'early_stop': 0.2, 'sel_reps': 4, 'pops_per_epoch': 5000}
    ep0 loss=0.540 err=27.189 within15=0.422 sel=-54.799 (10s)
    ep1 loss=0.440 err=32.568 within15=0.372 sel=-47.937 (22s)
    ep2 loss=0.407 err=25.001 within15=0.388 sel=-52.541 (34s)
    ep3 loss=0.362 err=14.147 within15=0.610 sel=-50.505 (46s)
    ep4 loss=0.318 err=5.792 within15=0.957 sel=-55.536 (55s)
    ep5 loss=0.249 err=11.091 within15=0.737 sel=-37.526 (68s)
    ep6 loss=0.177 err=4.260 within15=0.993 sel=-23.029 (81s)
    ep7 loss=0.144 err=4.553 within15=0.988 sel=-24.838 (94s)
    ep8 loss=0.106 err=3.807 within15=0.997 sel=-9.541 (107s)
    ep9 loss=0.086 err=4.077 within15=0.993 sel=-30.865 (117s)
    ep10 loss=0.068 err=3.629 within15=0.996 sel=-28.071 (134s)
    ep11 loss=0.055 err=3.357 within15=0.999 sel=-8.030 (154s)
    ep12 loss=0.042 err=3.313 within15=0.999 sel=-10.515 (173s)
    ep13 loss=0.034 err=3.300 within15=0.999 sel=-6.671 (193s)
    ep14 loss=0.031 err=3.291 within15=0.999 sel=-9.992 (212s)
    ep15 loss=0.029 err=3.227 within15=1.000 sel=-12.719 (231s)
    ep16 loss=0.026 err=3.228 within15=0.999 sel=-5.872 (251s)
    ep17 loss=0.024 err=3.220 within15=0.999 sel=-8.533 (270s)
    ep18 loss=0.024 err=3.232 within15=0.999 sel=-9.868 (290s)
    ep19 loss=0.023 err=3.184 within15=0.999 sel=-7.297 (309s)
    test-time averaging: err_avg8=3.469 err_avg32=3.264
  -> syn5_c1s1t1_d4: err=3.23 err_modD=3.17 within15=0.999 best_epoch=16 311s
[syn5_sharp4_d0] synthetic count=0 sharp=1 stim=0 n=6000 T=120 {'n': 512, 'dim': 256, 'layers': 4, 'epochs': 20, 'batch': 64, 'seed': 0, 'rel_bias': True, 'device': 'cuda', 'early_stop': 0.2, 'sel_reps': 4, 'pops_per_epoch': 5000}
    ep0 loss=0.565 err=45.217 within15=0.194 sel=-61.230 (29s)
    ep1 loss=0.503 err=48.223 within15=0.192 sel=-61.241 (58s)
    ep2 loss=0.501 err=48.029 within15=0.097 sel=-44.583 (86s)
    ep3 loss=0.498 err=47.259 within15=0.163 sel=-26.712 (115s)
    ep4 loss=0.496 err=50.397 within15=0.091 sel=-40.791 (144s)
    ep5 loss=0.495 err=50.276 within15=0.115 sel=-22.225 (173s)
    ep6 loss=0.494 err=43.326 within15=0.179 sel=-35.352 (202s)
    ep7 loss=0.495 err=49.340 within15=0.112 sel=-33.059 (230s)
    ep8 loss=0.493 err=40.594 within15=0.173 sel=-33.850 (259s)
    ep9 loss=0.493 err=45.789 within15=0.158 sel=-43.311 (287s)
    ep10 loss=0.491 err=52.120 within15=0.095 sel=-46.916 (316s)
    ep11 loss=0.491 err=47.343 within15=0.138 sel=-50.537 (345s)
    ep12 loss=0.491 err=51.373 within15=0.099 sel=-33.110 (373s)
    ep13 loss=0.489 err=50.913 within15=0.105 sel=-39.235 (402s)
    ep14 loss=0.489 err=45.414 within15=0.187 sel=-35.990 (430s)
    ep15 loss=0.486 err=45.859 within15=0.198 sel=-25.589 (459s)
    ep16 loss=0.486 err=47.562 within15=0.125 sel=-31.165 (488s)
    ep17 loss=0.486 err=50.164 within15=0.135 sel=-31.025 (516s)
    ep18 loss=0.485 err=49.695 within15=0.121 sel=-32.540 (545s)
    ep19 loss=0.485 err=53.674 within15=0.089 sel=-32.116 (572s)
    test-time averaging: err_avg8=39.752 err_avg32=45.123
  -> syn5_sharp4_d0: err=50.28 err_modD=25.96 within15=0.115 best_epoch=5 574s
[syn5_sharp8_d0] synthetic count=0 sharp=1 stim=0 n=6000 T=120 {'n': 512, 'dim': 256, 'layers': 4, 'epochs': 20, 'batch': 64, 'seed': 0, 'rel_bias': True, 'device': 'cuda', 'early_stop': 0.2, 'sel_reps': 4, 'pops_per_epoch': 5000}
    ep0 loss=0.562 err=42.837 within15=0.181 sel=-53.656 (29s)
    ep1 loss=0.507 err=44.738 within15=0.199 sel=-47.606 (58s)
    ep2 loss=0.504 err=47.654 within15=0.062 sel=-45.230 (87s)
    ep3 loss=0.500 err=45.565 within15=0.175 sel=-30.091 (115s)
    ep4 loss=0.499 err=45.800 within15=0.108 sel=-41.071 (144s)
    ep5 loss=0.498 err=49.558 within15=0.066 sel=-26.790 (172s)
    ep6 loss=0.498 err=43.237 within15=0.176 sel=-33.310 (201s)
    ep7 loss=0.498 err=47.101 within15=0.097 sel=-31.788 (230s)
    ep8 loss=0.497 err=41.615 within15=0.181 sel=-33.691 (258s)
    ep9 loss=0.497 err=43.728 within15=0.184 sel=-40.501 (287s)
    ep10 loss=0.496 err=47.564 within15=0.116 sel=-42.207 (315s)
    ep11 loss=0.496 err=41.532 within15=0.192 sel=-39.846 (344s)
    ep12 loss=0.496 err=47.253 within15=0.096 sel=-33.650 (372s)
    ep13 loss=0.495 err=47.022 within15=0.091 sel=-33.678 (401s)
    ep14 loss=0.496 err=41.812 within15=0.142 sel=-29.981 (430s)
    ep15 loss=0.494 err=42.734 within15=0.167 sel=-24.307 (458s)
    ep16 loss=0.494 err=43.520 within15=0.141 sel=-27.947 (487s)
    ep17 loss=0.494 err=47.593 within15=0.114 sel=-28.494 (515s)
    ep18 loss=0.494 err=45.794 within15=0.112 sel=-27.488 (544s)
    ep19 loss=0.493 err=47.797 within15=0.089 sel=-27.563 (571s)
    test-time averaging: err_avg8=42.249 err_avg32=45.074
  -> syn5_sharp8_d0: err=42.73 err_modD=32.53 within15=0.167 best_epoch=15 573s
[syn5_sharp16_d0] synthetic count=0 sharp=1 stim=0 n=6000 T=120 {'n': 512, 'dim': 256, 'layers': 4, 'epochs': 20, 'batch': 64, 'seed': 0, 'rel_bias': True, 'device': 'cuda', 'early_stop': 0.2, 'sel_reps': 4, 'pops_per_epoch': 5000}
    ep0 loss=0.558 err=43.955 within15=0.241 sel=-54.464 (29s)
    ep1 loss=0.509 err=44.619 within15=0.166 sel=-44.543 (57s)
    ep2 loss=0.508 err=45.886 within15=0.196 sel=-47.968 (86s)
    ep3 loss=0.501 err=44.930 within15=0.169 sel=-40.034 (115s)
    ep4 loss=0.501 err=46.085 within15=0.117 sel=-43.511 (143s)
    ep5 loss=0.500 err=46.408 within15=0.139 sel=-34.442 (172s)
    ep6 loss=0.500 err=42.555 within15=0.119 sel=-33.440 (200s)
    ep7 loss=0.500 err=48.649 within15=0.109 sel=-37.311 (229s)
    ep8 loss=0.499 err=41.778 within15=0.290 sel=-37.749 (258s)
    ep9 loss=0.500 err=41.893 within15=0.137 sel=-40.511 (286s)
    ep10 loss=0.499 err=42.859 within15=0.151 sel=-43.530 (315s)
    ep11 loss=0.499 err=41.489 within15=0.199 sel=-36.582 (343s)
    ep12 loss=0.499 err=42.631 within15=0.198 sel=-38.538 (372s)
    ep13 loss=0.499 err=40.082 within15=0.247 sel=-33.711 (400s)
    ep14 loss=0.499 err=39.792 within15=0.152 sel=-36.363 (429s)
    ep15 loss=0.497 err=38.719 within15=0.151 sel=-34.099 (458s)
    ep16 loss=0.497 err=42.276 within15=0.247 sel=-38.317 (486s)
    ep17 loss=0.497 err=40.968 within15=0.168 sel=-37.409 (515s)
    ep18 loss=0.497 err=40.341 within15=0.220 sel=-37.399 (544s)
    ep19 loss=0.496 err=40.920 within15=0.192 sel=-37.329 (572s)
    test-time averaging: err_avg8=41.552 err_avg32=41.541
  -> syn5_sharp16_d0: err=42.56 err_modD=37.46 within15=0.119 best_epoch=6 574s
[syn5_sharp32_d0] synthetic count=0 sharp=1 stim=0 n=6000 T=120 {'n': 512, 'dim': 256, 'layers': 4, 'epochs': 20, 'batch': 64, 'seed': 0, 'rel_bias': True, 'device': 'cuda', 'early_stop': 0.2, 'sel_reps': 4, 'pops_per_epoch': 5000}
    ep0 loss=0.553 err=43.880 within15=0.214 sel=-48.420 (29s)
    ep1 loss=0.512 err=45.211 within15=0.161 sel=-44.379 (58s)
    ep2 loss=0.503 err=44.679 within15=0.232 sel=-48.511 (87s)
    ep3 loss=0.501 err=45.324 within15=0.102 sel=-44.487 (116s)
    ep4 loss=0.501 err=44.228 within15=0.123 sel=-45.260 (144s)
    ep5 loss=0.501 err=44.739 within15=0.164 sel=-40.679 (173s)
    ep6 loss=0.500 err=41.973 within15=0.208 sel=-32.115 (202s)
    ep7 loss=0.500 err=47.578 within15=0.137 sel=-43.159 (231s)
    ep8 loss=0.500 err=44.853 within15=0.185 sel=-44.243 (259s)
    ep9 loss=0.500 err=41.662 within15=0.151 sel=-42.866 (288s)
    ep10 loss=0.499 err=44.223 within15=0.155 sel=-46.446 (317s)
    ep11 loss=0.499 err=43.652 within15=0.168 sel=-36.425 (345s)
    ep12 loss=0.499 err=46.238 within15=0.155 sel=-44.903 (374s)
    ep13 loss=0.498 err=44.216 within15=0.171 sel=-40.334 (403s)
    ep14 loss=0.498 err=44.755 within15=0.157 sel=-40.143 (431s)
    ep15 loss=0.497 err=43.779 within15=0.165 sel=-37.046 (460s)
    ep16 loss=0.497 err=44.658 within15=0.208 sel=-39.783 (488s)
    ep17 loss=0.497 err=45.849 within15=0.169 sel=-39.363 (517s)
    ep18 loss=0.497 err=44.855 within15=0.178 sel=-39.395 (546s)
    ep19 loss=0.496 err=45.151 within15=0.179 sel=-39.372 (574s)
    test-time averaging: err_avg8=43.172 err_avg32=40.609
  -> syn5_sharp32_d0: err=41.97 err_modD=40.90 within15=0.208 best_epoch=6 575s
[syn5_gain0.5_d0] synthetic count=0 sharp=0 stim=0 n=6000 T=120 {'n': 512, 'dim': 256, 'layers': 4, 'epochs': 20, 'batch': 64, 'seed': 0, 'rel_bias': True, 'device': 'cuda', 'early_stop': 0.2, 'sel_reps': 4, 'pops_per_epoch': 5000}
    ep0 loss=0.566 err=50.868 within15=0.140 sel=-73.539 (29s)
    ep1 loss=0.500 err=43.254 within15=0.230 sel=-53.154 (58s)
    ep2 loss=0.495 err=50.388 within15=0.117 sel=-50.022 (87s)
    ep3 loss=0.491 err=48.096 within15=0.142 sel=-27.472 (115s)
    ep4 loss=0.488 err=53.542 within15=0.094 sel=-42.983 (139s)
    ep5 loss=0.485 err=56.347 within15=0.027 sel=-35.358 (167s)
    ep6 loss=0.484 err=50.957 within15=0.065 sel=-56.508 (196s)
    ep7 loss=0.484 err=54.783 within15=0.053 sel=-53.410 (224s)
    ep8 loss=0.480 err=45.840 within15=0.092 sel=-52.585 (253s)
    ep9 loss=0.481 err=55.283 within15=0.087 sel=-61.033 (281s)
    ep10 loss=0.476 err=54.035 within15=0.061 sel=-56.776 (310s)
    ep11 loss=0.476 err=59.135 within15=0.054 sel=-63.533 (339s)
    ep12 loss=0.476 err=55.959 within15=0.107 sel=-55.684 (367s)
    ep13 loss=0.474 err=52.645 within15=0.093 sel=-63.503 (396s)
    ep14 loss=0.473 err=49.190 within15=0.169 sel=-63.781 (424s)
    ep15 loss=0.468 err=52.478 within15=0.162 sel=-59.866 (453s)
    ep16 loss=0.468 err=57.809 within15=0.060 sel=-65.068 (481s)
    ep17 loss=0.469 err=55.618 within15=0.132 sel=-65.123 (510s)
    ep18 loss=0.467 err=57.907 within15=0.091 sel=-65.619 (539s)
    ep19 loss=0.467 err=59.559 within15=0.072 sel=-65.649 (567s)
    test-time averaging: err_avg8=43.011 err_avg32=50.152
  -> syn5_gain0.5_d0: err=48.10 err_modD=33.46 within15=0.142 best_epoch=3 569s
[syn5_gain1_d0] synthetic count=0 sharp=0 stim=0 n=6000 T=120 {'n': 512, 'dim': 256, 'layers': 4, 'epochs': 20, 'batch': 64, 'seed': 0, 'rel_bias': True, 'device': 'cuda', 'early_stop': 0.2, 'sel_reps': 4, 'pops_per_epoch': 5000}
    ep0 loss=0.566 err=51.269 within15=0.124 sel=-74.462 (29s)
    ep1 loss=0.500 err=51.270 within15=0.107 sel=-63.540 (58s)
    ep2 loss=0.491 err=52.956 within15=0.102 sel=-55.451 (87s)
    ep3 loss=0.487 err=52.259 within15=0.077 sel=-36.271 (116s)
    ep4 loss=0.484 err=54.191 within15=0.112 sel=-57.466 (144s)
    ep5 loss=0.481 err=59.453 within15=0.042 sel=-36.274 (173s)
    ep6 loss=0.480 err=52.739 within15=0.045 sel=-57.844 (201s)
    ep7 loss=0.480 err=55.783 within15=0.059 sel=-57.035 (230s)
    ep8 loss=0.476 err=51.472 within15=0.072 sel=-63.642 (259s)
    ep9 loss=0.477 err=60.612 within15=0.074 sel=-64.889 (287s)
    ep10 loss=0.472 err=54.056 within15=0.069 sel=-63.021 (316s)
    ep11 loss=0.472 err=61.166 within15=0.047 sel=-64.389 (344s)
    ep12 loss=0.473 err=58.890 within15=0.090 sel=-63.108 (373s)
    ep13 loss=0.471 err=56.686 within15=0.102 sel=-65.762 (401s)
    ep14 loss=0.471 err=50.088 within15=0.183 sel=-66.034 (430s)
    ep15 loss=0.466 err=52.194 within15=0.191 sel=-64.928 (459s)
    ep16 loss=0.466 err=59.460 within15=0.078 sel=-66.476 (487s)
    ep17 loss=0.468 err=58.603 within15=0.130 sel=-65.922 (516s)
    ep18 loss=0.467 err=60.291 within15=0.080 sel=-66.113 (544s)
    ep19 loss=0.466 err=61.403 within15=0.070 sel=-66.119 (573s)
    test-time averaging: err_avg8=42.044 err_avg32=51.454
  -> syn5_gain1_d0: err=52.26 err_modD=37.57 within15=0.077 best_epoch=3 575s
[syn5_gain2_d0] synthetic count=0 sharp=0 stim=0 n=6000 T=120 {'n': 512, 'dim': 256, 'layers': 4, 'epochs': 20, 'batch': 64, 'seed': 0, 'rel_bias': True, 'device': 'cuda', 'early_stop': 0.2, 'sel_reps': 4, 'pops_per_epoch': 5000}
    ep0 loss=0.565 err=51.444 within15=0.126 sel=-74.912 (29s)
    ep1 loss=0.499 err=50.849 within15=0.108 sel=-60.777 (58s)
    ep2 loss=0.490 err=58.279 within15=0.064 sel=-54.653 (87s)
    ep3 loss=0.486 err=50.707 within15=0.099 sel=-31.856 (115s)
    ep4 loss=0.483 err=56.016 within15=0.082 sel=-58.059 (144s)
    ep5 loss=0.480 err=62.275 within15=0.036 sel=-35.830 (173s)
    ep6 loss=0.479 err=54.623 within15=0.034 sel=-60.209 (201s)
    ep7 loss=0.479 err=57.175 within15=0.046 sel=-59.871 (230s)
    ep8 loss=0.475 err=52.118 within15=0.073 sel=-64.518 (258s)
    ep9 loss=0.477 err=62.609 within15=0.041 sel=-64.673 (287s)
    ep10 loss=0.472 err=54.183 within15=0.069 sel=-62.692 (316s)
    ep11 loss=0.473 err=61.012 within15=0.058 sel=-65.466 (344s)
    ep12 loss=0.473 err=60.606 within15=0.075 sel=-65.840 (373s)
    ep13 loss=0.472 err=57.291 within15=0.103 sel=-66.543 (401s)
    ep14 loss=0.471 err=50.158 within15=0.218 sel=-67.442 (430s)
    ep15 loss=0.466 err=53.202 within15=0.184 sel=-67.372 (459s)
    ep16 loss=0.467 err=61.600 within15=0.058 sel=-67.833 (487s)
    ep17 loss=0.470 err=60.548 within15=0.095 sel=-67.447 (516s)
    ep18 loss=0.467 err=61.692 within15=0.072 sel=-67.787 (544s)
    ep19 loss=0.468 err=61.645 within15=0.074 sel=-67.742 (573s)
    test-time averaging: err_avg8=45.532 err_avg32=53.411
  -> syn5_gain2_d0: err=50.71 err_modD=36.36 within15=0.099 best_epoch=3 575s
[syn5_gain4_d0] synthetic count=0 sharp=0 stim=0 n=6000 T=120 {'n': 512, 'dim': 256, 'layers': 4, 'epochs': 20, 'batch': 64, 'seed': 0, 'rel_bias': True, 'device': 'cuda', 'early_stop': 0.2, 'sel_reps': 4, 'pops_per_epoch': 5000}
    ep0 loss=0.566 err=51.015 within15=0.147 sel=-75.647 (29s)
    ep1 loss=0.503 err=46.531 within15=0.109 sel=-59.351 (58s)
    ep2 loss=0.491 err=56.299 within15=0.091 sel=-53.693 (87s)
    ep3 loss=0.488 err=49.195 within15=0.152 sel=-31.855 (115s)
    ep4 loss=0.486 err=55.944 within15=0.076 sel=-55.982 (144s)
    ep5 loss=0.482 err=62.141 within15=0.059 sel=-33.632 (172s)
    ep6 loss=0.482 err=54.695 within15=0.056 sel=-60.141 (201s)
    ep7 loss=0.481 err=58.925 within15=0.047 sel=-58.956 (230s)
    ep8 loss=0.478 err=52.687 within15=0.096 sel=-62.390 (258s)
    ep9 loss=0.479 err=63.849 within15=0.024 sel=-63.373 (287s)
    ep10 loss=0.475 err=55.769 within15=0.073 sel=-62.676 (316s)
    ep11 loss=0.476 err=62.157 within15=0.061 sel=-65.903 (344s)
    ep12 loss=0.476 err=61.656 within15=0.047 sel=-65.045 (373s)
    ep13 loss=0.475 err=58.505 within15=0.074 sel=-65.990 (402s)
    ep14 loss=0.474 err=50.803 within15=0.186 sel=-67.360 (430s)
    ep15 loss=0.470 err=53.834 within15=0.146 sel=-67.096 (459s)
    ep16 loss=0.471 err=62.711 within15=0.028 sel=-66.349 (488s)
    ep17 loss=0.473 err=60.936 within15=0.072 sel=-66.974 (516s)
    ep18 loss=0.471 err=63.062 within15=0.040 sel=-66.612 (545s)
    ep19 loss=0.471 err=62.626 within15=0.048 sel=-66.515 (573s)
    test-time averaging: err_avg8=46.816 err_avg32=54.867
  -> syn5_gain4_d0: err=49.19 err_modD=31.06 within15=0.152 best_epoch=3 575s
[syn5_sharp4_d1] synthetic count=0 sharp=1 stim=0 n=6000 T=120 {'n': 512, 'dim': 256, 'layers': 4, 'epochs': 20, 'batch': 64, 'seed': 1, 'rel_bias': True, 'device': 'cuda', 'early_stop': 0.2, 'sel_reps': 4, 'pops_per_epoch': 5000}
    ep0 loss=0.556 err=44.810 within15=0.206 sel=-41.616 (28s)
    ep1 loss=0.478 err=50.459 within15=0.083 sel=-49.272 (57s)
    ep2 loss=0.464 err=55.901 within15=0.062 sel=-58.372 (86s)
    ep3 loss=0.455 err=54.574 within15=0.094 sel=-59.342 (114s)
    ep4 loss=0.452 err=52.384 within15=0.079 sel=-51.356 (143s)
    ep5 loss=0.444 err=52.718 within15=0.120 sel=-56.704 (171s)
    ep6 loss=0.447 err=58.338 within15=0.052 sel=-70.182 (200s)
    ep7 loss=0.442 err=56.085 within15=0.136 sel=-59.549 (228s)
    ep8 loss=0.440 err=50.215 within15=0.084 sel=-66.278 (257s)
    ep9 loss=0.433 err=57.942 within15=0.041 sel=-58.746 (285s)
    ep10 loss=0.433 err=54.935 within15=0.076 sel=-70.000 (314s)
    ep11 loss=0.438 err=61.986 within15=0.069 sel=-59.835 (343s)
    ep12 loss=0.429 err=53.726 within15=0.104 sel=-70.629 (371s)
    ep13 loss=0.423 err=57.561 within15=0.083 sel=-75.306 (400s)
    ep14 loss=0.426 err=58.465 within15=0.089 sel=-74.921 (428s)
    ep15 loss=0.421 err=62.521 within15=0.072 sel=-74.269 (457s)
    ep16 loss=0.422 err=55.620 within15=0.092 sel=-76.056 (485s)
    ep17 loss=0.422 err=53.571 within15=0.116 sel=-75.136 (514s)
    ep18 loss=0.421 err=54.022 within15=0.127 sel=-74.811 (542s)
    ep19 loss=0.422 err=49.411 within15=0.151 sel=-74.662 (568s)
    test-time averaging: err_avg8=50.909 err_avg32=42.703
  -> syn5_sharp4_d1: err=44.81 err_modD=42.09 within15=0.206 best_epoch=0 570s
[syn5_sharp8_d1] synthetic count=0 sharp=1 stim=0 n=6000 T=120 {'n': 512, 'dim': 256, 'layers': 4, 'epochs': 20, 'batch': 64, 'seed': 1, 'rel_bias': True, 'device': 'cuda', 'early_stop': 0.2, 'sel_reps': 4, 'pops_per_epoch': 5000}
    ep0 loss=0.551 err=50.202 within15=0.092 sel=-39.224 (29s)
    ep1 loss=0.468 err=53.230 within15=0.086 sel=-48.399 (58s)
    ep2 loss=0.461 err=48.289 within15=0.127 sel=-51.008 (87s)
    ep3 loss=0.447 err=52.727 within15=0.114 sel=-63.217 (115s)
    ep4 loss=0.442 err=51.718 within15=0.082 sel=-53.630 (144s)
    ep5 loss=0.436 err=50.053 within15=0.166 sel=-56.273 (172s)
    ep6 loss=0.440 err=57.337 within15=0.058 sel=-71.692 (200s)
    ep7 loss=0.436 err=60.095 within15=0.090 sel=-69.780 (229s)
    ep8 loss=0.434 err=49.816 within15=0.124 sel=-66.403 (258s)
    ep9 loss=0.428 err=54.991 within15=0.080 sel=-63.685 (286s)
    ep10 loss=0.428 err=52.939 within15=0.114 sel=-69.403 (315s)
    ep11 loss=0.435 err=60.905 within15=0.055 sel=-55.201 (343s)
    ep12 loss=0.425 err=52.491 within15=0.110 sel=-71.257 (372s)
    ep13 loss=0.419 err=58.673 within15=0.068 sel=-75.529 (400s)
    ep14 loss=0.422 err=56.744 within15=0.090 sel=-74.678 (429s)
    ep15 loss=0.417 err=60.261 within15=0.064 sel=-76.034 (458s)
    ep16 loss=0.418 err=54.423 within15=0.092 sel=-75.967 (486s)
    ep17 loss=0.419 err=54.612 within15=0.097 sel=-74.901 (515s)
    ep18 loss=0.416 err=53.154 within15=0.139 sel=-74.621 (543s)
    ep19 loss=0.419 err=47.996 within15=0.168 sel=-74.593 (572s)
    test-time averaging: err_avg8=54.920 err_avg32=49.689
  -> syn5_sharp8_d1: err=50.20 err_modD=39.83 within15=0.092 best_epoch=0 574s
[syn5_sharp16_d1] synthetic count=0 sharp=1 stim=0 n=6000 T=120 {'n': 512, 'dim': 256, 'layers': 4, 'epochs': 20, 'batch': 64, 'seed': 1, 'rel_bias': True, 'device': 'cuda', 'early_stop': 0.2, 'sel_reps': 4, 'pops_per_epoch': 5000}
    ep0 loss=0.547 err=49.213 within15=0.119 sel=-36.732 (29s)
    ep1 loss=0.472 err=50.915 within15=0.207 sel=-54.343 (57s)
    ep2 loss=0.458 err=47.276 within15=0.142 sel=-61.469 (86s)
    ep3 loss=0.449 err=53.730 within15=0.082 sel=-59.952 (114s)
    ep4 loss=0.442 err=53.564 within15=0.104 sel=-53.603 (143s)
    ep5 loss=0.438 err=53.380 within15=0.106 sel=-58.266 (171s)
    ep6 loss=0.441 err=54.176 within15=0.131 sel=-65.216 (200s)
    ep7 loss=0.437 err=59.278 within15=0.040 sel=-62.963 (228s)
    ep8 loss=0.437 err=46.287 within15=0.225 sel=-64.962 (257s)
    ep9 loss=0.430 err=55.536 within15=0.064 sel=-58.152 (285s)
    ep10 loss=0.430 err=53.274 within15=0.083 sel=-58.882 (314s)
    ep11 loss=0.438 err=59.399 within15=0.044 sel=-51.959 (343s)
    ep12 loss=0.428 err=52.176 within15=0.064 sel=-64.633 (371s)
    ep13 loss=0.421 err=56.080 within15=0.044 sel=-58.399 (400s)
    ep14 loss=0.423 err=53.446 within15=0.100 sel=-62.005 (428s)
    ep15 loss=0.419 err=58.444 within15=0.075 sel=-64.329 (457s)
    ep16 loss=0.420 err=52.330 within15=0.090 sel=-62.669 (485s)
    ep17 loss=0.419 err=54.563 within15=0.074 sel=-63.168 (514s)
    ep18 loss=0.416 err=53.859 within15=0.079 sel=-61.580 (543s)
    ep19 loss=0.421 err=46.970 within15=0.122 sel=-61.597 (571s)
    test-time averaging: err_avg8=54.086 err_avg32=47.031
  -> syn5_sharp16_d1: err=49.21 err_modD=39.58 within15=0.119 best_epoch=0 573s
[syn5_sharp32_d1] synthetic count=0 sharp=1 stim=0 n=6000 T=120 {'n': 512, 'dim': 256, 'layers': 4, 'epochs': 20, 'batch': 64, 'seed': 1, 'rel_bias': True, 'device': 'cuda', 'early_stop': 0.2, 'sel_reps': 4, 'pops_per_epoch': 5000}
    ep0 loss=0.549 err=48.379 within15=0.072 sel=-41.550 (20s)
    ep1 loss=0.489 err=49.166 within15=0.138 sel=-50.726 (40s)
    ep2 loss=0.471 err=45.221 within15=0.132 sel=-57.717 (59s)
    ep3 loss=0.459 err=51.346 within15=0.143 sel=-44.479 (78s)
    ep4 loss=0.451 err=49.084 within15=0.121 sel=-45.054 (98s)
    ep5 loss=0.444 err=51.965 within15=0.147 sel=-59.315 (117s)
    ep6 loss=0.447 err=53.202 within15=0.108 sel=-62.717 (136s)
    ep7 loss=0.442 err=57.681 within15=0.105 sel=-60.537 (155s)
    ep8 loss=0.443 err=43.801 within15=0.214 sel=-60.951 (175s)
    ep9 loss=0.435 err=52.815 within15=0.104 sel=-49.113 (194s)
    ep10 loss=0.433 err=53.702 within15=0.132 sel=-55.773 (213s)
    ep11 loss=0.442 err=55.102 within15=0.095 sel=-44.382 (233s)
    ep12 loss=0.431 err=52.911 within15=0.153 sel=-54.183 (252s)
    ep13 loss=0.419 err=57.105 within15=0.092 sel=-57.862 (271s)
    ep14 loss=0.420 err=51.854 within15=0.152 sel=-51.993 (291s)
    ep15 loss=0.411 err=57.087 within15=0.107 sel=-59.352 (310s)
    ep16 loss=0.410 err=51.680 within15=0.146 sel=-60.846 (329s)
    ep17 loss=0.406 err=50.923 within15=0.141 sel=-61.697 (349s)
    ep18 loss=0.401 err=49.158 within15=0.173 sel=-57.994 (368s)
    ep19 loss=0.405 err=39.524 within15=0.238 sel=-57.696 (387s)
    test-time averaging: err_avg8=52.031 err_avg32=46.751
  -> syn5_sharp32_d1: err=48.38 err_modD=41.30 within15=0.072 best_epoch=0 389s
[syn5_gain0.5_d1] synthetic count=0 sharp=0 stim=0 n=6000 T=120 {'n': 512, 'dim': 256, 'layers': 4, 'epochs': 20, 'batch': 64, 'seed': 1, 'rel_bias': True, 'device': 'cuda', 'early_stop': 0.2, 'sel_reps': 4, 'pops_per_epoch': 5000}
    ep0 loss=0.561 err=46.163 within15=0.116 sel=-40.234 (20s)
    ep1 loss=0.481 err=53.007 within15=0.100 sel=-49.179 (40s)
    ep2 loss=0.469 err=55.329 within15=0.064 sel=-56.727 (59s)
    ep3 loss=0.462 err=53.682 within15=0.064 sel=-55.511 (78s)
    ep4 loss=0.458 err=52.721 within15=0.056 sel=-54.253 (98s)
    ep5 loss=0.453 err=58.937 within15=0.052 sel=-62.786 (117s)
    ep6 loss=0.452 err=57.667 within15=0.055 sel=-71.952 (137s)
    ep7 loss=0.445 err=57.491 within15=0.039 sel=-68.053 (156s)
    ep8 loss=0.440 err=49.742 within15=0.144 sel=-67.566 (175s)
    ep9 loss=0.431 err=60.242 within15=0.046 sel=-70.583 (195s)
    ep10 loss=0.430 err=57.928 within15=0.077 sel=-76.938 (214s)
    ep11 loss=0.432 err=62.222 within15=0.051 sel=-64.679 (233s)
    ep12 loss=0.423 err=61.605 within15=0.050 sel=-67.777 (253s)
    ep13 loss=0.414 err=60.272 within15=0.053 sel=-78.813 (272s)
    ep14 loss=0.416 err=61.019 within15=0.066 sel=-78.373 (292s)
    ep15 loss=0.407 err=65.127 within15=0.041 sel=-74.422 (311s)
    ep16 loss=0.406 err=55.849 within15=0.076 sel=-73.047 (330s)
    ep17 loss=0.404 err=54.542 within15=0.098 sel=-72.830 (350s)
    ep18 loss=0.398 err=55.766 within15=0.100 sel=-75.887 (369s)
    ep19 loss=0.399 err=54.133 within15=0.111 sel=-75.418 (388s)
    test-time averaging: err_avg8=50.692 err_avg32=46.115
  -> syn5_gain0.5_d1: err=46.16 err_modD=41.24 within15=0.116 best_epoch=0 390s
[syn5_gain1_d1] synthetic count=0 sharp=0 stim=0 n=6000 T=120 {'n': 512, 'dim': 256, 'layers': 4, 'epochs': 20, 'batch': 64, 'seed': 1, 'rel_bias': True, 'device': 'cuda', 'early_stop': 0.2, 'sel_reps': 4, 'pops_per_epoch': 5000}
    ep0 loss=0.562 err=50.757 within15=0.083 sel=-39.269 (20s)
    ep1 loss=0.481 err=51.386 within15=0.067 sel=-47.946 (40s)
    ep2 loss=0.469 err=52.926 within15=0.071 sel=-58.275 (59s)
    ep3 loss=0.460 err=55.921 within15=0.060 sel=-59.549 (78s)
    ep4 loss=0.454 err=53.231 within15=0.055 sel=-54.575 (98s)
    ep5 loss=0.447 err=62.059 within15=0.054 sel=-64.113 (117s)
    ep6 loss=0.443 err=49.215 within15=0.106 sel=-67.002 (136s)
    ep7 loss=0.437 err=62.154 within15=0.056 sel=-67.200 (156s)
    ep8 loss=0.433 err=50.352 within15=0.140 sel=-70.326 (175s)
    ep9 loss=0.424 err=61.558 within15=0.052 sel=-71.418 (194s)
    ep10 loss=0.421 err=58.022 within15=0.093 sel=-74.684 (214s)
    ep11 loss=0.422 err=64.090 within15=0.063 sel=-75.067 (233s)
    ep12 loss=0.405 err=60.310 within15=0.055 sel=-65.542 (252s)
    ep13 loss=0.389 err=63.394 within15=0.028 sel=-69.847 (272s)
    ep14 loss=0.377 err=64.137 within15=0.036 sel=-71.361 (291s)
    ep15 loss=0.348 err=70.607 within15=0.021 sel=-60.765 (300s)
    ep16 loss=0.329 err=65.946 within15=0.040 sel=-61.658 (317s)
    ep17 loss=0.315 err=53.156 within15=0.123 sel=-68.370 (336s)
    ep18 loss=0.303 err=68.998 within15=0.025 sel=-74.470 (356s)
    ep19 loss=0.297 err=62.003 within15=0.072 sel=-75.051 (375s)
    test-time averaging: err_avg8=56.222 err_avg32=49.492
  -> syn5_gain1_d1: err=50.76 err_modD=36.35 within15=0.083 best_epoch=0 377s
[syn5_gain2_d1] synthetic count=0 sharp=0 stim=0 n=6000 T=120 {'n': 512, 'dim': 256, 'layers': 4, 'epochs': 20, 'batch': 64, 'seed': 1, 'rel_bias': True, 'device': 'cuda', 'early_stop': 0.2, 'sel_reps': 4, 'pops_per_epoch': 5000}
    ep0 loss=0.565 err=42.693 within15=0.228 sel=-35.024 (20s)
    ep1 loss=0.484 err=53.722 within15=0.065 sel=-48.458 (40s)
    ep2 loss=0.472 err=54.184 within15=0.058 sel=-58.304 (59s)
    ep3 loss=0.461 err=52.447 within15=0.089 sel=-59.929 (79s)
    ep4 loss=0.458 err=57.388 within15=0.066 sel=-51.619 (98s)
    ep5 loss=0.449 err=60.603 within15=0.043 sel=-58.895 (118s)
    ep6 loss=0.449 err=51.834 within15=0.094 sel=-62.570 (137s)
    ep7 loss=0.442 err=61.696 within15=0.031 sel=-61.736 (156s)
    ep8 loss=0.439 err=52.091 within15=0.121 sel=-66.039 (176s)
    ep9 loss=0.430 err=62.129 within15=0.076 sel=-70.512 (195s)
    ep10 loss=0.428 err=61.010 within15=0.072 sel=-73.054 (214s)
    ep11 loss=0.426 err=64.999 within15=0.037 sel=-71.052 (234s)
    ep12 loss=0.413 err=60.233 within15=0.041 sel=-66.459 (253s)
    ep13 loss=0.395 err=60.207 within15=0.044 sel=-76.233 (272s)
    ep14 loss=0.379 err=57.383 within15=0.053 sel=-69.292 (292s)
    ep15 loss=0.351 err=60.559 within15=0.107 sel=-61.619 (311s)
    ep16 loss=0.341 err=59.400 within15=0.126 sel=-65.552 (331s)
    ep17 loss=0.324 err=52.950 within15=0.215 sel=-64.290 (350s)
    ep18 loss=0.314 err=59.544 within15=0.117 sel=-69.505 (369s)
    ep19 loss=0.308 err=55.357 within15=0.168 sel=-70.055 (389s)
    test-time averaging: err_avg8=48.810 err_avg32=40.422
  -> syn5_gain2_d1: err=42.69 err_modD=41.16 within15=0.228 best_epoch=0 390s
[syn5_gain4_d1] synthetic count=0 sharp=0 stim=0 n=6000 T=120 {'n': 512, 'dim': 256, 'layers': 4, 'epochs': 20, 'batch': 64, 'seed': 1, 'rel_bias': True, 'device': 'cuda', 'early_stop': 0.2, 'sel_reps': 4, 'pops_per_epoch': 5000}
    ep0 loss=0.567 err=47.867 within15=0.092 sel=-39.054 (20s)
    ep1 loss=0.497 err=52.529 within15=0.090 sel=-48.330 (39s)
    ep2 loss=0.478 err=55.933 within15=0.040 sel=-54.653 (59s)
    ep3 loss=0.469 err=55.811 within15=0.041 sel=-54.570 (78s)
    ep4 loss=0.465 err=57.454 within15=0.077 sel=-40.284 (97s)
    ep5 loss=0.458 err=61.763 within15=0.033 sel=-53.975 (117s)
    ep6 loss=0.458 err=55.781 within15=0.061 sel=-50.980 (136s)
    ep7 loss=0.454 err=61.539 within15=0.035 sel=-52.938 (155s)
    ep8 loss=0.450 err=52.384 within15=0.121 sel=-58.657 (175s)
    ep9 loss=0.441 err=61.946 within15=0.066 sel=-62.853 (194s)
    ep10 loss=0.441 err=58.159 within15=0.073 sel=-68.711 (214s)
    ep11 loss=0.441 err=61.719 within15=0.055 sel=-63.232 (233s)
    ep12 loss=0.432 err=60.308 within15=0.045 sel=-53.858 (252s)
    ep13 loss=0.422 err=60.589 within15=0.058 sel=-64.969 (272s)
    ep14 loss=0.419 err=61.872 within15=0.074 sel=-66.894 (291s)
    ep15 loss=0.403 err=58.751 within15=0.120 sel=-72.313 (310s)
    ep16 loss=0.394 err=59.143 within15=0.091 sel=-67.350 (330s)
    ep17 loss=0.381 err=56.724 within15=0.129 sel=-71.004 (349s)
    ep18 loss=0.376 err=59.923 within15=0.084 sel=-69.655 (369s)
    ep19 loss=0.370 err=56.370 within15=0.136 sel=-70.195 (388s)
    test-time averaging: err_avg8=54.357 err_avg32=48.094
  -> syn5_gain4_d1: err=47.87 err_modD=38.64 within15=0.092 best_epoch=0 389s
QUEUE_POD6B_DONE
