    ablate=resid: class-Gram offset range -0.016..0.022
[abl_resid_is] func_is oricirc n_neurons=5287 split_seed=0 bins=0 {'seed': 0, 'dim': 512, 'layers': 8, 'epochs': 30, 'batch': 64, 'rel_bias': True, 'device': 'cuda', 'early_stop': 0.2, 'sel_reps': 4, 'pops_per_epoch': 5000, 'n': 512, 'gram_adjust': {'cls': array([ 7, -1,  4, ..., -1, -1, -1], shape=(12894,)), 'R': array([[ 0.01147473,  0.00808488, -0.00295432, -0.00874477, -0.01613557,
        -0.01180349,  0.00144172,  0.01281353],
       [ 0.00808488, -0.00545197, -0.01304683, -0.01218088, -0.00872198,
         0.00229944,  0.01333995,  0.02201837],
       [-0.00295432, -0.01304683, -0.01495042, -0.01122851, -0.00045842,
         0.00979162,  0.01237109,  0.01243349],
       [-0.00874477, -0.01218088, -0.01122851, -0.01261143,  0.00260683,
         0.00859849,  0.0058181 ,  0.00146504],
       [-0.01613557, -0.00872198, -0.00045842,  0.00260683,  0.01447817,
         0.00838883, -0.00440305, -0.01211291],
       [-0.01180349,  0.00229944,  0.00979162,  0.00859849,  0.00838883,
         0.00089595, -0.00647555, -0.01206191],
       [ 0.00144172,  0.01333995,  0.01237109,  0.0058181 , -0.00440305,
        -0.00647555, -0.0007424 , -0.00114319],
       [ 0.01281353,  0.02201837,  0.01243349,  0.00146504, -0.01211291,
        -0.01206191, -0.00114319,  0.00690736]]), 'name': 'resid'}}
    ep0 loss=0.566 err=41.441 within15=0.194 sel=-37.135 (62s)
    ep1 loss=0.496 err=36.805 within15=0.306 sel=-35.068 (125s)
    ep2 loss=0.503 err=36.136 within15=0.226 sel=-33.962 (188s)
    ep3 loss=0.461 err=31.050 within15=0.376 sel=-28.265 (251s)
    ep4 loss=0.436 err=29.825 within15=0.414 sel=-27.660 (314s)
    ep5 loss=0.405 err=29.178 within15=0.389 sel=-28.278 (376s)
    ep6 loss=0.391 err=26.663 within15=0.448 sel=-29.128 (434s)
    ep7 loss=0.371 err=25.676 within15=0.461 sel=-26.083 (497s)
    ep8 loss=0.335 err=24.115 within15=0.486 sel=-26.783 (562s)
    ep9 loss=0.313 err=23.774 within15=0.493 sel=-25.469 (625s)
    ep10 loss=0.300 err=22.474 within15=0.503 sel=-26.299 (687s)
    ep11 loss=0.287 err=21.612 within15=0.513 sel=-24.632 (750s)
    ep12 loss=0.269 err=21.343 within15=0.513 sel=-25.529 (807s)
    ep13 loss=0.249 err=20.732 within15=0.529 sel=-23.485 (870s)
    ep14 loss=0.228 err=21.161 within15=0.522 sel=-24.449 (933s)
    ep15 loss=0.203 err=20.248 within15=0.530 sel=-25.701 (995s)
    ep16 loss=0.181 err=20.264 within15=0.550 sel=-24.366 (1058s)
    ep17 loss=0.156 err=20.358 within15=0.531 sel=-26.714 (1121s)
    ep18 loss=0.135 err=19.849 within15=0.543 sel=-25.688 (1179s)
    ep19 loss=0.114 err=19.838 within15=0.555 sel=-26.013 (1241s)
    ep20 loss=0.099 err=19.121 within15=0.561 sel=-25.415 (1304s)
    ep21 loss=0.087 err=20.127 within15=0.544 sel=-25.566 (1367s)
    ep22 loss=0.077 err=19.178 within15=0.559 sel=-26.059 (1430s)
    ep23 loss=0.070 err=18.773 within15=0.569 sel=-25.214 (1493s)
    ep24 loss=0.065 err=19.206 within15=0.574 sel=-26.018 (1556s)
    ep25 loss=0.061 err=19.519 within15=0.563 sel=-25.224 (1614s)
    ep26 loss=0.059 err=19.378 within15=0.571 sel=-25.302 (1676s)
    ep27 loss=0.057 err=19.124 within15=0.558 sel=-25.468 (1739s)
    ep28 loss=0.056 err=19.011 within15=0.567 sel=-25.352 (1802s)
    ep29 loss=0.056 err=19.209 within15=0.564 sel=-25.400 (1865s)
    test-time averaging: err_avg8=21.310 err_avg32=20.748
  -> abl_resid_is: err=20.732 within15=0.529 err_modD=20.729 loss=0.056 sel_metric=-23.485 val_at_last_epoch=19.209 err_avg8=21.310 err_avg32=20.748 best_epoch=13 params=17088546 1867s
    ablate=resid: class-Gram offset range -0.017..0.033
[abl_resid_iv] func_iv oricirc n_neurons=5287 split_seed=0 bins=0 {'seed': 0, 'dim': 512, 'layers': 8, 'epochs': 30, 'batch': 64, 'rel_bias': True, 'device': 'cuda', 'early_stop': 0.2, 'sel_reps': 4, 'pops_per_epoch': 5000, 'n': 512, 'gram_adjust': {'cls': array([ 7, -1,  4, ..., -1, -1, -1], shape=(12894,)), 'R': array([[-0.00710453, -0.00647143, -0.00358039, -0.00705285, -0.01467249,
        -0.01227926, -0.00414975, -0.00480087],
       [-0.00647143, -0.01460898, -0.0151742 , -0.01443485, -0.01364015,
        -0.00327474,  0.00714864,  0.00585626],
       [-0.00358039, -0.0151742 , -0.01713438, -0.01475364, -0.00569278,
         0.00646839,  0.01407582,  0.00902151],
       [-0.00705285, -0.01443485, -0.01475364, -0.01224371,  0.00642553,
         0.01677793,  0.01497929,  0.00387141],
       [-0.01467249, -0.01364015, -0.00569278,  0.00642553,  0.03209357,
         0.03296431,  0.012991  , -0.00464556],
       [-0.01227926, -0.00327474,  0.00646839,  0.01677793,  0.03296431,
         0.02750163,  0.00790261, -0.00776742],
       [-0.00414975,  0.00714864,  0.01407582,  0.01497929,  0.012991  ,
         0.00790261,  0.0007877 , -0.00609232],
       [-0.00480087,  0.00585626,  0.00902151,  0.00387141, -0.00464556,
        -0.00776742, -0.00609232, -0.0092913 ]]), 'name': 'resid'}}
    ep0 loss=0.515 err=26.715 within15=0.437 sel=-28.122 (63s)
    ep1 loss=0.384 err=30.324 within15=0.323 sel=-30.674 (122s)
    ep2 loss=0.606 err=40.576 within15=0.242 sel=-42.609 (185s)
    ep3 loss=0.519 err=38.944 within15=0.255 sel=-39.058 (247s)
    ep4 loss=0.503 err=39.273 within15=0.166 sel=-42.184 (310s)
    ep5 loss=0.499 err=36.575 within15=0.328 sel=-40.947 (372s)
    ep6 loss=0.499 err=34.046 within15=0.318 sel=-37.469 (435s)
    ep7 loss=0.468 err=39.390 within15=0.301 sel=-41.810 (493s)
    ep8 loss=0.460 err=30.627 within15=0.352 sel=-34.458 (556s)
    ep9 loss=0.443 err=26.394 within15=0.422 sel=-28.464 (647s)
    ep10 loss=0.427 err=31.014 within15=0.404 sel=-35.785 (742s)
    ep11 loss=0.510 err=30.365 within15=0.342 sel=-34.183 (837s)
    ep12 loss=0.482 err=41.098 within15=0.278 sel=-43.000 (932s)
    ep13 loss=0.464 err=28.505 within15=0.385 sel=-32.955 (1025s)
    ep14 loss=0.429 err=25.662 within15=0.438 sel=-30.039 (1120s)
    ep15 loss=0.413 err=25.668 within15=0.453 sel=-25.882 (1216s)
    ep16 loss=0.401 err=25.240 within15=0.447 sel=-26.875 (1311s)
    ep17 loss=0.395 err=27.570 within15=0.407 sel=-29.628 (1407s)
    ep18 loss=0.400 err=25.242 within15=0.449 sel=-28.820 (1502s)
    ep19 loss=0.384 err=24.597 within15=0.452 sel=-27.525 (1595s)
    ep20 loss=0.384 err=24.758 within15=0.455 sel=-26.962 (1691s)
    ep21 loss=0.379 err=24.363 within15=0.464 sel=-26.077 (1786s)
    ep22 loss=0.374 err=24.321 within15=0.464 sel=-26.957 (1882s)
    ep23 loss=0.372 err=24.471 within15=0.458 sel=-26.950 (1978s)
    ep24 loss=0.369 err=24.260 within15=0.466 sel=-26.559 (2073s)
    ep25 loss=0.366 err=24.045 within15=0.470 sel=-25.674 (2169s)
    ep26 loss=0.366 err=23.973 within15=0.469 sel=-25.981 (2263s)
    ep27 loss=0.365 err=23.993 within15=0.466 sel=-25.846 (2358s)
    ep28 loss=0.365 err=23.847 within15=0.477 sel=-25.829 (2454s)
    ep29 loss=0.364 err=23.915 within15=0.470 sel=-25.844 (2550s)
    test-time averaging: err_avg8=24.469 err_avg32=24.046
  -> abl_resid_iv: err=24.045 within15=0.470 err_modD=24.045 loss=0.364 sel_metric=-25.674 val_at_last_epoch=23.915 err_avg8=24.469 err_avg32=24.046 best_epoch=25 params=17088546 2553s
    ablate=circ K=8: class-Gram offset range -0.043..0.045
[abl_circ_is] func_is oricirc n_neurons=5287 split_seed=0 bins=0 {'seed': 0, 'dim': 512, 'layers': 8, 'epochs': 30, 'batch': 64, 'rel_bias': True, 'device': 'cuda', 'early_stop': 0.2, 'sel_reps': 4, 'pops_per_epoch': 5000, 'n': 512, 'gram_adjust': {'cls': array([ 7, -1,  4, ..., -1, -1, -1], shape=(12894,)), 'R': array([[ 0.04235041,  0.02820164, -0.00471105, -0.02903645, -0.04314799,
        -0.03209517, -0.000315  ,  0.0329303 ],
       [ 0.02820164,  0.02542372,  0.00706994, -0.01393761, -0.02901366,
        -0.02471297, -0.00695172,  0.02026164],
       [-0.00471105,  0.00706994,  0.01592527,  0.00888825, -0.00221514,
        -0.01050006, -0.01464133, -0.00785819],
       [-0.02903645, -0.01393761,  0.00888825,  0.01826425,  0.0227236 ,
         0.00684177, -0.01447358, -0.02554737],
       [-0.04314799, -0.02901366, -0.00221514,  0.0227236 ,  0.04535386,
         0.0285056 , -0.00615978, -0.03240459],
       [-0.03209517, -0.02471297, -0.01050006,  0.00684177,  0.0285056 ,
         0.03177163,  0.01364122, -0.01381863],
       [-0.000315  , -0.00695172, -0.01464133, -0.01447358, -0.00615978,
         0.01364122,  0.03013329,  0.01897357],
       [ 0.0329303 ,  0.02026164, -0.00785819, -0.02554737, -0.03240459,
        -0.01381863,  0.01897357,  0.03778304]]), 'name': 'circ8'}}
    ep0 loss=0.567 err=40.180 within15=0.329 sel=-42.760 (96s)
    ep1 loss=0.524 err=38.858 within15=0.260 sel=-39.549 (193s)
    ep2 loss=0.498 err=40.913 within15=0.152 sel=-38.134 (287s)
    ep3 loss=0.473 err=37.983 within15=0.227 sel=-36.319 (383s)
    ep4 loss=0.453 err=37.081 within15=0.321 sel=-33.345 (479s)
    ep5 loss=0.444 err=36.609 within15=0.335 sel=-33.935 (576s)
    ep6 loss=0.421 err=37.099 within15=0.320 sel=-36.667 (672s)
    ep7 loss=0.384 err=35.159 within15=0.339 sel=-28.901 (767s)
    ep8 loss=0.354 err=31.020 within15=0.396 sel=-25.627 (861s)
    ep9 loss=0.297 err=30.591 within15=0.392 sel=-23.094 (952s)
    ep10 loss=0.260 err=24.367 within15=0.475 sel=-19.684 (1048s)
    ep11 loss=0.237 err=28.646 within15=0.427 sel=-20.894 (1143s)
    ep12 loss=0.202 err=23.388 within15=0.468 sel=-19.494 (1239s)
    ep13 loss=0.185 err=32.866 within15=0.339 sel=-26.994 (1335s)
    ep14 loss=0.172 err=18.480 within15=0.540 sel=-19.449 (1438s)
    ep15 loss=0.146 err=18.172 within15=0.551 sel=-17.853 (1566s)
    ep16 loss=0.137 err=17.549 within15=0.556 sel=-18.746 (1695s)
    ep17 loss=0.115 err=15.766 within15=0.613 sel=-19.898 (1824s)
    ep18 loss=0.118 err=19.932 within15=0.498 sel=-19.122 (1952s)
    ep19 loss=0.095 err=16.873 within15=0.584 sel=-18.145 (2081s)
    ep20 loss=0.086 err=15.549 within15=0.620 sel=-17.699 (2208s)
    ep21 loss=0.079 err=16.337 within15=0.607 sel=-18.105 (2337s)
    ep22 loss=0.072 err=16.601 within15=0.585 sel=-18.086 (2466s)
    ep23 loss=0.067 err=16.083 within15=0.608 sel=-17.696 (2594s)
    ep24 loss=0.063 err=17.457 within15=0.564 sel=-18.161 (2723s)
    ep25 loss=0.060 err=17.163 within15=0.563 sel=-17.296 (2852s)
    ep26 loss=0.058 err=15.653 within15=0.613 sel=-17.450 (2981s)
    ep27 loss=0.057 err=15.292 within15=0.631 sel=-17.377 (3108s)
    ep28 loss=0.056 err=16.435 within15=0.590 sel=-17.558 (3237s)
    ep29 loss=0.056 err=16.516 within15=0.587 sel=-17.507 (3366s)
    test-time averaging: err_avg8=18.250 err_avg32=16.675
  -> abl_circ_is: err=17.163 within15=0.563 err_modD=15.614 loss=0.056 sel_metric=-17.296 val_at_last_epoch=16.516 err_avg8=18.250 err_avg32=16.675 best_epoch=25 params=17088546 3370s
    ablate=circ K=8: class-Gram offset range -0.040..0.061
[abl_circ_iv] func_iv oricirc n_neurons=5287 split_seed=0 bins=0 {'seed': 0, 'dim': 512, 'layers': 8, 'epochs': 30, 'batch': 64, 'rel_bias': True, 'device': 'cuda', 'early_stop': 0.2, 'sel_reps': 4, 'pops_per_epoch': 5000, 'n': 512, 'gram_adjust': {'cls': array([ 7, -1,  4, ..., -1, -1, -1], shape=(12894,)), 'R': array([[ 0.02174976,  0.01261722, -0.00546218, -0.02604742, -0.03995136,
        -0.03127384, -0.00603153,  0.01428778],
       [ 0.01261722,  0.0142453 ,  0.00391445, -0.01631663, -0.03263472,
        -0.0285536 , -0.01184594,  0.00397447],
       [-0.00546218,  0.00391445,  0.01171991,  0.00433501, -0.00757456,
        -0.01252619, -0.01120304, -0.00997307],
       [-0.02604742, -0.01631663,  0.00433501,  0.01661057,  0.02551418,
         0.01489615, -0.00401528, -0.02140745],
       [-0.03995136, -0.03263472, -0.00757456,  0.02551418,  0.06094785,
         0.05205296,  0.01110922, -0.02364014],
       [-0.03127384, -0.0285536 , -0.01252619,  0.01489615,  0.05205296,
         0.05635592,  0.02699126, -0.00964921],
       [-0.00603153, -0.01184594, -0.01120304, -0.00401528,  0.01110922,
         0.02699126,  0.02964198,  0.01299633],
       [ 0.01428778,  0.00397447, -0.00997307, -0.02140745, -0.02364014,
        -0.00964921,  0.01299633,  0.01956298]]), 'name': 'circ8'}}
Terminated
[m_V1toAL_is_n128] func_is oricirc n_neurons=5287 split_seed=0 bins=0 {'n': 128, 'sel_reps': 1, 'seed': 0, 'dim': 512, 'layers': 8, 'epochs': 30, 'batch': 64, 'rel_bias': True, 'device': 'cuda', 'early_stop': 0.2, 'pops_per_epoch': 5000}
    ep0 loss=0.579 err=54.460 within15=0.117 sel=-37.416 (29s)
    ep1 loss=0.503 err=50.345 within15=0.146 sel=-39.474 (59s)
    ep2 loss=0.497 err=57.577 within15=0.080 sel=-38.219 (90s)
    ep3 loss=0.473 err=58.030 within15=0.095 sel=-34.904 (120s)
    ep4 loss=0.462 err=56.163 within15=0.073 sel=-33.521 (150s)
    ep5 loss=0.450 err=54.018 within15=0.117 sel=-36.579 (180s)
    ep6 loss=0.445 err=57.853 within15=0.102 sel=-29.910 (210s)
    ep7 loss=0.435 err=56.113 within15=0.095 sel=-29.074 (240s)
    ep8 loss=0.426 err=54.344 within15=0.117 sel=-27.439 (270s)
    ep9 loss=0.418 err=55.001 within15=0.109 sel=-25.202 (299s)
    ep10 loss=0.412 err=41.438 within15=0.241 sel=-28.242 (329s)
    ep11 loss=0.404 err=32.013 within15=0.328 sel=-28.065 (360s)
    ep12 loss=0.398 err=34.923 within15=0.314 sel=-25.963 (390s)
    ep13 loss=0.392 err=31.355 within15=0.350 sel=-26.401 (420s)
    ep14 loss=0.385 err=42.995 within15=0.255 sel=-26.260 (450s)
    ep15 loss=0.378 err=51.892 within15=0.117 sel=-25.988 (480s)
    ep16 loss=0.374 err=45.057 within15=0.212 sel=-27.092 (510s)
    ep17 loss=0.367 err=48.588 within15=0.146 sel=-25.703 (540s)
    ep18 loss=0.359 err=51.363 within15=0.117 sel=-23.097 (570s)
    ep19 loss=0.356 err=34.298 within15=0.248 sel=-24.553 (600s)
    ep20 loss=0.354 err=57.530 within15=0.095 sel=-24.386 (630s)
    ep21 loss=0.346 err=57.628 within15=0.095 sel=-23.816 (660s)
    ep22 loss=0.344 err=57.821 within15=0.095 sel=-21.676 (690s)
    ep23 loss=0.339 err=57.650 within15=0.095 sel=-21.374 (721s)
    ep24 loss=0.335 err=57.657 within15=0.095 sel=-21.827 (751s)
    ep25 loss=0.333 err=57.992 within15=0.095 sel=-20.682 (781s)
    ep26 loss=0.329 err=57.970 within15=0.095 sel=-21.638 (811s)
    ep27 loss=0.328 err=58.259 within15=0.095 sel=-21.019 (841s)
    ep28 loss=0.327 err=58.187 within15=0.095 sel=-20.489 (871s)
    ep29 loss=0.327 err=58.211 within15=0.095 sel=-20.091 (902s)
    test-time averaging: err_avg8=58.191 err_avg32=58.226
  -> m_V1toAL_is_n128: err=58.211 within15=0.095 err_modD=31.624 loss=0.327 sel_metric=-20.091 val_at_last_epoch=58.211 err_avg8=58.191 err_avg32=58.226 best_epoch=29 params=16891938 905s
[m_V1toV1_is_n128] func_is oricirc n_neurons=5287 split_seed=0 bins=0 {'n': 128, 'sel_reps': 1, 'seed': 0, 'dim': 512, 'layers': 8, 'epochs': 30, 'batch': 64, 'rel_bias': True, 'device': 'cuda', 'early_stop': 0.2, 'pops_per_epoch': 5000}
    ep0 loss=0.579 err=36.760 within15=0.352 sel=-37.416 (30s)
    ep1 loss=0.503 err=40.813 within15=0.170 sel=-39.474 (61s)
    ep2 loss=0.497 err=37.372 within15=0.344 sel=-38.219 (91s)
    ep3 loss=0.473 err=35.499 within15=0.348 sel=-34.904 (119s)
    ep4 loss=0.462 err=33.959 within15=0.315 sel=-33.521 (140s)
    ep5 loss=0.450 err=36.524 within15=0.282 sel=-36.579 (162s)
    ep6 loss=0.445 err=30.344 within15=0.376 sel=-29.910 (184s)
    ep7 loss=0.435 err=29.863 within15=0.423 sel=-29.074 (206s)
    ep8 loss=0.426 err=29.812 within15=0.421 sel=-27.439 (228s)
    ep9 loss=0.418 err=29.457 within15=0.403 sel=-25.202 (251s)
    ep10 loss=0.412 err=27.713 within15=0.427 sel=-28.242 (273s)
    ep11 loss=0.404 err=26.534 within15=0.466 sel=-28.065 (295s)
    ep12 loss=0.398 err=26.897 within15=0.448 sel=-25.963 (317s)
    ep13 loss=0.392 err=27.330 within15=0.461 sel=-26.401 (339s)
    ep14 loss=0.385 err=26.755 within15=0.444 sel=-26.260 (361s)
    ep15 loss=0.378 err=25.082 within15=0.475 sel=-25.988 (383s)
    ep16 loss=0.374 err=25.896 within15=0.465 sel=-27.092 (405s)
    ep17 loss=0.367 err=26.146 within15=0.461 sel=-25.703 (427s)
    ep18 loss=0.359 err=24.377 within15=0.483 sel=-23.097 (450s)
    ep19 loss=0.356 err=24.761 within15=0.480 sel=-24.553 (472s)
    ep20 loss=0.354 err=25.379 within15=0.473 sel=-24.386 (494s)
    ep21 loss=0.346 err=24.276 within15=0.474 sel=-23.816 (516s)
    ep22 loss=0.344 err=23.360 within15=0.504 sel=-21.676 (538s)
    ep23 loss=0.339 err=22.389 within15=0.511 sel=-21.374 (560s)
    ep24 loss=0.335 err=22.358 within15=0.511 sel=-21.827 (582s)
    ep25 loss=0.333 err=22.381 within15=0.515 sel=-20.682 (604s)
    ep26 loss=0.329 err=21.760 within15=0.526 sel=-21.638 (627s)
    ep27 loss=0.328 err=22.810 within15=0.508 sel=-21.019 (649s)
    ep28 loss=0.327 err=22.073 within15=0.519 sel=-20.489 (671s)
    ep29 loss=0.327 err=22.221 within15=0.514 sel=-20.091 (693s)
    test-time averaging: err_avg8=22.976 err_avg32=21.453
  -> m_V1toV1_is_n128: err=22.221 within15=0.514 err_modD=22.218 loss=0.327 sel_metric=-20.091 val_at_last_epoch=22.221 err_avg8=22.976 err_avg32=21.453 best_epoch=29 params=16891938 697s
[m_V1toRL_is] func_is oricirc n_neurons=5287 split_seed=0 bins=0 {'n': 512, 'sel_reps': 1, 'seed': 0, 'dim': 512, 'layers': 8, 'epochs': 30, 'batch': 64, 'rel_bias': True, 'device': 'cuda', 'early_stop': 0.2, 'pops_per_epoch': 5000}
    ep0 loss=0.552 err=46.003 within15=0.203 sel=-37.263 (94s)
    ep1 loss=0.504 err=47.949 within15=0.229 sel=-36.871 (190s)
    ep2 loss=0.499 err=46.645 within15=0.238 sel=-36.291 (287s)
    ep3 loss=0.473 err=48.511 within15=0.189 sel=-37.468 (383s)
    ep4 loss=0.444 err=46.130 within15=0.255 sel=-30.038 (479s)
    ep5 loss=0.393 err=46.380 within15=0.201 sel=-27.478 (575s)
    ep6 loss=0.339 err=47.041 within15=0.260 sel=-19.933 (669s)
    ep7 loss=0.306 err=46.948 within15=0.241 sel=-19.494 (765s)
    ep8 loss=0.280 err=31.375 within15=0.344 sel=-19.465 (861s)
    ep9 loss=0.269 err=33.095 within15=0.341 sel=-18.956 (957s)
    ep10 loss=0.258 err=31.080 within15=0.369 sel=-18.276 (1053s)
    ep11 loss=0.247 err=32.361 within15=0.355 sel=-17.450 (1150s)
    ep12 loss=0.233 err=31.074 within15=0.362 sel=-17.753 (1244s)
    ep13 loss=0.220 err=29.637 within15=0.369 sel=-16.309 (1340s)
    ep14 loss=0.201 err=29.140 within15=0.385 sel=-16.087 (1434s)
    ep15 loss=0.183 err=25.956 within15=0.427 sel=-15.739 (1527s)
    ep16 loss=0.162 err=26.169 within15=0.425 sel=-15.417 (1623s)
    ep17 loss=0.140 err=26.715 within15=0.407 sel=-16.085 (1719s)
    ep18 loss=0.119 err=26.047 within15=0.427 sel=-15.716 (1813s)
    ep19 loss=0.098 err=27.943 within15=0.434 sel=-15.723 (1909s)
    ep20 loss=0.081 err=29.031 within15=0.395 sel=-15.702 (2005s)
    ep21 loss=0.067 err=30.242 within15=0.367 sel=-15.746 (2101s)
    ep22 loss=0.056 err=30.475 within15=0.383 sel=-15.778 (2198s)
    ep23 loss=0.049 err=29.745 within15=0.390 sel=-15.910 (2294s)
    ep24 loss=0.044 err=30.782 within15=0.385 sel=-15.865 (2388s)
    ep25 loss=0.040 err=30.317 within15=0.390 sel=-15.904 (2484s)
    ep26 loss=0.037 err=30.439 within15=0.388 sel=-15.903 (2580s)
    ep27 loss=0.036 err=30.681 within15=0.386 sel=-16.035 (2677s)
    ep28 loss=0.035 err=30.437 within15=0.388 sel=-15.910 (2773s)
    ep29 loss=0.035 err=30.536 within15=0.390 sel=-15.834 (2869s)
    test-time averaging: err_avg8=26.763 err_avg32=26.436
  -> m_V1toRL_is: err=26.169 within15=0.425 err_modD=24.605 loss=0.035 sel_metric=-15.417 val_at_last_epoch=30.536 err_avg8=26.763 err_avg32=26.436 best_epoch=16 params=17088546 2873s
    train_scan=6-4 n_train=140 test on the other scans n_test=2344
[ts_is_6-4] func_is oricirc n_neurons=5287 split_seed=0 bins=0 {'dim': 512, 'layers': 8, 'epochs': 30, 'batch': 64, 'seed': 0, 'rel_bias': True, 'device': 'cuda', 'pops_per_epoch': 5000, 'n': 128, 'sel_reps': 1, 'cover_groups': <StringArray>
['4-7', '6-6', '7-5', '6-4', '9-4', '7-3', '6-2', '5-6', '6-4', '7-5',
 ...
 '5-7', '9-3', '5-6', '5-7', '8-5', '4-7', '6-6', '7-3', '5-6', '7-3']
Length: 12894, dtype: str, 'sel_idx': array([ 5655,  7600,  3702,  1147,  9678, 11747,   397, 12215,  7604,
        6614,  2283,  2838,  2377,  9427,   610, 10221,  9544, 10534,
        4962,  1710,  1461,  7227, 11562,  4002,  1757, 11303,   523,
        5927,  5585, 10437, 12672, 10379,    28,   507,    70, 11957,
        3803, 10877,  1571,  2727,  1529,  6507,  2168,   296, 11236,
        4533,  2122,  3463,  1666,  5764,  3895,  9872, 11701,  6088,
         301,  9849,    86,  8172,  3464,   733, 12568,  6157,  3140,
        8871,   708,  1063,  1241,  1569,  5519,  5666,  3589,  8781,
        3031,   652,  8153, 11173,  2621, 10420,  3739, 11680,  8011,
        8202, 10291,  9810,   313,   946, 11999,  4947,   741,  9038,
        9108,  5218,  8236,   180,  6136,  4706,  6074,  3768,  7099,
        8884, 12092, 10116,  7094,  4321,  1696,  2941,  9240, 12111,
        2755,  6035,  8293,  3655,  8788, 10292,  7845,  9668,  8077,
       12518, 12171, 10710,   906,  5889,  4380,  2379,  4036,  2239,
        8484,  2445,  2131, 11513,  3201,  2871,  1288,  7868, 12513,
         343,  3019,  7193,  5956,   718,   221, 10214, 11440,  8786,
        7610, 11842,  7306, 11660, 12517,  9342,   930, 12370,  1057,
        8065,  1792,  5060, 10233,  2550,  5928,  4475,  1845,  5086,
        8615, 10557,  8663,    79, 10220, 10092,  9024,  3058,  4713,
       10290,   102,  8195,  3517,  1900,  9168,   887, 11009, 12512,
        6489,   681,  7929, 10209,  9574,  2743,  4022,  5279,  3765,
        8836,  6449,  1863,  1906,  8662,  9242, 12581,  3729,  3022,
        1201,  1621,  2540,  4176,  7511, 12523,  5102,   820,  4188,
       10799,  8513, 11114,  6355,  1118,  8645,  8670,   411,  1175,
       11016, 12257, 12555,   336,  6093, 10389,  2685,  1567, 11115,
       11828, 10933,   589,  5491,  6578,  3040,  6901,  4683, 11017,
        1133, 10964,   853,  5891,  6140,  3693,  6250,  6591,  1807,
        4617,  4199, 11827,  7058,  3258,   538,  9349, 11385, 10266,
         311,  3626,  3251,  8526, 12217,  8581,  7149,  8988,  1575,
        8047,  1862, 11151,  5611, 11318,  2459, 12611,  8927,   318,
        4205,  3980,  9647,  3235, 11741,  7188,  4059,  1971,   989,
        9493,  6514, 11870,  8128,  1510,  7964,  1101, 10105,  9057,
         132,  9677,  2958,  7936,  3165, 10448,  2150, 12410, 10131,
        7882, 11577,    24,  1677,  1384,  8775,  7156,  6893,  7864,
        8146, 10033,  9049,  8188,  6620,   280,   425, 11770,  4255,
       10648,  6304,   174,  2959,  5250,  8938,  8179, 12554,  6579,
        4156,  2412, 11255,  1874,  7614,  5353,  5126,  6984,  1887,
        4594, 10925, 11633,  3357,  6948,  8800,  9979, 10587,  6166,
        4213,   824,   510,   141, 10174,  5567, 12741,  4151,  7824,
       12275,  3858,  3086,  3755,  5043,  4316,  3695,  3754,  3407,
        9066,   258,  4959,  8899, 12595,  2018,  6890, 12213, 11286,
        9598,  1035,  7153,  7598,   986,  2516, 10828, 10612,  9747,
         367, 12090,  3072,  3783,  2608,   794,  1902,  5856,  1180,
          41,   259,  6282,   726,  1184,   461,  1390, 12567,    45,
       12297,  5150,  5369, 11659,  9361,  8889,     0,  8355, 12680,
        2317,   387,  8751,  3891,  7619,  2023,  7033, 10794,  2255,
        6774,   854, 10237,  9686, 12533,  4744,  9649, 12670, 11031,
        6491, 12418, 12314,   124,  1141,  4116,  9397,  3914,  2041,
         521,    89,  6090, 12696, 12369,  9085,   729,   488,  7241,
        7780,  3879,  3955,  9631, 10937,  1358, 10405, 12772, 11234,
        1751,    59,  5212,  3466,  2974,   912,  9929,  1794,   350,
        4090,   549,  6498,  3083,  9691,  2962,  2933,  5228,  4686,
       12654,   134,  9866,  3231,  2695,  3440, 11368,  5724,  7196,
       11436,  1693, 12052,  4356,   662,  5442,  5619,   961,  3370,
        6978, 12424,  7456,   575,  9626,  3218, 12032, 12646,  7442,
         537,  4343,  1389, 10417,  7508,  3194,  3142, 10619,  4175,
         970,  2765,  9762, 10439,   542,  7134, 11054,  7271,   470,
        4634,   100,  4010,  1861,  3317,  9920, 10864, 10160,  9003,
        9911,  2845,  6963,  6756,  7175, 10244,    78,  5929,  8415,
        9559,  3007, 11433,  1354, 10342, 12255,  3584,  9770,  5076,
       11109,   354,  7287,  9064,   924,  3445,   586,   433,  2626,
         150,  4677, 11719, 10382,  5255,  9058,  5012, 11980,  2767,
        2694, 10107,  4041,  3855, 12474, 10309, 11575, 11434, 12602,
        5226,  8643,   835,  7343,  9284,  6016,  1977, 11256, 10755,
       11376,  9346,  2324,  5217, 10310,  5931,  6295,  3004, 11461,
        7347,  2564,  4894,   651,  7106,  6123,  8109,  5120,  9078,
       11903,  7443,  6025,  8770,  8742,  4211,  5050, 12068,  9739,
        9978, 12071,  4011,  9657,  7712,   315,  4131,  2069,  4289,
       10942,  6682,  6006,  2800, 10393, 10874,  4769,  3226,  2867,
        9531,  2553,  9671,   978,  9607, 11880,  3778,  1625,  7942,
        3534,  8115,   224, 12377,  8050,  5634,  5088,  8512,  7678,
        6336,  9665,   698,   333,  4138,  8281,  8382,  8051,  6889,
       10145, 10796,  8756, 12001,  1592,  8913,  5486,   527, 11096,
        9674,  3272,   691,  5484,  6805, 11534,  2811,  2114,  9466,
        4096, 10629,  5707, 12485,  1566,  4654,  9425,  1724, 11877,
       12055, 11253,  2064,  9703,  4934,  7904, 10928,  1423,  3249,
        6078,   128,  8481, 12695,  3035, 11158,  4177,  8888,  8868,
         882,  7652,  9927, 10099,  9586, 12318,  5986,  4510,   423,
         706,  1346,  3654, 10104,  7766, 10645,  2937,  5026, 12889,
       12012,   928,  2599,  5145,  4383,  6888,  3136, 12231,  7553,
        1558,  3550,  9620,  5926, 11063,  1053,  8750,   366, 11294,
        7275,   914,  5386, 12199, 12516,  4097,  7256,  6996,  8962,
        8803,  1936,  9781,  9893]), 'early_stop': 0.0}
    ep0 loss=0.559 err=43.593 within15=0.211 sel=-40.383 (22s)
    ep1 loss=0.435 err=42.438 within15=0.214 sel=-39.697 (45s)
    ep2 loss=0.421 err=41.885 within15=0.288 sel=-41.449 (67s)
    ep3 loss=0.435 err=42.312 within15=0.224 sel=-41.488 (87s)
    ep4 loss=0.298 err=43.645 within15=0.235 sel=-40.949 (109s)
    ep5 loss=0.261 err=42.894 within15=0.231 sel=-40.907 (131s)
    ep6 loss=0.179 err=43.901 within15=0.240 sel=-41.790 (153s)
    ep7 loss=0.097 err=43.876 within15=0.222 sel=-43.846 (175s)
    ep8 loss=0.018 err=42.785 within15=0.241 sel=-43.070 (197s)
    ep9 loss=0.007 err=43.919 within15=0.228 sel=-42.125 (219s)
    ep10 loss=0.005 err=43.893 within15=0.217 sel=-43.904 (241s)
    ep11 loss=0.003 err=43.872 within15=0.229 sel=-44.801 (264s)
    ep12 loss=0.002 err=44.863 within15=0.209 sel=-43.026 (286s)
    ep13 loss=0.002 err=44.408 within15=0.220 sel=-42.279 (308s)
    ep14 loss=0.002 err=44.706 within15=0.206 sel=-43.096 (330s)
    ep15 loss=0.001 err=45.570 within15=0.208 sel=-43.991 (352s)
    ep16 loss=0.001 err=45.947 within15=0.215 sel=-44.971 (374s)
    ep17 loss=0.001 err=45.141 within15=0.216 sel=-43.341 (396s)
    ep18 loss=0.001 err=44.810 within15=0.224 sel=-43.988 (418s)
    ep19 loss=0.001 err=44.737 within15=0.215 sel=-44.283 (440s)
    ep20 loss=0.001 err=44.899 within15=0.214 sel=-43.942 (462s)
    ep21 loss=0.001 err=45.568 within15=0.200 sel=-44.241 (484s)
    ep22 loss=0.001 err=44.852 within15=0.214 sel=-44.070 (506s)
    ep23 loss=0.001 err=45.386 within15=0.206 sel=-44.844 (529s)
    ep24 loss=0.001 err=45.322 within15=0.194 sel=-45.330 (551s)
    ep25 loss=0.001 err=45.134 within15=0.206 sel=-45.313 (573s)
    ep26 loss=0.001 err=45.649 within15=0.208 sel=-44.297 (595s)
    ep27 loss=0.001 err=45.085 within15=0.213 sel=-44.883 (617s)
    ep28 loss=0.000 err=46.093 within15=0.203 sel=-45.127 (639s)
    ep29 loss=0.001 err=46.477 within15=0.190 sel=-44.551 (659s)
    test-time averaging: err_avg8=41.999 err_avg32=42.235
  -> ts_is_6-4: err=42.438 within15=0.214 err_modD=41.223 loss=0.001 sel_metric=-39.697 val_at_last_epoch=46.477 err_avg8=41.999 err_avg32=42.235 best_epoch=1 params=16891938 662s
    train_scan=6-4 n_train=140 test on the other scans n_test=2344
[ts_iv_6-4] func_iv oricirc n_neurons=5287 split_seed=0 bins=0 {'dim': 512, 'layers': 8, 'epochs': 30, 'batch': 64, 'seed': 0, 'rel_bias': True, 'device': 'cuda', 'pops_per_epoch': 5000, 'n': 128, 'sel_reps': 1, 'cover_groups': <StringArray>
['4-7', '6-6', '7-5', '6-4', '9-4', '7-3', '6-2', '5-6', '6-4', '7-5',
 ...
 '5-7', '9-3', '5-6', '5-7', '8-5', '4-7', '6-6', '7-3', '5-6', '7-3']
Length: 12894, dtype: str, 'sel_idx': array([ 5655,  7600,  3702,  1147,  9678, 11747,   397, 12215,  7604,
        6614,  2283,  2838,  2377,  9427,   610, 10221,  9544, 10534,
        4962,  1710,  1461,  7227, 11562,  4002,  1757, 11303,   523,
        5927,  5585, 10437, 12672, 10379,    28,   507,    70, 11957,
        3803, 10877,  1571,  2727,  1529,  6507,  2168,   296, 11236,
        4533,  2122,  3463,  1666,  5764,  3895,  9872, 11701,  6088,
         301,  9849,    86,  8172,  3464,   733, 12568,  6157,  3140,
        8871,   708,  1063,  1241,  1569,  5519,  5666,  3589,  8781,
        3031,   652,  8153, 11173,  2621, 10420,  3739, 11680,  8011,
        8202, 10291,  9810,   313,   946, 11999,  4947,   741,  9038,
        9108,  5218,  8236,   180,  6136,  4706,  6074,  3768,  7099,
        8884, 12092, 10116,  7094,  4321,  1696,  2941,  9240, 12111,
        2755,  6035,  8293,  3655,  8788, 10292,  7845,  9668,  8077,
       12518, 12171, 10710,   906,  5889,  4380,  2379,  4036,  2239,
        8484,  2445,  2131, 11513,  3201,  2871,  1288,  7868, 12513,
         343,  3019,  7193,  5956,   718,   221, 10214, 11440,  8786,
        7610, 11842,  7306, 11660, 12517,  9342,   930, 12370,  1057,
        8065,  1792,  5060, 10233,  2550,  5928,  4475,  1845,  5086,
        8615, 10557,  8663,    79, 10220, 10092,  9024,  3058,  4713,
       10290,   102,  8195,  3517,  1900,  9168,   887, 11009, 12512,
        6489,   681,  7929, 10209,  9574,  2743,  4022,  5279,  3765,
        8836,  6449,  1863,  1906,  8662,  9242, 12581,  3729,  3022,
        1201,  1621,  2540,  4176,  7511, 12523,  5102,   820,  4188,
       10799,  8513, 11114,  6355,  1118,  8645,  8670,   411,  1175,
       11016, 12257, 12555,   336,  6093, 10389,  2685,  1567, 11115,
       11828, 10933,   589,  5491,  6578,  3040,  6901,  4683, 11017,
        1133, 10964,   853,  5891,  6140,  3693,  6250,  6591,  1807,
        4617,  4199, 11827,  7058,  3258,   538,  9349, 11385, 10266,
         311,  3626,  3251,  8526, 12217,  8581,  7149,  8988,  1575,
        8047,  1862, 11151,  5611, 11318,  2459, 12611,  8927,   318,
        4205,  3980,  9647,  3235, 11741,  7188,  4059,  1971,   989,
        9493,  6514, 11870,  8128,  1510,  7964,  1101, 10105,  9057,
         132,  9677,  2958,  7936,  3165, 10448,  2150, 12410, 10131,
        7882, 11577,    24,  1677,  1384,  8775,  7156,  6893,  7864,
        8146, 10033,  9049,  8188,  6620,   280,   425, 11770,  4255,
       10648,  6304,   174,  2959,  5250,  8938,  8179, 12554,  6579,
        4156,  2412, 11255,  1874,  7614,  5353,  5126,  6984,  1887,
        4594, 10925, 11633,  3357,  6948,  8800,  9979, 10587,  6166,
        4213,   824,   510,   141, 10174,  5567, 12741,  4151,  7824,
       12275,  3858,  3086,  3755,  5043,  4316,  3695,  3754,  3407,
        9066,   258,  4959,  8899, 12595,  2018,  6890, 12213, 11286,
        9598,  1035,  7153,  7598,   986,  2516, 10828, 10612,  9747,
         367, 12090,  3072,  3783,  2608,   794,  1902,  5856,  1180,
          41,   259,  6282,   726,  1184,   461,  1390, 12567,    45,
       12297,  5150,  5369, 11659,  9361,  8889,     0,  8355, 12680,
        2317,   387,  8751,  3891,  7619,  2023,  7033, 10794,  2255,
        6774,   854, 10237,  9686, 12533,  4744,  9649, 12670, 11031,
        6491, 12418, 12314,   124,  1141,  4116,  9397,  3914,  2041,
         521,    89,  6090, 12696, 12369,  9085,   729,   488,  7241,
        7780,  3879,  3955,  9631, 10937,  1358, 10405, 12772, 11234,
        1751,    59,  5212,  3466,  2974,   912,  9929,  1794,   350,
        4090,   549,  6498,  3083,  9691,  2962,  2933,  5228,  4686,
       12654,   134,  9866,  3231,  2695,  3440, 11368,  5724,  7196,
       11436,  1693, 12052,  4356,   662,  5442,  5619,   961,  3370,
        6978, 12424,  7456,   575,  9626,  3218, 12032, 12646,  7442,
         537,  4343,  1389, 10417,  7508,  3194,  3142, 10619,  4175,
         970,  2765,  9762, 10439,   542,  7134, 11054,  7271,   470,
        4634,   100,  4010,  1861,  3317,  9920, 10864, 10160,  9003,
        9911,  2845,  6963,  6756,  7175, 10244,    78,  5929,  8415,
        9559,  3007, 11433,  1354, 10342, 12255,  3584,  9770,  5076,
       11109,   354,  7287,  9064,   924,  3445,   586,   433,  2626,
         150,  4677, 11719, 10382,  5255,  9058,  5012, 11980,  2767,
        2694, 10107,  4041,  3855, 12474, 10309, 11575, 11434, 12602,
        5226,  8643,   835,  7343,  9284,  6016,  1977, 11256, 10755,
       11376,  9346,  2324,  5217, 10310,  5931,  6295,  3004, 11461,
        7347,  2564,  4894,   651,  7106,  6123,  8109,  5120,  9078,
       11903,  7443,  6025,  8770,  8742,  4211,  5050, 12068,  9739,
        9978, 12071,  4011,  9657,  7712,   315,  4131,  2069,  4289,
       10942,  6682,  6006,  2800, 10393, 10874,  4769,  3226,  2867,
        9531,  2553,  9671,   978,  9607, 11880,  3778,  1625,  7942,
        3534,  8115,   224, 12377,  8050,  5634,  5088,  8512,  7678,
        6336,  9665,   698,   333,  4138,  8281,  8382,  8051,  6889,
       10145, 10796,  8756, 12001,  1592,  8913,  5486,   527, 11096,
        9674,  3272,   691,  5484,  6805, 11534,  2811,  2114,  9466,
        4096, 10629,  5707, 12485,  1566,  4654,  9425,  1724, 11877,
       12055, 11253,  2064,  9703,  4934,  7904, 10928,  1423,  3249,
        6078,   128,  8481, 12695,  3035, 11158,  4177,  8888,  8868,
         882,  7652,  9927, 10099,  9586, 12318,  5986,  4510,   423,
         706,  1346,  3654, 10104,  7766, 10645,  2937,  5026, 12889,
       12012,   928,  2599,  5145,  4383,  6888,  3136, 12231,  7553,
        1558,  3550,  9620,  5926, 11063,  1053,  8750,   366, 11294,
        7275,   914,  5386, 12199, 12516,  4097,  7256,  6996,  8962,
        8803,  1936,  9781,  9893]), 'early_stop': 0.0}
    ep0 loss=0.528 err=39.412 within15=0.252 sel=-41.316 (22s)
    ep1 loss=0.399 err=40.055 within15=0.288 sel=-38.664 (45s)
    ep2 loss=0.345 err=38.301 within15=0.309 sel=-36.448 (67s)
    ep3 loss=0.250 err=40.060 within15=0.250 sel=-38.904 (89s)
    ep4 loss=0.196 err=38.090 within15=0.296 sel=-37.935 (112s)
    ep5 loss=0.059 err=37.922 within15=0.292 sel=-37.216 (134s)
    ep6 loss=0.009 err=37.562 within15=0.292 sel=-36.904 (156s)
    ep7 loss=0.004 err=37.017 within15=0.299 sel=-36.719 (178s)
    ep8 loss=0.003 err=37.476 within15=0.293 sel=-36.433 (200s)
    ep9 loss=0.002 err=36.207 within15=0.310 sel=-36.435 (222s)
    ep10 loss=0.002 err=37.109 within15=0.303 sel=-35.420 (244s)
    ep11 loss=0.001 err=37.142 within15=0.304 sel=-35.493 (267s)
    ep12 loss=0.001 err=36.822 within15=0.315 sel=-35.603 (289s)
    ep13 loss=0.001 err=37.880 within15=0.298 sel=-36.213 (311s)
    ep14 loss=0.001 err=37.570 within15=0.300 sel=-35.721 (333s)
    ep15 loss=0.001 err=36.936 within15=0.303 sel=-35.701 (355s)
    ep16 loss=0.001 err=37.173 within15=0.307 sel=-35.877 (377s)
    ep17 loss=0.001 err=37.468 within15=0.309 sel=-35.265 (400s)
    ep18 loss=0.001 err=37.169 within15=0.315 sel=-35.767 (422s)
    ep19 loss=0.000 err=37.073 within15=0.297 sel=-35.463 (444s)
    ep20 loss=0.000 err=36.919 within15=0.314 sel=-35.585 (466s)
    ep21 loss=0.000 err=37.660 within15=0.300 sel=-35.684 (488s)
    ep22 loss=0.000 err=36.299 within15=0.319 sel=-35.894 (511s)
    ep23 loss=0.000 err=36.958 within15=0.314 sel=-35.154 (533s)
    ep24 loss=0.000 err=37.052 within15=0.312 sel=-35.585 (553s)
    ep25 loss=0.000 err=36.953 within15=0.311 sel=-35.591 (575s)
    ep26 loss=0.000 err=37.595 within15=0.302 sel=-35.969 (597s)
    ep27 loss=0.000 err=37.398 within15=0.308 sel=-35.259 (620s)
    ep28 loss=0.000 err=36.649 within15=0.318 sel=-35.217 (642s)
    ep29 loss=0.000 err=37.281 within15=0.303 sel=-35.737 (664s)
    test-time averaging: err_avg8=37.551 err_avg32=37.166
  -> ts_iv_6-4: err=36.958 within15=0.314 err_modD=36.807 loss=0.000 sel_metric=-35.154 val_at_last_epoch=37.281 err_avg8=37.551 err_avg32=37.166 best_epoch=23 params=16891938 667s
    train_scan=5-6 n_train=140 test on the other scans n_test=2342
[ts_is_5-6] func_is oricirc n_neurons=5287 split_seed=0 bins=0 {'dim': 512, 'layers': 8, 'epochs': 30, 'batch': 64, 'seed': 0, 'rel_bias': True, 'device': 'cuda', 'pops_per_epoch': 5000, 'n': 128, 'sel_reps': 1, 'cover_groups': <StringArray>
['4-7', '6-6', '7-5', '6-4', '9-4', '7-3', '6-2', '5-6', '6-4', '7-5',
 ...
 '5-7', '9-3', '5-6', '5-7', '8-5', '4-7', '6-6', '7-3', '5-6', '7-3']
Length: 12894, dtype: str, 'sel_idx': array([ 5815,  7600,  4157,  3702,  8732,  1147, 11747,   397, 12215,
        7604, 10151,  2424,  2283,  2377,  9427, 10221, 10534,  1710,
        1461,  7227,  6731, 11562,  4002,  1757,   523,  5927,  5585,
        2640, 10437, 12672,  9007, 10379,    28, 10877,  1571,  1529,
        6507,   296, 11236,  4533,  1328,  3463,  1666,  9051,   981,
        5764,  9872,  2242,  6088,   301,   250,  8172,  3464, 12568,
        1929,  6157,  2964,  3140,  8805,  8871,  3906,  1063,  1241,
        1569,  8781,  3031,   652,  8153,  9917, 11173,  2223,  8378,
       11480, 10420,   504,  4551,  3739, 11680,  8011,  8202, 10291,
        9810,   946, 11999,  4947,  9038,  1675,  9208,  7956,  8269,
        4440,  3768,  6278,  7099,  8884, 10116,  7094,  3602,  4321,
        1696,  2941,  9240,  8771,  6035,  8293,  3655,  8788, 10292,
        7845,  8077,  4912, 12518, 12171, 12221,  5889,  4380,  2379,
       10101,  7806,  4036,  2307,  9859,  3814,  2445,  2131, 11513,
        3201,  7868, 12513,  9282,   343,  3019,  7193,  5956,  5802,
       10214,  7610, 11842,  3705, 11660,  9342,   930, 12370,  1057,
        1792,  5060, 10233,  2550,  5928,  4475,  4080, 10134, 10557,
        8663,  5465, 10092,  9024,  3058, 10290,   102,  3517,  1900,
        9168,   887, 11009, 12512,  6489,   681, 10167,  7929,  7662,
       10209,  4022,  5279,  3765,  6825,  8836,  6449,  1906,   442,
        9242,  8444, 12581,   494,  3022,  1201, 11416,  1621,  4176,
        7511,   801, 12523,  5102,   820,  3239,  4188,  8513, 11114,
        5402,  1118,  8645,  8670,   411, 11016,   336, 11453,  6093,
        2685,  8661,  1567, 11115, 11828,   589,  5083, 10203,  6901,
        4683, 11017,  1133,  1177,  9597, 10964,   853,  6140,  3693,
        6250,  1055,  1807,  4617,  8007,  7953,  4199,  4913, 11827,
        5999,  9349,  2241, 11620, 11385,  7778, 10266,  8483,  1099,
         311,  1161,  9710,  8526,  8581,  8988,  8047,  6878,  4793,
       11151, 11318,  6993,  2459,   318,  9909,   658,  3980,  9647,
        2287,  3235,  4885,  7188,  5214,  5899,  1971,  9493,  6514,
       11870,   892, 12530,  2011,  8128,  1101, 10105,   132,  3888,
         394,  1582, 12086,  2958, 10448, 11352, 10131,  5893,  7575,
        7882,  2628, 11577,  3427,  9913,  6831,  8775,  4919,  8146,
       10033,  9049,  1084,   425,  1432,  3134,  3541,  4255,  6304,
         174,  5250,  6579,  4156,  2412, 11255,  1874,  5353,  9214,
        5126,  6984,  1887, 10925,  6948,  8800, 10985, 10587,  6166,
        4213,   141,  7242,  1283, 10174,  5567, 12741,  7824,  3858,
        3086,  3755,  5043,  4316,  3695,  3754,  3407,   258,  4959,
        8899, 12595, 12881, 12213, 11286,  1035,  7153,  7598,   986,
        3385, 10828,  9747, 11602,  3072,  2608,   794,  1902,  5856,
        1180,    41,   259,   726,  1184,  9752, 11024,   461,  3661,
       12567, 10567,   572,    45,  2950, 12297,  5369, 11659,  9361,
        8419,  8889,     0,  8355, 11038,   447,   450,  2561,  8751,
        3891, 12245,  7619,  2023,  7033, 11271,  2255,  6774,  5315,
       10237,  9686,  1212, 12533,  4744, 12670, 11031,  7595,   647,
        7461,  8088,  6101,  5690, 12314,  3684,  9397,  8827,  3914,
        2041,   521,    89, 12696, 12369,  7681,  9085,   729,   488,
        3879,  3955, 11418,  9631, 10937,  8328,  1358, 12772, 11234,
        1751,    59,  5212,  3466,  2974,   912, 11272,   613,  1199,
        1794,   350,  4090,   816,  4537,  6567,   549,  7518,  1344,
        6498,  3083,  9283,  9691,   609,  5228,  4686, 12654,   134,
        9866,  8080,  2695,  3440, 11368,  5583,  4736, 11436,  1693,
        9997, 12052,  4356,  5442,  5619,  3467,   961,  3370, 12424,
        7456,   575,  9626,  3218, 12646,  7442,  4343,  7508,  3194,
        3142,  4907,  4546,  4175,   970,  2981, 10439,   542, 11054,
        7271,   470,   100,  4010,  3317,  8824,  9920, 10864, 10160,
        9003,  9911,  2845,  8686,  6963,  3172, 10244, 11137,  8415,
        3007,  3126,  9220, 11433,  1354, 10342,  9770,  5076,  9067,
       11109,  7459,  7287,  9064, 11768,   924,  3445,   586,  2626,
         150,  4677, 11719, 10382,  5255,  9058,  5012,   565, 11980,
        6144,   235,  3996,  3855, 11267,  8821, 12474, 11575,   785,
       11434,  5226,  7343, 10126,  9284,  6016,  1977, 10755,  1311,
       11376,  9346,  2324, 10310,  5931,  6295,  7347,  2564,  4894,
        6914,   651,  4642,  6123,  8109,  9078, 11903,  7443,  6025,
        3883,  8770,  6640,  8804,  9664,  6707, 12712,  4211,  5050,
         836, 12068,  9739,  8887, 12071,  9657,  7712, 10942,  5582,
        5823,  6682,  6006,  2800, 10393, 10874,  4769,  3226,  2553,
        2718,  9671,  9054, 10646,   978,   371,  9607, 11880,  1625,
        7942, 12866,  8115,  8100,   224,  1221, 12377,  8050,  5634,
        8512,   671,  5953,  7678,  6336,  6281,  9665, 11266,   333,
        1487,  8281,  8382,  6889, 10145, 10796,  8756, 12001,  1592,
        3377,  8913,  5486,  3075, 12322,  7546,  3272,  6805,  2989,
       11534, 10047,  6072,  2114,  9466,  4194,  7879,  9402,  4096,
        3048, 10629,  5707, 12485,  8167,  1566,  9425,  1724, 11877,
       12055, 11253,  2064,  9703,  7904, 10928,  6403,  1350,   346,
         128, 10725, 12695,  3035, 11158,  4177,  8888,  8868,   882,
        7652,  9927, 11635, 10099,  9586,  1429, 12318, 11412,  5986,
         423,  9566, 10104,   435, 10645,  2937,  8074,  5026, 12889,
       12012,   928,  5145,  4383,  6888, 12231,  7553,   880,  1558,
        9348,  3550,  9620,  8206, 11063,  1053,   203,  8750,   366,
       11294,  7275,  7657,  5386, 12516,  7256,  6996,  8962,  9781,
        4171,  4780]), 'early_stop': 0.0}
    ep0 loss=0.524 err=46.360 within15=0.193 sel=-44.831 (18s)
    ep1 loss=0.393 err=43.525 within15=0.236 sel=-41.627 (41s)
    ep2 loss=0.363 err=43.441 within15=0.233 sel=-43.267 (63s)
    ep3 loss=0.363 err=41.807 within15=0.245 sel=-42.495 (85s)
    ep4 loss=0.242 err=44.215 within15=0.195 sel=-44.121 (107s)
    ep5 loss=0.128 err=45.725 within15=0.186 sel=-44.207 (129s)
    ep6 loss=0.022 err=45.248 within15=0.196 sel=-44.438 (151s)
    ep7 loss=0.006 err=45.329 within15=0.190 sel=-44.204 (174s)
    ep8 loss=0.004 err=45.164 within15=0.201 sel=-44.616 (196s)
    ep9 loss=0.002 err=45.435 within15=0.191 sel=-44.245 (218s)
    ep10 loss=0.002 err=45.390 within15=0.195 sel=-43.521 (240s)
    ep11 loss=0.001 err=45.354 within15=0.195 sel=-44.179 (262s)
    ep12 loss=0.001 err=45.766 within15=0.184 sel=-44.524 (284s)
    ep13 loss=0.001 err=45.832 within15=0.186 sel=-44.710 (306s)
    ep14 loss=0.001 err=44.874 within15=0.194 sel=-43.733 (329s)
    ep15 loss=0.001 err=45.492 within15=0.191 sel=-44.015 (351s)
    ep16 loss=0.001 err=45.730 within15=0.188 sel=-43.404 (373s)
    ep17 loss=0.001 err=44.915 within15=0.190 sel=-44.044 (395s)
    ep18 loss=0.000 err=44.981 within15=0.191 sel=-43.867 (417s)
    ep19 loss=0.000 err=45.762 within15=0.189 sel=-43.782 (437s)
    ep20 loss=0.000 err=45.447 within15=0.193 sel=-43.949 (459s)
    ep21 loss=0.000 err=46.074 within15=0.185 sel=-43.656 (481s)
    ep22 loss=0.000 err=45.586 within15=0.190 sel=-43.312 (504s)
    ep23 loss=0.000 err=45.471 within15=0.187 sel=-44.337 (526s)
    ep24 loss=0.000 err=45.258 within15=0.195 sel=-44.078 (548s)
    ep25 loss=0.000 err=45.584 within15=0.191 sel=-44.272 (570s)
    ep26 loss=0.000 err=46.017 within15=0.182 sel=-43.720 (592s)
    ep27 loss=0.000 err=45.680 within15=0.185 sel=-44.466 (614s)
    ep28 loss=0.000 err=45.867 within15=0.189 sel=-43.493 (636s)
    ep29 loss=0.000 err=45.632 within15=0.196 sel=-43.348 (658s)
    test-time averaging: err_avg8=42.859 err_avg32=43.172
  -> ts_is_5-6: err=43.525 within15=0.236 err_modD=42.713 loss=0.000 sel_metric=-41.627 val_at_last_epoch=45.632 err_avg8=42.859 err_avg32=43.172 best_epoch=1 params=16891938 662s
    train_scan=5-6 n_train=140 test on the other scans n_test=2342
[ts_iv_5-6] func_iv oricirc n_neurons=5287 split_seed=0 bins=0 {'dim': 512, 'layers': 8, 'epochs': 30, 'batch': 64, 'seed': 0, 'rel_bias': True, 'device': 'cuda', 'pops_per_epoch': 5000, 'n': 128, 'sel_reps': 1, 'cover_groups': <StringArray>
['4-7', '6-6', '7-5', '6-4', '9-4', '7-3', '6-2', '5-6', '6-4', '7-5',
 ...
 '5-7', '9-3', '5-6', '5-7', '8-5', '4-7', '6-6', '7-3', '5-6', '7-3']
Length: 12894, dtype: str, 'sel_idx': array([ 5815,  7600,  4157,  3702,  8732,  1147, 11747,   397, 12215,
        7604, 10151,  2424,  2283,  2377,  9427, 10221, 10534,  1710,
        1461,  7227,  6731, 11562,  4002,  1757,   523,  5927,  5585,
        2640, 10437, 12672,  9007, 10379,    28, 10877,  1571,  1529,
        6507,   296, 11236,  4533,  1328,  3463,  1666,  9051,   981,
        5764,  9872,  2242,  6088,   301,   250,  8172,  3464, 12568,
        1929,  6157,  2964,  3140,  8805,  8871,  3906,  1063,  1241,
        1569,  8781,  3031,   652,  8153,  9917, 11173,  2223,  8378,
       11480, 10420,   504,  4551,  3739, 11680,  8011,  8202, 10291,
        9810,   946, 11999,  4947,  9038,  1675,  9208,  7956,  8269,
        4440,  3768,  6278,  7099,  8884, 10116,  7094,  3602,  4321,
        1696,  2941,  9240,  8771,  6035,  8293,  3655,  8788, 10292,
        7845,  8077,  4912, 12518, 12171, 12221,  5889,  4380,  2379,
       10101,  7806,  4036,  2307,  9859,  3814,  2445,  2131, 11513,
        3201,  7868, 12513,  9282,   343,  3019,  7193,  5956,  5802,
       10214,  7610, 11842,  3705, 11660,  9342,   930, 12370,  1057,
        1792,  5060, 10233,  2550,  5928,  4475,  4080, 10134, 10557,
        8663,  5465, 10092,  9024,  3058, 10290,   102,  3517,  1900,
        9168,   887, 11009, 12512,  6489,   681, 10167,  7929,  7662,
       10209,  4022,  5279,  3765,  6825,  8836,  6449,  1906,   442,
        9242,  8444, 12581,   494,  3022,  1201, 11416,  1621,  4176,
        7511,   801, 12523,  5102,   820,  3239,  4188,  8513, 11114,
        5402,  1118,  8645,  8670,   411, 11016,   336, 11453,  6093,
        2685,  8661,  1567, 11115, 11828,   589,  5083, 10203,  6901,
        4683, 11017,  1133,  1177,  9597, 10964,   853,  6140,  3693,
        6250,  1055,  1807,  4617,  8007,  7953,  4199,  4913, 11827,
        5999,  9349,  2241, 11620, 11385,  7778, 10266,  8483,  1099,
         311,  1161,  9710,  8526,  8581,  8988,  8047,  6878,  4793,
       11151, 11318,  6993,  2459,   318,  9909,   658,  3980,  9647,
        2287,  3235,  4885,  7188,  5214,  5899,  1971,  9493,  6514,
       11870,   892, 12530,  2011,  8128,  1101, 10105,   132,  3888,
         394,  1582, 12086,  2958, 10448, 11352, 10131,  5893,  7575,
        7882,  2628, 11577,  3427,  9913,  6831,  8775,  4919,  8146,
       10033,  9049,  1084,   425,  1432,  3134,  3541,  4255,  6304,
         174,  5250,  6579,  4156,  2412, 11255,  1874,  5353,  9214,
        5126,  6984,  1887, 10925,  6948,  8800, 10985, 10587,  6166,
        4213,   141,  7242,  1283, 10174,  5567, 12741,  7824,  3858,
        3086,  3755,  5043,  4316,  3695,  3754,  3407,   258,  4959,
        8899, 12595, 12881, 12213, 11286,  1035,  7153,  7598,   986,
        3385, 10828,  9747, 11602,  3072,  2608,   794,  1902,  5856,
        1180,    41,   259,   726,  1184,  9752, 11024,   461,  3661,
       12567, 10567,   572,    45,  2950, 12297,  5369, 11659,  9361,
        8419,  8889,     0,  8355, 11038,   447,   450,  2561,  8751,
        3891, 12245,  7619,  2023,  7033, 11271,  2255,  6774,  5315,
       10237,  9686,  1212, 12533,  4744, 12670, 11031,  7595,   647,
        7461,  8088,  6101,  5690, 12314,  3684,  9397,  8827,  3914,
        2041,   521,    89, 12696, 12369,  7681,  9085,   729,   488,
        3879,  3955, 11418,  9631, 10937,  8328,  1358, 12772, 11234,
        1751,    59,  5212,  3466,  2974,   912, 11272,   613,  1199,
        1794,   350,  4090,   816,  4537,  6567,   549,  7518,  1344,
        6498,  3083,  9283,  9691,   609,  5228,  4686, 12654,   134,
        9866,  8080,  2695,  3440, 11368,  5583,  4736, 11436,  1693,
        9997, 12052,  4356,  5442,  5619,  3467,   961,  3370, 12424,
        7456,   575,  9626,  3218, 12646,  7442,  4343,  7508,  3194,
        3142,  4907,  4546,  4175,   970,  2981, 10439,   542, 11054,
        7271,   470,   100,  4010,  3317,  8824,  9920, 10864, 10160,
        9003,  9911,  2845,  8686,  6963,  3172, 10244, 11137,  8415,
        3007,  3126,  9220, 11433,  1354, 10342,  9770,  5076,  9067,
       11109,  7459,  7287,  9064, 11768,   924,  3445,   586,  2626,
         150,  4677, 11719, 10382,  5255,  9058,  5012,   565, 11980,
        6144,   235,  3996,  3855, 11267,  8821, 12474, 11575,   785,
       11434,  5226,  7343, 10126,  9284,  6016,  1977, 10755,  1311,
       11376,  9346,  2324, 10310,  5931,  6295,  7347,  2564,  4894,
        6914,   651,  4642,  6123,  8109,  9078, 11903,  7443,  6025,
        3883,  8770,  6640,  8804,  9664,  6707, 12712,  4211,  5050,
         836, 12068,  9739,  8887, 12071,  9657,  7712, 10942,  5582,
        5823,  6682,  6006,  2800, 10393, 10874,  4769,  3226,  2553,
        2718,  9671,  9054, 10646,   978,   371,  9607, 11880,  1625,
        7942, 12866,  8115,  8100,   224,  1221, 12377,  8050,  5634,
        8512,   671,  5953,  7678,  6336,  6281,  9665, 11266,   333,
        1487,  8281,  8382,  6889, 10145, 10796,  8756, 12001,  1592,
        3377,  8913,  5486,  3075, 12322,  7546,  3272,  6805,  2989,
       11534, 10047,  6072,  2114,  9466,  4194,  7879,  9402,  4096,
        3048, 10629,  5707, 12485,  8167,  1566,  9425,  1724, 11877,
       12055, 11253,  2064,  9703,  7904, 10928,  6403,  1350,   346,
         128, 10725, 12695,  3035, 11158,  4177,  8888,  8868,   882,
        7652,  9927, 11635, 10099,  9586,  1429, 12318, 11412,  5986,
         423,  9566, 10104,   435, 10645,  2937,  8074,  5026, 12889,
       12012,   928,  5145,  4383,  6888, 12231,  7553,   880,  1558,
        9348,  3550,  9620,  8206, 11063,  1053,   203,  8750,   366,
       11294,  7275,  7657,  5386, 12516,  7256,  6996,  8962,  9781,
        4171,  4780]), 'early_stop': 0.0}
    ep0 loss=0.543 err=36.099 within15=0.315 sel=-38.008 (22s)
    ep1 loss=0.418 err=44.101 within15=0.214 sel=-45.750 (45s)
    ep2 loss=0.374 err=34.670 within15=0.329 sel=-36.301 (67s)
    ep3 loss=0.296 err=37.836 within15=0.259 sel=-39.789 (89s)
    ep4 loss=0.226 err=39.015 within15=0.272 sel=-38.780 (111s)
    ep5 loss=0.074 err=37.683 within15=0.286 sel=-36.618 (133s)
    ep6 loss=0.008 err=38.437 within15=0.274 sel=-36.766 (156s)
    ep7 loss=0.004 err=37.929 within15=0.282 sel=-36.306 (178s)
    ep8 loss=0.003 err=38.364 within15=0.272 sel=-36.236 (200s)
    ep9 loss=0.002 err=38.193 within15=0.277 sel=-36.578 (222s)
    ep10 loss=0.001 err=39.232 within15=0.256 sel=-35.971 (244s)
    ep11 loss=0.001 err=38.814 within15=0.262 sel=-35.665 (267s)
    ep12 loss=0.001 err=38.387 within15=0.272 sel=-36.787 (289s)
    ep13 loss=0.001 err=38.130 within15=0.265 sel=-36.447 (311s)
    ep14 loss=0.001 err=38.502 within15=0.266 sel=-36.250 (331s)
    ep15 loss=0.001 err=38.483 within15=0.251 sel=-36.180 (353s)
    ep16 loss=0.001 err=39.204 within15=0.247 sel=-36.580 (376s)
    ep17 loss=0.001 err=38.921 within15=0.258 sel=-37.007 (398s)
    ep18 loss=0.001 err=38.916 within15=0.257 sel=-36.627 (420s)
    ep19 loss=0.000 err=38.751 within15=0.259 sel=-36.329 (442s)
    ep20 loss=0.000 err=38.279 within15=0.259 sel=-37.446 (464s)
    ep21 loss=0.000 err=38.078 within15=0.266 sel=-36.644 (486s)
    ep22 loss=0.000 err=38.074 within15=0.266 sel=-37.359 (509s)
    ep23 loss=0.000 err=38.802 within15=0.258 sel=-36.864 (531s)
    ep24 loss=0.000 err=38.852 within15=0.254 sel=-36.816 (553s)
    ep25 loss=0.000 err=38.548 within15=0.264 sel=-37.010 (575s)
    ep26 loss=0.000 err=39.021 within15=0.263 sel=-36.682 (597s)
    ep27 loss=0.000 err=39.008 within15=0.252 sel=-37.022 (620s)
    ep28 loss=0.000 err=38.906 within15=0.249 sel=-36.672 (642s)
    ep29 loss=0.000 err=38.544 within15=0.261 sel=-36.509 (664s)
    test-time averaging: err_avg8=39.135 err_avg32=38.270
  -> ts_iv_5-6: err=38.814 within15=0.262 err_modD=38.671 loss=0.000 sel_metric=-35.665 val_at_last_epoch=38.544 err_avg8=39.135 err_avg32=38.270 best_epoch=11 params=16891938 667s
    train_scan=4-7 n_train=140 test on the other scans n_test=2374
[ts_is_4-7] func_is oricirc n_neurons=5287 split_seed=0 bins=0 {'dim': 512, 'layers': 8, 'epochs': 30, 'batch': 64, 'seed': 0, 'rel_bias': True, 'device': 'cuda', 'pops_per_epoch': 5000, 'n': 128, 'sel_reps': 1, 'cover_groups': <StringArray>
['4-7', '6-6', '7-5', '6-4', '9-4', '7-3', '6-2', '5-6', '6-4', '7-5',
 ...
 '5-7', '9-3', '5-6', '5-7', '8-5', '4-7', '6-6', '7-3', '5-6', '7-3']
Length: 12894, dtype: str, 'sel_idx': array([ 5815,  1367,  4157,  3702,  8732,  8247, 11402,  2458,  2697,
       10422,  3222,  9001, 10151,  2424,  1237,  2377,  6028,  5599,
        9427, 10221,  2712, 10534,  6731,  9274, 12380,  4002,  5927,
        5585,  2640,  9007, 10379,    28, 10556,  4154, 10877,  6507,
       11236,   454,  4533,  1328, 12343,  8539,  3453,  1666,  6217,
        9051,   981, 12657,  9872,  1920,  2242,  4007,   301,   250,
        5485,  3642,  3973,  1929,  3807,  2964,  3140,  8805,  8871,
        4078,  3906,  1063,  8878,  8781,  3031,   652,  9917, 11173,
        2223,  8378, 11480,   504,  4551, 11680,  4516,   506,   946,
        2969,  4947,  1675,  3968,  1130, 10825,  9208,  2957,  7956,
        8269,  4440,  3768,  6278,  7099,  2832,  3840,  1660,  7094,
        3602,  1696,  9240,  8771,  7126,  3655,  8788, 10292,  7845,
        8640,  4912,  9725, 12518, 12171, 11893, 12221,  5889,  4380,
        2379, 10101,  7806,  4036,  2307,  9859,  3814, 11513,  3201,
        4269, 12513,  9282,  5956,  5802,  9784,  5007, 10214, 11842,
        3705, 11864,  9342,  7324,  1792,  1369,  5928,  1293,  9487,
        4080, 10134, 10398,  5465,  9024,  4730,  5464,   102,  1900,
       10836, 11009,   681,   121, 10167,  7929,  7662, 10209,  4022,
        5279,  3765, 12515,  6825,  8836,   442,  8296,  9242,  8444,
        1469,   494,  5936,  7844, 12354, 11416,  1621,  3001,  9331,
         801,   254, 12523,  5102,   820,  3239,  4429,  8513,  3045,
       11114,  5402,  3969, 11016,  7686,   336, 11453,  6093,  8661,
        2910, 12684, 11115,  6486,  4856,  9960,  7968,   589,  5083,
       10203,  7805,  1782,  1177,  9597,   853,  6250,  1055,  7522,
       12481,  1807,  4617,  8007,  7953, 12197,  4913,  5999,  2241,
       11620,  8729,  7778,  3484,  8483,  1099,  8682,  3350, 12642,
        1161,  3373,  9710,  8526,  8047,  6878, 11550,  4793, 11151,
       11318,  6993,  2459, 12510,   318,  9909,   658,  3980,  2864,
        9647,  6508,   437,  2287,  4885,  9105,  5416,  7188,  5214,
        2466,  5899,  1971,  1680, 11870,  8863,   892, 12530,  2011,
        2196,  3809,  1101, 10105, 10447,  3888,  4348,   394,  1582,
       12086, 12105,  4541, 11352, 10131,  5893,  7575,  2628,  3427,
        7672, 11560,  9913,  8139,  6831,  4919,  8146, 10033,  1084,
        3635, 11888,  4767,  1432,  5363,  3134,  3541,  4255, 12791,
        6304,  4692, 11300, 11648,  3792,  6579,  5857, 11581,  8254,
       10583,  5353,  9214,  5126,  6894,  1887, 10925,  4725,  8587,
        6948,  3563, 10985,  6166,  4213, 11551, 11726,   141,  9153,
        7242,  1283, 10174,  8540,  2121,  3043,  4316,  3695,  3130,
        9682,  9341,  3407,   904,   258,  4959,  8899, 11136, 12881,
        8852, 12660, 11286,  4030,  1035,  8402,  7598,  7756,  6125,
        3982,   986,  8110,  4592,  3385, 10828,  9747,  5906, 11602,
        1111,  3072,   794,  1180,   726,   140,  3942,  9752, 12244,
       11024,  7129,   461,  3661, 12567, 10567,   572,  2421,  2950,
       11707,  5369,  8419,  3598,  2705,  4342, 11038,   447,   450,
        2561, 10910,  3891,  1321,  7001, 12245,  7619, 11197,  2023,
        5438, 11271,  2255,  9580,  5315,  3254,  1601, 10444,  1212,
       12533,  4744, 12670, 11031,  7595,   647,   381,  7461,  8088,
        6101,  5690,  3684,  9016,  9397,  8827,  3914,  2041,    89,
        1713, 12696,  7681,  1671,  3955, 11418, 11907,  9631,  6391,
       10937,  8328,  1358,  8946,  6610, 12772,  1751,  5212,  6887,
        3466,  8373, 11272,   613,  8676,  1199,   350,  4090,  3410,
         816,  4537,  6567,  7518,  1344, 10080,  9283,  9691,  4055,
        7439, 10404,   609,  5228, 12654,   326,  9866,  8080,  9715,
       11368,  5583,  4736,  3827, 11587,   113,  1693,  9997,  4562,
        4356,  5619,  3467,   961,  4419, 12424,  7456,  3218, 12218,
       12058,  7749,  2478,  4907,  9876,  4546,  4175,   970,  2981,
       12839, 11054,  7271,   470,  3204,  8698, 11589,  2389,   100,
        4010,  3317,  8824,  9920,  4709,  9003,  4084,  9911,  8260,
        8686,  1969, 12382,  3172, 11137,  8415,  3007,  3126,  9220,
        6107,  1354, 10342,  2054,  3675,  3764,  9067, 11109,  7459,
       11588,  9064, 11768,  3445,   107,  2626,   150,  3324,  4677,
       11719,  2153, 10382,  5255,  9519,  5012,   565,  6144,   235,
        2594,  3996, 11267, 11634,  6757,  8821, 11580,  2521,  4988,
        8347, 11575,   785,  3193,  1149,  1602, 10304, 10126,  6016,
        1977,  9815, 10317,  1311,  9206,  5380, 10310,  5931,  3399,
        6295,    85,   754,  4894,  6914,  4642,  9078, 11903,  7443,
        6025,  3883,  5950,  6640,  6879,  8804,  9664,  6707, 12712,
        4211,  5050,   836, 12068,  9739,  8887, 12071,  9657,  3500,
        9224,  8843,  5582,  5823,  6220,  4954,  2103, 10393,  2709,
        6518,  4769,  2718,  9671,  9054,  2109, 10646,   978,  3406,
         371,  1625,  7942,  4159, 12866,  8115,  8100,  5474,  2370,
        1221,  6176,   671,  5953, 12880,  7678,  6336,  6281,  9665,
       11266,  1487,  8281,  8591, 10145,  1592,  3377,  4141, 12057,
        3075, 12322,  6536,  7546,  1972, 10502,  2989,  6927, 11534,
       10047,  6072,  9466,  4194,  7879,  9402,  3048, 10629,  5707,
       12485,  8167,  3266,  5919,  5973,  1724, 12055,  2064,  9703,
       10023,  5454,  1286,  7904,  6403,  4247,  1350,   346,    99,
       11623, 10182, 10725,  4076,  3344,  3035, 11158,  9879,  4177,
        8888,  2358, 11635, 11011, 10099,  9586,  1429,  8714, 11412,
        5986,  9566, 10104,   435, 10645,  2937,  8074, 12012,   928,
        5145,  4490,  4462,  8721,   880,  9348,  8206, 11063,  1053,
        7142,   203,  8750,   366,  7275,   813,  7657,  4430,  8962,
        9781,  4171,  4780,  7775]), 'early_stop': 0.0}
    ep0 loss=0.551 err=47.428 within15=0.120 sel=-46.657 (22s)
    ep1 loss=0.482 err=41.171 within15=0.157 sel=-43.403 (45s)
    ep2 loss=0.391 err=38.815 within15=0.302 sel=-41.408 (68s)
    ep3 loss=0.344 err=41.678 within15=0.235 sel=-44.161 (90s)
    ep4 loss=0.315 err=38.150 within15=0.295 sel=-40.302 (112s)
    ep5 loss=0.201 err=37.881 within15=0.263 sel=-37.495 (134s)
    ep6 loss=0.062 err=38.633 within15=0.256 sel=-40.678 (156s)
    ep7 loss=0.012 err=39.173 within15=0.255 sel=-39.938 (179s)
    ep8 loss=0.005 err=39.858 within15=0.244 sel=-40.112 (201s)
    ep9 loss=0.003 err=39.087 within15=0.247 sel=-38.768 (221s)
    ep10 loss=0.002 err=38.487 within15=0.256 sel=-39.337 (243s)
    ep11 loss=0.002 err=39.294 within15=0.241 sel=-39.735 (265s)
    ep12 loss=0.002 err=38.687 within15=0.259 sel=-39.348 (288s)
    ep13 loss=0.001 err=38.806 within15=0.252 sel=-38.784 (310s)
    ep14 loss=0.001 err=38.219 within15=0.249 sel=-39.285 (332s)
    ep15 loss=0.001 err=39.091 within15=0.254 sel=-38.461 (355s)
    ep16 loss=0.001 err=38.347 within15=0.265 sel=-38.672 (377s)
    ep17 loss=0.001 err=38.630 within15=0.251 sel=-39.347 (400s)
    ep18 loss=0.001 err=38.468 within15=0.249 sel=-40.422 (422s)
    ep19 loss=0.001 err=39.887 within15=0.244 sel=-39.358 (444s)
    ep20 loss=0.001 err=38.232 within15=0.256 sel=-37.993 (467s)
    ep21 loss=0.001 err=38.247 within15=0.258 sel=-39.369 (489s)
    ep22 loss=0.000 err=38.289 within15=0.258 sel=-39.098 (511s)
    ep23 loss=0.000 err=38.487 within15=0.253 sel=-39.655 (534s)
    ep24 loss=0.000 err=38.452 within15=0.263 sel=-38.949 (556s)
    ep25 loss=0.000 err=38.469 within15=0.266 sel=-38.008 (578s)
    ep26 loss=0.000 err=38.578 within15=0.262 sel=-39.607 (601s)
    ep27 loss=0.000 err=38.478 within15=0.250 sel=-39.961 (623s)
    ep28 loss=0.000 err=38.590 within15=0.259 sel=-38.810 (646s)
    ep29 loss=0.000 err=38.075 within15=0.268 sel=-39.153 (668s)
    test-time averaging: err_avg8=37.595 err_avg32=37.835
  -> ts_is_4-7: err=37.881 within15=0.263 err_modD=37.143 loss=0.000 sel_metric=-37.495 val_at_last_epoch=38.075 err_avg8=37.595 err_avg32=37.835 best_epoch=5 params=16891938 671s
    train_scan=4-7 n_train=140 test on the other scans n_test=2374
[ts_iv_4-7] func_iv oricirc n_neurons=5287 split_seed=0 bins=0 {'dim': 512, 'layers': 8, 'epochs': 30, 'batch': 64, 'seed': 0, 'rel_bias': True, 'device': 'cuda', 'pops_per_epoch': 5000, 'n': 128, 'sel_reps': 1, 'cover_groups': <StringArray>
['4-7', '6-6', '7-5', '6-4', '9-4', '7-3', '6-2', '5-6', '6-4', '7-5',
 ...
 '5-7', '9-3', '5-6', '5-7', '8-5', '4-7', '6-6', '7-3', '5-6', '7-3']
Length: 12894, dtype: str, 'sel_idx': array([ 5815,  1367,  4157,  3702,  8732,  8247, 11402,  2458,  2697,
       10422,  3222,  9001, 10151,  2424,  1237,  2377,  6028,  5599,
        9427, 10221,  2712, 10534,  6731,  9274, 12380,  4002,  5927,
        5585,  2640,  9007, 10379,    28, 10556,  4154, 10877,  6507,
       11236,   454,  4533,  1328, 12343,  8539,  3453,  1666,  6217,
        9051,   981, 12657,  9872,  1920,  2242,  4007,   301,   250,
        5485,  3642,  3973,  1929,  3807,  2964,  3140,  8805,  8871,
        4078,  3906,  1063,  8878,  8781,  3031,   652,  9917, 11173,
        2223,  8378, 11480,   504,  4551, 11680,  4516,   506,   946,
        2969,  4947,  1675,  3968,  1130, 10825,  9208,  2957,  7956,
        8269,  4440,  3768,  6278,  7099,  2832,  3840,  1660,  7094,
        3602,  1696,  9240,  8771,  7126,  3655,  8788, 10292,  7845,
        8640,  4912,  9725, 12518, 12171, 11893, 12221,  5889,  4380,
        2379, 10101,  7806,  4036,  2307,  9859,  3814, 11513,  3201,
        4269, 12513,  9282,  5956,  5802,  9784,  5007, 10214, 11842,
        3705, 11864,  9342,  7324,  1792,  1369,  5928,  1293,  9487,
        4080, 10134, 10398,  5465,  9024,  4730,  5464,   102,  1900,
       10836, 11009,   681,   121, 10167,  7929,  7662, 10209,  4022,
        5279,  3765, 12515,  6825,  8836,   442,  8296,  9242,  8444,
        1469,   494,  5936,  7844, 12354, 11416,  1621,  3001,  9331,
         801,   254, 12523,  5102,   820,  3239,  4429,  8513,  3045,
       11114,  5402,  3969, 11016,  7686,   336, 11453,  6093,  8661,
        2910, 12684, 11115,  6486,  4856,  9960,  7968,   589,  5083,
       10203,  7805,  1782,  1177,  9597,   853,  6250,  1055,  7522,
       12481,  1807,  4617,  8007,  7953, 12197,  4913,  5999,  2241,
       11620,  8729,  7778,  3484,  8483,  1099,  8682,  3350, 12642,
        1161,  3373,  9710,  8526,  8047,  6878, 11550,  4793, 11151,
       11318,  6993,  2459, 12510,   318,  9909,   658,  3980,  2864,
        9647,  6508,   437,  2287,  4885,  9105,  5416,  7188,  5214,
        2466,  5899,  1971,  1680, 11870,  8863,   892, 12530,  2011,
        2196,  3809,  1101, 10105, 10447,  3888,  4348,   394,  1582,
       12086, 12105,  4541, 11352, 10131,  5893,  7575,  2628,  3427,
        7672, 11560,  9913,  8139,  6831,  4919,  8146, 10033,  1084,
        3635, 11888,  4767,  1432,  5363,  3134,  3541,  4255, 12791,
        6304,  4692, 11300, 11648,  3792,  6579,  5857, 11581,  8254,
       10583,  5353,  9214,  5126,  6894,  1887, 10925,  4725,  8587,
        6948,  3563, 10985,  6166,  4213, 11551, 11726,   141,  9153,
        7242,  1283, 10174,  8540,  2121,  3043,  4316,  3695,  3130,
        9682,  9341,  3407,   904,   258,  4959,  8899, 11136, 12881,
        8852, 12660, 11286,  4030,  1035,  8402,  7598,  7756,  6125,
        3982,   986,  8110,  4592,  3385, 10828,  9747,  5906, 11602,
        1111,  3072,   794,  1180,   726,   140,  3942,  9752, 12244,
       11024,  7129,   461,  3661, 12567, 10567,   572,  2421,  2950,
       11707,  5369,  8419,  3598,  2705,  4342, 11038,   447,   450,
        2561, 10910,  3891,  1321,  7001, 12245,  7619, 11197,  2023,
        5438, 11271,  2255,  9580,  5315,  3254,  1601, 10444,  1212,
       12533,  4744, 12670, 11031,  7595,   647,   381,  7461,  8088,
        6101,  5690,  3684,  9016,  9397,  8827,  3914,  2041,    89,
        1713, 12696,  7681,  1671,  3955, 11418, 11907,  9631,  6391,
       10937,  8328,  1358,  8946,  6610, 12772,  1751,  5212,  6887,
        3466,  8373, 11272,   613,  8676,  1199,   350,  4090,  3410,
         816,  4537,  6567,  7518,  1344, 10080,  9283,  9691,  4055,
        7439, 10404,   609,  5228, 12654,   326,  9866,  8080,  9715,
       11368,  5583,  4736,  3827, 11587,   113,  1693,  9997,  4562,
        4356,  5619,  3467,   961,  4419, 12424,  7456,  3218, 12218,
       12058,  7749,  2478,  4907,  9876,  4546,  4175,   970,  2981,
       12839, 11054,  7271,   470,  3204,  8698, 11589,  2389,   100,
        4010,  3317,  8824,  9920,  4709,  9003,  4084,  9911,  8260,
        8686,  1969, 12382,  3172, 11137,  8415,  3007,  3126,  9220,
        6107,  1354, 10342,  2054,  3675,  3764,  9067, 11109,  7459,
       11588,  9064, 11768,  3445,   107,  2626,   150,  3324,  4677,
       11719,  2153, 10382,  5255,  9519,  5012,   565,  6144,   235,
        2594,  3996, 11267, 11634,  6757,  8821, 11580,  2521,  4988,
        8347, 11575,   785,  3193,  1149,  1602, 10304, 10126,  6016,
        1977,  9815, 10317,  1311,  9206,  5380, 10310,  5931,  3399,
        6295,    85,   754,  4894,  6914,  4642,  9078, 11903,  7443,
        6025,  3883,  5950,  6640,  6879,  8804,  9664,  6707, 12712,
        4211,  5050,   836, 12068,  9739,  8887, 12071,  9657,  3500,
        9224,  8843,  5582,  5823,  6220,  4954,  2103, 10393,  2709,
        6518,  4769,  2718,  9671,  9054,  2109, 10646,   978,  3406,
         371,  1625,  7942,  4159, 12866,  8115,  8100,  5474,  2370,
        1221,  6176,   671,  5953, 12880,  7678,  6336,  6281,  9665,
       11266,  1487,  8281,  8591, 10145,  1592,  3377,  4141, 12057,
        3075, 12322,  6536,  7546,  1972, 10502,  2989,  6927, 11534,
       10047,  6072,  9466,  4194,  7879,  9402,  3048, 10629,  5707,
       12485,  8167,  3266,  5919,  5973,  1724, 12055,  2064,  9703,
       10023,  5454,  1286,  7904,  6403,  4247,  1350,   346,    99,
       11623, 10182, 10725,  4076,  3344,  3035, 11158,  9879,  4177,
        8888,  2358, 11635, 11011, 10099,  9586,  1429,  8714, 11412,
        5986,  9566, 10104,   435, 10645,  2937,  8074, 12012,   928,
        5145,  4490,  4462,  8721,   880,  9348,  8206, 11063,  1053,
        7142,   203,  8750,   366,  7275,   813,  7657,  4430,  8962,
        9781,  4171,  4780,  7775]), 'early_stop': 0.0}
    ep0 loss=0.526 err=38.483 within15=0.263 sel=-39.150 (22s)
    ep1 loss=0.459 err=37.248 within15=0.300 sel=-37.132 (45s)
    ep2 loss=0.451 err=36.632 within15=0.323 sel=-34.721 (68s)
    ep3 loss=0.373 err=42.533 within15=0.191 sel=-42.319 (91s)
    ep4 loss=0.299 err=40.958 within15=0.221 sel=-42.226 (111s)
    ep5 loss=0.133 err=41.829 within15=0.214 sel=-41.855 (133s)
    ep6 loss=0.017 err=41.797 within15=0.210 sel=-44.100 (155s)
    ep7 loss=0.006 err=40.863 within15=0.215 sel=-42.836 (178s)
    ep8 loss=0.004 err=40.758 within15=0.225 sel=-42.973 (200s)
    ep9 loss=0.003 err=41.924 within15=0.210 sel=-43.983 (222s)
    ep10 loss=0.002 err=40.991 within15=0.223 sel=-43.272 (245s)
    ep11 loss=0.002 err=40.747 within15=0.218 sel=-43.845 (267s)
    ep12 loss=0.001 err=40.789 within15=0.217 sel=-44.689 (289s)
    ep13 loss=0.001 err=41.300 within15=0.212 sel=-44.561 (312s)
    ep14 loss=0.001 err=41.728 within15=0.215 sel=-43.892 (334s)
    ep15 loss=0.001 err=41.399 within15=0.210 sel=-43.188 (357s)
    ep16 loss=0.001 err=41.174 within15=0.220 sel=-43.483 (379s)
    ep17 loss=0.001 err=41.507 within15=0.211 sel=-44.009 (401s)
    ep18 loss=0.001 err=41.225 within15=0.218 sel=-43.115 (424s)
    ep19 loss=0.001 err=40.591 within15=0.219 sel=-43.679 (446s)
    ep20 loss=0.001 err=40.863 within15=0.211 sel=-43.677 (468s)
    ep21 loss=0.001 err=41.448 within15=0.212 sel=-43.503 (491s)
    ep22 loss=0.000 err=41.325 within15=0.215 sel=-43.202 (513s)
    ep23 loss=0.000 err=41.455 within15=0.211 sel=-43.288 (536s)
    ep24 loss=0.000 err=41.151 within15=0.215 sel=-44.150 (558s)
    ep25 loss=0.000 err=40.939 within15=0.219 sel=-43.053 (580s)
    ep26 loss=0.000 err=41.621 within15=0.212 sel=-43.622 (603s)
    ep27 loss=0.000 err=41.469 within15=0.206 sel=-43.693 (625s)
    ep28 loss=0.000 err=41.247 within15=0.211 sel=-42.796 (647s)
    ep29 loss=0.000 err=41.271 within15=0.214 sel=-43.390 (668s)
    test-time averaging: err_avg8=36.922 err_avg32=36.543
  -> ts_iv_4-7: err=36.632 within15=0.323 err_modD=35.773 loss=0.000 sel_metric=-34.721 val_at_last_epoch=41.271 err_avg8=36.922 err_avg32=36.543 best_epoch=2 params=16891938 671s
[a_iv_17M_ori_s1] func_iv oricirc n_neurons=5287 split_seed=0 bins=0 {'input_mode': 'act', 'rel_bias': True, 'seed': 1, 'dim': 512, 'layers': 8, 'epochs': 30, 'batch': 64, 'device': 'cuda', 'early_stop': 0.2, 'sel_reps': 4, 'pops_per_epoch': 5000, 'n': 512}
    ep0 loss=0.224 err=22.569 within15=0.484 sel=-21.622 (73s)
    ep1 loss=0.017 err=22.965 within15=0.477 sel=-21.982 (136s)
    ep2 loss=0.022 err=21.666 within15=0.514 sel=-21.018 (198s)
    ep3 loss=0.003 err=21.823 within15=0.508 sel=-21.025 (261s)
    ep4 loss=0.002 err=21.820 within15=0.508 sel=-20.906 (323s)
    ep5 loss=0.002 err=21.702 within15=0.512 sel=-20.803 (385s)
    ep6 loss=0.002 err=21.787 within15=0.509 sel=-20.839 (443s)
    ep7 loss=0.001 err=21.661 within15=0.511 sel=-20.775 (505s)
    ep8 loss=0.001 err=21.692 within15=0.510 sel=-20.746 (568s)
    ep9 loss=0.001 err=21.554 within15=0.514 sel=-20.729 (630s)
    ep10 loss=0.001 err=21.498 within15=0.516 sel=-20.668 (692s)
    ep11 loss=0.001 err=21.498 within15=0.514 sel=-20.664 (754s)
    ep12 loss=0.001 err=21.483 within15=0.515 sel=-20.675 (812s)
    ep13 loss=0.000 err=21.459 within15=0.516 sel=-20.685 (874s)
    ep14 loss=0.000 err=21.465 within15=0.513 sel=-20.694 (936s)
    ep15 loss=0.000 err=21.440 within15=0.512 sel=-20.686 (998s)
    ep16 loss=0.000 err=21.465 within15=0.514 sel=-20.737 (1060s)
    ep17 loss=0.000 err=21.462 within15=0.514 sel=-20.706 (1122s)
    ep18 loss=0.000 err=21.475 within15=0.513 sel=-20.722 (1180s)
    ep19 loss=0.000 err=21.474 within15=0.515 sel=-20.726 (1241s)
    ep20 loss=0.000 err=21.468 within15=0.514 sel=-20.764 (1303s)
    ep21 loss=0.000 err=21.459 within15=0.514 sel=-20.754 (1365s)
    ep22 loss=0.000 err=21.465 within15=0.513 sel=-20.757 (1427s)
    ep23 loss=0.000 err=21.476 within15=0.514 sel=-20.764 (1489s)
    ep24 loss=0.000 err=21.473 within15=0.514 sel=-20.771 (1551s)
    ep25 loss=0.000 err=21.473 within15=0.512 sel=-20.769 (1609s)
    ep26 loss=0.000 err=21.474 within15=0.514 sel=-20.771 (1671s)
    ep27 loss=0.000 err=21.475 within15=0.514 sel=-20.770 (1733s)
    ep28 loss=0.000 err=21.475 within15=0.513 sel=-20.774 (1795s)
    ep29 loss=0.000 err=21.475 within15=0.513 sel=-20.773 (1857s)
    test-time averaging: err_avg8=21.497 err_avg32=21.502
  -> a_iv_17M_ori_s1: err=21.498 within15=0.514 err_modD=21.496 loss=0.000 sel_metric=-20.664 val_at_last_epoch=21.475 err_avg8=21.497 err_avg32=21.502 best_epoch=11 params=16886306 1860s
[a_is_17M_ori_s1] func_is oricirc n_neurons=5287 split_seed=0 bins=0 {'input_mode': 'act', 'rel_bias': True, 'seed': 1, 'dim': 512, 'layers': 8, 'epochs': 30, 'batch': 64, 'device': 'cuda', 'early_stop': 0.2, 'sel_reps': 4, 'pops_per_epoch': 5000, 'n': 512}
    ep0 loss=0.190 err=16.703 within15=0.608 sel=-16.767 (63s)
    ep1 loss=0.016 err=15.700 within15=0.643 sel=-15.961 (120s)
    ep2 loss=0.010 err=15.322 within15=0.648 sel=-15.391 (183s)
    ep3 loss=0.002 err=15.440 within15=0.646 sel=-15.954 (245s)
    ep4 loss=0.001 err=15.234 within15=0.654 sel=-15.588 (308s)
    ep5 loss=0.001 err=15.219 within15=0.654 sel=-15.612 (370s)
    ep6 loss=0.001 err=15.225 within15=0.653 sel=-15.637 (433s)
    ep7 loss=0.001 err=15.097 within15=0.655 sel=-15.518 (491s)
    ep8 loss=0.001 err=15.137 within15=0.654 sel=-15.609 (553s)
    ep9 loss=0.000 err=15.097 within15=0.654 sel=-15.493 (615s)
    ep10 loss=0.000 err=15.037 within15=0.655 sel=-15.445 (678s)
    ep11 loss=0.001 err=15.068 within15=0.657 sel=-15.489 (740s)
    ep12 loss=0.000 err=15.030 within15=0.657 sel=-15.453 (803s)
    ep13 loss=0.000 err=15.009 within15=0.654 sel=-15.438 (863s)
    ep14 loss=0.000 err=14.984 within15=0.654 sel=-15.397 (923s)
    ep15 loss=0.000 err=14.965 within15=0.655 sel=-15.380 (986s)
    ep16 loss=0.000 err=14.975 within15=0.657 sel=-15.372 (1048s)
    ep17 loss=0.000 err=14.996 within15=0.657 sel=-15.366 (1111s)
    ep18 loss=0.000 err=14.989 within15=0.658 sel=-15.373 (1174s)
    ep19 loss=0.000 err=14.990 within15=0.657 sel=-15.386 (1236s)
    ep20 loss=0.000 err=14.984 within15=0.657 sel=-15.383 (1294s)
    ep21 loss=0.000 err=14.987 within15=0.658 sel=-15.373 (1357s)
    ep22 loss=0.000 err=14.989 within15=0.657 sel=-15.382 (1419s)
    ep23 loss=0.000 err=14.993 within15=0.658 sel=-15.389 (1481s)
    ep24 loss=0.000 err=14.992 within15=0.658 sel=-15.385 (1544s)
    ep25 loss=0.000 err=14.996 within15=0.657 sel=-15.388 (1607s)
    ep26 loss=0.000 err=14.993 within15=0.657 sel=-15.386 (1664s)
    ep27 loss=0.000 err=14.994 within15=0.657 sel=-15.386 (1727s)
    ep28 loss=0.000 err=14.995 within15=0.658 sel=-15.387 (1789s)
    ep29 loss=0.000 err=14.995 within15=0.658 sel=-15.387 (1852s)
    test-time averaging: err_avg8=14.995 err_avg32=14.996
  -> a_is_17M_ori_s1: err=14.996 within15=0.657 err_modD=14.987 loss=0.000 sel_metric=-15.366 val_at_last_epoch=14.995 err_avg8=14.995 err_avg32=14.996 best_epoch=17 params=17087010 1855s
[lin_iv_ori_s1] func_iv oricirc n_neurons=5287 split_seed=0 bins=0 {'dim': 512, 'layers': 0, 'epochs': 30, 'batch': 64, 'seed': 1, 'n': 512, 'device': 'cuda', 'early_stop': 0.2, 'sel_reps': 4, 'pops_per_epoch': 5000, 'input_mode': 'act', 'rel_bias': False}
    ep0 loss=0.403 err=20.898 within15=0.520 sel=-20.430 (2s)
    ep1 loss=0.253 err=20.479 within15=0.537 sel=-19.986 (3s)
    ep2 loss=0.246 err=20.318 within15=0.542 sel=-20.251 (5s)
    ep3 loss=0.239 err=20.299 within15=0.541 sel=-19.988 (6s)
    ep4 loss=0.233 err=20.230 within15=0.540 sel=-20.161 (8s)
    ep5 loss=0.228 err=20.249 within15=0.540 sel=-20.063 (9s)
    ep6 loss=0.222 err=20.238 within15=0.539 sel=-20.251 (11s)
    ep7 loss=0.212 err=20.393 within15=0.530 sel=-20.492 (12s)
    ep8 loss=0.195 err=20.923 within15=0.525 sel=-20.852 (14s)
    ep9 loss=0.174 err=21.667 within15=0.508 sel=-21.691 (15s)
    ep10 loss=0.156 err=22.098 within15=0.498 sel=-22.100 (17s)
    ep11 loss=0.143 err=22.308 within15=0.500 sel=-21.915 (18s)
    ep12 loss=0.134 err=22.668 within15=0.490 sel=-22.673 (20s)
    ep13 loss=0.128 err=23.009 within15=0.484 sel=-22.979 (21s)
    ep14 loss=0.124 err=23.152 within15=0.485 sel=-23.483 (23s)
    ep15 loss=0.120 err=23.558 within15=0.478 sel=-23.918 (24s)
    ep16 loss=0.118 err=23.648 within15=0.479 sel=-24.118 (26s)
    ep17 loss=0.116 err=23.842 within15=0.475 sel=-24.330 (27s)
    ep18 loss=0.115 err=23.992 within15=0.478 sel=-24.349 (29s)
    ep19 loss=0.114 err=24.170 within15=0.474 sel=-24.436 (30s)
    ep20 loss=0.113 err=24.300 within15=0.470 sel=-24.469 (32s)
    ep21 loss=0.112 err=24.428 within15=0.470 sel=-24.581 (33s)
    ep22 loss=0.112 err=24.504 within15=0.467 sel=-24.654 (35s)
    ep23 loss=0.111 err=24.540 within15=0.466 sel=-24.716 (36s)
    ep24 loss=0.111 err=24.572 within15=0.467 sel=-24.789 (38s)
    ep25 loss=0.110 err=24.596 within15=0.466 sel=-24.789 (39s)
    ep26 loss=0.110 err=24.608 within15=0.466 sel=-24.849 (41s)
    ep27 loss=0.110 err=24.621 within15=0.465 sel=-24.846 (42s)
    ep28 loss=0.110 err=24.628 within15=0.467 sel=-24.831 (44s)
    ep29 loss=0.110 err=24.625 within15=0.467 sel=-24.833 (45s)
    test-time averaging: err_avg8=20.479 err_avg32=20.479
  -> lin_iv_ori_s1: err=20.479 within15=0.537 err_modD=20.478 loss=0.110 sel_metric=-19.986 val_at_last_epoch=24.625 err_avg8=20.479 err_avg32=20.479 best_epoch=1 params=64002 47s
[lin_is_ori_s1] func_is oricirc n_neurons=5287 split_seed=0 bins=0 {'dim': 512, 'layers': 0, 'epochs': 30, 'batch': 64, 'seed': 1, 'n': 512, 'device': 'cuda', 'early_stop': 0.2, 'sel_reps': 4, 'pops_per_epoch': 5000, 'input_mode': 'act', 'rel_bias': False}
    ep0 loss=0.258 err=16.893 within15=0.594 sel=-16.853 (2s)
    ep1 loss=0.122 err=15.955 within15=0.615 sel=-16.273 (4s)
    ep2 loss=0.104 err=15.801 within15=0.633 sel=-15.831 (6s)
    ep3 loss=0.086 err=15.924 within15=0.622 sel=-15.651 (8s)
    ep4 loss=0.072 err=16.289 within15=0.616 sel=-15.847 (10s)
    ep5 loss=0.063 err=16.539 within15=0.619 sel=-15.886 (12s)
    ep6 loss=0.058 err=16.732 within15=0.613 sel=-16.068 (14s)
    ep7 loss=0.055 err=16.931 within15=0.612 sel=-16.403 (16s)
    ep8 loss=0.053 err=17.195 within15=0.602 sel=-16.820 (18s)
    ep9 loss=0.050 err=17.504 within15=0.599 sel=-17.141 (20s)
    ep10 loss=0.049 err=17.739 within15=0.592 sel=-17.374 (22s)
    ep11 loss=0.048 err=17.982 within15=0.591 sel=-17.404 (23s)
    ep12 loss=0.047 err=18.251 within15=0.586 sel=-17.662 (25s)
    ep13 loss=0.046 err=18.412 within15=0.587 sel=-17.791 (27s)
    ep14 loss=0.045 err=18.474 within15=0.586 sel=-17.894 (29s)
    ep15 loss=0.045 err=18.657 within15=0.582 sel=-17.905 (31s)
    ep16 loss=0.044 err=18.809 within15=0.581 sel=-17.999 (33s)
    ep17 loss=0.044 err=18.917 within15=0.578 sel=-18.042 (35s)
    ep18 loss=0.043 err=18.968 within15=0.583 sel=-18.158 (37s)
    ep19 loss=0.043 err=19.023 within15=0.581 sel=-18.202 (39s)
    ep20 loss=0.043 err=19.050 within15=0.575 sel=-18.239 (41s)
    ep21 loss=0.043 err=19.112 within15=0.577 sel=-18.282 (43s)
    ep22 loss=0.042 err=19.172 within15=0.576 sel=-18.332 (45s)
    ep23 loss=0.042 err=19.179 within15=0.573 sel=-18.318 (47s)
    ep24 loss=0.042 err=19.211 within15=0.574 sel=-18.345 (48s)
    ep25 loss=0.042 err=19.240 within15=0.574 sel=-18.345 (49s)
    ep26 loss=0.042 err=19.233 within15=0.572 sel=-18.346 (50s)
    ep27 loss=0.042 err=19.238 within15=0.573 sel=-18.358 (51s)
    ep28 loss=0.042 err=19.244 within15=0.572 sel=-18.358 (51s)
    ep29 loss=0.042 err=19.245 within15=0.573 sel=-18.358 (52s)
    test-time averaging: err_avg8=15.924 err_avg32=15.924
  -> lin_is_ori_s1: err=15.924 within15=0.622 err_modD=15.924 loss=0.042 sel_metric=-15.651 val_at_last_epoch=19.245 err_avg8=15.924 err_avg32=15.924 best_epoch=3 params=264706 53s
[lin_iv_rf_s1] func_iv rf n_neurons=11326 split_seed=0 bins=0 {'dim': 512, 'layers': 0, 'epochs': 30, 'batch': 64, 'seed': 1, 'n': 512, 'device': 'cuda', 'early_stop': 0.2, 'sel_reps': 4, 'pops_per_epoch': 5000, 'input_mode': 'act', 'rel_bias': False}
    ep0 loss=0.856 r2=0.298 sel=0.284 (2s)
    ep1 loss=0.645 r2=0.314 sel=0.300 (3s)
    ep2 loss=0.632 r2=0.321 sel=0.307 (4s)
    ep3 loss=0.619 r2=0.325 sel=0.314 (6s)
    ep4 loss=0.605 r2=0.331 sel=0.316 (7s)
    ep5 loss=0.590 r2=0.335 sel=0.324 (8s)
    ep6 loss=0.564 r2=0.334 sel=0.326 (10s)
    ep7 loss=0.532 r2=0.325 sel=0.326 (11s)
    ep8 loss=0.501 r2=0.309 sel=0.314 (12s)
    ep9 loss=0.473 r2=0.293 sel=0.294 (14s)
    ep10 loss=0.450 r2=0.276 sel=0.276 (15s)
    ep11 loss=0.432 r2=0.260 sel=0.253 (16s)
    ep12 loss=0.418 r2=0.245 sel=0.237 (18s)
    ep13 loss=0.407 r2=0.234 sel=0.220 (19s)
    ep14 loss=0.398 r2=0.221 sel=0.204 (21s)
    ep15 loss=0.390 r2=0.205 sel=0.190 (22s)
    ep16 loss=0.383 r2=0.192 sel=0.176 (23s)
    ep17 loss=0.377 r2=0.181 sel=0.165 (25s)
    ep18 loss=0.372 r2=0.170 sel=0.153 (26s)
    ep19 loss=0.367 r2=0.159 sel=0.143 (27s)
    ep20 loss=0.364 r2=0.151 sel=0.135 (29s)
    ep21 loss=0.361 r2=0.143 sel=0.128 (30s)
    ep22 loss=0.358 r2=0.137 sel=0.120 (31s)
    ep23 loss=0.356 r2=0.132 sel=0.114 (33s)
    ep24 loss=0.355 r2=0.128 sel=0.112 (34s)
    ep25 loss=0.354 r2=0.126 sel=0.109 (35s)
    ep26 loss=0.353 r2=0.125 sel=0.108 (37s)
    ep27 loss=0.353 r2=0.123 sel=0.106 (38s)
    ep28 loss=0.353 r2=0.123 sel=0.106 (39s)
    ep29 loss=0.353 r2=0.123 sel=0.106 (41s)
    test-time averaging: r2_avg8=0.334 r2_avg32=0.334
  -> lin_iv_rf_s1: r2=0.334 loss=0.353 sel_metric=0.326 val_at_last_epoch=0.123 r2_avg8=0.334 r2_avg32=0.334 best_epoch=6 params=64002 42s
[lin_is_rf_s1] func_is rf n_neurons=11326 split_seed=0 bins=0 {'dim': 512, 'layers': 0, 'epochs': 30, 'batch': 64, 'seed': 1, 'n': 512, 'device': 'cuda', 'early_stop': 0.2, 'sel_reps': 4, 'pops_per_epoch': 5000, 'input_mode': 'act', 'rel_bias': False}
    ep0 loss=0.596 r2=0.628 sel=0.615 (2s)
    ep1 loss=0.272 r2=0.658 sel=0.647 (4s)
    ep2 loss=0.213 r2=0.676 sel=0.665 (6s)
    ep3 loss=0.168 r2=0.681 sel=0.665 (8s)
    ep4 loss=0.146 r2=0.684 sel=0.663 (10s)
    ep5 loss=0.134 r2=0.681 sel=0.660 (12s)
    ep6 loss=0.126 r2=0.678 sel=0.654 (13s)
    ep7 loss=0.122 r2=0.676 sel=0.656 (15s)
    ep8 loss=0.118 r2=0.673 sel=0.650 (17s)
    ep9 loss=0.115 r2=0.671 sel=0.648 (19s)
    ep10 loss=0.113 r2=0.668 sel=0.644 (21s)
    ep11 loss=0.112 r2=0.667 sel=0.643 (23s)
    ep12 loss=0.110 r2=0.664 sel=0.640 (25s)
    ep13 loss=0.109 r2=0.661 sel=0.636 (26s)
    ep14 loss=0.108 r2=0.659 sel=0.633 (28s)
    ep15 loss=0.107 r2=0.658 sel=0.633 (30s)
    ep16 loss=0.107 r2=0.655 sel=0.630 (32s)
    ep17 loss=0.106 r2=0.655 sel=0.629 (34s)
    ep18 loss=0.106 r2=0.653 sel=0.626 (36s)
    ep19 loss=0.105 r2=0.652 sel=0.624 (38s)
    ep20 loss=0.104 r2=0.651 sel=0.624 (39s)
    ep21 loss=0.104 r2=0.650 sel=0.623 (41s)
    ep22 loss=0.104 r2=0.649 sel=0.622 (43s)
    ep23 loss=0.103 r2=0.649 sel=0.622 (45s)
    ep24 loss=0.103 r2=0.649 sel=0.622 (47s)
    ep25 loss=0.103 r2=0.649 sel=0.621 (49s)
    ep26 loss=0.103 r2=0.648 sel=0.621 (51s)
    ep27 loss=0.103 r2=0.648 sel=0.621 (52s)
    ep28 loss=0.103 r2=0.648 sel=0.621 (54s)
