[syn5_cocorr_d0] synthetic count=0 sharp=0 stim=0 n=6000 T=120 {'n': 512, 'dim': 256, 'layers': 4, 'epochs': 20, 'batch': 64, 'seed': 0, 'rel_bias': True, 'device': 'cuda', 'early_stop': 0.2, 'sel_reps': 4, 'pops_per_epoch': 5000}
    ep0 loss=0.546 err=30.262 within15=0.317 sel=-47.932 (27s)
    ep1 loss=0.461 err=30.844 within15=0.324 sel=-31.726 (57s)
    ep2 loss=0.367 err=22.035 within15=0.363 sel=-23.205 (85s)
    ep3 loss=0.303 err=23.298 within15=0.340 sel=-22.701 (114s)
    ep4 loss=0.275 err=22.223 within15=0.363 sel=-23.095 (142s)
    ep5 loss=0.262 err=21.092 within15=0.375 sel=-21.541 (171s)
    ep6 loss=0.245 err=19.247 within15=0.425 sel=-22.061 (200s)
    ep7 loss=0.230 err=15.105 within15=0.537 sel=-15.137 (228s)
    ep8 loss=0.189 err=13.253 within15=0.644 sel=-8.876 (257s)
    ep9 loss=0.151 err=8.348 within15=0.847 sel=-6.090 (285s)
    ep10 loss=0.107 err=6.787 within15=0.928 sel=-5.682 (314s)
    ep11 loss=0.076 err=6.599 within15=0.944 sel=-4.983 (343s)
    ep12 loss=0.057 err=6.425 within15=0.951 sel=-4.458 (371s)
    ep13 loss=0.040 err=5.921 within15=0.964 sel=-4.432 (400s)
    ep14 loss=0.030 err=4.787 within15=0.985 sel=-4.520 (429s)
    ep15 loss=0.030 err=4.594 within15=0.991 sel=-4.464 (457s)
    ep16 loss=0.025 err=4.694 within15=0.990 sel=-4.329 (486s)
    ep17 loss=0.023 err=4.611 within15=0.993 sel=-4.650 (514s)
    ep18 loss=0.022 err=4.522 within15=0.991 sel=-4.520 (543s)
    ep19 loss=0.021 err=4.844 within15=0.986 sel=-4.487 (572s)
    test-time averaging: err_avg8=4.207 err_avg32=4.712
  -> syn5_cocorr_d0: err=4.69 err_modD=4.51 within15=0.990 best_epoch=16 574s
[syn5_cocorr_d1] synthetic count=0 sharp=0 stim=0 n=6000 T=120 {'n': 512, 'dim': 256, 'layers': 4, 'epochs': 20, 'batch': 64, 'seed': 1, 'rel_bias': True, 'device': 'cuda', 'early_stop': 0.2, 'sel_reps': 4, 'pops_per_epoch': 5000}
    ep0 loss=0.553 err=45.358 within15=0.174 sel=-41.543 (28s)
    ep1 loss=0.467 err=45.383 within15=0.226 sel=-42.052 (57s)
    ep2 loss=0.444 err=37.269 within15=0.233 sel=-29.375 (86s)
    ep3 loss=0.401 err=26.301 within15=0.412 sel=-30.973 (114s)
    ep4 loss=0.352 err=29.520 within15=0.307 sel=-24.000 (143s)
    ep5 loss=0.300 err=27.211 within15=0.325 sel=-28.975 (171s)
    ep6 loss=0.269 err=26.745 within15=0.343 sel=-28.549 (200s)
    ep7 loss=0.184 err=9.107 within15=0.808 sel=-15.339 (229s)
    ep8 loss=0.101 err=5.080 within15=0.965 sel=-14.696 (257s)
    ep9 loss=0.060 err=5.004 within15=0.974 sel=-13.891 (286s)
    ep10 loss=0.041 err=3.845 within15=0.992 sel=-5.560 (314s)
    ep11 loss=0.028 err=3.781 within15=0.996 sel=-5.728 (343s)
    ep12 loss=0.023 err=3.462 within15=0.996 sel=-7.084 (371s)
    ep13 loss=0.020 err=3.485 within15=0.997 sel=-3.505 (400s)
    ep14 loss=0.018 err=3.523 within15=0.998 sel=-3.246 (429s)
    ep15 loss=0.016 err=3.521 within15=0.998 sel=-3.412 (457s)
    ep16 loss=0.016 err=3.457 within15=0.998 sel=-3.351 (486s)
    ep17 loss=0.015 err=3.348 within15=0.998 sel=-3.470 (514s)
    ep18 loss=0.015 err=3.304 within15=0.999 sel=-3.513 (543s)
    ep19 loss=0.015 err=3.309 within15=0.998 sel=-3.540 (572s)
    test-time averaging: err_avg8=3.639 err_avg32=3.585
  -> syn5_cocorr_d1: err=3.52 err_modD=3.09 within15=0.998 best_epoch=14 574s
[syn5_cocorr_d2] synthetic count=0 sharp=0 stim=0 n=6000 T=120 {'n': 512, 'dim': 256, 'layers': 4, 'epochs': 20, 'batch': 64, 'seed': 2, 'rel_bias': True, 'device': 'cuda', 'early_stop': 0.2, 'sel_reps': 4, 'pops_per_epoch': 5000}
    ep0 loss=0.551 err=55.091 within15=0.082 sel=-46.368 (28s)
    ep1 loss=0.464 err=50.451 within15=0.212 sel=-43.233 (57s)
    ep2 loss=0.439 err=49.995 within15=0.113 sel=-44.320 (86s)
    ep3 loss=0.373 err=35.002 within15=0.247 sel=-21.242 (114s)
    ep4 loss=0.282 err=34.739 within15=0.240 sel=-20.756 (143s)
    ep5 loss=0.241 err=33.331 within15=0.263 sel=-13.976 (172s)
    ep6 loss=0.217 err=28.620 within15=0.297 sel=-10.406 (200s)
    ep7 loss=0.201 err=27.472 within15=0.295 sel=-10.964 (229s)
    ep8 loss=0.177 err=15.148 within15=0.557 sel=-10.300 (257s)
    ep9 loss=0.143 err=15.284 within15=0.507 sel=-8.398 (286s)
    ep10 loss=0.117 err=7.613 within15=0.921 sel=-4.526 (315s)
    ep11 loss=0.096 err=6.465 within15=0.954 sel=-3.412 (343s)
    ep12 loss=0.076 err=4.303 within15=0.992 sel=-3.847 (372s)
    ep13 loss=0.065 err=4.245 within15=0.992 sel=-3.929 (401s)
    ep14 loss=0.049 err=4.249 within15=0.993 sel=-4.004 (429s)
    ep15 loss=0.041 err=3.650 within15=0.997 sel=-3.442 (458s)
    ep16 loss=0.040 err=3.857 within15=0.997 sel=-3.813 (486s)
    ep17 loss=0.035 err=4.442 within15=0.994 sel=-3.742 (515s)
    ep18 loss=0.033 err=3.801 within15=0.997 sel=-3.661 (544s)
    ep19 loss=0.033 err=3.935 within15=0.997 sel=-3.734 (572s)
    test-time averaging: err_avg8=7.402 err_avg32=6.802
  -> syn5_cocorr_d2: err=6.47 err_modD=6.44 within15=0.954 best_epoch=11 575s
[syn5_cocorr_d3] synthetic count=0 sharp=0 stim=0 n=6000 T=120 {'n': 512, 'dim': 256, 'layers': 4, 'epochs': 20, 'batch': 64, 'seed': 3, 'rel_bias': True, 'device': 'cuda', 'early_stop': 0.2, 'sel_reps': 4, 'pops_per_epoch': 5000}
    ep0 loss=0.547 err=30.287 within15=0.310 sel=-44.209 (28s)
    ep1 loss=0.479 err=30.041 within15=0.378 sel=-25.821 (57s)
    ep2 loss=0.396 err=21.482 within15=0.378 sel=-23.823 (86s)
    ep3 loss=0.291 err=20.134 within15=0.433 sel=-24.173 (115s)
    ep4 loss=0.240 err=20.601 within15=0.519 sel=-25.033 (143s)
    ep5 loss=0.206 err=14.812 within15=0.584 sel=-23.531 (172s)
    ep6 loss=0.161 err=13.666 within15=0.626 sel=-16.420 (201s)
    ep7 loss=0.122 err=9.692 within15=0.811 sel=-25.210 (229s)
    ep8 loss=0.090 err=7.775 within15=0.907 sel=-6.795 (258s)
    ep9 loss=0.058 err=6.799 within15=0.937 sel=-5.920 (286s)
    ep10 loss=0.042 err=4.843 within15=0.993 sel=-4.069 (315s)
    ep11 loss=0.032 err=5.697 within15=0.978 sel=-5.236 (344s)
    ep12 loss=0.025 err=4.974 within15=0.988 sel=-5.011 (372s)
    ep13 loss=0.023 err=5.898 within15=0.978 sel=-6.289 (401s)
    ep14 loss=0.019 err=4.592 within15=0.994 sel=-4.563 (430s)
    ep15 loss=0.018 err=3.856 within15=0.997 sel=-3.634 (458s)
    ep16 loss=0.016 err=3.731 within15=0.998 sel=-3.733 (487s)
    ep17 loss=0.016 err=3.628 within15=0.999 sel=-3.446 (515s)
    ep18 loss=0.015 err=3.609 within15=0.999 sel=-3.528 (544s)
    ep19 loss=0.015 err=3.979 within15=0.998 sel=-3.518 (573s)
    test-time averaging: err_avg8=5.890 err_avg32=3.852
  -> syn5_cocorr_d3: err=3.63 err_modD=3.55 within15=0.999 best_epoch=17 575s
[syn5_cocorr_d4] synthetic count=0 sharp=0 stim=0 n=6000 T=120 {'n': 512, 'dim': 256, 'layers': 4, 'epochs': 20, 'batch': 64, 'seed': 4, 'rel_bias': True, 'device': 'cuda', 'early_stop': 0.2, 'sel_reps': 4, 'pops_per_epoch': 5000}
    ep0 loss=0.532 err=45.388 within15=0.082 sel=-31.074 (29s)
    ep1 loss=0.412 err=35.880 within15=0.269 sel=-28.216 (58s)
    ep2 loss=0.325 err=35.809 within15=0.232 sel=-9.985 (86s)
    ep3 loss=0.269 err=33.283 within15=0.266 sel=-11.203 (115s)
    ep4 loss=0.226 err=32.141 within15=0.270 sel=-8.047 (138s)
    ep5 loss=0.205 err=30.264 within15=0.295 sel=-10.139 (167s)
    ep6 loss=0.189 err=27.513 within15=0.317 sel=-9.900 (195s)
    ep7 loss=0.170 err=30.116 within15=0.295 sel=-9.581 (224s)
    ep8 loss=0.156 err=25.994 within15=0.302 sel=-6.878 (252s)
    ep9 loss=0.142 err=19.681 within15=0.391 sel=-9.892 (281s)
    ep10 loss=0.120 err=12.384 within15=0.657 sel=-16.023 (309s)
    ep11 loss=0.097 err=10.259 within15=0.764 sel=-18.829 (338s)
    ep12 loss=0.082 err=11.194 within15=0.732 sel=-13.542 (366s)
    ep13 loss=0.065 err=8.934 within15=0.861 sel=-12.961 (395s)
    ep14 loss=0.051 err=7.922 within15=0.908 sel=-11.526 (424s)
    ep15 loss=0.045 err=6.082 within15=0.974 sel=-10.028 (452s)
    ep16 loss=0.037 err=6.145 within15=0.972 sel=-11.666 (481s)
    ep17 loss=0.034 err=6.409 within15=0.956 sel=-11.347 (509s)
    ep18 loss=0.032 err=7.120 within15=0.940 sel=-12.976 (538s)
    ep19 loss=0.033 err=5.829 within15=0.979 sel=-12.534 (567s)
    test-time averaging: err_avg8=25.829 err_avg32=25.739
  -> syn5_cocorr_d4: err=25.99 err_modD=19.11 within15=0.302 best_epoch=8 569s
[syn5_cocorr0.25_d0] synthetic count=0 sharp=0 stim=0 n=6000 T=120 {'n': 512, 'dim': 256, 'layers': 4, 'epochs': 20, 'batch': 64, 'seed': 0, 'rel_bias': True, 'device': 'cuda', 'early_stop': 0.2, 'sel_reps': 4, 'pops_per_epoch': 5000}
    ep0 loss=0.568 err=44.620 within15=0.168 sel=-60.317 (28s)
    ep1 loss=0.511 err=44.008 within15=0.182 sel=-52.333 (57s)
    ep2 loss=0.502 err=43.559 within15=0.171 sel=-52.173 (86s)
    ep3 loss=0.499 err=43.745 within15=0.181 sel=-30.949 (115s)
    ep4 loss=0.497 err=37.996 within15=0.225 sel=-36.634 (143s)
    ep5 loss=0.495 err=42.708 within15=0.158 sel=-30.736 (172s)
    ep6 loss=0.492 err=35.670 within15=0.249 sel=-41.744 (200s)
    ep7 loss=0.487 err=32.030 within15=0.269 sel=-36.479 (229s)
    ep8 loss=0.470 err=25.015 within15=0.332 sel=-22.907 (257s)
    ep9 loss=0.422 err=23.683 within15=0.352 sel=-23.583 (286s)
    ep10 loss=0.359 err=22.776 within15=0.349 sel=-23.585 (314s)
    ep11 loss=0.315 err=22.883 within15=0.347 sel=-15.954 (343s)
    ep12 loss=0.283 err=21.344 within15=0.363 sel=-18.767 (371s)
    ep13 loss=0.247 err=19.799 within15=0.405 sel=-11.279 (400s)
    ep14 loss=0.207 err=18.216 within15=0.473 sel=-12.564 (429s)
    ep15 loss=0.172 err=15.073 within15=0.540 sel=-7.746 (458s)
    ep16 loss=0.149 err=12.482 within15=0.656 sel=-8.597 (486s)
    ep17 loss=0.135 err=12.794 within15=0.640 sel=-8.022 (515s)
    ep18 loss=0.127 err=12.646 within15=0.636 sel=-7.878 (544s)
    ep19 loss=0.123 err=12.670 within15=0.637 sel=-7.812 (572s)
    test-time averaging: err_avg8=13.305 err_avg32=14.775
  -> syn5_cocorr0.25_d0: err=15.07 err_modD=14.90 within15=0.540 best_epoch=15 574s
[syn5_cocorr1_d0] synthetic count=0 sharp=0 stim=0 n=6000 T=120 {'n': 512, 'dim': 256, 'layers': 4, 'epochs': 20, 'batch': 64, 'seed': 0, 'rel_bias': True, 'device': 'cuda', 'early_stop': 0.2, 'sel_reps': 4, 'pops_per_epoch': 5000}
    ep0 loss=0.467 err=26.565 within15=0.413 sel=-29.582 (29s)
    ep1 loss=0.342 err=23.832 within15=0.371 sel=-22.895 (58s)
    ep2 loss=0.280 err=21.887 within15=0.429 sel=-20.887 (86s)
    ep3 loss=0.260 err=18.385 within15=0.463 sel=-16.066 (115s)
    ep4 loss=0.204 err=9.709 within15=0.762 sel=-9.525 (143s)
    ep5 loss=0.135 err=7.007 within15=0.919 sel=-5.783 (172s)
    ep6 loss=0.080 err=4.464 within15=0.994 sel=-4.496 (201s)
    ep7 loss=0.053 err=4.331 within15=0.989 sel=-3.789 (229s)
    ep8 loss=0.037 err=3.881 within15=0.993 sel=-4.425 (258s)
    ep9 loss=0.028 err=3.468 within15=0.997 sel=-3.902 (287s)
    ep10 loss=0.021 err=3.172 within15=1.000 sel=-3.317 (315s)
    ep11 loss=0.019 err=3.160 within15=0.999 sel=-3.149 (344s)
    ep12 loss=0.018 err=3.417 within15=0.998 sel=-3.673 (373s)
    ep13 loss=0.014 err=2.969 within15=0.999 sel=-3.148 (401s)
    ep14 loss=0.013 err=2.964 within15=0.999 sel=-2.908 (431s)
    ep15 loss=0.012 err=2.831 within15=1.000 sel=-2.960 (459s)
    ep16 loss=0.012 err=2.766 within15=1.000 sel=-2.998 (488s)
    ep17 loss=0.012 err=2.839 within15=1.000 sel=-3.063 (516s)
    ep18 loss=0.011 err=2.893 within15=1.000 sel=-3.049 (545s)
    ep19 loss=0.012 err=2.825 within15=1.000 sel=-3.028 (574s)
    test-time averaging: err_avg8=3.135 err_avg32=3.001
  -> syn5_cocorr1_d0: err=2.96 err_modD=2.75 within15=0.999 best_epoch=14 576s
[syn5_cocorr_stim_d0] synthetic count=0 sharp=0 stim=1 n=6000 T=120 {'n': 512, 'dim': 256, 'layers': 4, 'epochs': 20, 'batch': 64, 'seed': 0, 'rel_bias': True, 'device': 'cuda', 'early_stop': 0.2, 'sel_reps': 4, 'pops_per_epoch': 5000}
    ep0 loss=0.560 err=42.789 within15=0.192 sel=-62.647 (29s)
    ep1 loss=0.496 err=39.773 within15=0.184 sel=-49.910 (58s)
    ep2 loss=0.479 err=42.075 within15=0.188 sel=-32.618 (86s)
    ep3 loss=0.425 err=23.003 within15=0.389 sel=-22.007 (115s)
    ep4 loss=0.336 err=23.236 within15=0.359 sel=-21.578 (144s)
    ep5 loss=0.275 err=21.825 within15=0.403 sel=-20.487 (172s)
    ep6 loss=0.220 err=16.465 within15=0.581 sel=-24.625 (202s)
    ep7 loss=0.152 err=9.376 within15=0.821 sel=-16.437 (230s)
    ep8 loss=0.103 err=7.171 within15=0.907 sel=-11.644 (259s)
    ep9 loss=0.073 err=7.132 within15=0.919 sel=-9.485 (288s)
    ep10 loss=0.055 err=5.965 within15=0.962 sel=-9.643 (316s)
    ep11 loss=0.047 err=6.696 within15=0.924 sel=-5.137 (345s)
    ep12 loss=0.038 err=5.685 within15=0.958 sel=-4.749 (374s)
    ep13 loss=0.032 err=4.560 within15=0.986 sel=-5.153 (402s)
    ep14 loss=0.028 err=4.768 within15=0.989 sel=-6.230 (431s)
    ep15 loss=0.023 err=4.333 within15=0.992 sel=-4.188 (459s)
    ep16 loss=0.020 err=4.139 within15=0.995 sel=-4.319 (488s)
    ep17 loss=0.018 err=3.959 within15=0.995 sel=-3.917 (517s)
    ep18 loss=0.017 err=3.966 within15=0.995 sel=-3.844 (545s)
    ep19 loss=0.017 err=3.777 within15=0.995 sel=-3.844 (574s)
    test-time averaging: err_avg8=3.858 err_avg32=4.041
  -> syn5_cocorr_stim_d0: err=3.97 err_modD=3.97 within15=0.995 best_epoch=18 576s
[syn5_cocorr0.25_d1] synthetic count=0 sharp=0 stim=0 n=6000 T=120 {'n': 512, 'dim': 256, 'layers': 4, 'epochs': 20, 'batch': 64, 'seed': 1, 'rel_bias': True, 'device': 'cuda', 'early_stop': 0.2, 'sel_reps': 4, 'pops_per_epoch': 5000}
    ep0 loss=0.562 err=47.906 within15=0.111 sel=-39.910 (29s)
    ep1 loss=0.483 err=51.813 within15=0.091 sel=-49.769 (58s)
    ep2 loss=0.472 err=55.434 within15=0.066 sel=-51.133 (86s)
    ep3 loss=0.467 err=53.621 within15=0.073 sel=-52.027 (115s)
    ep4 loss=0.465 err=55.957 within15=0.054 sel=-44.578 (143s)
    ep5 loss=0.461 err=54.862 within15=0.067 sel=-50.081 (172s)
    ep6 loss=0.463 err=61.486 within15=0.023 sel=-57.026 (200s)
    ep7 loss=0.459 err=59.217 within15=0.043 sel=-51.560 (229s)
    ep8 loss=0.460 err=50.821 within15=0.101 sel=-53.696 (257s)
    ep9 loss=0.456 err=57.467 within15=0.040 sel=-54.448 (286s)
    ep10 loss=0.457 err=56.365 within15=0.053 sel=-53.069 (314s)
    ep11 loss=0.462 err=56.926 within15=0.051 sel=-47.394 (343s)
    ep12 loss=0.455 err=54.887 within15=0.061 sel=-51.173 (372s)
    ep13 loss=0.451 err=57.724 within15=0.041 sel=-54.665 (400s)
    ep14 loss=0.454 err=55.775 within15=0.067 sel=-54.699 (429s)
    ep15 loss=0.450 err=55.731 within15=0.053 sel=-55.068 (457s)
    ep16 loss=0.450 err=50.952 within15=0.097 sel=-54.503 (486s)
    ep17 loss=0.450 err=55.037 within15=0.069 sel=-54.930 (514s)
    ep18 loss=0.449 err=53.242 within15=0.073 sel=-54.803 (543s)
    ep19 loss=0.451 err=46.332 within15=0.130 sel=-54.890 (567s)
    test-time averaging: err_avg8=55.173 err_avg32=48.256
  -> syn5_cocorr0.25_d1: err=47.91 err_modD=33.48 within15=0.111 best_epoch=0 569s
[syn5_cocorr1_d1] synthetic count=0 sharp=0 stim=0 n=6000 T=120 {'n': 512, 'dim': 256, 'layers': 4, 'epochs': 20, 'batch': 64, 'seed': 1, 'rel_bias': True, 'device': 'cuda', 'early_stop': 0.2, 'sel_reps': 4, 'pops_per_epoch': 5000}
    ep0 loss=0.490 err=23.957 within15=0.429 sel=-27.187 (29s)
    ep1 loss=0.358 err=27.184 within15=0.359 sel=-26.124 (58s)
    ep2 loss=0.285 err=21.275 within15=0.394 sel=-18.897 (87s)
    ep3 loss=0.212 err=11.162 within15=0.691 sel=-20.477 (115s)
    ep4 loss=0.097 err=6.030 within15=0.927 sel=-10.242 (144s)
    ep5 loss=0.057 err=4.559 within15=0.980 sel=-3.685 (172s)
    ep6 loss=0.036 err=4.529 within15=0.974 sel=-7.609 (201s)
    ep7 loss=0.022 err=3.278 within15=0.998 sel=-14.167 (230s)
    ep8 loss=0.021 err=3.626 within15=0.997 sel=-5.622 (258s)
    ep9 loss=0.014 err=2.826 within15=1.000 sel=-2.806 (287s)
    ep10 loss=0.011 err=2.555 within15=1.000 sel=-3.676 (315s)
    ep11 loss=0.010 err=2.502 within15=1.000 sel=-2.697 (344s)
    ep12 loss=0.009 err=2.448 within15=1.000 sel=-2.936 (372s)
    ep13 loss=0.008 err=2.390 within15=1.000 sel=-2.712 (401s)
    ep14 loss=0.008 err=2.414 within15=1.000 sel=-2.572 (430s)
    ep15 loss=0.008 err=2.351 within15=1.000 sel=-2.601 (458s)
    ep16 loss=0.008 err=2.369 within15=1.000 sel=-2.593 (487s)
    ep17 loss=0.008 err=2.306 within15=1.000 sel=-2.560 (515s)
    ep18 loss=0.008 err=2.297 within15=1.000 sel=-2.571 (544s)
    ep19 loss=0.008 err=2.305 within15=1.000 sel=-2.589 (572s)
    test-time averaging: err_avg8=2.370 err_avg32=2.343
  -> syn5_cocorr1_d1: err=2.31 err_modD=2.24 within15=1.000 best_epoch=17 574s
[syn5_cocorr_stim_d1] synthetic count=0 sharp=0 stim=1 n=6000 T=120 {'n': 512, 'dim': 256, 'layers': 4, 'epochs': 20, 'batch': 64, 'seed': 1, 'rel_bias': True, 'device': 'cuda', 'early_stop': 0.2, 'sel_reps': 4, 'pops_per_epoch': 5000}
    ep0 loss=0.543 err=37.903 within15=0.361 sel=-35.624 (29s)
    ep1 loss=0.462 err=40.231 within15=0.321 sel=-38.254 (58s)
    ep2 loss=0.385 err=19.383 within15=0.494 sel=-26.149 (87s)
    ep3 loss=0.237 err=19.252 within15=0.494 sel=-19.399 (115s)
    ep4 loss=0.175 err=15.668 within15=0.596 sel=-16.256 (144s)
    ep5 loss=0.120 err=12.458 within15=0.681 sel=-19.268 (172s)
    ep6 loss=0.097 err=11.133 within15=0.730 sel=-31.914 (201s)
    ep7 loss=0.066 err=6.432 within15=0.915 sel=-12.993 (230s)
    ep8 loss=0.045 err=5.747 within15=0.951 sel=-26.354 (258s)
    ep9 loss=0.033 err=4.792 within15=0.980 sel=-35.544 (287s)
    ep10 loss=0.026 err=4.846 within15=0.981 sel=-35.697 (315s)
    ep11 loss=0.019 err=4.531 within15=0.978 sel=-20.795 (344s)
    ep12 loss=0.018 err=4.058 within15=0.989 sel=-37.712 (372s)
    ep13 loss=0.016 err=4.128 within15=0.987 sel=-33.386 (401s)
    ep14 loss=0.014 err=3.621 within15=0.998 sel=-30.068 (430s)
    ep15 loss=0.013 err=3.257 within15=0.998 sel=-14.313 (458s)
    ep16 loss=0.013 err=3.577 within15=0.996 sel=-17.110 (487s)
    ep17 loss=0.012 err=3.345 within15=0.997 sel=-19.117 (515s)
    ep18 loss=0.012 err=3.529 within15=0.998 sel=-17.602 (544s)
    ep19 loss=0.012 err=3.495 within15=0.998 sel=-17.579 (572s)
    test-time averaging: err_avg8=8.043 err_avg32=7.326
  -> syn5_cocorr_stim_d1: err=6.43 err_modD=6.39 within15=0.915 best_epoch=7 574s
QUEUE_POD6F_DONE
