[bp_is_17M_ori_s2] func_is oricirc n_neurons=5287 split_seed=0 bins=0 {'input_mode': 'act', 'rel_bias': True, 'bin_perm': True, 'seed': 2, 'dim': 512, 'layers': 8, 'epochs': 30, 'batch': 64, 'device': 'cuda', 'early_stop': 0.2, 'sel_reps': 4, 'pops_per_epoch': 5000, 'n': 512}
    ep0 loss=0.545 err=41.239 within15=0.153 sel=-44.536 (29s)
    ep1 loss=0.527 err=41.554 within15=0.126 sel=-44.834 (60s)
    ep2 loss=0.512 err=41.069 within15=0.298 sel=-43.133 (89s)
    ep3 loss=0.502 err=41.785 within15=0.121 sel=-45.380 (118s)
    ep4 loss=0.502 err=40.838 within15=0.313 sel=-43.454 (147s)
    ep5 loss=0.497 err=40.210 within15=0.286 sel=-43.244 (177s)
    ep6 loss=0.497 err=41.087 within15=0.268 sel=-41.440 (206s)
    ep7 loss=0.495 err=39.949 within15=0.312 sel=-43.138 (235s)
    ep8 loss=0.493 err=38.527 within15=0.305 sel=-38.412 (265s)
    ep9 loss=0.492 err=39.272 within15=0.311 sel=-42.626 (294s)
    ep10 loss=0.490 err=35.928 within15=0.355 sel=-34.024 (324s)
    ep11 loss=0.489 err=34.901 within15=0.342 sel=-40.323 (353s)
    ep12 loss=0.477 err=28.827 within15=0.415 sel=-34.763 (382s)
    ep13 loss=0.461 err=28.681 within15=0.419 sel=-33.056 (412s)
    ep14 loss=0.442 err=26.908 within15=0.421 sel=-30.194 (441s)
    ep15 loss=0.427 err=24.986 within15=0.464 sel=-27.411 (470s)
    ep16 loss=0.415 err=25.656 within15=0.470 sel=-26.801 (500s)
    ep17 loss=0.397 err=24.213 within15=0.486 sel=-28.573 (529s)
    ep18 loss=0.379 err=23.980 within15=0.481 sel=-24.605 (558s)
    ep19 loss=0.369 err=23.549 within15=0.487 sel=-24.361 (588s)
    ep20 loss=0.357 err=22.823 within15=0.497 sel=-23.666 (617s)
    ep21 loss=0.350 err=22.680 within15=0.499 sel=-24.061 (647s)
    ep22 loss=0.345 err=22.417 within15=0.508 sel=-23.841 (676s)
    ep23 loss=0.340 err=22.550 within15=0.499 sel=-23.084 (706s)
    ep24 loss=0.337 err=22.458 within15=0.503 sel=-24.317 (735s)
    ep25 loss=0.335 err=22.446 within15=0.508 sel=-22.856 (764s)
    ep26 loss=0.332 err=22.024 within15=0.512 sel=-22.257 (794s)
    ep27 loss=0.332 err=22.826 within15=0.497 sel=-22.520 (824s)
    ep28 loss=0.330 err=22.061 within15=0.510 sel=-22.985 (853s)
Terminated
[c_iv_17M_bins_s2] func_iv oricirc n_neurons=5287 split_seed=0 bins=1 {'seed': 2, 'dim': 512, 'layers': 8, 'epochs': 30, 'batch': 64, 'rel_bias': True, 'device': 'cuda', 'early_stop': 0.2, 'sel_reps': 4, 'pops_per_epoch': 5000, 'n': 512}
    ep0 loss=0.530 err=33.731 within15=0.350 sel=-29.995 (30s)
    ep1 loss=0.448 err=37.696 within15=0.266 sel=-32.053 (60s)
    ep2 loss=0.426 err=35.280 within15=0.318 sel=-30.403 (89s)
    ep3 loss=0.411 err=34.158 within15=0.363 sel=-27.965 (118s)
    ep4 loss=0.379 err=34.916 within15=0.353 sel=-27.776 (148s)
    ep5 loss=0.361 err=34.380 within15=0.352 sel=-27.727 (177s)
    ep6 loss=0.355 err=34.377 within15=0.360 sel=-26.449 (207s)
    ep7 loss=0.339 err=33.197 within15=0.375 sel=-26.625 (236s)
    ep8 loss=0.327 err=33.444 within15=0.359 sel=-26.304 (266s)
    ep9 loss=0.317 err=33.821 within15=0.352 sel=-26.444 (295s)
    ep10 loss=0.307 err=33.398 within15=0.343 sel=-26.324 (325s)
    ep11 loss=0.294 err=32.988 within15=0.360 sel=-27.328 (354s)
    ep12 loss=0.280 err=33.704 within15=0.356 sel=-27.375 (384s)
    ep13 loss=0.263 err=33.928 within15=0.352 sel=-27.418 (413s)
    ep14 loss=0.241 err=32.809 within15=0.354 sel=-27.644 (443s)
    ep15 loss=0.213 err=32.878 within15=0.349 sel=-27.288 (472s)
    ep16 loss=0.183 err=33.171 within15=0.353 sel=-28.529 (501s)
    ep17 loss=0.149 err=32.708 within15=0.349 sel=-29.084 (531s)
    ep18 loss=0.120 err=32.738 within15=0.357 sel=-28.970 (560s)
    ep19 loss=0.096 err=32.763 within15=0.348 sel=-28.779 (590s)
    ep20 loss=0.076 err=32.160 within15=0.354 sel=-28.253 (619s)
    ep21 loss=0.062 err=32.188 within15=0.356 sel=-28.184 (649s)
    ep22 loss=0.052 err=32.093 within15=0.358 sel=-28.041 (678s)
    ep23 loss=0.045 err=32.130 within15=0.358 sel=-28.011 (707s)
    ep24 loss=0.040 err=31.666 within15=0.366 sel=-27.943 (737s)
    ep25 loss=0.037 err=31.942 within15=0.366 sel=-28.121 (766s)
    ep26 loss=0.035 err=32.309 within15=0.356 sel=-27.812 (796s)
    ep27 loss=0.033 err=32.174 within15=0.356 sel=-27.860 (825s)
    ep28 loss=0.033 err=32.023 within15=0.359 sel=-27.864 (854s)
    ep29 loss=0.033 err=32.306 within15=0.356 sel=-27.891 (884s)
    test-time averaging: err_avg8=33.175 err_avg32=33.227
  -> c_iv_17M_bins_s2: err=33.444 within15=0.359 err_modD=33.442 loss=0.033 sel_metric=-26.304 val_at_last_epoch=32.306 err_avg8=33.175 err_avg32=33.227 best_epoch=8 params=17088546 885s
[c_is_17M_bins_s2] func_is oricirc n_neurons=5287 split_seed=0 bins=1 {'seed': 2, 'dim': 512, 'layers': 8, 'epochs': 30, 'batch': 64, 'rel_bias': True, 'device': 'cuda', 'early_stop': 0.2, 'sel_reps': 4, 'pops_per_epoch': 5000, 'n': 512}
    ep0 loss=0.562 err=38.770 within15=0.246 sel=-42.422 (31s)
    ep1 loss=0.532 err=39.822 within15=0.159 sel=-42.271 (62s)
    ep2 loss=0.492 err=39.674 within15=0.291 sel=-40.264 (93s)
    ep3 loss=0.462 err=30.844 within15=0.367 sel=-35.071 (124s)
    ep4 loss=0.421 err=28.568 within15=0.430 sel=-26.631 (155s)
    ep5 loss=0.387 err=27.244 within15=0.440 sel=-24.439 (186s)
    ep6 loss=0.360 err=24.994 within15=0.472 sel=-23.906 (217s)
    ep7 loss=0.323 err=26.073 within15=0.454 sel=-25.037 (247s)
    ep8 loss=0.290 err=21.760 within15=0.522 sel=-21.257 (278s)
    ep9 loss=0.273 err=21.058 within15=0.529 sel=-21.047 (309s)
    ep10 loss=0.265 err=20.702 within15=0.542 sel=-20.423 (341s)
    ep11 loss=0.256 err=20.615 within15=0.535 sel=-20.681 (372s)
    ep12 loss=0.247 err=20.121 within15=0.540 sel=-20.241 (403s)
    ep13 loss=0.235 err=19.871 within15=0.541 sel=-20.314 (433s)
    ep14 loss=0.220 err=19.981 within15=0.533 sel=-19.894 (464s)
    ep15 loss=0.202 err=20.265 within15=0.530 sel=-19.807 (495s)
    ep16 loss=0.182 err=20.487 within15=0.523 sel=-21.184 (526s)
    ep17 loss=0.160 err=20.581 within15=0.517 sel=-20.484 (556s)
    ep18 loss=0.138 err=21.188 within15=0.511 sel=-21.080 (587s)
    ep19 loss=0.116 err=21.087 within15=0.512 sel=-21.908 (618s)
    ep20 loss=0.098 err=21.247 within15=0.503 sel=-22.037 (649s)
    ep21 loss=0.083 err=21.003 within15=0.508 sel=-22.109 (680s)
    ep22 loss=0.072 err=21.512 within15=0.508 sel=-22.177 (710s)
    ep23 loss=0.063 err=20.968 within15=0.503 sel=-22.629 (741s)
    ep24 loss=0.057 err=21.421 within15=0.501 sel=-22.485 (772s)
    ep25 loss=0.053 err=21.402 within15=0.512 sel=-22.743 (803s)
    ep26 loss=0.049 err=21.607 within15=0.498 sel=-22.662 (834s)
    ep27 loss=0.048 err=21.317 within15=0.504 sel=-22.484 (864s)
    ep28 loss=0.047 err=21.400 within15=0.505 sel=-22.657 (895s)
    ep29 loss=0.047 err=21.344 within15=0.502 sel=-22.697 (926s)
    test-time averaging: err_avg8=20.971 err_avg32=20.170
  -> c_is_17M_bins_s2: err=20.265 within15=0.530 err_modD=20.158 loss=0.047 sel_metric=-19.807 val_at_last_epoch=21.344 err_avg8=20.971 err_avg32=20.170 best_epoch=15 params=17088546 930s
[c_is_17M_statsbias_s2] func_is oricirc n_neurons=5287 split_seed=0 bins=0 {'row_proj': False, 'seed': 2, 'dim': 512, 'layers': 8, 'epochs': 30, 'batch': 64, 'rel_bias': True, 'device': 'cuda', 'early_stop': 0.2, 'sel_reps': 4, 'pops_per_epoch': 5000, 'n': 512}
    ep0 loss=0.566 err=30.139 within15=0.403 sel=-32.994 (29s)
    ep1 loss=0.448 err=34.214 within15=0.272 sel=-36.924 (59s)
    ep2 loss=0.460 err=32.148 within15=0.310 sel=-33.506 (89s)
    ep3 loss=0.381 err=24.706 within15=0.478 sel=-28.727 (118s)
    ep4 loss=0.367 err=21.801 within15=0.520 sel=-25.403 (147s)
    ep5 loss=0.316 err=23.266 within15=0.487 sel=-25.613 (177s)
    ep6 loss=0.294 err=21.497 within15=0.523 sel=-23.224 (206s)
    ep7 loss=0.278 err=21.079 within15=0.521 sel=-23.414 (235s)
    ep8 loss=0.267 err=21.001 within15=0.516 sel=-20.990 (265s)
    ep9 loss=0.256 err=21.278 within15=0.522 sel=-22.914 (294s)
    ep10 loss=0.241 err=20.710 within15=0.528 sel=-24.591 (323s)
    ep11 loss=0.232 err=19.824 within15=0.542 sel=-22.373 (353s)
    ep12 loss=0.199 err=20.265 within15=0.533 sel=-20.630 (382s)
    ep13 loss=0.177 err=20.398 within15=0.530 sel=-22.088 (411s)
    ep14 loss=0.170 err=20.269 within15=0.532 sel=-21.954 (441s)
    ep15 loss=0.129 err=20.196 within15=0.531 sel=-22.704 (470s)
    ep16 loss=0.104 err=20.446 within15=0.520 sel=-22.508 (499s)
    ep17 loss=0.079 err=20.646 within15=0.516 sel=-22.245 (529s)
    ep18 loss=0.060 err=21.018 within15=0.512 sel=-22.705 (558s)
    ep19 loss=0.046 err=21.042 within15=0.514 sel=-22.209 (587s)
    ep20 loss=0.037 err=20.978 within15=0.524 sel=-22.529 (617s)
    ep21 loss=0.030 err=21.265 within15=0.508 sel=-23.036 (646s)
    ep22 loss=0.025 err=21.183 within15=0.514 sel=-22.766 (675s)
    ep23 loss=0.022 err=21.156 within15=0.509 sel=-23.248 (705s)
    ep24 loss=0.020 err=21.048 within15=0.520 sel=-23.096 (734s)
    ep25 loss=0.018 err=21.307 within15=0.511 sel=-22.951 (763s)
    ep26 loss=0.017 err=21.180 within15=0.518 sel=-22.695 (793s)
    ep27 loss=0.016 err=21.029 within15=0.525 sel=-23.339 (822s)
    ep28 loss=0.016 err=21.180 within15=0.514 sel=-23.225 (851s)
    ep29 loss=0.016 err=21.020 within15=0.520 sel=-23.312 (881s)
    test-time averaging: err_avg8=20.865 err_avg32=20.347
  -> c_is_17M_statsbias_s2: err=20.265 within15=0.533 err_modD=20.204 loss=0.016 sel_metric=-20.630 val_at_last_epoch=21.020 err_avg8=20.865 err_avg32=20.347 best_epoch=12 params=16826402 883s
QUEUE_POD6G_DONE
