    ablate=null K=8: class-Gram offset range -0.014..0.026
[abl_null_is] func_is oricirc n_neurons=5287 split_seed=0 bins=0 {'seed': 0, 'dim': 512, 'layers': 8, 'epochs': 30, 'batch': 64, 'rel_bias': True, 'device': 'cuda', 'early_stop': 0.2, 'sel_reps': 4, 'pops_per_epoch': 5000, 'n': 512, 'gram_adjust': {'cls': array([ 7, -1,  4, ..., -1, -1, -1], shape=(12894,)), 'R': array([[ 0.02545398, -0.0030705 , -0.0008171 ,  0.02616373,  0.00595704,
        -0.01186547,  0.00111399, -0.00050539],
       [-0.0030705 ,  0.00444881,  0.00819612,  0.00628615, -0.01195428,
        -0.00353832,  0.01552798, -0.00885159],
       [-0.0008171 ,  0.00819612, -0.0054284 , -0.00206002,  0.01427023,
        -0.01293802, -0.00372544,  0.00566201],
       [ 0.02616373,  0.00628615, -0.00206002, -0.00829108, -0.01228316,
        -0.00725958,  0.00350553,  0.00130673],
       [ 0.00595704, -0.01195428,  0.01427023, -0.01228316,  0.00471539,
        -0.01107924, -0.01189071, -0.01410147],
       [-0.01186547, -0.00353832, -0.01293802, -0.00725958, -0.01107924,
        -0.01035599,  0.01412437,  0.00714861],
       [ 0.00111399,  0.01552798, -0.00372544,  0.00350553, -0.01189071,
         0.01412437, -0.00629276,  0.00667782],
       [-0.00050539, -0.00885159,  0.00566201,  0.00130673, -0.01410147,
         0.00714861,  0.00667782, -0.00424994]]), 'name': 'null8'}}
    ep0 loss=0.560 err=36.820 within15=0.331 sel=-34.460 (129s)
    ep1 loss=0.487 err=47.464 within15=0.236 sel=-46.585 (257s)
    ep2 loss=0.534 err=35.931 within15=0.340 sel=-31.887 (386s)
    ep3 loss=0.514 err=39.884 within15=0.161 sel=-41.368 (514s)
    ep4 loss=0.493 err=35.338 within15=0.362 sel=-38.369 (642s)
    ep5 loss=0.481 err=36.212 within15=0.267 sel=-36.204 (770s)
    ep6 loss=0.466 err=30.426 within15=0.374 sel=-28.788 (897s)
    ep7 loss=0.430 err=26.260 within15=0.448 sel=-25.681 (1025s)
    ep8 loss=0.402 err=24.942 within15=0.494 sel=-26.054 (1154s)
    ep9 loss=0.369 err=23.149 within15=0.507 sel=-23.512 (1282s)
    ep10 loss=0.328 err=21.596 within15=0.524 sel=-23.119 (1411s)
    ep11 loss=0.294 err=21.572 within15=0.522 sel=-24.212 (1539s)
    ep12 loss=0.281 err=22.415 within15=0.517 sel=-24.135 (1666s)
    ep13 loss=0.269 err=20.647 within15=0.542 sel=-22.141 (1794s)
    ep14 loss=0.256 err=20.263 within15=0.560 sel=-22.219 (1923s)
    ep15 loss=0.244 err=19.296 within15=0.581 sel=-21.433 (2048s)
