[c_is_17M_nostats] func_is oricirc n_neurons=5287 split_seed=0 bins=0 {'use_stats': False, 'seed': 0, 'dim': 512, 'layers': 8, 'epochs': 30, 'batch': 64, 'rel_bias': True, 'device': 'cuda', 'early_stop': 0.2, 'sel_reps': 4, 'pops_per_epoch': 5000, 'n': 512}
    ep0 loss=0.583 err=39.874 within15=0.298 sel=-40.340 (61s)
    ep1 loss=0.532 err=40.138 within15=0.145 sel=-39.271 (123s)
    ep2 loss=0.519 err=39.858 within15=0.261 sel=-42.104 (184s)
    ep3 loss=0.505 err=38.683 within15=0.177 sel=-38.811 (245s)
    ep4 loss=0.483 err=32.065 within15=0.349 sel=-29.888 (306s)
    ep5 loss=0.477 err=31.793 within15=0.314 sel=-29.640 (362s)
    ep6 loss=0.444 err=28.990 within15=0.383 sel=-26.634 (423s)
    ep7 loss=0.403 err=27.200 within15=0.432 sel=-26.422 (484s)
    ep8 loss=0.376 err=23.778 within15=0.498 sel=-26.390 (545s)
    ep9 loss=0.341 err=22.890 within15=0.508 sel=-27.378 (606s)
    ep10 loss=0.323 err=24.155 within15=0.489 sel=-25.277 (667s)
    ep11 loss=0.307 err=21.789 within15=0.521 sel=-25.038 (728s)
    ep12 loss=0.296 err=21.911 within15=0.518 sel=-24.283 (785s)
    ep13 loss=0.286 err=21.405 within15=0.523 sel=-24.879 (846s)
    ep14 loss=0.278 err=21.168 within15=0.516 sel=-25.139 (907s)
    ep15 loss=0.272 err=21.245 within15=0.517 sel=-25.084 (968s)
    ep16 loss=0.266 err=21.199 within15=0.516 sel=-24.129 (1029s)
    ep17 loss=0.262 err=20.857 within15=0.517 sel=-23.449 (1090s)
    ep18 loss=0.256 err=20.313 within15=0.525 sel=-23.001 (1147s)
    ep19 loss=0.251 err=20.626 within15=0.525 sel=-23.428 (1208s)
    ep20 loss=0.246 err=20.643 within15=0.522 sel=-23.283 (1269s)
    ep21 loss=0.242 err=20.894 within15=0.522 sel=-23.644 (1330s)
    ep22 loss=0.238 err=20.981 within15=0.519 sel=-23.352 (1390s)
    ep23 loss=0.234 err=20.530 within15=0.521 sel=-23.241 (1452s)
    ep24 loss=0.230 err=20.493 within15=0.528 sel=-23.325 (1510s)
    ep25 loss=0.227 err=20.516 within15=0.523 sel=-23.468 (1568s)
    ep26 loss=0.225 err=20.314 within15=0.532 sel=-23.291 (1629s)
    ep27 loss=0.224 err=20.570 within15=0.524 sel=-23.349 (1690s)
    ep28 loss=0.223 err=20.643 within15=0.520 sel=-23.377 (1751s)
    ep29 loss=0.222 err=20.576 within15=0.522 sel=-23.308 (1812s)
    test-time averaging: err_avg8=21.397 err_avg32=20.534
  -> c_is_17M_nostats: err=20.313 within15=0.525 err_modD=20.255 loss=0.222 sel_metric=-23.001 val_at_last_epoch=20.576 err_avg8=21.397 err_avg32=20.534 best_epoch=18 params=17087010 1816s
[c_iv_17M_nostats] func_iv oricirc n_neurons=5287 split_seed=0 bins=0 {'use_stats': False, 'seed': 0, 'dim': 512, 'layers': 8, 'epochs': 30, 'batch': 64, 'rel_bias': True, 'device': 'cuda', 'early_stop': 0.2, 'sel_reps': 4, 'pops_per_epoch': 5000, 'n': 512}
    ep0 loss=0.521 err=33.706 within15=0.339 sel=-34.698 (57s)
    ep1 loss=0.454 err=33.079 within15=0.347 sel=-33.977 (118s)
    ep2 loss=0.439 err=37.965 within15=0.296 sel=-39.394 (179s)
    ep3 loss=0.589 err=33.989 within15=0.363 sel=-36.985 (240s)
    ep4 loss=0.472 err=36.644 within15=0.322 sel=-40.747 (301s)
    ep5 loss=0.488 err=34.266 within15=0.360 sel=-36.008 (361s)
    ep6 loss=0.465 err=34.009 within15=0.365 sel=-35.600 (422s)
    ep7 loss=0.468 err=34.591 within15=0.343 sel=-36.475 (478s)
    ep8 loss=0.460 err=32.703 within15=0.366 sel=-36.109 (539s)
    ep9 loss=0.448 err=32.507 within15=0.386 sel=-35.049 (600s)
    ep10 loss=0.431 err=31.111 within15=0.401 sel=-33.436 (661s)
    ep11 loss=0.415 err=29.935 within15=0.407 sel=-31.433 (722s)
    ep12 loss=0.405 err=30.041 within15=0.418 sel=-31.545 (783s)
    ep13 loss=0.399 err=29.740 within15=0.410 sel=-30.907 (839s)
    ep14 loss=0.380 err=29.086 within15=0.422 sel=-29.989 (900s)
    ep15 loss=0.362 err=27.886 within15=0.437 sel=-30.404 (961s)
    ep16 loss=0.351 err=27.123 within15=0.445 sel=-31.196 (1021s)
    ep17 loss=0.343 err=27.563 within15=0.438 sel=-30.010 (1082s)
    ep18 loss=0.338 err=26.905 within15=0.448 sel=-29.147 (1143s)
    ep19 loss=0.333 err=26.868 within15=0.449 sel=-29.138 (1200s)
    ep20 loss=0.329 err=26.968 within15=0.444 sel=-29.562 (1261s)
    ep21 loss=0.327 err=26.389 within15=0.448 sel=-29.250 (1322s)
    ep22 loss=0.324 err=26.662 within15=0.444 sel=-28.947 (1382s)
    ep23 loss=0.322 err=26.462 within15=0.449 sel=-28.141 (1443s)
    ep24 loss=0.320 err=26.329 within15=0.448 sel=-28.171 (1505s)
    ep25 loss=0.318 err=26.535 within15=0.450 sel=-28.304 (1565s)
    ep26 loss=0.318 err=26.150 within15=0.450 sel=-28.396 (1622s)
    ep27 loss=0.317 err=26.243 within15=0.453 sel=-28.323 (1683s)
    ep28 loss=0.316 err=26.219 within15=0.451 sel=-28.358 (1744s)
    ep29 loss=0.316 err=26.171 within15=0.452 sel=-28.402 (1805s)
    test-time averaging: err_avg8=26.725 err_avg32=26.179
  -> c_iv_17M_nostats: err=26.462 within15=0.449 err_modD=26.453 loss=0.316 sel_metric=-28.141 val_at_last_epoch=26.171 err_avg8=26.725 err_avg32=26.179 best_epoch=23 params=17087010 1807s
QUEUE_POD8A_DONE
