[syn5_local0.5_d0] synthetic count=0 sharp=0 stim=0 n=6000 T=120 {'n': 512, 'dim': 256, 'layers': 4, 'epochs': 20, 'batch': 64, 'seed': 0, 'rel_bias': True, 'device': 'cuda', 'early_stop': 0.2, 'sel_reps': 4, 'pops_per_epoch': 5000}
    ep0 loss=0.416 err=24.405 within15=0.370 sel=-24.189 (9s)
    ep1 loss=0.292 err=23.688 within15=0.364 sel=-21.051 (26s)
    ep2 loss=0.261 err=22.756 within15=0.445 sel=-23.661 (45s)
    ep3 loss=0.232 err=16.499 within15=0.474 sel=-16.843 (64s)
    ep4 loss=0.189 err=10.366 within15=0.758 sel=-27.060 (83s)
    ep5 loss=0.134 err=6.359 within15=0.947 sel=-27.198 (102s)
    ep6 loss=0.089 err=4.479 within15=0.989 sel=-14.151 (121s)
    ep7 loss=0.065 err=5.283 within15=0.972 sel=-28.667 (139s)
    ep8 loss=0.049 err=4.334 within15=0.990 sel=-23.539 (158s)
    ep9 loss=0.035 err=3.762 within15=0.996 sel=-29.691 (177s)
    ep10 loss=0.028 err=3.502 within15=0.996 sel=-24.599 (196s)
    ep11 loss=0.026 err=3.056 within15=0.999 sel=-11.921 (215s)
    ep12 loss=0.021 err=2.975 within15=0.998 sel=-21.388 (234s)
    ep13 loss=0.017 err=3.088 within15=0.999 sel=-20.195 (253s)
    ep14 loss=0.015 err=3.021 within15=0.998 sel=-14.201 (272s)
    ep15 loss=0.014 err=2.883 within15=0.998 sel=-8.504 (291s)
    ep16 loss=0.013 err=2.856 within15=0.999 sel=-9.052 (310s)
    ep17 loss=0.013 err=2.836 within15=0.999 sel=-8.386 (328s)
    ep18 loss=0.012 err=2.896 within15=0.999 sel=-7.868 (347s)
    ep19 loss=0.013 err=2.885 within15=0.999 sel=-7.730 (366s)
    test-time averaging: err_avg8=3.019 err_avg32=2.862
  -> syn5_local0.5_d0: err=2.88 err_modD=2.72 within15=0.999 best_epoch=19 368s
[syn5_local0.5_d1] synthetic count=0 sharp=0 stim=0 n=6000 T=120 {'n': 512, 'dim': 256, 'layers': 4, 'epochs': 20, 'batch': 64, 'seed': 1, 'rel_bias': True, 'device': 'cuda', 'early_stop': 0.2, 'sel_reps': 4, 'pops_per_epoch': 5000}
    ep0 loss=0.453 err=22.186 within15=0.402 sel=-22.608 (19s)
    ep1 loss=0.325 err=21.893 within15=0.356 sel=-20.112 (38s)
    ep2 loss=0.276 err=20.354 within15=0.480 sel=-21.294 (57s)
    ep3 loss=0.256 err=23.395 within15=0.348 sel=-20.053 (76s)
    ep4 loss=0.230 err=14.505 within15=0.570 sel=-26.151 (95s)
    ep5 loss=0.194 err=10.401 within15=0.771 sel=-11.100 (114s)
    ep6 loss=0.149 err=7.027 within15=0.949 sel=-8.611 (133s)
    ep7 loss=0.096 err=8.555 within15=0.849 sel=-8.513 (152s)
    ep8 loss=0.063 err=6.678 within15=0.934 sel=-5.671 (171s)
    ep9 loss=0.046 err=6.183 within15=0.969 sel=-5.694 (190s)
    ep10 loss=0.034 err=5.996 within15=0.968 sel=-4.107 (208s)
    ep11 loss=0.030 err=4.557 within15=0.991 sel=-3.903 (227s)
    ep12 loss=0.024 err=4.999 within15=0.988 sel=-3.604 (246s)
    ep13 loss=0.022 err=4.936 within15=0.989 sel=-3.857 (265s)
    ep14 loss=0.021 err=4.272 within15=0.997 sel=-3.750 (284s)
    ep15 loss=0.019 err=4.370 within15=0.996 sel=-3.496 (303s)
    ep16 loss=0.018 err=4.303 within15=0.995 sel=-3.546 (322s)
    ep17 loss=0.017 err=3.663 within15=0.999 sel=-3.533 (341s)
    ep18 loss=0.017 err=3.689 within15=0.999 sel=-3.522 (360s)
    ep19 loss=0.017 err=3.674 within15=0.998 sel=-3.509 (379s)
    test-time averaging: err_avg8=4.931 err_avg32=4.192
  -> syn5_local0.5_d1: err=4.37 err_modD=4.35 within15=0.996 best_epoch=15 381s
[syn5_local0.5_d2] synthetic count=0 sharp=0 stim=0 n=6000 T=120 {'n': 512, 'dim': 256, 'layers': 4, 'epochs': 20, 'batch': 64, 'seed': 2, 'rel_bias': True, 'device': 'cuda', 'early_stop': 0.2, 'sel_reps': 4, 'pops_per_epoch': 5000}
    ep0 loss=0.408 err=25.189 within15=0.351 sel=-27.551 (19s)
    ep1 loss=0.296 err=25.256 within15=0.320 sel=-22.095 (38s)
    ep2 loss=0.279 err=25.515 within15=0.319 sel=-26.915 (57s)
    ep3 loss=0.267 err=23.305 within15=0.336 sel=-20.947 (76s)
    ep4 loss=0.255 err=24.796 within15=0.329 sel=-28.600 (95s)
    ep5 loss=0.231 err=23.575 within15=0.324 sel=-14.931 (114s)
    ep6 loss=0.182 err=17.620 within15=0.452 sel=-22.146 (133s)
    ep7 loss=0.119 err=11.692 within15=0.688 sel=-13.820 (152s)
    ep8 loss=0.073 err=9.607 within15=0.787 sel=-15.701 (171s)
    ep9 loss=0.041 err=10.585 within15=0.769 sel=-10.082 (189s)
    ep10 loss=0.029 err=8.555 within15=0.847 sel=-4.913 (208s)
    ep11 loss=0.023 err=4.870 within15=0.988 sel=-3.118 (227s)
    ep12 loss=0.019 err=4.506 within15=0.996 sel=-3.672 (246s)
    ep13 loss=0.018 err=4.622 within15=0.992 sel=-2.977 (265s)
    ep14 loss=0.014 err=5.054 within15=0.988 sel=-3.269 (284s)
    ep15 loss=0.015 err=4.047 within15=0.998 sel=-2.846 (303s)
    ep16 loss=0.013 err=4.349 within15=0.994 sel=-2.989 (322s)
    ep17 loss=0.013 err=4.985 within15=0.988 sel=-2.932 (341s)
    ep18 loss=0.012 err=4.450 within15=0.994 sel=-2.920 (359s)
    ep19 loss=0.012 err=4.369 within15=0.993 sel=-2.909 (378s)
    test-time averaging: err_avg8=4.220 err_avg32=4.257
  -> syn5_local0.5_d2: err=4.05 err_modD=3.91 within15=0.998 best_epoch=15 380s
[syn5_local0.5_d3] synthetic count=0 sharp=0 stim=0 n=6000 T=120 {'n': 512, 'dim': 256, 'layers': 4, 'epochs': 20, 'batch': 64, 'seed': 3, 'rel_bias': True, 'device': 'cuda', 'early_stop': 0.2, 'sel_reps': 4, 'pops_per_epoch': 5000}
    ep0 loss=0.393 err=15.301 within15=0.748 sel=-20.199 (19s)
    ep1 loss=0.181 err=7.337 within15=0.874 sel=-11.377 (38s)
    ep2 loss=0.077 err=3.803 within15=0.997 sel=-4.380 (58s)
    ep3 loss=0.048 err=3.220 within15=0.999 sel=-3.832 (77s)
    ep4 loss=0.036 err=3.035 within15=0.999 sel=-3.755 (96s)
    ep5 loss=0.029 err=3.055 within15=1.000 sel=-3.155 (115s)
    ep6 loss=0.027 err=3.040 within15=0.999 sel=-3.881 (134s)
    ep7 loss=0.019 err=2.897 within15=0.999 sel=-3.403 (153s)
    ep8 loss=0.017 err=2.791 within15=0.999 sel=-3.511 (172s)
    ep9 loss=0.014 err=2.643 within15=1.000 sel=-2.931 (190s)
    ep10 loss=0.013 err=2.707 within15=0.999 sel=-3.042 (209s)
    ep11 loss=0.012 err=2.650 within15=1.000 sel=-2.947 (228s)
    ep12 loss=0.011 err=2.580 within15=1.000 sel=-2.860 (247s)
    ep13 loss=0.010 err=2.532 within15=1.000 sel=-2.881 (267s)
    ep14 loss=0.010 err=2.587 within15=0.999 sel=-2.792 (285s)
    ep15 loss=0.010 err=2.555 within15=0.999 sel=-2.771 (304s)
    ep16 loss=0.009 err=2.567 within15=1.000 sel=-2.795 (323s)
    ep17 loss=0.009 err=2.537 within15=0.999 sel=-2.762 (342s)
    ep18 loss=0.010 err=2.543 within15=0.999 sel=-2.785 (361s)
    ep19 loss=0.009 err=2.529 within15=1.000 sel=-2.781 (380s)
    test-time averaging: err_avg8=2.628 err_avg32=2.536
  -> syn5_local0.5_d3: err=2.54 err_modD=2.54 within15=0.999 best_epoch=17 382s
[syn5_local0.5_d4] synthetic count=0 sharp=0 stim=0 n=6000 T=120 {'n': 512, 'dim': 256, 'layers': 4, 'epochs': 20, 'batch': 64, 'seed': 4, 'rel_bias': True, 'device': 'cuda', 'early_stop': 0.2, 'sel_reps': 4, 'pops_per_epoch': 5000}
    ep0 loss=0.429 err=22.866 within15=0.371 sel=-23.723 (19s)
    ep1 loss=0.289 err=23.760 within15=0.352 sel=-23.255 (39s)
    ep2 loss=0.264 err=21.003 within15=0.405 sel=-14.232 (57s)
    ep3 loss=0.226 err=15.657 within15=0.553 sel=-22.962 (76s)
    ep4 loss=0.156 err=7.347 within15=0.867 sel=-18.053 (95s)
    ep5 loss=0.089 err=3.937 within15=0.989 sel=-5.895 (114s)
    ep6 loss=0.044 err=3.819 within15=0.997 sel=-5.413 (133s)
    ep7 loss=0.025 err=3.233 within15=0.998 sel=-4.577 (152s)
    ep8 loss=0.018 err=3.011 within15=1.000 sel=-3.813 (171s)
    ep9 loss=0.016 err=2.839 within15=1.000 sel=-4.118 (190s)
    ep10 loss=0.017 err=2.832 within15=1.000 sel=-3.206 (209s)
    ep11 loss=0.014 err=2.874 within15=1.000 sel=-2.806 (227s)
    ep12 loss=0.012 err=2.631 within15=1.000 sel=-2.760 (246s)
    ep13 loss=0.011 err=2.637 within15=1.000 sel=-2.771 (265s)
    ep14 loss=0.010 err=2.601 within15=1.000 sel=-2.781 (284s)
    ep15 loss=0.010 err=2.571 within15=1.000 sel=-2.937 (302s)
    ep16 loss=0.010 err=2.541 within15=1.000 sel=-2.829 (311s)
    ep17 loss=0.010 err=2.572 within15=1.000 sel=-2.824 (324s)
    ep18 loss=0.010 err=2.563 within15=1.000 sel=-2.802 (343s)
    ep19 loss=0.009 err=2.538 within15=1.000 sel=-2.825 (361s)
    test-time averaging: err_avg8=2.739 err_avg32=2.638
  -> syn5_local0.5_d4: err=2.63 err_modD=2.62 within15=1.000 best_epoch=12 363s
[syn5_local1_d0] synthetic count=0 sharp=0 stim=0 n=6000 T=120 {'n': 512, 'dim': 256, 'layers': 4, 'epochs': 20, 'batch': 64, 'seed': 0, 'rel_bias': True, 'device': 'cuda', 'early_stop': 0.2, 'sel_reps': 4, 'pops_per_epoch': 5000}
    ep0 loss=0.364 err=22.245 within15=0.406 sel=-21.765 (19s)
    ep1 loss=0.263 err=18.802 within15=0.512 sel=-16.605 (38s)
    ep2 loss=0.191 err=11.223 within15=0.696 sel=-12.304 (57s)
    ep3 loss=0.106 err=6.076 within15=0.915 sel=-10.756 (76s)
    ep4 loss=0.058 err=4.010 within15=0.995 sel=-7.166 (94s)
    ep5 loss=0.038 err=3.523 within15=0.996 sel=-4.448 (113s)
    ep6 loss=0.025 err=2.769 within15=0.998 sel=-3.121 (132s)
    ep7 loss=0.019 err=2.790 within15=0.998 sel=-3.249 (151s)
    ep8 loss=0.016 err=2.576 within15=0.999 sel=-3.136 (170s)
    ep9 loss=0.017 err=2.474 within15=0.999 sel=-2.675 (189s)
    ep10 loss=0.011 err=2.448 within15=0.999 sel=-2.989 (208s)
    ep11 loss=0.010 err=2.387 within15=0.999 sel=-2.985 (227s)
    ep12 loss=0.009 err=2.393 within15=1.000 sel=-2.850 (245s)
    ep13 loss=0.009 err=2.343 within15=1.000 sel=-3.026 (264s)
    ep14 loss=0.008 err=2.367 within15=1.000 sel=-2.984 (283s)
    ep15 loss=0.008 err=2.412 within15=1.000 sel=-2.803 (302s)
    ep16 loss=0.008 err=2.273 within15=1.000 sel=-2.717 (321s)
    ep17 loss=0.008 err=2.285 within15=1.000 sel=-2.683 (340s)
    ep18 loss=0.008 err=2.280 within15=1.000 sel=-2.678 (358s)
    ep19 loss=0.008 err=2.294 within15=1.000 sel=-2.694 (377s)
    test-time averaging: err_avg8=2.885 err_avg32=2.509
  -> syn5_local1_d0: err=2.47 err_modD=2.40 within15=0.999 best_epoch=9 379s
[syn5_local1_d1] synthetic count=0 sharp=0 stim=0 n=6000 T=120 {'n': 512, 'dim': 256, 'layers': 4, 'epochs': 20, 'batch': 64, 'seed': 1, 'rel_bias': True, 'device': 'cuda', 'early_stop': 0.2, 'sel_reps': 4, 'pops_per_epoch': 5000}
    ep0 loss=0.387 err=19.515 within15=0.526 sel=-21.595 (19s)
    ep1 loss=0.267 err=18.834 within15=0.558 sel=-19.713 (38s)
    ep2 loss=0.245 err=11.802 within15=0.693 sel=-12.553 (58s)
    ep3 loss=0.218 err=10.529 within15=0.742 sel=-15.695 (77s)
    ep4 loss=0.178 err=7.330 within15=0.921 sel=-7.488 (95s)
    ep5 loss=0.126 err=5.577 within15=0.973 sel=-4.977 (114s)
    ep6 loss=0.093 err=4.201 within15=0.984 sel=-3.530 (133s)
    ep7 loss=0.066 err=5.663 within15=0.983 sel=-4.568 (152s)
    ep8 loss=0.050 err=4.228 within15=0.990 sel=-2.642 (171s)
    ep9 loss=0.037 err=4.113 within15=0.993 sel=-3.085 (190s)
    ep10 loss=0.027 err=3.025 within15=0.999 sel=-2.966 (209s)
    ep11 loss=0.019 err=3.163 within15=0.999 sel=-2.846 (227s)
    ep12 loss=0.015 err=2.980 within15=0.999 sel=-2.775 (246s)
    ep13 loss=0.013 err=2.534 within15=1.000 sel=-2.788 (265s)
    ep14 loss=0.013 err=2.667 within15=1.000 sel=-2.847 (284s)
    ep15 loss=0.012 err=2.539 within15=1.000 sel=-2.597 (303s)
    ep16 loss=0.011 err=2.436 within15=1.000 sel=-2.644 (322s)
    ep17 loss=0.011 err=2.348 within15=1.000 sel=-2.664 (340s)
    ep18 loss=0.011 err=2.453 within15=1.000 sel=-2.667 (359s)
    ep19 loss=0.011 err=2.471 within15=1.000 sel=-2.656 (378s)
    test-time averaging: err_avg8=2.887 err_avg32=2.608
  -> syn5_local1_d1: err=2.54 err_modD=2.53 within15=1.000 best_epoch=15 380s
[syn5_local1_d2] synthetic count=0 sharp=0 stim=0 n=6000 T=120 {'n': 512, 'dim': 256, 'layers': 4, 'epochs': 20, 'batch': 64, 'seed': 2, 'rel_bias': True, 'device': 'cuda', 'early_stop': 0.2, 'sel_reps': 4, 'pops_per_epoch': 5000}
    ep0 loss=0.357 err=22.020 within15=0.331 sel=-25.181 (19s)
    ep1 loss=0.280 err=22.558 within15=0.331 sel=-19.455 (39s)
    ep2 loss=0.269 err=21.497 within15=0.374 sel=-21.615 (58s)
    ep3 loss=0.252 err=16.228 within15=0.488 sel=-12.741 (77s)
    ep4 loss=0.210 err=13.612 within15=0.575 sel=-14.139 (96s)
    ep5 loss=0.156 err=9.602 within15=0.790 sel=-5.337 (114s)
    ep6 loss=0.095 err=4.928 within15=0.969 sel=-4.637 (133s)
    ep7 loss=0.046 err=3.483 within15=0.995 sel=-4.227 (152s)
    ep8 loss=0.029 err=2.861 within15=0.999 sel=-2.846 (171s)
    ep9 loss=0.022 err=2.961 within15=0.999 sel=-2.754 (190s)
    ep10 loss=0.018 err=2.708 within15=0.999 sel=-2.848 (209s)
    ep11 loss=0.015 err=2.540 within15=0.999 sel=-2.435 (227s)
    ep12 loss=0.013 err=2.558 within15=1.000 sel=-2.534 (246s)
    ep13 loss=0.011 err=2.493 within15=1.000 sel=-2.544 (265s)
    ep14 loss=0.010 err=2.412 within15=1.000 sel=-2.484 (284s)
    ep15 loss=0.009 err=2.442 within15=1.000 sel=-2.418 (303s)
    ep16 loss=0.009 err=2.396 within15=1.000 sel=-2.393 (322s)
    ep17 loss=0.009 err=2.388 within15=1.000 sel=-2.401 (341s)
    ep18 loss=0.009 err=2.376 within15=1.000 sel=-2.389 (359s)
    ep19 loss=0.009 err=2.381 within15=1.000 sel=-2.395 (378s)
    test-time averaging: err_avg8=2.551 err_avg32=2.379
  -> syn5_local1_d2: err=2.38 err_modD=2.22 within15=1.000 best_epoch=18 380s
[syn5_local1_d3] synthetic count=0 sharp=0 stim=0 n=6000 T=120 {'n': 512, 'dim': 256, 'layers': 4, 'epochs': 20, 'batch': 64, 'seed': 3, 'rel_bias': True, 'device': 'cuda', 'early_stop': 0.2, 'sel_reps': 4, 'pops_per_epoch': 5000}
    ep0 loss=0.308 err=12.694 within15=0.754 sel=-18.011 (19s)
    ep1 loss=0.115 err=5.533 within15=0.977 sel=-8.021 (38s)
    ep2 loss=0.034 err=3.018 within15=0.999 sel=-3.410 (57s)
    ep3 loss=0.019 err=2.712 within15=0.999 sel=-2.822 (76s)
    ep4 loss=0.014 err=2.698 within15=0.999 sel=-3.358 (95s)
    ep5 loss=0.012 err=2.414 within15=1.000 sel=-2.748 (114s)
    ep6 loss=0.010 err=2.363 within15=0.999 sel=-2.663 (133s)
    ep7 loss=0.009 err=2.519 within15=0.999 sel=-2.754 (151s)
    ep8 loss=0.008 err=2.354 within15=0.999 sel=-2.594 (170s)
    ep9 loss=0.008 err=2.209 within15=1.000 sel=-2.466 (189s)
    ep10 loss=0.008 err=2.210 within15=1.000 sel=-2.521 (208s)
    ep11 loss=0.007 err=2.195 within15=1.000 sel=-2.478 (227s)
    ep12 loss=0.007 err=2.204 within15=1.000 sel=-2.537 (246s)
    ep13 loss=0.007 err=2.148 within15=1.000 sel=-2.530 (264s)
    ep14 loss=0.007 err=2.161 within15=1.000 sel=-2.560 (283s)
    ep15 loss=0.007 err=2.138 within15=0.999 sel=-2.474 (302s)
    ep16 loss=0.007 err=2.166 within15=1.000 sel=-2.512 (321s)
    ep17 loss=0.006 err=2.127 within15=0.999 sel=-2.486 (339s)
    ep18 loss=0.006 err=2.131 within15=0.999 sel=-2.487 (358s)
    ep19 loss=0.006 err=2.147 within15=1.000 sel=-2.491 (377s)
    test-time averaging: err_avg8=2.277 err_avg32=2.217
  -> syn5_local1_d3: err=2.21 err_modD=2.20 within15=1.000 best_epoch=9 379s
[syn5_local1_d4] synthetic count=0 sharp=0 stim=0 n=6000 T=120 {'n': 512, 'dim': 256, 'layers': 4, 'epochs': 20, 'batch': 64, 'seed': 4, 'rel_bias': True, 'device': 'cuda', 'early_stop': 0.2, 'sel_reps': 4, 'pops_per_epoch': 5000}
    ep0 loss=0.380 err=22.011 within15=0.376 sel=-22.509 (19s)
    ep1 loss=0.265 err=20.767 within15=0.422 sel=-20.681 (38s)
    ep2 loss=0.223 err=11.506 within15=0.700 sel=-14.307 (57s)
    ep3 loss=0.100 err=4.208 within15=0.977 sel=-10.161 (76s)
    ep4 loss=0.041 err=3.785 within15=0.991 sel=-3.588 (95s)
    ep5 loss=0.024 err=2.879 within15=0.998 sel=-3.467 (114s)
    ep6 loss=0.018 err=2.761 within15=0.999 sel=-3.909 (133s)
    ep7 loss=0.016 err=2.598 within15=0.999 sel=-2.774 (152s)
    ep8 loss=0.014 err=2.587 within15=0.999 sel=-2.856 (170s)
    ep9 loss=0.012 err=2.500 within15=0.999 sel=-2.794 (189s)
    ep10 loss=0.011 err=2.460 within15=0.999 sel=-2.947 (208s)
    ep11 loss=0.010 err=2.356 within15=1.000 sel=-2.786 (227s)
    ep12 loss=0.009 err=2.288 within15=1.000 sel=-2.804 (236s)
    ep13 loss=0.009 err=2.353 within15=1.000 sel=-2.910 (244s)
    ep14 loss=0.009 err=2.291 within15=1.000 sel=-2.908 (252s)
    ep15 loss=0.009 err=2.296 within15=0.999 sel=-2.859 (261s)
    ep16 loss=0.008 err=2.273 within15=1.000 sel=-2.831 (269s)
    ep17 loss=0.008 err=2.274 within15=0.999 sel=-3.016 (277s)
    ep18 loss=0.008 err=2.270 within15=1.000 sel=-2.882 (286s)
    ep19 loss=0.008 err=2.258 within15=1.000 sel=-2.899 (294s)
    test-time averaging: err_avg8=2.643 err_avg32=2.570
  -> syn5_local1_d4: err=2.60 err_modD=2.59 within15=0.999 best_epoch=7 295s
[syn5_local2_d0] synthetic count=0 sharp=0 stim=0 n=6000 T=120 {'n': 512, 'dim': 256, 'layers': 4, 'epochs': 20, 'batch': 64, 'seed': 0, 'rel_bias': True, 'device': 'cuda', 'early_stop': 0.2, 'sel_reps': 4, 'pops_per_epoch': 5000}
    ep0 loss=0.336 err=21.754 within15=0.362 sel=-21.799 (9s)
    ep1 loss=0.236 err=13.691 within15=0.573 sel=-14.805 (17s)
    ep2 loss=0.116 err=5.749 within15=0.966 sel=-10.502 (25s)
    ep3 loss=0.057 err=2.961 within15=0.997 sel=-3.252 (34s)
    ep4 loss=0.034 err=3.113 within15=0.996 sel=-5.174 (42s)
    ep5 loss=0.024 err=2.951 within15=0.998 sel=-5.116 (50s)
    ep6 loss=0.017 err=2.518 within15=0.999 sel=-3.227 (59s)
    ep7 loss=0.014 err=2.581 within15=0.998 sel=-2.807 (67s)
    ep8 loss=0.012 err=2.456 within15=0.999 sel=-3.002 (75s)
    ep9 loss=0.011 err=2.115 within15=0.999 sel=-3.037 (84s)
    ep10 loss=0.009 err=2.410 within15=0.999 sel=-3.156 (92s)
    ep11 loss=0.008 err=2.035 within15=1.000 sel=-2.779 (100s)
    ep12 loss=0.007 err=2.281 within15=1.000 sel=-3.112 (109s)
    ep13 loss=0.007 err=2.199 within15=1.000 sel=-2.874 (117s)
    ep14 loss=0.006 err=2.262 within15=1.000 sel=-2.762 (125s)
    ep15 loss=0.006 err=2.200 within15=1.000 sel=-2.806 (133s)
    ep16 loss=0.006 err=2.142 within15=1.000 sel=-2.693 (142s)
    ep17 loss=0.006 err=2.146 within15=1.000 sel=-2.683 (150s)
    ep18 loss=0.006 err=2.160 within15=1.000 sel=-2.723 (158s)
    ep19 loss=0.006 err=2.160 within15=1.000 sel=-2.734 (167s)
    test-time averaging: err_avg8=2.145 err_avg32=2.086
  -> syn5_local2_d0: err=2.15 err_modD=1.91 within15=1.000 best_epoch=17 168s
[syn5_local2_d1] synthetic count=0 sharp=0 stim=0 n=6000 T=120 {'n': 512, 'dim': 256, 'layers': 4, 'epochs': 20, 'batch': 64, 'seed': 1, 'rel_bias': True, 'device': 'cuda', 'early_stop': 0.2, 'sel_reps': 4, 'pops_per_epoch': 5000}
    ep0 loss=0.359 err=19.644 within15=0.408 sel=-22.930 (9s)
    ep1 loss=0.249 err=20.725 within15=0.562 sel=-21.525 (17s)
    ep2 loss=0.203 err=9.021 within15=0.801 sel=-9.075 (26s)
    ep3 loss=0.098 err=4.852 within15=0.971 sel=-7.630 (34s)
    ep4 loss=0.061 err=3.584 within15=0.998 sel=-7.118 (43s)
    ep5 loss=0.042 err=4.033 within15=0.997 sel=-4.343 (51s)
    ep6 loss=0.032 err=2.860 within15=1.000 sel=-4.164 (59s)
    ep7 loss=0.029 err=2.711 within15=1.000 sel=-3.494 (68s)
    ep8 loss=0.021 err=2.679 within15=1.000 sel=-3.291 (76s)
    ep9 loss=0.019 err=2.459 within15=1.000 sel=-2.309 (84s)
    ep10 loss=0.016 err=2.534 within15=1.000 sel=-2.981 (93s)
    ep11 loss=0.013 err=2.202 within15=1.000 sel=-2.720 (101s)
    ep12 loss=0.011 err=2.097 within15=1.000 sel=-3.562 (109s)
    ep13 loss=0.010 err=2.221 within15=1.000 sel=-2.610 (118s)
    ep14 loss=0.010 err=2.041 within15=1.000 sel=-2.568 (126s)
    ep15 loss=0.009 err=2.034 within15=1.000 sel=-2.539 (134s)
    ep16 loss=0.008 err=2.078 within15=1.000 sel=-2.714 (143s)
    ep17 loss=0.008 err=1.961 within15=1.000 sel=-2.841 (151s)
    ep18 loss=0.008 err=2.068 within15=1.000 sel=-2.876 (159s)
    ep19 loss=0.008 err=2.021 within15=1.000 sel=-2.889 (168s)
    test-time averaging: err_avg8=3.385 err_avg32=2.534
  -> syn5_local2_d1: err=2.46 err_modD=2.39 within15=1.000 best_epoch=9 169s
[syn5_local2_d2] synthetic count=0 sharp=0 stim=0 n=6000 T=120 {'n': 512, 'dim': 256, 'layers': 4, 'epochs': 20, 'batch': 64, 'seed': 2, 'rel_bias': True, 'device': 'cuda', 'early_stop': 0.2, 'sel_reps': 4, 'pops_per_epoch': 5000}
    ep0 loss=0.334 err=21.144 within15=0.339 sel=-23.865 (9s)
    ep1 loss=0.271 err=21.708 within15=0.439 sel=-20.543 (17s)
    ep2 loss=0.253 err=15.901 within15=0.525 sel=-16.673 (25s)
    ep3 loss=0.189 err=9.698 within15=0.727 sel=-11.300 (34s)
    ep4 loss=0.111 err=7.461 within15=0.847 sel=-5.803 (42s)
    ep5 loss=0.056 err=4.061 within15=0.979 sel=-4.260 (50s)
    ep6 loss=0.028 err=3.327 within15=0.998 sel=-2.925 (59s)
    ep7 loss=0.017 err=2.872 within15=0.999 sel=-2.705 (67s)
    ep8 loss=0.012 err=2.723 within15=0.999 sel=-2.470 (76s)
    ep9 loss=0.010 err=2.674 within15=1.000 sel=-2.766 (84s)
    ep10 loss=0.009 err=2.348 within15=1.000 sel=-2.388 (92s)
    ep11 loss=0.008 err=2.420 within15=1.000 sel=-2.502 (101s)
    ep12 loss=0.008 err=2.300 within15=1.000 sel=-2.282 (109s)
    ep13 loss=0.007 err=2.273 within15=1.000 sel=-2.375 (117s)
    ep14 loss=0.007 err=2.277 within15=1.000 sel=-2.327 (126s)
    ep15 loss=0.006 err=2.249 within15=1.000 sel=-2.235 (134s)
    ep16 loss=0.006 err=2.288 within15=1.000 sel=-2.233 (142s)
    ep17 loss=0.006 err=2.219 within15=1.000 sel=-2.195 (151s)
    ep18 loss=0.006 err=2.159 within15=1.000 sel=-2.194 (159s)
    ep19 loss=0.006 err=2.240 within15=1.000 sel=-2.189 (167s)
    test-time averaging: err_avg8=2.332 err_avg32=2.240
  -> syn5_local2_d2: err=2.24 err_modD=1.94 within15=1.000 best_epoch=19 169s
[syn5_local2_d3] synthetic count=0 sharp=0 stim=0 n=6000 T=120 {'n': 512, 'dim': 256, 'layers': 4, 'epochs': 20, 'batch': 64, 'seed': 3, 'rel_bias': True, 'device': 'cuda', 'early_stop': 0.2, 'sel_reps': 4, 'pops_per_epoch': 5000}
    ep0 loss=0.285 err=13.861 within15=0.590 sel=-21.243 (9s)
    ep1 loss=0.131 err=4.382 within15=0.991 sel=-4.821 (17s)
    ep2 loss=0.034 err=2.756 within15=0.999 sel=-2.813 (26s)
    ep3 loss=0.016 err=2.278 within15=0.999 sel=-2.688 (34s)
    ep4 loss=0.011 err=2.157 within15=0.999 sel=-2.700 (42s)
    ep5 loss=0.009 err=2.147 within15=1.000 sel=-2.418 (51s)
    ep6 loss=0.008 err=2.094 within15=0.999 sel=-2.257 (59s)
    ep7 loss=0.007 err=2.029 within15=1.000 sel=-2.380 (67s)
    ep8 loss=0.007 err=2.018 within15=0.999 sel=-2.204 (76s)
    ep9 loss=0.006 err=1.965 within15=0.999 sel=-2.050 (84s)
    ep10 loss=0.006 err=1.950 within15=0.999 sel=-2.171 (92s)
    ep11 loss=0.006 err=1.918 within15=1.000 sel=-2.059 (101s)
    ep12 loss=0.006 err=1.889 within15=1.000 sel=-2.232 (109s)
    ep13 loss=0.005 err=1.839 within15=1.000 sel=-2.092 (117s)
    ep14 loss=0.005 err=1.846 within15=0.999 sel=-2.129 (126s)
    ep15 loss=0.005 err=1.847 within15=1.000 sel=-2.062 (134s)
    ep16 loss=0.005 err=1.828 within15=1.000 sel=-2.049 (142s)
    ep17 loss=0.005 err=1.812 within15=1.000 sel=-2.054 (151s)
    ep18 loss=0.005 err=1.828 within15=1.000 sel=-2.075 (159s)
    ep19 loss=0.005 err=1.826 within15=1.000 sel=-2.057 (167s)
    test-time averaging: err_avg8=1.909 err_avg32=1.838
  -> syn5_local2_d3: err=1.83 err_modD=1.83 within15=1.000 best_epoch=16 168s
[syn5_local2_d4] synthetic count=0 sharp=0 stim=0 n=6000 T=120 {'n': 512, 'dim': 256, 'layers': 4, 'epochs': 20, 'batch': 64, 'seed': 4, 'rel_bias': True, 'device': 'cuda', 'early_stop': 0.2, 'sel_reps': 4, 'pops_per_epoch': 5000}
    ep0 loss=0.366 err=21.319 within15=0.363 sel=-23.239 (9s)
    ep1 loss=0.259 err=20.961 within15=0.463 sel=-20.676 (17s)
    ep2 loss=0.221 err=13.892 within15=0.658 sel=-20.856 (25s)
    ep3 loss=0.095 err=5.433 within15=0.930 sel=-4.946 (34s)
    ep4 loss=0.035 err=3.282 within15=0.990 sel=-2.999 (42s)
    ep5 loss=0.023 err=2.647 within15=0.997 sel=-2.982 (50s)
    ep6 loss=0.014 err=2.582 within15=0.999 sel=-2.422 (59s)
    ep7 loss=0.011 err=2.398 within15=0.998 sel=-2.362 (67s)
    ep8 loss=0.010 err=2.108 within15=0.999 sel=-2.274 (75s)
    ep9 loss=0.009 err=2.120 within15=1.000 sel=-2.136 (84s)
    ep10 loss=0.008 err=1.981 within15=0.999 sel=-2.067 (93s)
    ep11 loss=0.008 err=1.970 within15=1.000 sel=-2.058 (101s)
    ep12 loss=0.007 err=1.979 within15=0.999 sel=-2.048 (109s)
    ep13 loss=0.007 err=2.010 within15=0.999 sel=-1.964 (118s)
    ep14 loss=0.006 err=1.928 within15=1.000 sel=-1.960 (126s)
    ep15 loss=0.006 err=1.966 within15=1.000 sel=-1.972 (134s)
    ep16 loss=0.006 err=1.928 within15=1.000 sel=-1.947 (143s)
    ep17 loss=0.006 err=1.949 within15=1.000 sel=-1.942 (151s)
    ep18 loss=0.006 err=1.928 within15=1.000 sel=-1.937 (159s)
    ep19 loss=0.006 err=1.933 within15=0.999 sel=-1.941 (168s)
    test-time averaging: err_avg8=2.030 err_avg32=1.937
  -> syn5_local2_d4: err=1.93 err_modD=1.91 within15=1.000 best_epoch=18 169s
QUEUE_POD8B_DONE
