[c_is_17M_n128_s0] func_is oricirc n_neurons=5287 split_seed=0 bins=0 {'seed': 0, 'dim': 512, 'layers': 8, 'epochs': 30, 'batch': 64, 'rel_bias': True, 'device': 'cuda', 'early_stop': 0.2, 'pops_per_epoch': 5000, 'n': 128, 'sel_reps': 1}
    ep0 loss=0.575 err=38.721 within15=0.287 sel=-39.018 (21s)
    ep1 loss=0.511 err=43.640 within15=0.269 sel=-38.150 (45s)
    ep2 loss=0.506 err=38.739 within15=0.292 sel=-39.115 (66s)
    ep3 loss=0.478 err=32.781 within15=0.346 sel=-31.157 (87s)
    ep4 loss=0.480 err=34.208 within15=0.303 sel=-31.947 (108s)
    ep5 loss=0.463 err=33.242 within15=0.365 sel=-30.224 (129s)
    ep6 loss=0.455 err=30.589 within15=0.396 sel=-29.135 (150s)
    ep7 loss=0.444 err=30.366 within15=0.410 sel=-28.644 (171s)
    ep8 loss=0.437 err=30.232 within15=0.375 sel=-28.480 (192s)
    ep9 loss=0.428 err=29.698 within15=0.413 sel=-28.344 (213s)
    ep10 loss=0.423 err=30.084 within15=0.402 sel=-28.538 (235s)
    ep11 loss=0.418 err=26.679 within15=0.454 sel=-25.200 (255s)
    ep12 loss=0.409 err=28.279 within15=0.429 sel=-26.675 (277s)
    ep13 loss=0.399 err=25.749 within15=0.465 sel=-24.619 (298s)
    ep14 loss=0.392 err=25.557 within15=0.468 sel=-24.970 (319s)
    ep15 loss=0.384 err=25.485 within15=0.470 sel=-24.781 (340s)
    ep16 loss=0.376 err=24.316 within15=0.486 sel=-23.816 (361s)
    ep17 loss=0.371 err=23.514 within15=0.498 sel=-23.443 (382s)
    ep18 loss=0.364 err=22.730 within15=0.509 sel=-23.789 (403s)
    ep19 loss=0.361 err=23.726 within15=0.488 sel=-23.869 (424s)
    ep20 loss=0.353 err=22.842 within15=0.495 sel=-23.316 (445s)
    ep21 loss=0.347 err=22.586 within15=0.512 sel=-23.429 (466s)
    ep22 loss=0.342 err=23.223 within15=0.496 sel=-24.352 (487s)
    ep23 loss=0.340 err=22.583 within15=0.510 sel=-23.868 (508s)
    ep24 loss=0.338 err=22.368 within15=0.507 sel=-23.454 (525s)
    ep25 loss=0.332 err=22.669 within15=0.514 sel=-23.284 (546s)
    ep26 loss=0.330 err=22.068 within15=0.507 sel=-23.516 (568s)
    ep27 loss=0.331 err=22.186 within15=0.510 sel=-22.997 (589s)
    ep28 loss=0.331 err=22.231 within15=0.511 sel=-22.893 (610s)
    ep29 loss=0.329 err=22.267 within15=0.508 sel=-22.664 (631s)
    test-time averaging: err_avg8=22.667 err_avg32=21.639
  -> c_is_17M_n128_s0: err=22.267 within15=0.508 err_modD=22.259 loss=0.329 sel_metric=-22.664 val_at_last_epoch=22.267 err_avg8=22.667 err_avg32=21.639 best_epoch=29 params=16891938 635s
[c_iv_17M_n128_s0] func_iv oricirc n_neurons=5287 split_seed=0 bins=0 {'seed': 0, 'dim': 512, 'layers': 8, 'epochs': 30, 'batch': 64, 'rel_bias': True, 'device': 'cuda', 'early_stop': 0.2, 'pops_per_epoch': 5000, 'n': 128, 'sel_reps': 1}
    ep0 loss=0.528 err=30.668 within15=0.407 sel=-30.855 (18s)
    ep1 loss=0.459 err=31.387 within15=0.343 sel=-31.893 (40s)
    ep2 loss=0.439 err=30.341 within15=0.411 sel=-30.307 (61s)
    ep3 loss=0.414 err=31.823 within15=0.357 sel=-32.267 (82s)
    ep4 loss=0.410 err=30.651 within15=0.387 sel=-30.408 (103s)
    ep5 loss=0.401 err=28.868 within15=0.432 sel=-28.340 (124s)
    ep6 loss=0.392 err=28.834 within15=0.430 sel=-27.804 (146s)
    ep7 loss=0.385 err=27.733 within15=0.428 sel=-27.566 (167s)
    ep8 loss=0.381 err=27.465 within15=0.431 sel=-26.345 (188s)
    ep9 loss=0.378 err=27.023 within15=0.448 sel=-26.162 (209s)
    ep10 loss=0.375 err=27.132 within15=0.445 sel=-26.509 (230s)
    ep11 loss=0.371 err=26.546 within15=0.449 sel=-25.439 (251s)
    ep12 loss=0.369 err=26.839 within15=0.451 sel=-26.278 (273s)
    ep13 loss=0.364 err=26.953 within15=0.452 sel=-25.554 (294s)
    ep14 loss=0.363 err=26.083 within15=0.458 sel=-25.627 (315s)
    ep15 loss=0.360 err=26.375 within15=0.458 sel=-25.615 (336s)
    ep16 loss=0.358 err=26.324 within15=0.450 sel=-25.440 (357s)
    ep17 loss=0.356 err=26.063 within15=0.462 sel=-25.531 (378s)
    ep18 loss=0.352 err=26.130 within15=0.454 sel=-25.365 (399s)
    ep19 loss=0.351 err=26.409 within15=0.452 sel=-25.579 (418s)
    ep20 loss=0.350 err=25.951 within15=0.459 sel=-26.442 (439s)
    ep21 loss=0.348 err=25.781 within15=0.460 sel=-25.630 (460s)
    ep22 loss=0.346 err=25.898 within15=0.449 sel=-25.964 (481s)
    ep23 loss=0.344 err=26.181 within15=0.457 sel=-25.895 (502s)
    ep24 loss=0.344 err=26.056 within15=0.453 sel=-25.911 (523s)
    ep25 loss=0.343 err=26.004 within15=0.459 sel=-26.050 (544s)
    ep26 loss=0.342 err=25.807 within15=0.459 sel=-26.096 (565s)
    ep27 loss=0.342 err=26.020 within15=0.452 sel=-25.672 (586s)
    ep28 loss=0.342 err=25.836 within15=0.454 sel=-25.628 (607s)
    ep29 loss=0.342 err=25.874 within15=0.460 sel=-25.729 (628s)
    test-time averaging: err_avg8=26.111 err_avg32=25.919
  -> c_iv_17M_n128_s0: err=26.130 within15=0.454 err_modD=26.093 loss=0.342 sel_metric=-25.365 val_at_last_epoch=25.874 err_avg8=26.111 err_avg32=25.919 best_epoch=18 params=16891938 632s
[c_is_17M_n128_s1] func_is oricirc n_neurons=5287 split_seed=0 bins=0 {'seed': 1, 'dim': 512, 'layers': 8, 'epochs': 30, 'batch': 64, 'rel_bias': True, 'device': 'cuda', 'early_stop': 0.2, 'pops_per_epoch': 5000, 'n': 128, 'sel_reps': 1}
    ep0 loss=0.563 err=37.364 within15=0.323 sel=-39.812 (17s)
    ep1 loss=0.501 err=35.800 within15=0.326 sel=-34.957 (40s)
    ep2 loss=0.504 err=38.926 within15=0.260 sel=-36.309 (62s)
    ep3 loss=0.476 err=39.743 within15=0.168 sel=-36.298 (84s)
    ep4 loss=0.463 err=31.900 within15=0.366 sel=-32.797 (106s)
    ep5 loss=0.457 err=33.071 within15=0.379 sel=-32.676 (128s)
    ep6 loss=0.446 err=31.190 within15=0.398 sel=-31.904 (150s)
    ep7 loss=0.438 err=31.163 within15=0.359 sel=-31.636 (172s)
    ep8 loss=0.429 err=28.892 within15=0.432 sel=-29.590 (195s)
    ep9 loss=0.419 err=28.012 within15=0.429 sel=-28.833 (217s)
    ep10 loss=0.413 err=27.403 within15=0.437 sel=-29.778 (239s)
    ep11 loss=0.409 err=27.178 within15=0.443 sel=-27.832 (261s)
    ep12 loss=0.403 err=26.787 within15=0.450 sel=-27.486 (283s)
    ep13 loss=0.393 err=26.372 within15=0.459 sel=-26.480 (305s)
    ep14 loss=0.391 err=24.437 within15=0.478 sel=-25.424 (325s)
    ep15 loss=0.381 err=24.287 within15=0.479 sel=-24.560 (347s)
    ep16 loss=0.376 err=24.602 within15=0.473 sel=-25.738 (369s)
    ep17 loss=0.369 err=23.862 within15=0.486 sel=-23.757 (391s)
    ep18 loss=0.366 err=23.624 within15=0.495 sel=-24.734 (413s)
    ep19 loss=0.361 err=23.503 within15=0.499 sel=-23.413 (435s)
    ep20 loss=0.356 err=22.959 within15=0.492 sel=-24.416 (457s)
    ep21 loss=0.354 err=23.706 within15=0.494 sel=-23.673 (479s)
    ep22 loss=0.347 err=23.402 within15=0.492 sel=-23.165 (501s)
    ep23 loss=0.346 err=22.517 within15=0.506 sel=-24.026 (523s)
    ep24 loss=0.342 err=22.854 within15=0.495 sel=-23.554 (545s)
    ep25 loss=0.338 err=22.752 within15=0.501 sel=-23.021 (567s)
    ep26 loss=0.337 err=22.680 within15=0.506 sel=-23.470 (590s)
    ep27 loss=0.337 err=22.754 within15=0.506 sel=-22.818 (612s)
    ep28 loss=0.337 err=22.934 within15=0.505 sel=-23.407 (634s)
    ep29 loss=0.335 err=22.642 within15=0.499 sel=-22.916 (656s)
    test-time averaging: err_avg8=22.655 err_avg32=21.722
  -> c_is_17M_n128_s1: err=22.754 within15=0.506 err_modD=22.754 loss=0.335 sel_metric=-22.818 val_at_last_epoch=22.642 err_avg8=22.655 err_avg32=21.722 best_epoch=27 params=16891938 659s
[c_iv_17M_n128_s1] func_iv oricirc n_neurons=5287 split_seed=0 bins=0 {'seed': 1, 'dim': 512, 'layers': 8, 'epochs': 30, 'batch': 64, 'rel_bias': True, 'device': 'cuda', 'early_stop': 0.2, 'pops_per_epoch': 5000, 'n': 128, 'sel_reps': 1}
    ep0 loss=0.525 err=34.761 within15=0.311 sel=-34.312 (22s)
    ep1 loss=0.441 err=35.255 within15=0.288 sel=-35.249 (46s)
    ep2 loss=0.432 err=29.175 within15=0.431 sel=-28.328 (68s)
    ep3 loss=0.418 err=32.881 within15=0.270 sel=-33.213 (90s)
    ep4 loss=0.416 err=30.936 within15=0.371 sel=-29.103 (112s)
    ep5 loss=0.402 err=28.336 within15=0.422 sel=-27.179 (134s)
    ep6 loss=0.394 err=29.756 within15=0.391 sel=-26.716 (156s)
    ep7 loss=0.386 err=28.163 within15=0.431 sel=-26.427 (179s)
    ep8 loss=0.382 err=27.951 within15=0.437 sel=-26.543 (201s)
    ep9 loss=0.378 err=27.158 within15=0.439 sel=-26.082 (221s)
    ep10 loss=0.373 err=27.140 within15=0.443 sel=-26.430 (243s)
    ep11 loss=0.371 err=27.211 within15=0.445 sel=-25.438 (265s)
    ep12 loss=0.369 err=26.550 within15=0.451 sel=-25.291 (287s)
    ep13 loss=0.366 err=26.813 within15=0.444 sel=-25.505 (309s)
    ep14 loss=0.363 err=26.639 within15=0.449 sel=-24.708 (331s)
    ep15 loss=0.361 err=26.617 within15=0.443 sel=-25.082 (353s)
    ep16 loss=0.359 err=26.986 within15=0.442 sel=-25.572 (375s)
    ep17 loss=0.357 err=26.263 within15=0.448 sel=-24.178 (397s)
    ep18 loss=0.355 err=26.052 within15=0.457 sel=-24.459 (420s)
    ep19 loss=0.353 err=26.210 within15=0.446 sel=-24.741 (442s)
    ep20 loss=0.352 err=26.349 within15=0.441 sel=-24.960 (464s)
    ep21 loss=0.350 err=26.051 within15=0.449 sel=-24.376 (485s)
    ep22 loss=0.349 err=26.386 within15=0.445 sel=-24.552 (507s)
    ep23 loss=0.348 err=25.941 within15=0.451 sel=-24.552 (529s)
    ep24 loss=0.347 err=25.659 within15=0.449 sel=-24.387 (551s)
    ep25 loss=0.345 err=25.709 within15=0.456 sel=-23.847 (573s)
    ep26 loss=0.345 err=25.691 within15=0.456 sel=-23.948 (596s)
    ep27 loss=0.345 err=25.998 within15=0.451 sel=-24.120 (618s)
    ep28 loss=0.344 err=25.689 within15=0.461 sel=-23.928 (640s)
    ep29 loss=0.345 err=25.509 within15=0.459 sel=-24.080 (662s)
    test-time averaging: err_avg8=25.545 err_avg32=25.414
  -> c_iv_17M_n128_s1: err=25.709 within15=0.456 err_modD=25.691 loss=0.345 sel_metric=-23.847 val_at_last_epoch=25.509 err_avg8=25.545 err_avg32=25.414 best_epoch=25 params=16891938 665s
[c_is_17M_n128_s2] func_is oricirc n_neurons=5287 split_seed=0 bins=0 {'seed': 2, 'dim': 512, 'layers': 8, 'epochs': 30, 'batch': 64, 'rel_bias': True, 'device': 'cuda', 'early_stop': 0.2, 'pops_per_epoch': 5000, 'n': 128, 'sel_reps': 1}
    ep0 loss=0.576 err=43.251 within15=0.130 sel=-40.460 (22s)
    ep1 loss=0.510 err=43.679 within15=0.196 sel=-42.909 (45s)
    ep2 loss=0.481 err=36.947 within15=0.353 sel=-39.819 (67s)
    ep3 loss=0.464 err=34.191 within15=0.377 sel=-37.142 (90s)
    ep4 loss=0.459 err=32.192 within15=0.391 sel=-30.182 (110s)
    ep5 loss=0.450 err=30.508 within15=0.402 sel=-31.028 (132s)
    ep6 loss=0.439 err=32.200 within15=0.334 sel=-34.374 (154s)
    ep7 loss=0.429 err=29.271 within15=0.388 sel=-28.302 (176s)
    ep8 loss=0.420 err=29.954 within15=0.389 sel=-28.430 (198s)
    ep9 loss=0.414 err=28.341 within15=0.418 sel=-26.696 (220s)
    ep10 loss=0.405 err=26.651 within15=0.447 sel=-24.460 (242s)
    ep11 loss=0.401 err=26.403 within15=0.455 sel=-24.657 (264s)
    ep12 loss=0.390 err=24.453 within15=0.481 sel=-23.820 (286s)
    ep13 loss=0.385 err=24.725 within15=0.480 sel=-22.808 (309s)
    ep14 loss=0.379 err=25.007 within15=0.469 sel=-24.433 (331s)
    ep15 loss=0.373 err=24.156 within15=0.479 sel=-23.658 (353s)
    ep16 loss=0.364 err=23.755 within15=0.488 sel=-22.436 (375s)
    ep17 loss=0.359 err=23.362 within15=0.496 sel=-22.495 (397s)
    ep18 loss=0.356 err=23.098 within15=0.494 sel=-22.003 (419s)
    ep19 loss=0.351 err=22.926 within15=0.500 sel=-21.607 (442s)
    ep20 loss=0.345 err=22.920 within15=0.499 sel=-21.807 (464s)
    ep21 loss=0.342 err=22.654 within15=0.506 sel=-21.863 (486s)
    ep22 loss=0.338 err=22.379 within15=0.505 sel=-21.290 (508s)
    ep23 loss=0.334 err=22.336 within15=0.514 sel=-21.686 (530s)
    ep24 loss=0.333 err=22.244 within15=0.512 sel=-21.519 (552s)
    ep25 loss=0.331 err=22.165 within15=0.504 sel=-21.457 (574s)
    ep26 loss=0.328 err=21.803 within15=0.517 sel=-21.008 (596s)
    ep27 loss=0.328 err=21.610 within15=0.516 sel=-21.287 (618s)
    ep28 loss=0.326 err=21.754 within15=0.511 sel=-21.450 (640s)
    ep29 loss=0.324 err=21.884 within15=0.517 sel=-21.093 (662s)
    test-time averaging: err_avg8=22.348 err_avg32=21.387
  -> c_is_17M_n128_s2: err=21.803 within15=0.517 err_modD=21.797 loss=0.324 sel_metric=-21.008 val_at_last_epoch=21.884 err_avg8=22.348 err_avg32=21.387 best_epoch=26 params=16891938 666s
[c_iv_17M_n128_s2] func_iv oricirc n_neurons=5287 split_seed=0 bins=0 {'seed': 2, 'dim': 512, 'layers': 8, 'epochs': 30, 'batch': 64, 'rel_bias': True, 'device': 'cuda', 'early_stop': 0.2, 'pops_per_epoch': 5000, 'n': 128, 'sel_reps': 1}
    ep0 loss=0.522 err=37.405 within15=0.225 sel=-37.136 (22s)
    ep1 loss=0.455 err=31.720 within15=0.367 sel=-31.395 (46s)
    ep2 loss=0.433 err=34.569 within15=0.343 sel=-33.648 (68s)
    ep3 loss=0.425 err=30.308 within15=0.394 sel=-27.978 (90s)
    ep4 loss=0.416 err=30.577 within15=0.398 sel=-29.884 (112s)
    ep5 loss=0.404 err=29.768 within15=0.414 sel=-27.101 (134s)
    ep6 loss=0.396 err=27.808 within15=0.434 sel=-27.682 (157s)
    ep7 loss=0.391 err=28.068 within15=0.436 sel=-27.250 (179s)
    ep8 loss=0.385 err=27.684 within15=0.438 sel=-26.658 (201s)
    ep9 loss=0.381 err=27.334 within15=0.434 sel=-26.754 (223s)
    ep10 loss=0.376 err=27.067 within15=0.452 sel=-26.104 (245s)
    ep11 loss=0.374 err=27.266 within15=0.448 sel=-26.235 (267s)
    ep12 loss=0.371 err=26.847 within15=0.445 sel=-26.576 (289s)
    ep13 loss=0.367 err=26.439 within15=0.451 sel=-26.201 (311s)
    ep14 loss=0.364 err=26.594 within15=0.449 sel=-26.423 (333s)
    ep15 loss=0.362 err=26.418 within15=0.452 sel=-26.125 (355s)
    ep16 loss=0.359 err=25.942 within15=0.453 sel=-26.238 (377s)
    ep17 loss=0.356 err=25.984 within15=0.458 sel=-25.940 (399s)
    ep18 loss=0.355 err=26.005 within15=0.454 sel=-25.998 (421s)
    ep19 loss=0.353 err=26.008 within15=0.463 sel=-26.588 (443s)
    ep20 loss=0.352 err=25.744 within15=0.465 sel=-26.122 (465s)
    ep21 loss=0.351 err=25.916 within15=0.451 sel=-26.471 (487s)
    ep22 loss=0.349 err=25.926 within15=0.461 sel=-26.034 (509s)
    ep23 loss=0.347 err=25.609 within15=0.463 sel=-25.601 (531s)
    ep24 loss=0.347 err=25.813 within15=0.453 sel=-25.780 (553s)
    ep25 loss=0.346 err=25.806 within15=0.454 sel=-26.102 (573s)
    ep26 loss=0.345 err=25.874 within15=0.458 sel=-25.958 (595s)
    ep27 loss=0.344 err=25.613 within15=0.459 sel=-25.581 (617s)
    ep28 loss=0.345 err=25.916 within15=0.462 sel=-25.798 (639s)
    ep29 loss=0.344 err=25.722 within15=0.457 sel=-26.027 (661s)
    test-time averaging: err_avg8=25.681 err_avg32=25.639
  -> c_iv_17M_n128_s2: err=25.613 within15=0.459 err_modD=25.603 loss=0.344 sel_metric=-25.581 val_at_last_epoch=25.722 err_avg8=25.681 err_avg32=25.639 best_epoch=27 params=16891938 664s
[ws_is_17M_s1] func_is oricirc n_neurons=5287 split_seed=0 bins=0 {'seed': 1, 'dim': 512, 'layers': 8, 'epochs': 30, 'batch': 64, 'rel_bias': True, 'device': 'cuda', 'pops_per_epoch': 5000, 'n': 128, 'sel_reps': 1, 'early_stop': 0.0, 'cover_groups': <StringArray>
['4-7', '6-6', '7-5', '6-4', '9-4', '7-3', '6-2', '5-6', '6-4', '7-5',
 ...
 '5-7', '9-3', '5-6', '5-7', '8-5', '4-7', '6-6', '7-3', '5-6', '7-3']
Length: 12894, dtype: str, 'sel_idx': array([ 1367,  5655,  2380,  8247,  8389, 11402,  2458,  9678,  2697,
        6614, 10422,  1050,  3222,  9001, 10512,  1237,  2838,  8924,
        6028,  5599,   610,  2712,  9544,  4962,  4163, 12448, 12721,
       11625,  9274, 12380, 11303,   507,    70, 11957, 10556,  4154,
        3803,  2727,   545,  2168,  2479,   454,  2122,  3318, 12343,
        8539,  5202, 10693,  3453,  8728,  6217, 11676, 12730, 12657,
        3895, 11701,  1920,  4007,  1217,  5485,  9849,  3642,    86,
        5840,  3973,  4307,   733,  5422,  3807,  4078,   293,  1230,
         708,  5519,  5666,  8878,  3589, 10361,  2621,  4516,   506,
         313,  2969,   741,  8894,  9108,  3968,  1130,  5218, 10825,
        8236,   180,   998,  2957,  6136,  4706,  6074,  8861,  4057,
        2832,  3840, 12092, 12124,  1660, 12111,  7126,  1454,  2755,
        3828,   239,  8640,  9668,  9725, 10710,   906, 11893,  3488,
        2239,  8484,  2306,  2871,  1288,  4269,  9784,   718,  5007,
         221, 11440,  4074,  8786,  7306,  5499, 12517, 11864,  4128,
        8065,  7324,  1369,  9496,  1845,  1428,  5086,  1293,  9487,
        8615,  7838,    79, 10398, 10220,  4730,  5464,  4713,  8195,
       10836,   121,  9574,  2743, 12515,  1863,  8662,  8296,  3729,
        1469,  5936,  7844, 12354,  2540,  3001,  9331,  5481,   254,
       10799,  9045,  2068,  4429,  3045,  6355,  3969,  1175,  7686,
       12257, 12555,  3321, 10389,  2910, 12684,  6486, 10933,  4856,
        9960,  7968,  5491,  6578,  6589,  7805,  3040,  1782, 12815,
        5891,  6591,  7522, 12481, 12197,  7058,  3258,   538,  8729,
        3484,  8682,  3350, 12642, 10915,  3373,  3626,  3251,  3078,
       12498, 12131, 12217,  7149,  1575,  1862, 11550,  5611,  6069,
       12611,  8927, 12510,  4205,  2864,  6508,  3032,   437, 11741,
        9105,  5416,  2466,  4059,  9435,  3328,   989,  1680,  8863,
        9312,  1510,  7964,  2196,  3809,  9057, 10447,  4348,  9677,
        4619, 12105,  7936,  3165,  2150,  4541, 12410,  9472,  2947,
        7672,  9509, 11560,  8139,    24,  1677,  1384,    65,  7156,
        6893,  7864,  8188,  3635,  6620,   280, 11888,  4767,  6892,
        5363, 11770, 10648, 12791,  4692, 11300,  2959, 11648,  3792,
        8938,  8179, 12554,  5857, 11581,  8254,  7614, 10583,  6894,
        4594,  7197,  4725,  7299,  8587, 11633,  3357,  3563,  9979,
         824, 11551, 11726,   510,  9153,  8540,  4151,  4130, 12275,
       10504,  2121,  3043,  3130,  9682,  9341,  9066,   904,  1465,
        2018, 11136,  8852,  6890, 12660, 11937,  9598,  4030,  8402,
        7756,  3168,  6125,  3982,  2516,  6795,  8110,  4592, 12693,
       10612,  5906,   367, 12090,  1111,  3783,  1765,  6282,   140,
        3942, 12244,  7129,  9984,  1390,  1770,  2421,  2093, 11707,
        5150, 12775,  3598,  2705,  4342,  4826, 12680,  3708,  2317,
         387, 10910,  1321,  7001, 11197,  5438, 10794,  9580,   854,
        3254,  1601,  2372, 10444,  1888,  9649,  6491,   381, 12418,
        6654, 11935,   124,  9016,  1141,  4116,  1713,  6090,  7241,
        1671,  7780, 12151,    62, 11907,  6391, 10405,  8946,  6610,
        6887,  8373,  8676, 10747,  9929, 12209,  3410,  5841, 11803,
        5351,  2398, 10080, 10720,  2962,  4055,  7439,  2933, 10404,
         326,  3231,  9715,  8872,  5724,  3827, 11587,  7196,   113,
        4562,   662,  7639,  4419,  6978, 12032, 12218,  8349,   537,
       12058,  1389,  7199, 10417,  7749, 10619,  2478,  2004,  9876,
        2765,  9762, 12839,  7134,  4634,  3204,  8698, 11589, 12596,
        2389,     2,  1861,   288,  4709,  6824,  4084,  8260,  1969,
        6756,  3559, 12382,  7175,    78,  1548,  5929,  9559,  6107,
        2054, 12255,  3675,  3764,  3584,  9469,   354, 11588, 12286,
         107,   433,  3324,  1790,  2153,  9519,  2767,  2694,  2594,
        7727, 10107,  4041, 11634,  6757, 11580,  2521,  4463,  4988,
       10309,  8347, 12602,   567,  8643,  3193,  1149,  1602,   835,
       10304, 11256,  9815,  4240, 10317,  9206,  5380,  5217,  7208,
        3399,  3004,    85, 11461,   754,  7106,  5120,  5950,  8742,
        6879,  5715,  9177,  9978,  4011,  3500,  9224,  8843,   315,
        4131,  2069,  4289,  3353,  6220,  4954,  2103, 12626,  2709,
        6518,  2867,  9531,  2109,  3406,  4284,  3778,  1637,  4159,
        3534,  5474,  2370,  6176,  5088, 12880,   698,  4138,  8591,
        8051,  4141, 12057,   527, 11096,  6536,  1972,  9674,  4923,
         691,  5484, 10502,  5468,   251,  6034,  6927,  2253,  2811,
        1822,  9673,  3266,  4654,  5919,  5973,  9035,   118, 10023,
        5454,  1286,  4934,  1423,  4247,  3249,  6078,   144,    99,
       11623, 10182,  8481,  4076,  3344,  9879,  2358, 11011,  8714,
        4510,  1749,  5569,  6921,   706,  3605,  1346,  3654,  7766,
        7078,  2599,  3136,  4490,  1626,  4462,  8721,  5926,  9399,
        7142,   813,   914, 12199,  4097,  4430,  8803,  1936,  9893,
        7775])}
    ep0 loss=0.550 err=43.207 within15=0.133 sel=-42.144 (22s)
    ep1 loss=0.492 err=38.936 within15=0.242 sel=-44.416 (44s)
    ep2 loss=0.495 err=39.249 within15=0.253 sel=-43.871 (62s)
    ep3 loss=0.489 err=37.758 within15=0.290 sel=-40.612 (83s)
    ep4 loss=0.473 err=36.869 within15=0.315 sel=-40.699 (104s)
    ep5 loss=0.467 err=38.473 within15=0.237 sel=-39.047 (126s)
    ep6 loss=0.460 err=34.794 within15=0.356 sel=-43.709 (147s)
    ep7 loss=0.454 err=36.535 within15=0.280 sel=-39.688 (168s)
    ep8 loss=0.448 err=35.710 within15=0.324 sel=-41.335 (189s)
    ep9 loss=0.436 err=34.878 within15=0.349 sel=-38.524 (210s)
    ep10 loss=0.428 err=33.772 within15=0.373 sel=-34.554 (231s)
    ep11 loss=0.415 err=35.271 within15=0.335 sel=-35.221 (252s)
    ep12 loss=0.398 err=34.801 within15=0.348 sel=-32.952 (274s)
    ep13 loss=0.380 err=34.409 within15=0.357 sel=-34.377 (295s)
    ep14 loss=0.362 err=35.200 within15=0.345 sel=-32.377 (316s)
    ep15 loss=0.348 err=33.098 within15=0.368 sel=-32.937 (337s)
    ep16 loss=0.331 err=32.735 within15=0.371 sel=-33.065 (358s)
    ep17 loss=0.314 err=31.698 within15=0.369 sel=-38.453 (379s)
    ep18 loss=0.298 err=33.451 within15=0.353 sel=-32.146 (400s)
    ep19 loss=0.288 err=30.463 within15=0.385 sel=-34.806 (422s)
    ep20 loss=0.276 err=31.224 within15=0.379 sel=-34.552 (440s)
    ep21 loss=0.267 err=32.608 within15=0.362 sel=-35.865 (461s)
    ep22 loss=0.257 err=31.446 within15=0.374 sel=-34.086 (482s)
    ep23 loss=0.247 err=32.738 within15=0.350 sel=-37.671 (503s)
    ep24 loss=0.241 err=32.335 within15=0.352 sel=-34.729 (524s)
    ep25 loss=0.234 err=33.148 within15=0.333 sel=-35.209 (545s)
    ep26 loss=0.230 err=32.081 within15=0.349 sel=-36.033 (566s)
    ep27 loss=0.227 err=32.095 within15=0.349 sel=-35.780 (587s)
    ep28 loss=0.228 err=32.037 within15=0.351 sel=-34.496 (608s)
    ep29 loss=0.225 err=32.028 within15=0.353 sel=-35.390 (629s)
    test-time averaging: err_avg8=32.007 err_avg32=31.279
  -> ws_is_17M_s1: err=33.451 within15=0.353 err_modD=33.444 loss=0.225 sel_metric=-32.146 val_at_last_epoch=32.028 err_avg8=32.007 err_avg32=31.279 best_epoch=18 params=16891938 632s
[ws_iv_17M_s1] func_iv oricirc n_neurons=5287 split_seed=0 bins=0 {'seed': 1, 'dim': 512, 'layers': 8, 'epochs': 30, 'batch': 64, 'rel_bias': True, 'device': 'cuda', 'pops_per_epoch': 5000, 'n': 128, 'sel_reps': 1, 'early_stop': 0.0, 'cover_groups': <StringArray>
['4-7', '6-6', '7-5', '6-4', '9-4', '7-3', '6-2', '5-6', '6-4', '7-5',
 ...
 '5-7', '9-3', '5-6', '5-7', '8-5', '4-7', '6-6', '7-3', '5-6', '7-3']
Length: 12894, dtype: str, 'sel_idx': array([ 1367,  5655,  2380,  8247,  8389, 11402,  2458,  9678,  2697,
        6614, 10422,  1050,  3222,  9001, 10512,  1237,  2838,  8924,
        6028,  5599,   610,  2712,  9544,  4962,  4163, 12448, 12721,
       11625,  9274, 12380, 11303,   507,    70, 11957, 10556,  4154,
        3803,  2727,   545,  2168,  2479,   454,  2122,  3318, 12343,
        8539,  5202, 10693,  3453,  8728,  6217, 11676, 12730, 12657,
        3895, 11701,  1920,  4007,  1217,  5485,  9849,  3642,    86,
        5840,  3973,  4307,   733,  5422,  3807,  4078,   293,  1230,
         708,  5519,  5666,  8878,  3589, 10361,  2621,  4516,   506,
         313,  2969,   741,  8894,  9108,  3968,  1130,  5218, 10825,
        8236,   180,   998,  2957,  6136,  4706,  6074,  8861,  4057,
        2832,  3840, 12092, 12124,  1660, 12111,  7126,  1454,  2755,
        3828,   239,  8640,  9668,  9725, 10710,   906, 11893,  3488,
        2239,  8484,  2306,  2871,  1288,  4269,  9784,   718,  5007,
         221, 11440,  4074,  8786,  7306,  5499, 12517, 11864,  4128,
        8065,  7324,  1369,  9496,  1845,  1428,  5086,  1293,  9487,
        8615,  7838,    79, 10398, 10220,  4730,  5464,  4713,  8195,
       10836,   121,  9574,  2743, 12515,  1863,  8662,  8296,  3729,
        1469,  5936,  7844, 12354,  2540,  3001,  9331,  5481,   254,
       10799,  9045,  2068,  4429,  3045,  6355,  3969,  1175,  7686,
       12257, 12555,  3321, 10389,  2910, 12684,  6486, 10933,  4856,
        9960,  7968,  5491,  6578,  6589,  7805,  3040,  1782, 12815,
        5891,  6591,  7522, 12481, 12197,  7058,  3258,   538,  8729,
        3484,  8682,  3350, 12642, 10915,  3373,  3626,  3251,  3078,
       12498, 12131, 12217,  7149,  1575,  1862, 11550,  5611,  6069,
       12611,  8927, 12510,  4205,  2864,  6508,  3032,   437, 11741,
        9105,  5416,  2466,  4059,  9435,  3328,   989,  1680,  8863,
        9312,  1510,  7964,  2196,  3809,  9057, 10447,  4348,  9677,
        4619, 12105,  7936,  3165,  2150,  4541, 12410,  9472,  2947,
        7672,  9509, 11560,  8139,    24,  1677,  1384,    65,  7156,
        6893,  7864,  8188,  3635,  6620,   280, 11888,  4767,  6892,
        5363, 11770, 10648, 12791,  4692, 11300,  2959, 11648,  3792,
        8938,  8179, 12554,  5857, 11581,  8254,  7614, 10583,  6894,
        4594,  7197,  4725,  7299,  8587, 11633,  3357,  3563,  9979,
         824, 11551, 11726,   510,  9153,  8540,  4151,  4130, 12275,
       10504,  2121,  3043,  3130,  9682,  9341,  9066,   904,  1465,
        2018, 11136,  8852,  6890, 12660, 11937,  9598,  4030,  8402,
        7756,  3168,  6125,  3982,  2516,  6795,  8110,  4592, 12693,
       10612,  5906,   367, 12090,  1111,  3783,  1765,  6282,   140,
        3942, 12244,  7129,  9984,  1390,  1770,  2421,  2093, 11707,
        5150, 12775,  3598,  2705,  4342,  4826, 12680,  3708,  2317,
         387, 10910,  1321,  7001, 11197,  5438, 10794,  9580,   854,
        3254,  1601,  2372, 10444,  1888,  9649,  6491,   381, 12418,
        6654, 11935,   124,  9016,  1141,  4116,  1713,  6090,  7241,
        1671,  7780, 12151,    62, 11907,  6391, 10405,  8946,  6610,
        6887,  8373,  8676, 10747,  9929, 12209,  3410,  5841, 11803,
        5351,  2398, 10080, 10720,  2962,  4055,  7439,  2933, 10404,
         326,  3231,  9715,  8872,  5724,  3827, 11587,  7196,   113,
        4562,   662,  7639,  4419,  6978, 12032, 12218,  8349,   537,
       12058,  1389,  7199, 10417,  7749, 10619,  2478,  2004,  9876,
        2765,  9762, 12839,  7134,  4634,  3204,  8698, 11589, 12596,
        2389,     2,  1861,   288,  4709,  6824,  4084,  8260,  1969,
        6756,  3559, 12382,  7175,    78,  1548,  5929,  9559,  6107,
        2054, 12255,  3675,  3764,  3584,  9469,   354, 11588, 12286,
         107,   433,  3324,  1790,  2153,  9519,  2767,  2694,  2594,
        7727, 10107,  4041, 11634,  6757, 11580,  2521,  4463,  4988,
       10309,  8347, 12602,   567,  8643,  3193,  1149,  1602,   835,
       10304, 11256,  9815,  4240, 10317,  9206,  5380,  5217,  7208,
        3399,  3004,    85, 11461,   754,  7106,  5120,  5950,  8742,
        6879,  5715,  9177,  9978,  4011,  3500,  9224,  8843,   315,
        4131,  2069,  4289,  3353,  6220,  4954,  2103, 12626,  2709,
        6518,  2867,  9531,  2109,  3406,  4284,  3778,  1637,  4159,
        3534,  5474,  2370,  6176,  5088, 12880,   698,  4138,  8591,
        8051,  4141, 12057,   527, 11096,  6536,  1972,  9674,  4923,
         691,  5484, 10502,  5468,   251,  6034,  6927,  2253,  2811,
        1822,  9673,  3266,  4654,  5919,  5973,  9035,   118, 10023,
        5454,  1286,  4934,  1423,  4247,  3249,  6078,   144,    99,
       11623, 10182,  8481,  4076,  3344,  9879,  2358, 11011,  8714,
        4510,  1749,  5569,  6921,   706,  3605,  1346,  3654,  7766,
        7078,  2599,  3136,  4490,  1626,  4462,  8721,  5926,  9399,
        7142,   813,   914, 12199,  4097,  4430,  8803,  1936,  9893,
        7775])}
    ep0 loss=0.522 err=33.884 within15=0.295 sel=-35.289 (21s)
    ep1 loss=0.476 err=32.165 within15=0.364 sel=-36.934 (42s)
    ep2 loss=0.450 err=31.494 within15=0.374 sel=-32.108 (60s)
    ep3 loss=0.433 err=31.861 within15=0.400 sel=-32.204 (81s)
    ep4 loss=0.417 err=33.905 within15=0.349 sel=-34.745 (102s)
    ep5 loss=0.408 err=30.216 within15=0.413 sel=-29.982 (123s)
    ep6 loss=0.394 err=29.679 within15=0.408 sel=-29.240 (144s)
    ep7 loss=0.383 err=30.026 within15=0.398 sel=-29.359 (165s)
    ep8 loss=0.367 err=30.011 within15=0.400 sel=-31.036 (186s)
    ep9 loss=0.351 err=30.634 within15=0.392 sel=-32.836 (207s)
    ep10 loss=0.335 err=30.208 within15=0.400 sel=-30.756 (228s)
    ep11 loss=0.317 err=31.208 within15=0.372 sel=-32.105 (249s)
    ep12 loss=0.298 err=31.004 within15=0.380 sel=-33.886 (270s)
    ep13 loss=0.278 err=29.627 within15=0.398 sel=-30.598 (291s)
    ep14 loss=0.255 err=30.581 within15=0.392 sel=-31.851 (312s)
    ep15 loss=0.234 err=31.640 within15=0.364 sel=-30.449 (331s)
    ep16 loss=0.213 err=31.341 within15=0.358 sel=-32.190 (353s)
    ep17 loss=0.190 err=30.664 within15=0.378 sel=-30.511 (374s)
    ep18 loss=0.172 err=32.117 within15=0.359 sel=-31.989 (395s)
    ep19 loss=0.159 err=31.227 within15=0.358 sel=-31.512 (416s)
    ep20 loss=0.142 err=31.634 within15=0.356 sel=-30.361 (437s)
    ep21 loss=0.132 err=30.595 within15=0.370 sel=-31.083 (458s)
    ep22 loss=0.123 err=30.351 within15=0.373 sel=-31.543 (479s)
    ep23 loss=0.114 err=30.741 within15=0.361 sel=-30.878 (500s)
    ep24 loss=0.107 err=30.875 within15=0.368 sel=-31.237 (521s)
    ep25 loss=0.102 err=31.496 within15=0.352 sel=-31.143 (542s)
    ep26 loss=0.099 err=30.625 within15=0.368 sel=-30.806 (563s)
    ep27 loss=0.096 err=31.207 within15=0.349 sel=-31.533 (584s)
    ep28 loss=0.096 err=30.703 within15=0.375 sel=-31.077 (605s)
    ep29 loss=0.095 err=31.546 within15=0.352 sel=-31.316 (626s)
    test-time averaging: err_avg8=30.106 err_avg32=29.720
  -> ws_iv_17M_s1: err=29.679 within15=0.408 err_modD=29.671 loss=0.095 sel_metric=-29.240 val_at_last_epoch=31.546 err_avg8=30.106 err_avg32=29.720 best_epoch=6 params=16891938 629s
[ws_is_17M_s2] func_is oricirc n_neurons=5287 split_seed=0 bins=0 {'seed': 2, 'dim': 512, 'layers': 8, 'epochs': 30, 'batch': 64, 'rel_bias': True, 'device': 'cuda', 'pops_per_epoch': 5000, 'n': 128, 'sel_reps': 1, 'early_stop': 0.0, 'cover_groups': <StringArray>
['4-7', '6-6', '7-5', '6-4', '9-4', '7-3', '6-2', '5-6', '6-4', '7-5',
 ...
 '5-7', '9-3', '5-6', '5-7', '8-5', '4-7', '6-6', '7-3', '5-6', '7-3']
Length: 12894, dtype: str, 'sel_idx': array([ 1367,  5655,  2380,  8247,  8389, 11402,  2458,  9678,  2697,
        6614, 10422,  1050,  3222,  9001, 10512,  1237,  2838,  8924,
        6028,  5599,   610,  2712,  9544,  4962,  4163, 12448, 12721,
       11625,  9274, 12380, 11303,   507,    70, 11957, 10556,  4154,
        3803,  2727,   545,  2168,  2479,   454,  2122,  3318, 12343,
        8539,  5202, 10693,  3453,  8728,  6217, 11676, 12730, 12657,
        3895, 11701,  1920,  4007,  1217,  5485,  9849,  3642,    86,
        5840,  3973,  4307,   733,  5422,  3807,  4078,   293,  1230,
         708,  5519,  5666,  8878,  3589, 10361,  2621,  4516,   506,
         313,  2969,   741,  8894,  9108,  3968,  1130,  5218, 10825,
        8236,   180,   998,  2957,  6136,  4706,  6074,  8861,  4057,
        2832,  3840, 12092, 12124,  1660, 12111,  7126,  1454,  2755,
        3828,   239,  8640,  9668,  9725, 10710,   906, 11893,  3488,
        2239,  8484,  2306,  2871,  1288,  4269,  9784,   718,  5007,
         221, 11440,  4074,  8786,  7306,  5499, 12517, 11864,  4128,
        8065,  7324,  1369,  9496,  1845,  1428,  5086,  1293,  9487,
        8615,  7838,    79, 10398, 10220,  4730,  5464,  4713,  8195,
       10836,   121,  9574,  2743, 12515,  1863,  8662,  8296,  3729,
        1469,  5936,  7844, 12354,  2540,  3001,  9331,  5481,   254,
       10799,  9045,  2068,  4429,  3045,  6355,  3969,  1175,  7686,
       12257, 12555,  3321, 10389,  2910, 12684,  6486, 10933,  4856,
        9960,  7968,  5491,  6578,  6589,  7805,  3040,  1782, 12815,
        5891,  6591,  7522, 12481, 12197,  7058,  3258,   538,  8729,
        3484,  8682,  3350, 12642, 10915,  3373,  3626,  3251,  3078,
       12498, 12131, 12217,  7149,  1575,  1862, 11550,  5611,  6069,
       12611,  8927, 12510,  4205,  2864,  6508,  3032,   437, 11741,
        9105,  5416,  2466,  4059,  9435,  3328,   989,  1680,  8863,
        9312,  1510,  7964,  2196,  3809,  9057, 10447,  4348,  9677,
        4619, 12105,  7936,  3165,  2150,  4541, 12410,  9472,  2947,
        7672,  9509, 11560,  8139,    24,  1677,  1384,    65,  7156,
        6893,  7864,  8188,  3635,  6620,   280, 11888,  4767,  6892,
        5363, 11770, 10648, 12791,  4692, 11300,  2959, 11648,  3792,
        8938,  8179, 12554,  5857, 11581,  8254,  7614, 10583,  6894,
        4594,  7197,  4725,  7299,  8587, 11633,  3357,  3563,  9979,
         824, 11551, 11726,   510,  9153,  8540,  4151,  4130, 12275,
       10504,  2121,  3043,  3130,  9682,  9341,  9066,   904,  1465,
        2018, 11136,  8852,  6890, 12660, 11937,  9598,  4030,  8402,
        7756,  3168,  6125,  3982,  2516,  6795,  8110,  4592, 12693,
       10612,  5906,   367, 12090,  1111,  3783,  1765,  6282,   140,
        3942, 12244,  7129,  9984,  1390,  1770,  2421,  2093, 11707,
        5150, 12775,  3598,  2705,  4342,  4826, 12680,  3708,  2317,
         387, 10910,  1321,  7001, 11197,  5438, 10794,  9580,   854,
        3254,  1601,  2372, 10444,  1888,  9649,  6491,   381, 12418,
        6654, 11935,   124,  9016,  1141,  4116,  1713,  6090,  7241,
        1671,  7780, 12151,    62, 11907,  6391, 10405,  8946,  6610,
        6887,  8373,  8676, 10747,  9929, 12209,  3410,  5841, 11803,
        5351,  2398, 10080, 10720,  2962,  4055,  7439,  2933, 10404,
         326,  3231,  9715,  8872,  5724,  3827, 11587,  7196,   113,
        4562,   662,  7639,  4419,  6978, 12032, 12218,  8349,   537,
       12058,  1389,  7199, 10417,  7749, 10619,  2478,  2004,  9876,
        2765,  9762, 12839,  7134,  4634,  3204,  8698, 11589, 12596,
        2389,     2,  1861,   288,  4709,  6824,  4084,  8260,  1969,
        6756,  3559, 12382,  7175,    78,  1548,  5929,  9559,  6107,
        2054, 12255,  3675,  3764,  3584,  9469,   354, 11588, 12286,
         107,   433,  3324,  1790,  2153,  9519,  2767,  2694,  2594,
        7727, 10107,  4041, 11634,  6757, 11580,  2521,  4463,  4988,
       10309,  8347, 12602,   567,  8643,  3193,  1149,  1602,   835,
       10304, 11256,  9815,  4240, 10317,  9206,  5380,  5217,  7208,
        3399,  3004,    85, 11461,   754,  7106,  5120,  5950,  8742,
        6879,  5715,  9177,  9978,  4011,  3500,  9224,  8843,   315,
        4131,  2069,  4289,  3353,  6220,  4954,  2103, 12626,  2709,
        6518,  2867,  9531,  2109,  3406,  4284,  3778,  1637,  4159,
        3534,  5474,  2370,  6176,  5088, 12880,   698,  4138,  8591,
        8051,  4141, 12057,   527, 11096,  6536,  1972,  9674,  4923,
         691,  5484, 10502,  5468,   251,  6034,  6927,  2253,  2811,
        1822,  9673,  3266,  4654,  5919,  5973,  9035,   118, 10023,
        5454,  1286,  4934,  1423,  4247,  3249,  6078,   144,    99,
       11623, 10182,  8481,  4076,  3344,  9879,  2358, 11011,  8714,
        4510,  1749,  5569,  6921,   706,  3605,  1346,  3654,  7766,
        7078,  2599,  3136,  4490,  1626,  4462,  8721,  5926,  9399,
        7142,   813,   914, 12199,  4097,  4430,  8803,  1936,  9893,
        7775])}
    ep0 loss=0.564 err=40.062 within15=0.230 sel=-45.377 (21s)
    ep1 loss=0.516 err=42.039 within15=0.120 sel=-43.173 (44s)
    ep2 loss=0.506 err=38.086 within15=0.332 sel=-43.076 (62s)
    ep3 loss=0.475 err=36.044 within15=0.318 sel=-44.240 (84s)
    ep4 loss=0.465 err=38.098 within15=0.321 sel=-43.201 (106s)
    ep5 loss=0.465 err=35.744 within15=0.341 sel=-41.482 (128s)
    ep6 loss=0.459 err=35.852 within15=0.322 sel=-43.295 (150s)
    ep7 loss=0.452 err=34.946 within15=0.347 sel=-39.220 (172s)
    ep8 loss=0.443 err=34.741 within15=0.336 sel=-34.822 (194s)
    ep9 loss=0.432 err=35.934 within15=0.307 sel=-36.021 (216s)
    ep10 loss=0.411 err=32.991 within15=0.345 sel=-37.542 (236s)
    ep11 loss=0.393 err=34.886 within15=0.352 sel=-37.621 (258s)
    ep12 loss=0.373 err=31.745 within15=0.377 sel=-40.466 (280s)
    ep13 loss=0.355 err=31.420 within15=0.392 sel=-37.639 (302s)
    ep14 loss=0.334 err=33.414 within15=0.366 sel=-35.701 (324s)
    ep15 loss=0.308 err=31.832 within15=0.368 sel=-33.221 (346s)
    ep16 loss=0.295 err=30.766 within15=0.380 sel=-34.924 (368s)
    ep17 loss=0.276 err=31.874 within15=0.360 sel=-31.194 (390s)
    ep18 loss=0.261 err=32.475 within15=0.352 sel=-32.194 (412s)
    ep19 loss=0.246 err=35.713 within15=0.320 sel=-33.812 (434s)
    ep20 loss=0.232 err=34.620 within15=0.316 sel=-33.410 (456s)
    ep21 loss=0.219 err=32.254 within15=0.352 sel=-31.316 (478s)
    ep22 loss=0.206 err=33.031 within15=0.337 sel=-31.572 (500s)
    ep23 loss=0.200 err=33.855 within15=0.329 sel=-31.706 (522s)
    ep24 loss=0.188 err=32.868 within15=0.344 sel=-33.046 (544s)
    ep25 loss=0.183 err=32.470 within15=0.345 sel=-33.546 (566s)
    ep26 loss=0.179 err=34.049 within15=0.319 sel=-32.793 (588s)
    ep27 loss=0.177 err=32.462 within15=0.343 sel=-34.422 (610s)
    ep28 loss=0.177 err=33.015 within15=0.333 sel=-33.377 (632s)
    ep29 loss=0.174 err=33.128 within15=0.335 sel=-32.152 (654s)
    test-time averaging: err_avg8=33.423 err_avg32=31.945
  -> ws_is_17M_s2: err=31.874 within15=0.360 err_modD=31.874 loss=0.174 sel_metric=-31.194 val_at_last_epoch=33.128 err_avg8=33.423 err_avg32=31.945 best_epoch=17 params=16891938 657s
[ws_iv_17M_s2] func_iv oricirc n_neurons=5287 split_seed=0 bins=0 {'seed': 2, 'dim': 512, 'layers': 8, 'epochs': 30, 'batch': 64, 'rel_bias': True, 'device': 'cuda', 'pops_per_epoch': 5000, 'n': 128, 'sel_reps': 1, 'early_stop': 0.0, 'cover_groups': <StringArray>
['4-7', '6-6', '7-5', '6-4', '9-4', '7-3', '6-2', '5-6', '6-4', '7-5',
 ...
 '5-7', '9-3', '5-6', '5-7', '8-5', '4-7', '6-6', '7-3', '5-6', '7-3']
Length: 12894, dtype: str, 'sel_idx': array([ 1367,  5655,  2380,  8247,  8389, 11402,  2458,  9678,  2697,
        6614, 10422,  1050,  3222,  9001, 10512,  1237,  2838,  8924,
        6028,  5599,   610,  2712,  9544,  4962,  4163, 12448, 12721,
       11625,  9274, 12380, 11303,   507,    70, 11957, 10556,  4154,
        3803,  2727,   545,  2168,  2479,   454,  2122,  3318, 12343,
        8539,  5202, 10693,  3453,  8728,  6217, 11676, 12730, 12657,
        3895, 11701,  1920,  4007,  1217,  5485,  9849,  3642,    86,
        5840,  3973,  4307,   733,  5422,  3807,  4078,   293,  1230,
         708,  5519,  5666,  8878,  3589, 10361,  2621,  4516,   506,
         313,  2969,   741,  8894,  9108,  3968,  1130,  5218, 10825,
        8236,   180,   998,  2957,  6136,  4706,  6074,  8861,  4057,
        2832,  3840, 12092, 12124,  1660, 12111,  7126,  1454,  2755,
        3828,   239,  8640,  9668,  9725, 10710,   906, 11893,  3488,
        2239,  8484,  2306,  2871,  1288,  4269,  9784,   718,  5007,
         221, 11440,  4074,  8786,  7306,  5499, 12517, 11864,  4128,
        8065,  7324,  1369,  9496,  1845,  1428,  5086,  1293,  9487,
        8615,  7838,    79, 10398, 10220,  4730,  5464,  4713,  8195,
       10836,   121,  9574,  2743, 12515,  1863,  8662,  8296,  3729,
        1469,  5936,  7844, 12354,  2540,  3001,  9331,  5481,   254,
       10799,  9045,  2068,  4429,  3045,  6355,  3969,  1175,  7686,
       12257, 12555,  3321, 10389,  2910, 12684,  6486, 10933,  4856,
        9960,  7968,  5491,  6578,  6589,  7805,  3040,  1782, 12815,
        5891,  6591,  7522, 12481, 12197,  7058,  3258,   538,  8729,
        3484,  8682,  3350, 12642, 10915,  3373,  3626,  3251,  3078,
       12498, 12131, 12217,  7149,  1575,  1862, 11550,  5611,  6069,
       12611,  8927, 12510,  4205,  2864,  6508,  3032,   437, 11741,
        9105,  5416,  2466,  4059,  9435,  3328,   989,  1680,  8863,
        9312,  1510,  7964,  2196,  3809,  9057, 10447,  4348,  9677,
        4619, 12105,  7936,  3165,  2150,  4541, 12410,  9472,  2947,
        7672,  9509, 11560,  8139,    24,  1677,  1384,    65,  7156,
        6893,  7864,  8188,  3635,  6620,   280, 11888,  4767,  6892,
        5363, 11770, 10648, 12791,  4692, 11300,  2959, 11648,  3792,
        8938,  8179, 12554,  5857, 11581,  8254,  7614, 10583,  6894,
        4594,  7197,  4725,  7299,  8587, 11633,  3357,  3563,  9979,
         824, 11551, 11726,   510,  9153,  8540,  4151,  4130, 12275,
       10504,  2121,  3043,  3130,  9682,  9341,  9066,   904,  1465,
        2018, 11136,  8852,  6890, 12660, 11937,  9598,  4030,  8402,
        7756,  3168,  6125,  3982,  2516,  6795,  8110,  4592, 12693,
       10612,  5906,   367, 12090,  1111,  3783,  1765,  6282,   140,
        3942, 12244,  7129,  9984,  1390,  1770,  2421,  2093, 11707,
        5150, 12775,  3598,  2705,  4342,  4826, 12680,  3708,  2317,
         387, 10910,  1321,  7001, 11197,  5438, 10794,  9580,   854,
        3254,  1601,  2372, 10444,  1888,  9649,  6491,   381, 12418,
        6654, 11935,   124,  9016,  1141,  4116,  1713,  6090,  7241,
        1671,  7780, 12151,    62, 11907,  6391, 10405,  8946,  6610,
        6887,  8373,  8676, 10747,  9929, 12209,  3410,  5841, 11803,
        5351,  2398, 10080, 10720,  2962,  4055,  7439,  2933, 10404,
         326,  3231,  9715,  8872,  5724,  3827, 11587,  7196,   113,
        4562,   662,  7639,  4419,  6978, 12032, 12218,  8349,   537,
       12058,  1389,  7199, 10417,  7749, 10619,  2478,  2004,  9876,
        2765,  9762, 12839,  7134,  4634,  3204,  8698, 11589, 12596,
        2389,     2,  1861,   288,  4709,  6824,  4084,  8260,  1969,
        6756,  3559, 12382,  7175,    78,  1548,  5929,  9559,  6107,
        2054, 12255,  3675,  3764,  3584,  9469,   354, 11588, 12286,
         107,   433,  3324,  1790,  2153,  9519,  2767,  2694,  2594,
        7727, 10107,  4041, 11634,  6757, 11580,  2521,  4463,  4988,
       10309,  8347, 12602,   567,  8643,  3193,  1149,  1602,   835,
       10304, 11256,  9815,  4240, 10317,  9206,  5380,  5217,  7208,
        3399,  3004,    85, 11461,   754,  7106,  5120,  5950,  8742,
        6879,  5715,  9177,  9978,  4011,  3500,  9224,  8843,   315,
        4131,  2069,  4289,  3353,  6220,  4954,  2103, 12626,  2709,
        6518,  2867,  9531,  2109,  3406,  4284,  3778,  1637,  4159,
        3534,  5474,  2370,  6176,  5088, 12880,   698,  4138,  8591,
        8051,  4141, 12057,   527, 11096,  6536,  1972,  9674,  4923,
         691,  5484, 10502,  5468,   251,  6034,  6927,  2253,  2811,
        1822,  9673,  3266,  4654,  5919,  5973,  9035,   118, 10023,
        5454,  1286,  4934,  1423,  4247,  3249,  6078,   144,    99,
       11623, 10182,  8481,  4076,  3344,  9879,  2358, 11011,  8714,
        4510,  1749,  5569,  6921,   706,  3605,  1346,  3654,  7766,
        7078,  2599,  3136,  4490,  1626,  4462,  8721,  5926,  9399,
        7142,   813,   914, 12199,  4097,  4430,  8803,  1936,  9893,
        7775])}
    ep0 loss=0.529 err=38.542 within15=0.254 sel=-35.437 (22s)
    ep1 loss=0.494 err=42.717 within15=0.217 sel=-38.001 (45s)
    ep2 loss=0.496 err=34.074 within15=0.372 sel=-34.324 (67s)
    ep3 loss=0.453 err=33.054 within15=0.361 sel=-31.596 (89s)
    ep4 loss=0.422 err=32.756 within15=0.310 sel=-35.189 (111s)
    ep5 loss=0.414 err=32.345 within15=0.359 sel=-30.325 (127s)
    ep6 loss=0.394 err=30.836 within15=0.390 sel=-32.287 (142s)
    ep7 loss=0.383 err=30.431 within15=0.385 sel=-30.282 (157s)
    ep8 loss=0.367 err=30.237 within15=0.403 sel=-30.935 (171s)
    ep9 loss=0.357 err=29.960 within15=0.409 sel=-30.356 (186s)
    ep10 loss=0.343 err=30.000 within15=0.399 sel=-30.470 (201s)
    ep11 loss=0.327 err=30.672 within15=0.394 sel=-31.847 (215s)
    ep12 loss=0.313 err=31.046 within15=0.386 sel=-29.993 (230s)
    ep13 loss=0.294 err=31.218 within15=0.381 sel=-32.620 (245s)
    ep14 loss=0.272 err=30.929 within15=0.378 sel=-31.696 (260s)
    ep15 loss=0.254 err=31.306 within15=0.377 sel=-31.946 (275s)
    ep16 loss=0.235 err=30.491 within15=0.385 sel=-31.177 (289s)
    ep17 loss=0.214 err=31.376 within15=0.377 sel=-32.215 (304s)
    ep18 loss=0.201 err=32.110 within15=0.364 sel=-33.124 (319s)
    ep19 loss=0.184 err=31.273 within15=0.363 sel=-31.976 (333s)
    ep20 loss=0.168 err=30.982 within15=0.371 sel=-32.208 (348s)
    ep21 loss=0.158 err=30.998 within15=0.373 sel=-32.958 (363s)
    ep22 loss=0.145 err=31.545 within15=0.376 sel=-32.331 (378s)
    ep23 loss=0.138 err=30.510 within15=0.377 sel=-33.054 (392s)
    ep24 loss=0.129 err=31.776 within15=0.371 sel=-33.023 (407s)
    ep25 loss=0.126 err=31.043 within15=0.366 sel=-32.337 (422s)
    ep26 loss=0.121 err=32.218 within15=0.351 sel=-32.666 (437s)
    ep27 loss=0.120 err=31.727 within15=0.354 sel=-32.579 (451s)
    ep28 loss=0.119 err=30.544 within15=0.360 sel=-32.510 (466s)
    ep29 loss=0.116 err=31.092 within15=0.369 sel=-32.660 (481s)
    test-time averaging: err_avg8=31.032 err_avg32=30.630
  -> ws_iv_17M_s2: err=31.046 within15=0.386 err_modD=30.944 loss=0.116 sel_metric=-29.993 val_at_last_epoch=31.092 err_avg8=31.032 err_avg32=30.630 best_epoch=12 params=16891938 484s
QUEUE_POD7C_DONE
