[syn5_cocorr1.2_d0] synthetic count=0 sharp=0 stim=0 n=6000 T=120 {'n': 512, 'dim': 256, 'layers': 4, 'epochs': 20, 'batch': 64, 'seed': 0, 'rel_bias': True, 'device': 'cuda', 'early_stop': 0.2, 'sel_reps': 4, 'pops_per_epoch': 5000}
    ep0 loss=0.448 err=26.461 within15=0.341 sel=-31.928 (14s)
    ep1 loss=0.330 err=23.781 within15=0.402 sel=-21.180 (40s)
    ep2 loss=0.284 err=20.312 within15=0.377 sel=-20.465 (66s)
    ep3 loss=0.229 err=10.673 within15=0.747 sel=-8.254 (93s)
    ep4 loss=0.153 err=6.464 within15=0.951 sel=-4.250 (119s)
    ep5 loss=0.091 err=5.094 within15=0.960 sel=-4.608 (145s)
    ep6 loss=0.052 err=4.399 within15=0.985 sel=-3.773 (172s)
    ep7 loss=0.043 err=3.904 within15=0.996 sel=-3.849 (198s)
    ep8 loss=0.028 err=3.586 within15=0.999 sel=-3.647 (225s)
    ep9 loss=0.024 err=2.975 within15=0.999 sel=-3.326 (252s)
    ep10 loss=0.017 err=2.878 within15=1.000 sel=-3.281 (279s)
    ep11 loss=0.016 err=2.781 within15=1.000 sel=-3.259 (305s)
    ep12 loss=0.013 err=2.919 within15=1.000 sel=-3.549 (333s)
    ep13 loss=0.012 err=2.737 within15=1.000 sel=-3.259 (359s)
    ep14 loss=0.010 err=2.750 within15=1.000 sel=-3.300 (386s)
    ep15 loss=0.010 err=2.589 within15=1.000 sel=-3.117 (413s)
    ep16 loss=0.010 err=2.571 within15=1.000 sel=-3.120 (439s)
    ep17 loss=0.010 err=2.598 within15=1.000 sel=-3.058 (466s)
    ep18 loss=0.009 err=2.656 within15=1.000 sel=-3.119 (493s)
    ep19 loss=0.009 err=2.635 within15=1.000 sel=-3.137 (519s)
    test-time averaging: err_avg8=2.797 err_avg32=2.640
  -> syn5_cocorr1.2_d0: err=2.60 err_modD=2.39 within15=1.000 best_epoch=17 521s
[syn5_cocorr1.2_d1] synthetic count=0 sharp=0 stim=0 n=6000 T=120 {'n': 512, 'dim': 256, 'layers': 4, 'epochs': 20, 'batch': 64, 'seed': 1, 'rel_bias': True, 'device': 'cuda', 'early_stop': 0.2, 'sel_reps': 4, 'pops_per_epoch': 5000}
    ep0 loss=0.470 err=25.123 within15=0.351 sel=-25.392 (27s)
    ep1 loss=0.343 err=25.573 within15=0.382 sel=-25.119 (54s)
    ep2 loss=0.274 err=18.058 within15=0.525 sel=-19.695 (81s)
    ep3 loss=0.177 err=6.354 within15=0.880 sel=-5.380 (108s)
    ep4 loss=0.083 err=3.938 within15=0.994 sel=-9.872 (126s)
    ep5 loss=0.045 err=5.139 within15=0.951 sel=-3.891 (152s)
    ep6 loss=0.037 err=3.600 within15=0.997 sel=-6.384 (179s)
    ep7 loss=0.024 err=2.819 within15=1.000 sel=-4.573 (206s)
    ep8 loss=0.015 err=2.657 within15=1.000 sel=-2.824 (232s)
    ep9 loss=0.012 err=2.719 within15=0.999 sel=-3.281 (259s)
    ep10 loss=0.010 err=2.498 within15=1.000 sel=-2.746 (286s)
    ep11 loss=0.009 err=2.285 within15=1.000 sel=-2.509 (312s)
    ep12 loss=0.009 err=2.268 within15=1.000 sel=-3.042 (339s)
    ep13 loss=0.008 err=2.200 within15=1.000 sel=-2.918 (366s)
    ep14 loss=0.008 err=2.215 within15=1.000 sel=-2.555 (393s)
    ep15 loss=0.008 err=2.209 within15=1.000 sel=-2.635 (419s)
    ep16 loss=0.008 err=2.197 within15=1.000 sel=-2.560 (446s)
    ep17 loss=0.008 err=2.168 within15=1.000 sel=-2.569 (473s)
    ep18 loss=0.008 err=2.180 within15=1.000 sel=-2.608 (500s)
    ep19 loss=0.008 err=2.174 within15=1.000 sel=-2.629 (526s)
    test-time averaging: err_avg8=2.368 err_avg32=2.286
  -> syn5_cocorr1.2_d1: err=2.29 err_modD=2.20 within15=1.000 best_epoch=11 528s
[syn5_cocorr1.2_d2] synthetic count=0 sharp=0 stim=0 n=6000 T=120 {'n': 512, 'dim': 256, 'layers': 4, 'epochs': 20, 'batch': 64, 'seed': 2, 'rel_bias': True, 'device': 'cuda', 'early_stop': 0.2, 'sel_reps': 4, 'pops_per_epoch': 5000}
    ep0 loss=0.467 err=28.003 within15=0.307 sel=-28.024 (27s)
    ep1 loss=0.340 err=30.121 within15=0.321 sel=-25.862 (54s)
    ep2 loss=0.287 err=29.082 within15=0.300 sel=-17.273 (81s)
    ep3 loss=0.253 err=27.287 within15=0.310 sel=-14.063 (108s)
    ep4 loss=0.233 err=29.769 within15=0.280 sel=-16.186 (135s)
    ep5 loss=0.202 err=22.366 within15=0.395 sel=-5.719 (162s)
    ep6 loss=0.153 err=18.102 within15=0.470 sel=-3.512 (189s)
    ep7 loss=0.106 err=11.076 within15=0.735 sel=-3.537 (216s)
    ep8 loss=0.076 err=7.605 within15=0.893 sel=-4.223 (235s)
    ep9 loss=0.057 err=9.140 within15=0.839 sel=-4.276 (261s)
    ep10 loss=0.040 err=7.501 within15=0.922 sel=-4.242 (289s)
    ep11 loss=0.034 err=6.307 within15=0.964 sel=-4.002 (317s)
    ep12 loss=0.027 err=6.411 within15=0.948 sel=-4.752 (345s)
    ep13 loss=0.021 err=6.784 within15=0.951 sel=-4.245 (373s)
    ep14 loss=0.017 err=6.072 within15=0.972 sel=-3.429 (401s)
    ep15 loss=0.015 err=4.721 within15=0.994 sel=-3.405 (429s)
    ep16 loss=0.014 err=5.734 within15=0.979 sel=-3.586 (457s)
    ep17 loss=0.014 err=6.218 within15=0.965 sel=-3.477 (485s)
    ep18 loss=0.013 err=4.463 within15=0.995 sel=-3.344 (513s)
    ep19 loss=0.013 err=5.039 within15=0.989 sel=-3.330 (541s)
    test-time averaging: err_avg8=4.990 err_avg32=5.053
  -> syn5_cocorr1.2_d2: err=5.04 err_modD=4.98 within15=0.989 best_epoch=19 544s
[syn5_cocorr1.2_d3] synthetic count=0 sharp=0 stim=0 n=6000 T=120 {'n': 512, 'dim': 256, 'layers': 4, 'epochs': 20, 'batch': 64, 'seed': 3, 'rel_bias': True, 'device': 'cuda', 'early_stop': 0.2, 'sel_reps': 4, 'pops_per_epoch': 5000}
    ep0 loss=0.430 err=21.366 within15=0.407 sel=-31.826 (28s)
    ep1 loss=0.299 err=17.389 within15=0.508 sel=-16.126 (57s)
    ep2 loss=0.243 err=13.515 within15=0.631 sel=-16.254 (86s)
    ep3 loss=0.172 err=9.435 within15=0.832 sel=-8.722 (114s)
    ep4 loss=0.119 err=6.205 within15=0.935 sel=-5.369 (142s)
    ep5 loss=0.071 err=3.645 within15=0.999 sel=-4.785 (170s)
    ep6 loss=0.049 err=4.008 within15=0.994 sel=-4.349 (198s)
    ep7 loss=0.033 err=3.371 within15=0.997 sel=-3.243 (226s)
    ep8 loss=0.025 err=2.991 within15=0.999 sel=-3.789 (254s)
    ep9 loss=0.021 err=2.455 within15=1.000 sel=-3.759 (282s)
    ep10 loss=0.015 err=2.332 within15=1.000 sel=-2.830 (310s)
    ep11 loss=0.012 err=2.248 within15=1.000 sel=-2.699 (338s)
    ep12 loss=0.011 err=2.285 within15=1.000 sel=-2.735 (362s)
    ep13 loss=0.010 err=2.177 within15=1.000 sel=-2.677 (390s)
    ep14 loss=0.009 err=2.164 within15=1.000 sel=-2.652 (418s)
    ep15 loss=0.009 err=2.149 within15=1.000 sel=-2.507 (445s)
    ep16 loss=0.008 err=2.160 within15=1.000 sel=-2.395 (474s)
    ep17 loss=0.008 err=2.166 within15=1.000 sel=-2.373 (502s)
    ep18 loss=0.008 err=2.153 within15=1.000 sel=-2.432 (529s)
    ep19 loss=0.008 err=2.164 within15=1.000 sel=-2.420 (558s)
    test-time averaging: err_avg8=2.285 err_avg32=2.164
  -> syn5_cocorr1.2_d3: err=2.17 err_modD=2.17 within15=1.000 best_epoch=17 560s
[syn5_cocorr1.2_d4] synthetic count=0 sharp=0 stim=0 n=6000 T=120 {'n': 512, 'dim': 256, 'layers': 4, 'epochs': 20, 'batch': 64, 'seed': 4, 'rel_bias': True, 'device': 'cuda', 'early_stop': 0.2, 'sel_reps': 4, 'pops_per_epoch': 5000}
    ep0 loss=0.435 err=24.606 within15=0.370 sel=-17.753 (28s)
    ep1 loss=0.278 err=26.187 within15=0.336 sel=-14.790 (56s)
    ep2 loss=0.204 err=26.275 within15=0.375 sel=-11.374 (85s)
    ep3 loss=0.153 err=21.180 within15=0.411 sel=-7.125 (113s)
    ep4 loss=0.119 err=17.427 within15=0.488 sel=-4.646 (140s)
    ep5 loss=0.100 err=15.653 within15=0.534 sel=-3.493 (169s)
    ep6 loss=0.088 err=10.940 within15=0.727 sel=-5.341 (197s)
    ep7 loss=0.068 err=12.425 within15=0.649 sel=-7.553 (225s)
    ep8 loss=0.057 err=8.073 within15=0.860 sel=-3.494 (253s)
    ep9 loss=0.047 err=6.401 within15=0.940 sel=-4.692 (281s)
    ep10 loss=0.045 err=7.522 within15=0.908 sel=-3.488 (309s)
    ep11 loss=0.034 err=4.224 within15=0.987 sel=-2.962 (337s)
    ep12 loss=0.028 err=3.388 within15=0.999 sel=-8.180 (365s)
    ep13 loss=0.023 err=3.198 within15=0.997 sel=-3.512 (393s)
    ep14 loss=0.018 err=3.246 within15=0.998 sel=-3.766 (421s)
    ep15 loss=0.017 err=3.045 within15=0.999 sel=-3.668 (449s)
    ep16 loss=0.015 err=2.621 within15=1.000 sel=-2.740 (472s)
    ep17 loss=0.013 err=2.659 within15=0.999 sel=-2.760 (500s)
    ep18 loss=0.012 err=2.609 within15=1.000 sel=-2.762 (528s)
    ep19 loss=0.014 err=2.611 within15=1.000 sel=-2.726 (556s)
    test-time averaging: err_avg8=2.587 err_avg32=2.769
  -> syn5_cocorr1.2_d4: err=2.61 err_modD=2.59 within15=1.000 best_epoch=19 558s
[syn5_cocorr1_d2] synthetic count=0 sharp=0 stim=0 n=6000 T=120 {'n': 512, 'dim': 256, 'layers': 4, 'epochs': 20, 'batch': 64, 'seed': 2, 'rel_bias': True, 'device': 'cuda', 'early_stop': 0.2, 'sel_reps': 4, 'pops_per_epoch': 5000}
    ep0 loss=0.491 err=28.036 within15=0.358 sel=-33.077 (28s)
    ep1 loss=0.356 err=29.771 within15=0.343 sel=-23.207 (56s)
    ep2 loss=0.284 err=29.481 within15=0.299 sel=-21.111 (85s)
    ep3 loss=0.249 err=27.760 within15=0.326 sel=-20.827 (113s)
    ep4 loss=0.236 err=30.966 within15=0.267 sel=-20.103 (141s)
    ep5 loss=0.211 err=24.079 within15=0.383 sel=-6.156 (169s)
    ep6 loss=0.168 err=17.793 within15=0.464 sel=-6.852 (197s)
    ep7 loss=0.116 err=12.362 within15=0.692 sel=-7.453 (225s)
    ep8 loss=0.081 err=8.021 within15=0.868 sel=-3.538 (253s)
    ep9 loss=0.062 err=8.118 within15=0.859 sel=-3.708 (281s)
    ep10 loss=0.050 err=6.540 within15=0.960 sel=-3.721 (309s)
    ep11 loss=0.038 err=6.267 within15=0.954 sel=-3.813 (337s)
    ep12 loss=0.032 err=5.978 within15=0.966 sel=-3.857 (365s)
    ep13 loss=0.025 err=5.712 within15=0.966 sel=-4.330 (393s)
    ep14 loss=0.021 err=4.099 within15=0.997 sel=-2.955 (421s)
    ep15 loss=0.018 err=5.207 within15=0.987 sel=-3.066 (449s)
    ep16 loss=0.016 err=6.216 within15=0.966 sel=-3.229 (477s)
    ep17 loss=0.015 err=6.628 within15=0.954 sel=-3.248 (505s)
    ep18 loss=0.014 err=5.470 within15=0.981 sel=-3.273 (533s)
    ep19 loss=0.015 err=5.404 within15=0.979 sel=-3.279 (561s)
    test-time averaging: err_avg8=5.097 err_avg32=4.015
  -> syn5_cocorr1_d2: err=4.10 err_modD=4.07 within15=0.997 best_epoch=14 563s
[syn5_cocorr0.25_d2] synthetic count=0 sharp=0 stim=0 n=6000 T=120 {'n': 512, 'dim': 256, 'layers': 4, 'epochs': 20, 'batch': 64, 'seed': 2, 'rel_bias': True, 'device': 'cuda', 'early_stop': 0.2, 'sel_reps': 4, 'pops_per_epoch': 5000}
    ep0 loss=0.561 err=55.688 within15=0.053 sel=-45.701 (26s)
    ep1 loss=0.473 err=62.061 within15=0.034 sel=-36.160 (56s)
    ep2 loss=0.466 err=63.081 within15=0.029 sel=-45.084 (84s)
    ep3 loss=0.460 err=65.040 within15=0.020 sel=-45.691 (112s)
    ep4 loss=0.458 err=61.819 within15=0.019 sel=-51.755 (140s)
    ep5 loss=0.458 err=63.531 within15=0.013 sel=-43.714 (168s)
    ep6 loss=0.454 err=64.030 within15=0.028 sel=-40.668 (196s)
    ep7 loss=0.454 err=62.832 within15=0.014 sel=-41.884 (224s)
    ep8 loss=0.455 err=65.051 within15=0.014 sel=-46.399 (252s)
    ep9 loss=0.450 err=63.488 within15=0.004 sel=-47.915 (280s)
    ep10 loss=0.451 err=64.101 within15=0.004 sel=-43.973 (308s)
    ep11 loss=0.451 err=64.931 within15=0.005 sel=-42.885 (336s)
    ep12 loss=0.452 err=63.096 within15=0.007 sel=-42.950 (364s)
    ep13 loss=0.449 err=64.383 within15=0.005 sel=-41.260 (392s)
    ep14 loss=0.447 err=64.162 within15=0.007 sel=-43.573 (420s)
    ep15 loss=0.446 err=62.213 within15=0.014 sel=-42.417 (448s)
    ep16 loss=0.447 err=63.723 within15=0.012 sel=-42.159 (476s)
    ep17 loss=0.446 err=64.157 within15=0.006 sel=-43.938 (504s)
    ep18 loss=0.444 err=65.115 within15=0.003 sel=-43.585 (532s)
    ep19 loss=0.446 err=63.142 within15=0.012 sel=-43.505 (560s)
    test-time averaging: err_avg8=58.903 err_avg32=61.591
  -> syn5_cocorr0.25_d2: err=62.06 err_modD=23.99 within15=0.034 best_epoch=1 562s
[syn5_cocorr1_d3] synthetic count=0 sharp=0 stim=0 n=6000 T=120 {'n': 512, 'dim': 256, 'layers': 4, 'epochs': 20, 'batch': 64, 'seed': 3, 'rel_bias': True, 'device': 'cuda', 'early_stop': 0.2, 'sel_reps': 4, 'pops_per_epoch': 5000}
    ep0 loss=0.452 err=24.137 within15=0.424 sel=-33.616 (28s)
    ep1 loss=0.321 err=24.150 within15=0.387 sel=-22.933 (57s)
    ep2 loss=0.255 err=20.206 within15=0.550 sel=-23.938 (85s)
    ep3 loss=0.196 err=12.952 within15=0.673 sel=-14.483 (110s)
    ep4 loss=0.135 err=7.449 within15=0.924 sel=-11.900 (137s)
    ep5 loss=0.096 err=8.103 within15=0.899 sel=-5.980 (161s)
    ep6 loss=0.069 err=5.534 within15=0.965 sel=-5.008 (187s)
    ep7 loss=0.044 err=3.263 within15=0.999 sel=-3.782 (214s)
    ep8 loss=0.032 err=3.173 within15=1.000 sel=-4.268 (240s)
    ep9 loss=0.024 err=2.798 within15=0.999 sel=-3.164 (267s)
    ep10 loss=0.018 err=2.847 within15=0.999 sel=-3.864 (294s)
    ep11 loss=0.015 err=2.592 within15=1.000 sel=-3.334 (321s)
    ep12 loss=0.013 err=2.400 within15=1.000 sel=-2.943 (347s)
    ep13 loss=0.012 err=2.477 within15=0.999 sel=-3.281 (374s)
    ep14 loss=0.011 err=2.409 within15=0.999 sel=-3.147 (400s)
    ep15 loss=0.010 err=2.312 within15=1.000 sel=-3.110 (427s)
    ep16 loss=0.010 err=2.312 within15=1.000 sel=-3.140 (454s)
    ep17 loss=0.010 err=2.294 within15=1.000 sel=-3.084 (480s)
    ep18 loss=0.009 err=2.287 within15=1.000 sel=-3.149 (507s)
    ep19 loss=0.009 err=2.347 within15=1.000 sel=-3.131 (534s)
    test-time averaging: err_avg8=2.621 err_avg32=2.437
  -> syn5_cocorr1_d3: err=2.40 err_modD=2.40 within15=1.000 best_epoch=12 536s
[syn5_cocorr0.25_d3] synthetic count=0 sharp=0 stim=0 n=6000 T=120 {'n': 512, 'dim': 256, 'layers': 4, 'epochs': 20, 'batch': 64, 'seed': 3, 'rel_bias': True, 'device': 'cuda', 'early_stop': 0.2, 'sel_reps': 4, 'pops_per_epoch': 5000}
    ep0 loss=0.567 err=37.152 within15=0.273 sel=-72.886 (27s)
    ep1 loss=0.501 err=40.827 within15=0.214 sel=-51.067 (54s)
    ep2 loss=0.496 err=34.554 within15=0.231 sel=-63.944 (82s)
    ep3 loss=0.493 err=34.518 within15=0.290 sel=-63.522 (108s)
    ep4 loss=0.490 err=41.068 within15=0.208 sel=-60.479 (135s)
    ep5 loss=0.489 err=32.665 within15=0.345 sel=-58.556 (161s)
    ep6 loss=0.485 err=37.310 within15=0.225 sel=-59.990 (188s)
    ep7 loss=0.478 err=32.650 within15=0.255 sel=-65.020 (210s)
    ep8 loss=0.477 err=27.981 within15=0.286 sel=-63.928 (237s)
    ep9 loss=0.467 err=29.534 within15=0.293 sel=-59.392 (261s)
    ep10 loss=0.452 err=25.167 within15=0.337 sel=-38.718 (286s)
    ep11 loss=0.418 err=24.242 within15=0.362 sel=-44.410 (313s)
    ep12 loss=0.341 err=21.117 within15=0.396 sel=-26.218 (339s)
    ep13 loss=0.272 err=18.878 within15=0.428 sel=-11.596 (366s)
    ep14 loss=0.231 err=20.072 within15=0.395 sel=-14.653 (393s)
    ep15 loss=0.197 err=16.261 within15=0.483 sel=-19.354 (419s)
    ep16 loss=0.173 err=16.392 within15=0.481 sel=-8.206 (445s)
    ep17 loss=0.153 err=16.598 within15=0.471 sel=-7.639 (472s)
    ep18 loss=0.143 err=15.884 within15=0.489 sel=-7.791 (499s)
    ep19 loss=0.142 err=17.411 within15=0.461 sel=-7.799 (525s)
    test-time averaging: err_avg8=22.321 err_avg32=18.619
  -> syn5_cocorr0.25_d3: err=16.60 err_modD=16.55 within15=0.471 best_epoch=17 527s
[syn5_cocorr1_d4] synthetic count=0 sharp=0 stim=0 n=6000 T=120 {'n': 512, 'dim': 256, 'layers': 4, 'epochs': 20, 'batch': 64, 'seed': 4, 'rel_bias': True, 'device': 'cuda', 'early_stop': 0.2, 'sel_reps': 4, 'pops_per_epoch': 5000}
    ep0 loss=0.454 err=26.971 within15=0.343 sel=-18.223 (27s)
    ep1 loss=0.311 err=27.556 within15=0.336 sel=-16.410 (54s)
    ep2 loss=0.218 err=28.173 within15=0.321 sel=-8.572 (81s)
    ep3 loss=0.161 err=24.284 within15=0.360 sel=-6.476 (107s)
    ep4 loss=0.135 err=21.419 within15=0.418 sel=-4.116 (134s)
    ep5 loss=0.115 err=19.489 within15=0.422 sel=-6.360 (161s)
    ep6 loss=0.100 err=13.124 within15=0.621 sel=-8.522 (187s)
    ep7 loss=0.080 err=11.844 within15=0.678 sel=-9.040 (214s)
    ep8 loss=0.071 err=11.768 within15=0.695 sel=-2.925 (241s)
    ep9 loss=0.057 err=6.219 within15=0.951 sel=-5.080 (268s)
    ep10 loss=0.042 err=4.500 within15=0.990 sel=-3.894 (294s)
    ep11 loss=0.037 err=4.506 within15=0.991 sel=-3.844 (316s)
    ep12 loss=0.030 err=3.400 within15=0.999 sel=-3.724 (343s)
    ep13 loss=0.021 err=3.135 within15=0.999 sel=-3.540 (369s)
    ep14 loss=0.017 err=3.237 within15=0.999 sel=-3.019 (392s)
    ep15 loss=0.016 err=2.945 within15=0.999 sel=-3.121 (420s)
    ep16 loss=0.014 err=2.709 within15=1.000 sel=-3.250 (448s)
    ep17 loss=0.013 err=2.694 within15=0.999 sel=-3.108 (476s)
    ep18 loss=0.012 err=2.646 within15=1.000 sel=-3.090 (504s)
    ep19 loss=0.013 err=2.658 within15=1.000 sel=-3.136 (532s)
    test-time averaging: err_avg8=11.600 err_avg32=10.063
  -> syn5_cocorr1_d4: err=11.77 err_modD=11.77 within15=0.695 best_epoch=8 534s
[syn5_cocorr0.25_d4] synthetic count=0 sharp=0 stim=0 n=6000 T=120 {'n': 512, 'dim': 256, 'layers': 4, 'epochs': 20, 'batch': 64, 'seed': 4, 'rel_bias': True, 'device': 'cuda', 'early_stop': 0.2, 'sel_reps': 4, 'pops_per_epoch': 5000}
    ep0 loss=0.557 err=55.746 within15=0.131 sel=-35.976 (28s)
    ep1 loss=0.479 err=63.185 within15=0.030 sel=-44.422 (57s)
    ep2 loss=0.471 err=64.104 within15=0.022 sel=-38.200 (85s)
    ep3 loss=0.462 err=63.921 within15=0.044 sel=-50.282 (113s)
    ep4 loss=0.453 err=66.239 within15=0.013 sel=-35.462 (141s)
    ep5 loss=0.447 err=70.114 within15=0.024 sel=-31.908 (169s)
    ep6 loss=0.434 err=65.915 within15=0.030 sel=-30.005 (197s)
    ep7 loss=0.413 err=63.078 within15=0.044 sel=-35.220 (225s)
    ep8 loss=0.396 err=57.802 within15=0.064 sel=-27.714 (253s)
    ep9 loss=0.381 err=49.777 within15=0.117 sel=-12.976 (281s)
    ep10 loss=0.349 err=39.902 within15=0.205 sel=-14.537 (309s)
    ep11 loss=0.320 err=36.861 within15=0.243 sel=-10.993 (337s)
    ep12 loss=0.296 err=34.989 within15=0.246 sel=-9.543 (365s)
    ep13 loss=0.275 err=36.698 within15=0.236 sel=-8.192 (394s)
    ep14 loss=0.253 err=35.751 within15=0.249 sel=-10.666 (422s)
    ep15 loss=0.244 err=34.370 within15=0.264 sel=-11.183 (445s)
    ep16 loss=0.223 err=34.185 within15=0.263 sel=-10.504 (473s)
    ep17 loss=0.225 err=34.073 within15=0.259 sel=-10.708 (501s)
    ep18 loss=0.215 err=35.221 within15=0.254 sel=-10.190 (529s)
    ep19 loss=0.221 err=33.153 within15=0.271 sel=-10.421 (557s)
    test-time averaging: err_avg8=37.583 err_avg32=36.843
  -> syn5_cocorr0.25_d4: err=36.70 err_modD=9.42 within15=0.236 best_epoch=13 559s
QUEUE_POD7B_DONE
