    balance_train=1: training populations with equal numbers per 8-class bin; test populations unrestricted
[bt_V1toAL_is_n128_s0] func_is oricirc n_neurons=5287 split_seed=0 bins=0 {'n': 128, 'seed': 0, 'dim': 512, 'layers': 8, 'epochs': 30, 'batch': 64, 'rel_bias': True, 'device': 'cuda', 'early_stop': 0.2, 'pops_per_epoch': 5000, 'sel_reps': 1, 'train_sampler': <class '__main__.main.<locals>.BalancedSampler'>}
    ep0 loss=0.583 err=33.385 within15=0.219 sel=-38.960 (21s)
    ep1 loss=0.530 err=30.804 within15=0.394 sel=-42.063 (45s)
    ep2 loss=0.499 err=37.137 within15=0.212 sel=-37.658 (67s)
    ep3 loss=0.484 err=35.382 within15=0.234 sel=-49.541 (88s)
    ep4 loss=0.482 err=33.792 within15=0.241 sel=-37.574 (110s)
    ep5 loss=0.476 err=34.864 within15=0.212 sel=-43.013 (131s)
    ep6 loss=0.469 err=37.375 within15=0.212 sel=-39.719 (152s)
    ep7 loss=0.466 err=35.926 within15=0.234 sel=-36.661 (174s)
    ep8 loss=0.456 err=42.586 within15=0.226 sel=-36.902 (195s)
    ep9 loss=0.451 err=37.741 within15=0.270 sel=-37.911 (217s)
    ep10 loss=0.444 err=42.667 within15=0.204 sel=-39.420 (238s)
    ep11 loss=0.437 err=41.391 within15=0.270 sel=-38.239 (260s)
    ep12 loss=0.431 err=37.954 within15=0.226 sel=-38.017 (281s)
    ep13 loss=0.424 err=34.588 within15=0.219 sel=-35.355 (302s)
    ep14 loss=0.420 err=36.322 within15=0.204 sel=-32.008 (324s)
    ep15 loss=0.413 err=36.716 within15=0.226 sel=-29.221 (346s)
    ep16 loss=0.406 err=38.413 within15=0.219 sel=-32.252 (367s)
    ep17 loss=0.400 err=42.213 within15=0.175 sel=-34.649 (388s)
    ep18 loss=0.396 err=37.264 within15=0.190 sel=-26.944 (410s)
    ep19 loss=0.392 err=54.748 within15=0.095 sel=-27.296 (431s)
    ep20 loss=0.386 err=53.029 within15=0.124 sel=-27.293 (453s)
    ep21 loss=0.383 err=51.203 within15=0.109 sel=-25.248 (474s)
    ep22 loss=0.380 err=49.398 within15=0.117 sel=-26.516 (496s)
    ep23 loss=0.376 err=52.279 within15=0.109 sel=-25.635 (516s)
    ep24 loss=0.373 err=52.098 within15=0.073 sel=-24.452 (535s)
    ep25 loss=0.372 err=51.576 within15=0.088 sel=-24.793 (557s)
    ep26 loss=0.369 err=51.674 within15=0.073 sel=-25.266 (578s)
    ep27 loss=0.368 err=50.869 within15=0.095 sel=-24.674 (599s)
    ep28 loss=0.368 err=51.731 within15=0.080 sel=-24.061 (621s)
    ep29 loss=0.366 err=52.375 within15=0.080 sel=-24.610 (639s)
    test-time averaging: err_avg8=51.570 err_avg32=52.589
  -> bt_V1toAL_is_n128_s0: err=51.731 within15=0.080 err_modD=37.716 loss=0.366 sel_metric=-24.061 val_at_last_epoch=52.375 err_avg8=51.570 err_avg32=52.589 best_epoch=28 params=16891938 642s
    balance_train=1: training populations with equal numbers per 8-class bin; test populations unrestricted
[bt_V1toV1_is_n128_s0] func_is oricirc n_neurons=5287 split_seed=0 bins=0 {'n': 128, 'seed': 0, 'dim': 512, 'layers': 8, 'epochs': 30, 'batch': 64, 'rel_bias': True, 'device': 'cuda', 'early_stop': 0.2, 'pops_per_epoch': 5000, 'sel_reps': 1, 'train_sampler': <class '__main__.main.<locals>.BalancedSampler'>}
    ep0 loss=0.583 err=39.010 within15=0.267 sel=-38.960 (21s)
    ep1 loss=0.530 err=43.612 within15=0.137 sel=-42.063 (43s)
    ep2 loss=0.499 err=36.907 within15=0.337 sel=-37.658 (64s)
    ep3 loss=0.484 err=50.398 within15=0.146 sel=-49.541 (86s)
    ep4 loss=0.482 err=38.558 within15=0.270 sel=-37.574 (107s)
    ep5 loss=0.476 err=44.343 within15=0.123 sel=-43.013 (129s)
    ep6 loss=0.469 err=39.067 within15=0.269 sel=-39.719 (150s)
    ep7 loss=0.466 err=38.908 within15=0.294 sel=-36.661 (171s)
    ep8 loss=0.456 err=37.608 within15=0.291 sel=-36.902 (193s)
    ep9 loss=0.451 err=40.377 within15=0.251 sel=-37.911 (214s)
    ep10 loss=0.444 err=38.233 within15=0.281 sel=-39.420 (235s)
    ep11 loss=0.437 err=36.362 within15=0.301 sel=-38.239 (257s)
    ep12 loss=0.431 err=37.335 within15=0.274 sel=-38.017 (278s)
    ep13 loss=0.424 err=34.699 within15=0.328 sel=-35.355 (299s)
    ep14 loss=0.420 err=33.497 within15=0.318 sel=-32.008 (320s)
    ep15 loss=0.413 err=31.287 within15=0.369 sel=-29.221 (342s)
    ep16 loss=0.406 err=32.214 within15=0.347 sel=-32.252 (363s)
    ep17 loss=0.400 err=33.540 within15=0.318 sel=-34.649 (384s)
    ep18 loss=0.396 err=29.936 within15=0.402 sel=-26.944 (404s)
    ep19 loss=0.392 err=31.431 within15=0.359 sel=-27.296 (426s)
    ep20 loss=0.386 err=30.797 within15=0.371 sel=-27.293 (447s)
    ep21 loss=0.383 err=30.299 within15=0.377 sel=-25.248 (469s)
    ep22 loss=0.380 err=30.534 within15=0.365 sel=-26.516 (490s)
    ep23 loss=0.376 err=29.765 within15=0.378 sel=-25.635 (511s)
    ep24 loss=0.373 err=27.655 within15=0.408 sel=-24.452 (532s)
    ep25 loss=0.372 err=29.734 within15=0.382 sel=-24.793 (554s)
    ep26 loss=0.369 err=28.836 within15=0.399 sel=-25.266 (575s)
    ep27 loss=0.368 err=29.983 within15=0.369 sel=-24.674 (596s)
    ep28 loss=0.368 err=29.282 within15=0.388 sel=-24.061 (617s)
    ep29 loss=0.366 err=29.522 within15=0.384 sel=-24.610 (635s)
    test-time averaging: err_avg8=29.820 err_avg32=28.582
  -> bt_V1toV1_is_n128_s0: err=29.282 within15=0.388 err_modD=29.282 loss=0.366 sel_metric=-24.061 val_at_last_epoch=29.522 err_avg8=29.820 err_avg32=28.582 best_epoch=28 params=16891938 638s
    balance_train=1: training populations with equal numbers per 8-class bin; test populations unrestricted
[bt_V1toRL_is_s0] func_is oricirc n_neurons=5287 split_seed=0 bins=0 {'n': 512, 'seed': 0, 'dim': 512, 'layers': 8, 'epochs': 30, 'batch': 64, 'rel_bias': True, 'device': 'cuda', 'early_stop': 0.2, 'pops_per_epoch': 5000, 'sel_reps': 1, 'train_sampler': <class '__main__.main.<locals>.BalancedSampler'>}
    ep0 loss=0.575 err=40.825 within15=0.264 sel=-36.849 (90s)
    ep1 loss=0.505 err=45.353 within15=0.096 sel=-39.606 (183s)
    ep2 loss=0.510 err=37.927 within15=0.257 sel=-45.572 (274s)
    ep3 loss=0.481 err=40.238 within15=0.283 sel=-36.549 (363s)
    ep4 loss=0.479 err=38.534 within15=0.260 sel=-33.680 (455s)
    ep5 loss=0.428 err=37.934 within15=0.267 sel=-23.931 (547s)
    ep6 loss=0.396 err=31.428 within15=0.351 sel=-22.100 (638s)
    ep7 loss=0.364 err=33.254 within15=0.311 sel=-21.668 (725s)
    ep8 loss=0.335 err=31.748 within15=0.309 sel=-21.058 (816s)
    ep9 loss=0.297 err=29.654 within15=0.343 sel=-21.364 (906s)
    ep10 loss=0.252 err=29.804 within15=0.348 sel=-19.031 (997s)
    ep11 loss=0.210 err=28.262 within15=0.379 sel=-17.485 (1089s)
    ep12 loss=0.175 err=27.164 within15=0.421 sel=-17.587 (1181s)
    ep13 loss=0.143 err=28.119 within15=0.400 sel=-17.510 (1273s)
    ep14 loss=0.110 err=29.498 within15=0.379 sel=-17.188 (1359s)
    ep15 loss=0.083 err=29.091 within15=0.374 sel=-17.120 (1449s)
    ep16 loss=0.061 err=30.111 within15=0.362 sel=-17.433 (1541s)
    ep17 loss=0.045 err=30.966 within15=0.339 sel=-17.873 (1632s)
    ep18 loss=0.034 err=30.972 within15=0.339 sel=-17.965 (1724s)
    ep19 loss=0.026 err=28.956 within15=0.374 sel=-17.421 (1815s)
    ep20 loss=0.021 err=29.346 within15=0.357 sel=-17.858 (1907s)
    ep21 loss=0.018 err=29.581 within15=0.346 sel=-17.173 (1994s)
    ep22 loss=0.016 err=29.119 within15=0.344 sel=-16.935 (2078s)
    ep23 loss=0.014 err=29.121 within15=0.346 sel=-17.197 (2170s)
    ep24 loss=0.013 err=29.188 within15=0.339 sel=-17.058 (2261s)
    ep25 loss=0.012 err=29.633 within15=0.332 sel=-16.895 (2353s)
    ep26 loss=0.011 err=29.289 within15=0.339 sel=-17.233 (2445s)
    ep27 loss=0.011 err=29.116 within15=0.334 sel=-17.228 (2537s)
    ep28 loss=0.011 err=29.064 within15=0.344 sel=-17.353 (2626s)
    ep29 loss=0.011 err=28.981 within15=0.353 sel=-17.035 (2713s)
    test-time averaging: err_avg8=28.965 err_avg32=29.550
  -> bt_V1toRL_is_s0: err=29.633 within15=0.332 err_modD=29.599 loss=0.011 sel_metric=-16.895 val_at_last_epoch=28.981 err_avg8=28.965 err_avg32=29.550 best_epoch=25 params=17088546 2717s
    balance_train=1: training populations with equal numbers per 8-class bin; test populations unrestricted
[bt_V1toAL_is_n128_s1] func_is oricirc n_neurons=5287 split_seed=0 bins=0 {'n': 128, 'seed': 1, 'dim': 512, 'layers': 8, 'epochs': 30, 'batch': 64, 'rel_bias': True, 'device': 'cuda', 'early_stop': 0.2, 'pops_per_epoch': 5000, 'sel_reps': 1, 'train_sampler': <class '__main__.main.<locals>.BalancedSampler'>}
    ep0 loss=0.573 err=33.387 within15=0.212 sel=-42.030 (21s)
    ep1 loss=0.536 err=43.363 within15=0.212 sel=-40.081 (43s)
    ep2 loss=0.510 err=40.801 within15=0.212 sel=-37.423 (65s)
    ep3 loss=0.491 err=41.470 within15=0.270 sel=-40.756 (86s)
    ep4 loss=0.486 err=31.970 within15=0.321 sel=-46.207 (107s)
    ep5 loss=0.483 err=36.364 within15=0.234 sel=-37.839 (129s)
    ep6 loss=0.477 err=39.668 within15=0.212 sel=-34.720 (150s)
    ep7 loss=0.473 err=38.807 within15=0.190 sel=-32.782 (171s)
    ep8 loss=0.467 err=31.112 within15=0.350 sel=-36.835 (192s)
    ep9 loss=0.463 err=41.450 within15=0.212 sel=-27.868 (214s)
    ep10 loss=0.460 err=41.058 within15=0.182 sel=-32.442 (235s)
    ep11 loss=0.451 err=41.372 within15=0.197 sel=-30.359 (256s)
    ep12 loss=0.447 err=42.736 within15=0.248 sel=-31.863 (278s)
    ep13 loss=0.438 err=39.560 within15=0.255 sel=-27.752 (299s)
    ep14 loss=0.432 err=40.353 within15=0.277 sel=-28.124 (320s)
    ep15 loss=0.425 err=46.514 within15=0.197 sel=-26.871 (341s)
    ep16 loss=0.421 err=37.119 within15=0.365 sel=-25.781 (363s)
    ep17 loss=0.415 err=36.568 within15=0.336 sel=-26.746 (381s)
    ep18 loss=0.410 err=37.010 within15=0.336 sel=-25.052 (402s)
    ep19 loss=0.405 err=36.603 within15=0.380 sel=-25.723 (424s)
    ep20 loss=0.401 err=38.763 within15=0.321 sel=-24.734 (445s)
    ep21 loss=0.397 err=41.327 within15=0.263 sel=-25.910 (466s)
    ep22 loss=0.394 err=39.156 within15=0.248 sel=-25.566 (487s)
    ep23 loss=0.389 err=35.686 within15=0.234 sel=-26.967 (509s)
    ep24 loss=0.386 err=39.175 within15=0.255 sel=-25.866 (530s)
    ep25 loss=0.383 err=38.192 within15=0.234 sel=-26.803 (551s)
    ep26 loss=0.382 err=40.148 within15=0.234 sel=-25.555 (572s)
    ep27 loss=0.381 err=40.821 within15=0.204 sel=-25.195 (590s)
    ep28 loss=0.380 err=39.823 within15=0.234 sel=-26.266 (611s)
    ep29 loss=0.379 err=39.724 within15=0.234 sel=-25.490 (632s)
    test-time averaging: err_avg8=37.957 err_avg32=38.337
  -> bt_V1toAL_is_n128_s1: err=38.763 within15=0.321 err_modD=34.429 loss=0.379 sel_metric=-24.734 val_at_last_epoch=39.724 err_avg8=37.957 err_avg32=38.337 best_epoch=20 params=16891938 635s
    balance_train=1: training populations with equal numbers per 8-class bin; test populations unrestricted
[bt_V1toV1_is_n128_s1] func_is oricirc n_neurons=5287 split_seed=0 bins=0 {'n': 128, 'seed': 1, 'dim': 512, 'layers': 8, 'epochs': 30, 'batch': 64, 'rel_bias': True, 'device': 'cuda', 'early_stop': 0.2, 'pops_per_epoch': 5000, 'sel_reps': 1, 'train_sampler': <class '__main__.main.<locals>.BalancedSampler'>}
    ep0 loss=0.573 err=41.561 within15=0.144 sel=-42.030 (21s)
    ep1 loss=0.536 err=37.219 within15=0.300 sel=-40.081 (43s)
    ep2 loss=0.510 err=41.215 within15=0.177 sel=-37.423 (64s)
    ep3 loss=0.491 err=44.845 within15=0.186 sel=-40.756 (86s)
    ep4 loss=0.486 err=51.400 within15=0.191 sel=-46.207 (107s)
    ep5 loss=0.483 err=42.911 within15=0.226 sel=-37.839 (128s)
    ep6 loss=0.477 err=41.495 within15=0.223 sel=-34.720 (150s)
    ep7 loss=0.473 err=38.588 within15=0.272 sel=-32.782 (172s)
    ep8 loss=0.467 err=42.809 within15=0.242 sel=-36.835 (193s)
    ep9 loss=0.463 err=36.100 within15=0.310 sel=-27.868 (215s)
    ep10 loss=0.460 err=39.993 within15=0.252 sel=-32.442 (236s)
    ep11 loss=0.451 err=39.115 within15=0.267 sel=-30.359 (257s)
    ep12 loss=0.447 err=39.943 within15=0.281 sel=-31.863 (276s)
    ep13 loss=0.438 err=36.942 within15=0.304 sel=-27.752 (298s)
    ep14 loss=0.432 err=39.201 within15=0.276 sel=-28.124 (319s)
    ep15 loss=0.425 err=35.575 within15=0.326 sel=-26.871 (340s)
    ep16 loss=0.421 err=32.371 within15=0.348 sel=-25.781 (362s)
    ep17 loss=0.415 err=34.580 within15=0.311 sel=-26.746 (383s)
    ep18 loss=0.410 err=33.142 within15=0.335 sel=-25.052 (405s)
    ep19 loss=0.405 err=30.893 within15=0.368 sel=-25.723 (426s)
    ep20 loss=0.401 err=32.683 within15=0.342 sel=-24.734 (448s)
    ep21 loss=0.397 err=33.693 within15=0.338 sel=-25.910 (469s)
    ep22 loss=0.394 err=31.311 within15=0.349 sel=-25.566 (490s)
    ep23 loss=0.389 err=31.958 within15=0.349 sel=-26.967 (511s)
    ep24 loss=0.386 err=30.369 within15=0.379 sel=-25.866 (533s)
    ep25 loss=0.383 err=32.300 within15=0.347 sel=-26.803 (554s)
    ep26 loss=0.382 err=30.104 within15=0.373 sel=-25.555 (575s)
    ep27 loss=0.381 err=30.681 within15=0.378 sel=-25.195 (593s)
    ep28 loss=0.380 err=29.595 within15=0.386 sel=-26.266 (614s)
    ep29 loss=0.379 err=30.241 within15=0.376 sel=-25.490 (635s)
    test-time averaging: err_avg8=34.127 err_avg32=31.997
  -> bt_V1toV1_is_n128_s1: err=32.683 within15=0.342 err_modD=32.369 loss=0.379 sel_metric=-24.734 val_at_last_epoch=30.241 err_avg8=34.127 err_avg32=31.997 best_epoch=20 params=16891938 638s
    balance_train=1: training populations with equal numbers per 8-class bin; test populations unrestricted
[bt_V1toRL_is_s1] func_is oricirc n_neurons=5287 split_seed=0 bins=0 {'n': 512, 'seed': 1, 'dim': 512, 'layers': 8, 'epochs': 30, 'batch': 64, 'rel_bias': True, 'device': 'cuda', 'early_stop': 0.2, 'pops_per_epoch': 5000, 'sel_reps': 1, 'train_sampler': <class '__main__.main.<locals>.BalancedSampler'>}
    ep0 loss=0.575 err=40.366 within15=0.285 sel=-46.468 (91s)
    ep1 loss=0.553 err=42.157 within15=0.203 sel=-43.351 (181s)
    ep2 loss=0.518 err=43.052 within15=0.170 sel=-44.921 (273s)
    ep3 loss=0.491 err=44.870 within15=0.248 sel=-34.545 (364s)
    ep4 loss=0.513 err=42.001 within15=0.154 sel=-46.014 (456s)
    ep5 loss=0.473 err=33.083 within15=0.309 sel=-36.208 (548s)
    ep6 loss=0.448 err=36.258 within15=0.350 sel=-27.286 (634s)
    ep7 loss=0.410 err=30.231 within15=0.397 sel=-27.725 (723s)
    ep8 loss=0.372 err=26.419 within15=0.414 sel=-22.058 (785s)
    ep9 loss=0.343 err=26.330 within15=0.414 sel=-22.754 (847s)
    ep10 loss=0.322 err=29.532 within15=0.365 sel=-22.250 (909s)
    ep11 loss=0.289 err=30.139 within15=0.327 sel=-23.214 (971s)
    ep12 loss=0.244 err=30.349 within15=0.336 sel=-22.328 (1033s)
    ep13 loss=0.206 err=30.693 within15=0.315 sel=-20.457 (1090s)
    ep14 loss=0.167 err=30.162 within15=0.332 sel=-20.409 (1120s)
    ep15 loss=0.137 err=30.916 within15=0.304 sel=-19.148 (1150s)
    ep16 loss=0.107 err=28.262 within15=0.365 sel=-20.013 (1180s)
    ep17 loss=0.081 err=28.631 within15=0.372 sel=-19.567 (1210s)
    ep18 loss=0.062 err=27.926 within15=0.393 sel=-18.047 (1240s)
    ep19 loss=0.048 err=29.460 within15=0.365 sel=-19.081 (1270s)
    ep20 loss=0.039 err=27.971 within15=0.393 sel=-18.779 (1300s)
    ep21 loss=0.032 err=28.773 within15=0.367 sel=-18.864 (1330s)
    ep22 loss=0.027 err=28.025 within15=0.397 sel=-18.329 (1360s)
    ep23 loss=0.024 err=28.130 within15=0.390 sel=-18.288 (1390s)
    ep24 loss=0.022 err=29.177 within15=0.374 sel=-18.334 (1420s)
    ep25 loss=0.020 err=29.163 within15=0.358 sel=-18.073 (1450s)
    ep26 loss=0.020 err=29.267 within15=0.365 sel=-18.169 (1480s)
    ep27 loss=0.019 err=28.844 within15=0.383 sel=-18.381 (1510s)
    ep28 loss=0.019 err=29.182 within15=0.378 sel=-18.475 (1540s)
    ep29 loss=0.018 err=29.568 within15=0.364 sel=-18.192 (1570s)
    test-time averaging: err_avg8=29.508 err_avg32=28.933
  -> bt_V1toRL_is_s1: err=27.926 within15=0.393 err_modD=27.926 loss=0.018 sel_metric=-18.047 val_at_last_epoch=29.568 err_avg8=29.508 err_avg32=28.933 best_epoch=18 params=17088546 1572s
[m_V1toAL_is_n128_s1] func_is oricirc n_neurons=5287 split_seed=0 bins=0 {'n': 128, 'seed': 1, 'dim': 512, 'layers': 8, 'epochs': 30, 'batch': 64, 'rel_bias': True, 'device': 'cuda', 'early_stop': 0.2, 'pops_per_epoch': 5000, 'sel_reps': 1}
    ep0 loss=0.549 err=53.775 within15=0.131 sel=-39.240 (7s)
    ep1 loss=0.497 err=37.112 within15=0.307 sel=-47.446 (13s)
    ep2 loss=0.520 err=56.606 within15=0.058 sel=-36.802 (20s)
    ep3 loss=0.485 err=57.068 within15=0.088 sel=-31.981 (26s)
    ep4 loss=0.464 err=58.279 within15=0.080 sel=-30.021 (33s)
    ep5 loss=0.462 err=57.790 within15=0.095 sel=-29.487 (40s)
    ep6 loss=0.453 err=57.079 within15=0.095 sel=-27.216 (46s)
    ep7 loss=0.445 err=56.212 within15=0.109 sel=-27.943 (53s)
    ep8 loss=0.438 err=52.805 within15=0.124 sel=-26.572 (59s)
    ep9 loss=0.431 err=48.708 within15=0.161 sel=-24.295 (66s)
    ep10 loss=0.421 err=48.779 within15=0.131 sel=-24.451 (72s)
    ep11 loss=0.412 err=49.837 within15=0.146 sel=-23.801 (79s)
    ep12 loss=0.408 err=48.549 within15=0.139 sel=-25.187 (85s)
    ep13 loss=0.401 err=46.250 within15=0.197 sel=-23.503 (92s)
    ep14 loss=0.398 err=43.616 within15=0.241 sel=-23.649 (98s)
    ep15 loss=0.393 err=39.079 within15=0.277 sel=-22.922 (105s)
    ep16 loss=0.389 err=39.684 within15=0.255 sel=-24.321 (111s)
    ep17 loss=0.385 err=36.215 within15=0.321 sel=-23.025 (118s)
    ep18 loss=0.382 err=35.356 within15=0.314 sel=-23.107 (124s)
    ep19 loss=0.379 err=36.594 within15=0.350 sel=-22.996 (131s)
    ep20 loss=0.375 err=37.127 within15=0.321 sel=-22.470 (137s)
    ep21 loss=0.369 err=38.492 within15=0.328 sel=-22.223 (144s)
    ep22 loss=0.364 err=51.406 within15=0.124 sel=-21.785 (151s)
    ep23 loss=0.361 err=32.051 within15=0.401 sel=-22.264 (157s)
    ep24 loss=0.358 err=31.466 within15=0.372 sel=-22.368 (164s)
    ep25 loss=0.355 err=36.000 within15=0.321 sel=-22.304 (170s)
    ep26 loss=0.351 err=32.608 within15=0.380 sel=-21.404 (177s)
    ep27 loss=0.349 err=32.309 within15=0.409 sel=-21.495 (183s)
    ep28 loss=0.348 err=31.943 within15=0.394 sel=-21.510 (190s)
    ep29 loss=0.348 err=31.894 within15=0.394 sel=-21.880 (196s)
    test-time averaging: err_avg8=33.351 err_avg32=32.506
  -> m_V1toAL_is_n128_s1: err=32.608 within15=0.380 err_modD=32.298 loss=0.348 sel_metric=-21.404 val_at_last_epoch=31.894 err_avg8=33.351 err_avg32=32.506 best_epoch=26 params=16891938 197s
[m_V1toV1_is_n128_s1] func_is oricirc n_neurons=5287 split_seed=0 bins=0 {'n': 128, 'seed': 1, 'dim': 512, 'layers': 8, 'epochs': 30, 'batch': 64, 'rel_bias': True, 'device': 'cuda', 'early_stop': 0.2, 'pops_per_epoch': 5000, 'sel_reps': 1}
    ep0 loss=0.549 err=38.261 within15=0.282 sel=-39.240 (7s)
    ep1 loss=0.497 err=49.816 within15=0.170 sel=-47.446 (14s)
    ep2 loss=0.520 err=40.026 within15=0.272 sel=-36.802 (20s)
    ep3 loss=0.485 err=34.293 within15=0.279 sel=-31.981 (27s)
    ep4 loss=0.464 err=32.687 within15=0.372 sel=-30.021 (34s)
    ep5 loss=0.462 err=33.138 within15=0.357 sel=-29.487 (40s)
    ep6 loss=0.453 err=33.065 within15=0.332 sel=-27.216 (47s)
    ep7 loss=0.445 err=30.086 within15=0.401 sel=-27.943 (53s)
    ep8 loss=0.438 err=29.309 within15=0.428 sel=-26.572 (60s)
    ep9 loss=0.431 err=27.660 within15=0.425 sel=-24.295 (66s)
    ep10 loss=0.421 err=27.935 within15=0.425 sel=-24.451 (73s)
    ep11 loss=0.412 err=27.902 within15=0.452 sel=-23.801 (80s)
    ep12 loss=0.408 err=27.529 within15=0.439 sel=-25.187 (86s)
    ep13 loss=0.401 err=26.699 within15=0.447 sel=-23.503 (93s)
    ep14 loss=0.398 err=25.617 within15=0.467 sel=-23.649 (99s)
    ep15 loss=0.393 err=25.865 within15=0.460 sel=-22.922 (106s)
    ep16 loss=0.389 err=25.499 within15=0.473 sel=-24.321 (112s)
    ep17 loss=0.385 err=24.627 within15=0.484 sel=-23.025 (119s)
    ep18 loss=0.382 err=25.552 within15=0.467 sel=-23.107 (125s)
    ep19 loss=0.379 err=26.310 within15=0.450 sel=-22.996 (132s)
    ep20 loss=0.375 err=24.674 within15=0.479 sel=-22.470 (138s)
    ep21 loss=0.369 err=25.857 within15=0.470 sel=-22.223 (145s)
    ep22 loss=0.364 err=23.668 within15=0.487 sel=-21.785 (151s)
    ep23 loss=0.361 err=23.274 within15=0.487 sel=-22.264 (158s)
    ep24 loss=0.358 err=23.554 within15=0.498 sel=-22.368 (165s)
    ep25 loss=0.355 err=23.577 within15=0.494 sel=-22.304 (171s)
    ep26 loss=0.351 err=23.000 within15=0.500 sel=-21.404 (177s)
    ep27 loss=0.349 err=22.850 within15=0.497 sel=-21.495 (184s)
    ep28 loss=0.348 err=23.177 within15=0.499 sel=-21.510 (191s)
    ep29 loss=0.348 err=23.079 within15=0.502 sel=-21.880 (197s)
    test-time averaging: err_avg8=23.774 err_avg32=22.110
  -> m_V1toV1_is_n128_s1: err=23.000 within15=0.500 err_modD=22.988 loss=0.348 sel_metric=-21.404 val_at_last_epoch=23.079 err_avg8=23.774 err_avg32=22.110 best_epoch=26 params=16891938 198s
[m_V1toRL_is_s1] func_is oricirc n_neurons=5287 split_seed=0 bins=0 {'n': 512, 'seed': 1, 'dim': 512, 'layers': 8, 'epochs': 30, 'batch': 64, 'rel_bias': True, 'device': 'cuda', 'early_stop': 0.2, 'pops_per_epoch': 5000, 'sel_reps': 1}
    ep0 loss=0.551 err=48.598 within15=0.189 sel=-37.456 (29s)
    ep1 loss=0.505 err=48.815 within15=0.192 sel=-36.859 (60s)
    ep2 loss=0.525 err=46.335 within15=0.215 sel=-38.665 (90s)
    ep3 loss=0.479 err=47.054 within15=0.250 sel=-38.667 (120s)
    ep4 loss=0.485 err=47.767 within15=0.226 sel=-35.189 (149s)
    ep5 loss=0.472 err=47.036 within15=0.255 sel=-33.040 (179s)
    ep6 loss=0.455 err=47.363 within15=0.201 sel=-29.461 (209s)
    ep7 loss=0.423 err=43.371 within15=0.264 sel=-25.163 (239s)
    ep8 loss=0.384 err=44.792 within15=0.280 sel=-23.306 (269s)
    ep9 loss=0.356 err=42.413 within15=0.308 sel=-21.928 (298s)
    ep10 loss=0.323 err=32.138 within15=0.386 sel=-20.296 (328s)
    ep11 loss=0.309 err=42.182 within15=0.306 sel=-20.309 (358s)
    ep12 loss=0.284 err=42.757 within15=0.301 sel=-19.746 (387s)
    ep13 loss=0.276 err=42.574 within15=0.304 sel=-20.201 (417s)
    ep14 loss=0.267 err=42.671 within15=0.299 sel=-19.406 (447s)
    ep15 loss=0.262 err=42.559 within15=0.306 sel=-19.204 (477s)
    ep16 loss=0.256 err=42.406 within15=0.308 sel=-19.739 (506s)
    ep17 loss=0.251 err=42.251 within15=0.309 sel=-19.410 (536s)
    ep18 loss=0.241 err=42.620 within15=0.306 sel=-19.149 (566s)
    ep19 loss=0.231 err=42.714 within15=0.299 sel=-18.684 (596s)
    ep20 loss=0.222 err=42.646 within15=0.276 sel=-18.488 (626s)
    ep21 loss=0.213 err=42.877 within15=0.271 sel=-18.399 (656s)
    ep22 loss=0.204 err=42.770 within15=0.273 sel=-17.873 (685s)
    ep23 loss=0.198 err=42.742 within15=0.276 sel=-17.881 (715s)
    ep24 loss=0.191 err=42.616 within15=0.278 sel=-17.819 (745s)
    ep25 loss=0.186 err=42.562 within15=0.269 sel=-17.409 (774s)
    ep26 loss=0.182 err=42.447 within15=0.271 sel=-17.595 (804s)
    ep27 loss=0.180 err=42.498 within15=0.269 sel=-17.451 (834s)
    ep28 loss=0.178 err=42.493 within15=0.269 sel=-17.630 (863s)
    ep29 loss=0.178 err=42.509 within15=0.267 sel=-17.406 (893s)
    test-time averaging: err_avg8=42.438 err_avg32=42.476
  -> m_V1toRL_is_s1: err=42.509 within15=0.267 err_modD=40.589 loss=0.178 sel_metric=-17.406 val_at_last_epoch=42.509 err_avg8=42.438 err_avg32=42.476 best_epoch=29 params=17088546 895s
[m_V1toAL_is_n128_s2] func_is oricirc n_neurons=5287 split_seed=0 bins=0 {'n': 128, 'seed': 2, 'dim': 512, 'layers': 8, 'epochs': 30, 'batch': 64, 'rel_bias': True, 'device': 'cuda', 'early_stop': 0.2, 'pops_per_epoch': 5000, 'sel_reps': 1}
    ep0 loss=0.550 err=51.668 within15=0.109 sel=-39.699 (7s)
    ep1 loss=0.516 err=57.640 within15=0.095 sel=-40.007 (14s)
    ep2 loss=0.503 err=47.590 within15=0.168 sel=-41.953 (21s)
    ep3 loss=0.477 err=53.449 within15=0.117 sel=-36.638 (27s)
    ep4 loss=0.463 err=56.834 within15=0.066 sel=-38.623 (34s)
    ep5 loss=0.459 err=58.147 within15=0.080 sel=-33.725 (40s)
    ep6 loss=0.451 err=57.978 within15=0.095 sel=-30.799 (47s)
    ep7 loss=0.440 err=57.438 within15=0.088 sel=-28.709 (53s)
    ep8 loss=0.430 err=58.421 within15=0.088 sel=-30.446 (60s)
    ep9 loss=0.418 err=44.902 within15=0.190 sel=-27.651 (66s)
    ep10 loss=0.409 err=48.547 within15=0.168 sel=-28.505 (73s)
    ep11 loss=0.404 err=50.207 within15=0.161 sel=-25.799 (80s)
    ep12 loss=0.394 err=38.776 within15=0.255 sel=-23.972 (86s)
    ep13 loss=0.390 err=38.593 within15=0.168 sel=-23.077 (93s)
    ep14 loss=0.383 err=31.105 within15=0.350 sel=-25.473 (99s)
    ep15 loss=0.381 err=48.695 within15=0.153 sel=-24.603 (106s)
    ep16 loss=0.375 err=31.529 within15=0.401 sel=-24.098 (112s)
    ep17 loss=0.372 err=31.716 within15=0.387 sel=-23.268 (119s)
    ep18 loss=0.368 err=31.869 within15=0.380 sel=-23.869 (125s)
    ep19 loss=0.361 err=32.195 within15=0.387 sel=-22.700 (132s)
    ep20 loss=0.356 err=32.090 within15=0.387 sel=-22.846 (138s)
    ep21 loss=0.354 err=32.389 within15=0.387 sel=-23.052 (145s)
    ep22 loss=0.349 err=32.006 within15=0.387 sel=-22.703 (151s)
    ep23 loss=0.344 err=32.084 within15=0.387 sel=-23.060 (158s)
    ep24 loss=0.341 err=31.982 within15=0.387 sel=-22.253 (164s)
    ep25 loss=0.338 err=32.132 within15=0.387 sel=-22.281 (171s)
    ep26 loss=0.334 err=32.080 within15=0.387 sel=-22.318 (177s)
    ep27 loss=0.333 err=32.062 within15=0.387 sel=-22.061 (184s)
    ep28 loss=0.331 err=32.044 within15=0.387 sel=-21.887 (191s)
    ep29 loss=0.331 err=32.039 within15=0.387 sel=-23.585 (197s)
    test-time averaging: err_avg8=32.033 err_avg32=32.040
  -> m_V1toAL_is_n128_s2: err=32.044 within15=0.387 err_modD=31.635 loss=0.331 sel_metric=-21.887 val_at_last_epoch=32.039 err_avg8=32.033 err_avg32=32.040 best_epoch=28 params=16891938 199s
[m_V1toV1_is_n128_s2] func_is oricirc n_neurons=5287 split_seed=0 bins=0 {'n': 128, 'seed': 2, 'dim': 512, 'layers': 8, 'epochs': 30, 'batch': 64, 'rel_bias': True, 'device': 'cuda', 'early_stop': 0.2, 'pops_per_epoch': 5000, 'sel_reps': 1}
    ep0 loss=0.550 err=39.031 within15=0.296 sel=-39.699 (7s)
    ep1 loss=0.516 err=36.955 within15=0.365 sel=-40.007 (14s)
    ep2 loss=0.503 err=42.303 within15=0.124 sel=-41.953 (20s)
    ep3 loss=0.477 err=36.573 within15=0.238 sel=-36.638 (27s)
    ep4 loss=0.463 err=37.690 within15=0.311 sel=-38.623 (34s)
    ep5 loss=0.459 err=34.612 within15=0.382 sel=-33.725 (40s)
    ep6 loss=0.451 err=33.405 within15=0.342 sel=-30.799 (47s)
    ep7 loss=0.440 err=30.474 within15=0.419 sel=-28.709 (53s)
    ep8 loss=0.430 err=29.779 within15=0.385 sel=-30.446 (60s)
    ep9 loss=0.418 err=30.276 within15=0.410 sel=-27.651 (66s)
    ep10 loss=0.409 err=31.876 within15=0.371 sel=-28.505 (73s)
    ep11 loss=0.404 err=28.094 within15=0.400 sel=-25.799 (79s)
    ep12 loss=0.394 err=24.627 within15=0.480 sel=-23.972 (86s)
    ep13 loss=0.390 err=26.020 within15=0.465 sel=-23.077 (93s)
    ep14 loss=0.383 err=28.104 within15=0.439 sel=-25.473 (99s)
    ep15 loss=0.381 err=27.556 within15=0.437 sel=-24.603 (106s)
    ep16 loss=0.375 err=26.531 within15=0.460 sel=-24.098 (112s)
    ep17 loss=0.372 err=25.759 within15=0.470 sel=-23.268 (119s)
    ep18 loss=0.368 err=25.592 within15=0.465 sel=-23.869 (125s)
    ep19 loss=0.361 err=23.705 within15=0.497 sel=-22.700 (132s)
    ep20 loss=0.356 err=24.924 within15=0.477 sel=-22.846 (138s)
    ep21 loss=0.354 err=23.804 within15=0.488 sel=-23.052 (145s)
    ep22 loss=0.349 err=24.040 within15=0.492 sel=-22.703 (151s)
    ep23 loss=0.344 err=22.787 within15=0.506 sel=-23.060 (158s)
    ep24 loss=0.341 err=22.569 within15=0.512 sel=-22.253 (164s)
    ep25 loss=0.338 err=22.798 within15=0.505 sel=-22.281 (171s)
    ep26 loss=0.334 err=22.823 within15=0.510 sel=-22.318 (177s)
    ep27 loss=0.333 err=22.315 within15=0.508 sel=-22.061 (184s)
    ep28 loss=0.331 err=21.915 within15=0.521 sel=-21.887 (190s)
    ep29 loss=0.331 err=22.627 within15=0.510 sel=-23.585 (197s)
    test-time averaging: err_avg8=22.957 err_avg32=21.875
  -> m_V1toV1_is_n128_s2: err=21.915 within15=0.521 err_modD=21.913 loss=0.331 sel_metric=-21.887 val_at_last_epoch=22.627 err_avg8=22.957 err_avg32=21.875 best_epoch=28 params=16891938 198s
[m_V1toRL_is_s2] func_is oricirc n_neurons=5287 split_seed=0 bins=0 {'n': 512, 'seed': 2, 'dim': 512, 'layers': 8, 'epochs': 30, 'batch': 64, 'rel_bias': True, 'device': 'cuda', 'early_stop': 0.2, 'pops_per_epoch': 5000, 'sel_reps': 1}
    ep0 loss=0.547 err=49.081 within15=0.128 sel=-42.469 (29s)
    ep1 loss=0.489 err=47.274 within15=0.248 sel=-40.069 (60s)
    ep2 loss=0.483 err=46.421 within15=0.212 sel=-38.053 (90s)
    ep3 loss=0.473 err=47.113 within15=0.227 sel=-38.210 (120s)
    ep4 loss=0.465 err=44.299 within15=0.192 sel=-35.805 (149s)
    ep5 loss=0.432 err=47.211 within15=0.253 sel=-29.268 (179s)
    ep6 loss=0.386 err=47.690 within15=0.255 sel=-26.287 (209s)
    ep7 loss=0.354 err=47.137 within15=0.248 sel=-22.497 (239s)
    ep8 loss=0.320 err=47.531 within15=0.252 sel=-21.450 (268s)
    ep9 loss=0.310 err=46.017 within15=0.262 sel=-21.001 (298s)
    ep10 loss=0.282 err=46.934 within15=0.250 sel=-19.915 (328s)
    ep11 loss=0.269 err=44.508 within15=0.269 sel=-19.484 (358s)
    ep12 loss=0.262 err=46.034 within15=0.260 sel=-19.868 (388s)
    ep13 loss=0.254 err=47.838 within15=0.253 sel=-19.249 (418s)
    ep14 loss=0.245 err=46.040 within15=0.257 sel=-18.553 (447s)
    ep15 loss=0.234 err=48.002 within15=0.213 sel=-17.895 (477s)
    ep16 loss=0.223 err=47.259 within15=0.205 sel=-16.925 (507s)
    ep17 loss=0.209 err=45.384 within15=0.227 sel=-16.754 (537s)
    ep18 loss=0.197 err=45.428 within15=0.212 sel=-16.433 (567s)
    ep19 loss=0.186 err=45.201 within15=0.187 sel=-15.692 (596s)
    ep20 loss=0.174 err=43.021 within15=0.231 sel=-15.852 (626s)
    ep21 loss=0.162 err=45.858 within15=0.149 sel=-15.708 (656s)
    ep22 loss=0.151 err=46.584 within15=0.163 sel=-15.680 (686s)
    ep23 loss=0.142 err=46.011 within15=0.138 sel=-15.661 (715s)
    ep24 loss=0.134 err=46.548 within15=0.145 sel=-15.913 (745s)
    ep25 loss=0.128 err=45.823 within15=0.147 sel=-15.945 (775s)
    ep26 loss=0.124 err=46.523 within15=0.138 sel=-15.874 (805s)
    ep27 loss=0.120 err=46.288 within15=0.142 sel=-16.135 (834s)
    ep28 loss=0.119 err=46.351 within15=0.133 sel=-15.706 (864s)
    ep29 loss=0.119 err=46.325 within15=0.138 sel=-15.666 (894s)
    test-time averaging: err_avg8=45.168 err_avg32=45.877
  -> m_V1toRL_is_s2: err=46.011 within15=0.138 err_modD=38.986 loss=0.119 sel_metric=-15.661 val_at_last_epoch=46.325 err_avg8=45.168 err_avg32=45.877 best_epoch=23 params=17088546 895s
QUEUE_POD7A_DONE
