[g12_iv_ori_s1] func_iv ori n_neurons=5287 {'epochs': 30, 'seed': 1, 'rel_bias': True, 'device': 'cuda', 'early_stop': 0.2, 'sel_reps': 4, 'pops_per_epoch': 5000, 'batch': 64, 'n': 512, 'dim': 512, 'layers': 8}
    ep0 loss=1.894 acc=0.334 sel=0.328 (44s)
    ep1 loss=1.817 acc=0.313 sel=0.295 (87s)
    ep2 loss=1.809 acc=0.356 sel=0.341 (130s)
    ep3 loss=1.738 acc=0.376 sel=0.367 (173s)
    ep4 loss=1.669 acc=0.386 sel=0.364 (216s)
    ep5 loss=1.615 acc=0.375 sel=0.371 (259s)
    ep6 loss=1.539 acc=0.368 sel=0.364 (302s)
    ep7 loss=1.420 acc=0.357 sel=0.331 (345s)
    ep8 loss=1.191 acc=0.346 sel=0.277 (388s)
    ep9 loss=0.750 acc=0.319 sel=0.269 (430s)
    ep10 loss=0.339 acc=0.329 sel=0.259 (473s)
    ep11 loss=0.120 acc=0.324 sel=0.290 (516s)
    ep12 loss=0.053 acc=0.318 sel=0.301 (559s)
    ep13 loss=0.033 acc=0.328 sel=0.278 (602s)
    ep14 loss=0.023 acc=0.323 sel=0.297 (645s)
    ep15 loss=0.016 acc=0.317 sel=0.292 (688s)
    ep16 loss=0.014 acc=0.326 sel=0.297 (731s)
    ep17 loss=0.011 acc=0.321 sel=0.277 (774s)
    ep18 loss=0.010 acc=0.323 sel=0.290 (817s)
    ep19 loss=0.007 acc=0.327 sel=0.307 (860s)
    ep20 loss=0.006 acc=0.324 sel=0.294 (903s)
    ep21 loss=0.005 acc=0.327 sel=0.286 (946s)
    ep22 loss=0.005 acc=0.330 sel=0.280 (989s)
    ep23 loss=0.004 acc=0.326 sel=0.278 (1032s)
    ep24 loss=0.004 acc=0.321 sel=0.280 (1075s)
    ep25 loss=0.003 acc=0.324 sel=0.284 (1118s)
    ep26 loss=0.003 acc=0.319 sel=0.282 (1160s)
    ep27 loss=0.003 acc=0.324 sel=0.288 (1203s)
    ep28 loss=0.003 acc=0.323 sel=0.288 (1246s)
    ep29 loss=0.003 acc=0.318 sel=0.292 (1289s)
    test-time averaging: acc_avg8=0.374 acc_avg32=0.374
  -> g12_iv_ori_s1: acc=0.375 acc_modD=0.318 loss=0.003 sel_metric=0.371 val_at_last_epoch=0.318 acc_avg8=0.374 acc_avg32=0.374 best_epoch=5 params=17091624 1291s
[g12_iv_rf_s1] func_iv rf n_neurons=11326 {'epochs': 40, 'seed': 1, 'rel_bias': True, 'device': 'cuda', 'early_stop': 0.2, 'sel_reps': 4, 'pops_per_epoch': 5000, 'batch': 64, 'n': 512, 'dim': 512, 'layers': 8}
    ep0 loss=1.065 r2=0.026 sel=0.016 (43s)
    ep1 loss=0.993 r2=0.030 sel=0.015 (63s)
    ep2 loss=0.995 r2=0.039 sel=0.015 (86s)
    ep3 loss=0.974 r2=0.035 sel=0.018 (122s)
    ep4 loss=0.958 r2=0.063 sel=0.041 (151s)
    ep5 loss=0.938 r2=0.071 sel=0.041 (182s)
    ep6 loss=0.909 r2=0.093 sel=0.063 (213s)
    ep7 loss=0.883 r2=0.151 sel=0.135 (238s)
    ep8 loss=0.842 r2=0.183 sel=0.144 (264s)
    ep9 loss=0.800 r2=0.192 sel=0.157 (289s)
    ep10 loss=0.776 r2=0.210 sel=0.173 (316s)
    ep11 loss=0.742 r2=0.226 sel=0.187 (343s)
    ep12 loss=0.722 r2=0.220 sel=0.162 (375s)
    ep13 loss=0.683 r2=0.234 sel=0.193 (412s)
    ep14 loss=0.654 r2=0.222 sel=0.168 (449s)
    ep15 loss=0.612 r2=0.220 sel=0.147 (487s)
    ep16 loss=0.542 r2=0.214 sel=0.139 (524s)
    ep17 loss=0.497 r2=0.214 sel=0.119 (561s)
    ep18 loss=0.427 r2=0.207 sel=0.095 (598s)
    ep19 loss=0.351 r2=0.178 sel=0.089 (635s)
    ep20 loss=0.289 r2=0.185 sel=0.076 (666s)
    ep21 loss=0.230 r2=0.173 sel=0.061 (703s)
    ep22 loss=0.184 r2=0.159 sel=0.048 (741s)
    ep23 loss=0.151 r2=0.169 sel=0.068 (778s)
    ep24 loss=0.126 r2=0.158 sel=0.055 (815s)
    ep25 loss=0.107 r2=0.164 sel=0.054 (852s)
    ep26 loss=0.093 r2=0.160 sel=0.057 (889s)
    ep27 loss=0.082 r2=0.162 sel=0.049 (926s)
    ep28 loss=0.074 r2=0.156 sel=0.061 (962s)
    ep29 loss=0.068 r2=0.153 sel=0.053 (994s)
    ep30 loss=0.063 r2=0.158 sel=0.057 (1026s)
    ep31 loss=0.059 r2=0.158 sel=0.064 (1061s)
    ep32 loss=0.056 r2=0.158 sel=0.059 (1090s)
    ep33 loss=0.053 r2=0.158 sel=0.060 (1110s)
    ep34 loss=0.051 r2=0.162 sel=0.062 (1130s)
    ep35 loss=0.050 r2=0.156 sel=0.060 (1149s)
    ep36 loss=0.049 r2=0.161 sel=0.059 (1169s)
    ep37 loss=0.048 r2=0.160 sel=0.062 (1189s)
    ep38 loss=0.048 r2=0.159 sel=0.062 (1209s)
    ep39 loss=0.048 r2=0.153 sel=0.062 (1228s)
    test-time averaging: r2_avg8=0.232 r2_avg32=0.237
  -> g12_iv_rf_s1: r2=0.234 loss=0.048 sel_metric=0.193 val_at_last_epoch=0.153 r2_avg8=0.232 r2_avg32=0.237 best_epoch=13 params=17088546 1231s
[g12_iv_ori_s2] func_iv ori n_neurons=5287 {'epochs': 30, 'seed': 2, 'rel_bias': True, 'device': 'cuda', 'early_stop': 0.2, 'sel_reps': 4, 'pops_per_epoch': 5000, 'batch': 64, 'n': 512, 'dim': 512, 'layers': 8}
    ep0 loss=1.906 acc=0.338 sel=0.345 (20s)
    ep1 loss=1.833 acc=0.344 sel=0.354 (40s)
    ep2 loss=1.827 acc=0.346 sel=0.362 (60s)
    ep3 loss=1.765 acc=0.376 sel=0.383 (80s)
    ep4 loss=1.688 acc=0.382 sel=0.371 (99s)
    ep5 loss=1.620 acc=0.370 sel=0.348 (119s)
    ep6 loss=1.564 acc=0.366 sel=0.324 (139s)
    ep7 loss=1.470 acc=0.361 sel=0.301 (158s)
    ep8 loss=1.277 acc=0.346 sel=0.309 (178s)
    ep9 loss=0.921 acc=0.347 sel=0.303 (197s)
    ep10 loss=0.489 acc=0.331 sel=0.263 (217s)
    ep11 loss=0.185 acc=0.332 sel=0.284 (237s)
    ep12 loss=0.067 acc=0.327 sel=0.278 (256s)
    ep13 loss=0.038 acc=0.332 sel=0.277 (276s)
    ep14 loss=0.032 acc=0.327 sel=0.275 (296s)
    ep15 loss=0.020 acc=0.332 sel=0.280 (315s)
    ep16 loss=0.015 acc=0.338 sel=0.290 (335s)
    ep17 loss=0.014 acc=0.338 sel=0.286 (354s)
    ep18 loss=0.009 acc=0.324 sel=0.280 (374s)
    ep19 loss=0.007 acc=0.334 sel=0.284 (394s)
    ep20 loss=0.006 acc=0.325 sel=0.278 (413s)
    ep21 loss=0.005 acc=0.327 sel=0.294 (433s)
    ep22 loss=0.008 acc=0.330 sel=0.288 (453s)
    ep23 loss=0.005 acc=0.319 sel=0.294 (472s)
    ep24 loss=0.004 acc=0.318 sel=0.275 (492s)
    ep25 loss=0.003 acc=0.329 sel=0.280 (512s)
    ep26 loss=0.003 acc=0.330 sel=0.278 (531s)
    ep27 loss=0.003 acc=0.327 sel=0.282 (551s)
    ep28 loss=0.003 acc=0.321 sel=0.278 (571s)
    ep29 loss=0.003 acc=0.324 sel=0.277 (590s)
    test-time averaging: acc_avg8=0.376 acc_avg32=0.379
  -> g12_iv_ori_s2: acc=0.376 acc_modD=0.324 loss=0.003 sel_metric=0.383 val_at_last_epoch=0.324 acc_avg8=0.376 acc_avg32=0.379 best_epoch=3 params=17091624 593s
[g12_iv_rf_s2] func_iv rf n_neurons=11326 {'epochs': 40, 'seed': 2, 'rel_bias': True, 'device': 'cuda', 'early_stop': 0.2, 'sel_reps': 4, 'pops_per_epoch': 5000, 'batch': 64, 'n': 512, 'dim': 512, 'layers': 8}
    ep0 loss=1.009 r2=0.021 sel=0.023 (20s)
    ep1 loss=0.997 r2=0.027 sel=0.020 (40s)
    ep2 loss=0.983 r2=0.013 sel=0.023 (60s)
    ep3 loss=0.981 r2=0.031 sel=0.032 (79s)
    ep4 loss=0.969 r2=0.040 sel=0.045 (99s)
    ep5 loss=0.943 r2=0.069 sel=0.073 (119s)
    ep6 loss=0.919 r2=0.100 sel=0.097 (139s)
    ep7 loss=0.889 r2=0.131 sel=0.109 (159s)
    ep8 loss=0.850 r2=0.172 sel=0.137 (178s)
    ep9 loss=0.807 r2=0.205 sel=0.160 (198s)
    ep10 loss=0.767 r2=0.222 sel=0.178 (218s)
    ep11 loss=0.739 r2=0.242 sel=0.194 (238s)
    ep12 loss=0.701 r2=0.252 sel=0.180 (258s)
    ep13 loss=0.660 r2=0.243 sel=0.182 (278s)
    ep14 loss=0.624 r2=0.244 sel=0.181 (297s)
    ep15 loss=0.581 r2=0.236 sel=0.176 (317s)
    ep16 loss=0.498 r2=0.216 sel=0.128 (337s)
    ep17 loss=0.446 r2=0.195 sel=0.108 (356s)
    ep18 loss=0.345 r2=0.175 sel=0.087 (376s)
    ep19 loss=0.265 r2=0.177 sel=0.073 (396s)
    ep20 loss=0.202 r2=0.175 sel=0.089 (415s)
    ep21 loss=0.153 r2=0.161 sel=0.075 (435s)
    ep22 loss=0.113 r2=0.166 sel=0.083 (455s)
    ep23 loss=0.093 r2=0.161 sel=0.085 (474s)
    ep24 loss=0.078 r2=0.162 sel=0.082 (494s)
    ep25 loss=0.069 r2=0.156 sel=0.094 (514s)
    ep26 loss=0.059 r2=0.161 sel=0.092 (533s)
    ep27 loss=0.054 r2=0.161 sel=0.095 (553s)
    ep28 loss=0.048 r2=0.160 sel=0.088 (573s)
    ep29 loss=0.044 r2=0.163 sel=0.092 (592s)
    ep30 loss=0.041 r2=0.160 sel=0.086 (612s)
    ep31 loss=0.038 r2=0.155 sel=0.082 (632s)
    ep32 loss=0.036 r2=0.158 sel=0.078 (651s)
    ep33 loss=0.035 r2=0.164 sel=0.085 (671s)
    ep34 loss=0.034 r2=0.159 sel=0.083 (691s)
    ep35 loss=0.033 r2=0.159 sel=0.081 (710s)
    ep36 loss=0.032 r2=0.164 sel=0.084 (730s)
    ep37 loss=0.032 r2=0.158 sel=0.084 (750s)
    ep38 loss=0.032 r2=0.155 sel=0.083 (770s)
    ep39 loss=0.032 r2=0.165 sel=0.083 (789s)
    test-time averaging: r2_avg8=0.237 r2_avg32=0.243
  -> g12_iv_rf_s2: r2=0.242 loss=0.032 sel_metric=0.194 val_at_last_epoch=0.165 r2_avg8=0.237 r2_avg32=0.243 best_epoch=11 params=17088546 791s
[g12_is_ori_s1] func_is ori n_neurons=5287 {'epochs': 30, 'seed': 1, 'rel_bias': True, 'device': 'cuda', 'early_stop': 0.2, 'sel_reps': 4, 'pops_per_epoch': 5000, 'batch': 64, 'n': 512, 'dim': 512, 'layers': 8}
    ep0 loss=1.961 acc=0.290 sel=0.261 (21s)
    ep1 loss=1.897 acc=0.261 sel=0.242 (41s)
    ep2 loss=1.836 acc=0.357 sel=0.216 (61s)
    ep3 loss=1.746 acc=0.408 sel=0.348 (80s)
    ep4 loss=1.633 acc=0.401 sel=0.381 (100s)
    ep5 loss=1.565 acc=0.419 sel=0.405 (120s)
    ep6 loss=1.514 acc=0.422 sel=0.407 (140s)
    ep7 loss=1.449 acc=0.423 sel=0.364 (160s)
    ep8 loss=1.390 acc=0.415 sel=0.367 (180s)
    ep9 loss=1.249 acc=0.402 sel=0.350 (200s)
    ep10 loss=1.024 acc=0.381 sel=0.337 (220s)
    ep11 loss=0.683 acc=0.393 sel=0.350 (239s)
    ep12 loss=0.385 acc=0.391 sel=0.348 (259s)
    ep13 loss=0.185 acc=0.374 sel=0.328 (279s)
    ep14 loss=0.080 acc=0.382 sel=0.341 (299s)
    ep15 loss=0.044 acc=0.384 sel=0.341 (319s)
    ep16 loss=0.031 acc=0.388 sel=0.345 (338s)
    ep17 loss=0.035 acc=0.378 sel=0.352 (358s)
    ep18 loss=0.020 acc=0.374 sel=0.354 (378s)
    ep19 loss=0.013 acc=0.378 sel=0.358 (398s)
    ep20 loss=0.010 acc=0.376 sel=0.364 (418s)
    ep21 loss=0.009 acc=0.377 sel=0.360 (437s)
    ep22 loss=0.008 acc=0.381 sel=0.360 (457s)
    ep23 loss=0.007 acc=0.377 sel=0.356 (477s)
    ep24 loss=0.006 acc=0.377 sel=0.343 (497s)
    ep25 loss=0.006 acc=0.377 sel=0.352 (517s)
    ep26 loss=0.005 acc=0.379 sel=0.348 (536s)
    ep27 loss=0.005 acc=0.376 sel=0.347 (556s)
    ep28 loss=0.005 acc=0.369 sel=0.345 (576s)
    ep29 loss=0.005 acc=0.375 sel=0.343 (596s)
    test-time averaging: acc_avg8=0.419 acc_avg32=0.422
  -> g12_is_ori_s1: acc=0.422 acc_modD=0.375 loss=0.005 sel_metric=0.407 val_at_last_epoch=0.375 acc_avg8=0.419 acc_avg32=0.422 best_epoch=6 params=17091624 597s
[g12_is_ori_s2] func_is ori n_neurons=5287 {'epochs': 30, 'seed': 2, 'rel_bias': True, 'device': 'cuda', 'early_stop': 0.2, 'sel_reps': 4, 'pops_per_epoch': 5000, 'batch': 64, 'n': 512, 'dim': 512, 'layers': 8}
    ep0 loss=1.967 acc=0.302 sel=0.301 (20s)
    ep1 loss=1.916 acc=0.281 sel=0.295 (40s)
    ep2 loss=1.854 acc=0.321 sel=0.339 (60s)
    ep3 loss=1.793 acc=0.372 sel=0.371 (80s)
    ep4 loss=1.704 acc=0.400 sel=0.388 (100s)
    ep5 loss=1.602 acc=0.410 sel=0.420 (119s)
    ep6 loss=1.515 acc=0.416 sel=0.426 (139s)
    ep7 loss=1.483 acc=0.415 sel=0.400 (159s)
    ep8 loss=1.430 acc=0.402 sel=0.396 (179s)
    ep9 loss=1.349 acc=0.407 sel=0.394 (199s)
    ep10 loss=1.187 acc=0.402 sel=0.390 (218s)
    ep11 loss=0.937 acc=0.383 sel=0.356 (238s)
    ep12 loss=0.604 acc=0.386 sel=0.360 (258s)
    ep13 loss=0.326 acc=0.384 sel=0.347 (278s)
    ep14 loss=0.141 acc=0.360 sel=0.343 (297s)
    ep15 loss=0.066 acc=0.370 sel=0.330 (317s)
    ep16 loss=0.044 acc=0.369 sel=0.330 (337s)
    ep17 loss=0.027 acc=0.370 sel=0.366 (357s)
    ep18 loss=0.020 acc=0.379 sel=0.348 (376s)
    ep19 loss=0.016 acc=0.366 sel=0.347 (396s)
    ep20 loss=0.013 acc=0.372 sel=0.345 (416s)
    ep21 loss=0.010 acc=0.372 sel=0.364 (436s)
    ep22 loss=0.009 acc=0.375 sel=0.345 (455s)
    ep23 loss=0.010 acc=0.378 sel=0.337 (475s)
    ep24 loss=0.010 acc=0.372 sel=0.333 (495s)
    ep25 loss=0.008 acc=0.381 sel=0.339 (515s)
    ep26 loss=0.007 acc=0.384 sel=0.337 (535s)
    ep27 loss=0.006 acc=0.383 sel=0.345 (554s)
    ep28 loss=0.006 acc=0.368 sel=0.347 (574s)
    ep29 loss=0.006 acc=0.377 sel=0.347 (594s)
    test-time averaging: acc_avg8=0.415 acc_avg32=0.418
  -> g12_is_ori_s2: acc=0.416 acc_modD=0.377 loss=0.006 sel_metric=0.426 val_at_last_epoch=0.377 acc_avg8=0.415 acc_avg32=0.418 best_epoch=6 params=17091624 596s
SWEEP_GPU12_DONE
