[g1_n256_d256L4_e60] regime=pooledcross train neurons=6706 val neurons=2575 mice=33
    ep0 loss=1.817 acc=0.209 sel=0.192 (2s)
    ep1 loss=1.784 acc=0.205 sel=0.192 (4s)
    ep2 loss=1.779 acc=0.202 sel=0.195 (6s)
    ep3 loss=1.773 acc=0.224 sel=0.191 (8s)
    ep4 loss=1.762 acc=0.216 sel=0.213 (10s)
    ep5 loss=1.751 acc=0.245 sel=0.256 (12s)
    ep6 loss=1.749 acc=0.248 sel=0.262 (14s)
    ep7 loss=1.731 acc=0.225 sel=0.228 (16s)
    ep8 loss=1.722 acc=0.240 sel=0.238 (18s)
    ep9 loss=1.694 acc=0.250 sel=0.240 (20s)
    ep10 loss=1.673 acc=0.279 sel=0.255 (22s)
    ep11 loss=1.675 acc=0.277 sel=0.248 (24s)
    ep12 loss=1.640 acc=0.267 sel=0.221 (26s)
    ep13 loss=1.624 acc=0.272 sel=0.276 (28s)
    ep14 loss=1.598 acc=0.272 sel=0.244 (30s)
    ep15 loss=1.570 acc=0.286 sel=0.254 (32s)
    ep16 loss=1.544 acc=0.286 sel=0.242 (34s)
    ep17 loss=1.496 acc=0.296 sel=0.253 (36s)
    ep18 loss=1.451 acc=0.261 sel=0.216 (38s)
    ep19 loss=1.403 acc=0.270 sel=0.232 (40s)
    ep20 loss=1.342 acc=0.266 sel=0.222 (42s)
    ep21 loss=1.273 acc=0.270 sel=0.246 (44s)
    ep22 loss=1.196 acc=0.281 sel=0.220 (45s)
    ep23 loss=1.120 acc=0.254 sel=0.235 (47s)
    ep24 loss=1.036 acc=0.253 sel=0.234 (49s)
    ep25 loss=0.957 acc=0.260 sel=0.242 (51s)
    ep26 loss=0.892 acc=0.259 sel=0.230 (53s)
    ep27 loss=0.832 acc=0.265 sel=0.221 (55s)
    ep28 loss=0.767 acc=0.255 sel=0.232 (57s)
    ep29 loss=0.711 acc=0.258 sel=0.195 (59s)
    ep30 loss=0.670 acc=0.265 sel=0.193 (61s)
    ep31 loss=0.622 acc=0.256 sel=0.207 (63s)
    ep32 loss=0.589 acc=0.261 sel=0.203 (65s)
    ep33 loss=0.548 acc=0.273 sel=0.217 (67s)
    ep34 loss=0.524 acc=0.254 sel=0.220 (69s)
    ep35 loss=0.494 acc=0.277 sel=0.208 (71s)
    ep36 loss=0.467 acc=0.255 sel=0.225 (73s)
    ep37 loss=0.443 acc=0.270 sel=0.202 (75s)
    ep38 loss=0.424 acc=0.279 sel=0.217 (77s)
    ep39 loss=0.403 acc=0.268 sel=0.218 (79s)
    ep40 loss=0.387 acc=0.257 sel=0.215 (81s)
    ep41 loss=0.365 acc=0.257 sel=0.217 (83s)
    ep42 loss=0.353 acc=0.274 sel=0.226 (85s)
    ep43 loss=0.343 acc=0.251 sel=0.217 (87s)
    ep44 loss=0.332 acc=0.244 sel=0.198 (89s)
    ep45 loss=0.315 acc=0.272 sel=0.202 (91s)
    ep46 loss=0.316 acc=0.262 sel=0.203 (93s)
    ep47 loss=0.300 acc=0.273 sel=0.216 (95s)
    ep48 loss=0.296 acc=0.257 sel=0.202 (97s)
    ep49 loss=0.290 acc=0.277 sel=0.205 (99s)
    ep50 loss=0.282 acc=0.258 sel=0.206 (101s)
    ep51 loss=0.276 acc=0.258 sel=0.202 (103s)
    ep52 loss=0.271 acc=0.268 sel=0.208 (105s)
    ep53 loss=0.268 acc=0.266 sel=0.202 (107s)
    ep54 loss=0.262 acc=0.262 sel=0.196 (109s)
    ep55 loss=0.264 acc=0.272 sel=0.202 (111s)
    ep56 loss=0.260 acc=0.263 sel=0.202 (113s)
    ep57 loss=0.258 acc=0.272 sel=0.200 (115s)
    ep58 loss=0.263 acc=0.258 sel=0.200 (117s)
    ep59 loss=0.258 acc=0.267 sel=0.200 (119s)
    test-time averaging: acc_avg8=0.277 acc_avg32=0.277
  -> g1_n256_d256L4_e60: acc=0.272 avg32=0.277 best_epoch=13
[g1_n256_d512L8_e60] regime=pooledcross train neurons=6706 val neurons=2575 mice=33
    ep0 loss=1.802 acc=0.210 sel=0.188 (8s)
    ep1 loss=1.781 acc=0.225 sel=0.198 (16s)
    ep2 loss=1.776 acc=0.209 sel=0.186 (23s)
    ep3 loss=1.768 acc=0.254 sel=0.257 (31s)
    ep4 loss=1.757 acc=0.242 sel=0.225 (39s)
    ep5 loss=1.746 acc=0.250 sel=0.254 (46s)
    ep6 loss=1.735 acc=0.263 sel=0.266 (54s)
    ep7 loss=1.712 acc=0.267 sel=0.232 (62s)
    ep8 loss=1.685 acc=0.272 sel=0.254 (69s)
    ep9 loss=1.666 acc=0.278 sel=0.231 (77s)
    ep10 loss=1.643 acc=0.291 sel=0.268 (85s)
    ep11 loss=1.619 acc=0.298 sel=0.234 (93s)
    ep12 loss=1.586 acc=0.289 sel=0.249 (100s)
    ep13 loss=1.556 acc=0.288 sel=0.285 (108s)
    ep14 loss=1.499 acc=0.299 sel=0.281 (116s)
    ep15 loss=1.447 acc=0.315 sel=0.244 (128s)
    ep16 loss=1.344 acc=0.313 sel=0.247 (144s)
    ep17 loss=1.216 acc=0.307 sel=0.236 (159s)
    ep18 loss=1.034 acc=0.277 sel=0.221 (175s)
    ep19 loss=0.836 acc=0.279 sel=0.208 (190s)
    ep20 loss=0.678 acc=0.290 sel=0.229 (206s)
    ep21 loss=0.535 acc=0.284 sel=0.225 (221s)
    ep22 loss=0.427 acc=0.274 sel=0.255 (237s)
    ep23 loss=0.355 acc=0.290 sel=0.215 (252s)
    ep24 loss=0.312 acc=0.274 sel=0.215 (268s)
    ep25 loss=0.249 acc=0.298 sel=0.234 (283s)
    ep26 loss=0.219 acc=0.296 sel=0.233 (299s)
    ep27 loss=0.191 acc=0.288 sel=0.225 (315s)
    ep28 loss=0.169 acc=0.283 sel=0.215 (330s)
    ep29 loss=0.140 acc=0.285 sel=0.239 (346s)
    ep30 loss=0.128 acc=0.310 sel=0.241 (361s)
    ep31 loss=0.104 acc=0.297 sel=0.220 (377s)
    ep32 loss=0.098 acc=0.294 sel=0.213 (387s)
    ep33 loss=0.088 acc=0.299 sel=0.215 (403s)
    ep34 loss=0.084 acc=0.293 sel=0.239 (418s)
    ep35 loss=0.069 acc=0.282 sel=0.238 (433s)
    ep36 loss=0.061 acc=0.299 sel=0.228 (449s)
    ep37 loss=0.058 acc=0.294 sel=0.248 (464s)
    ep38 loss=0.052 acc=0.287 sel=0.239 (479s)
    ep39 loss=0.047 acc=0.294 sel=0.227 (495s)
    ep40 loss=0.047 acc=0.293 sel=0.249 (510s)
    ep41 loss=0.040 acc=0.291 sel=0.233 (526s)
    ep42 loss=0.038 acc=0.298 sel=0.219 (541s)
    ep43 loss=0.035 acc=0.288 sel=0.238 (556s)
    ep44 loss=0.033 acc=0.290 sel=0.239 (572s)
    ep45 loss=0.032 acc=0.295 sel=0.238 (587s)
    ep46 loss=0.030 acc=0.296 sel=0.227 (603s)
    ep47 loss=0.026 acc=0.305 sel=0.238 (618s)
    ep48 loss=0.027 acc=0.287 sel=0.223 (633s)
    ep49 loss=0.026 acc=0.295 sel=0.227 (649s)
    ep50 loss=0.023 acc=0.294 sel=0.228 (659s)
    ep51 loss=0.023 acc=0.275 sel=0.228 (675s)
    ep52 loss=0.022 acc=0.282 sel=0.228 (690s)
    ep53 loss=0.021 acc=0.289 sel=0.229 (706s)
    ep54 loss=0.020 acc=0.304 sel=0.235 (721s)
    ep55 loss=0.021 acc=0.299 sel=0.238 (737s)
    ep56 loss=0.019 acc=0.299 sel=0.230 (752s)
    ep57 loss=0.020 acc=0.304 sel=0.231 (768s)
    ep58 loss=0.019 acc=0.298 sel=0.229 (783s)
    ep59 loss=0.020 acc=0.285 sel=0.231 (799s)
    test-time averaging: acc_avg8=0.302 acc_avg32=0.303
  -> g1_n256_d512L8_e60: acc=0.288 avg32=0.303 best_epoch=13
[g1_n512_d512L8_e60] regime=pooledcross train neurons=6706 val neurons=2575 mice=33
    ep0 loss=1.802 acc=0.202 sel=0.192 (41s)
    ep1 loss=1.778 acc=0.253 sel=0.174 (81s)
    ep2 loss=1.769 acc=0.207 sel=0.192 (115s)
    ep3 loss=1.760 acc=0.267 sel=0.227 (154s)
    ep4 loss=1.756 acc=0.200 sel=0.192 (194s)
    ep5 loss=1.762 acc=0.221 sel=0.226 (234s)
    ep6 loss=1.738 acc=0.283 sel=0.294 (273s)
    ep7 loss=1.713 acc=0.280 sel=0.237 (313s)
    ep8 loss=1.661 acc=0.293 sel=0.277 (353s)
    ep9 loss=1.624 acc=0.286 sel=0.256 (387s)
    ep10 loss=1.589 acc=0.282 sel=0.273 (428s)
    ep11 loss=1.535 acc=0.309 sel=0.286 (470s)
    ep12 loss=1.467 acc=0.302 sel=0.264 (512s)
    ep13 loss=1.330 acc=0.301 sel=0.262 (555s)
    ep14 loss=1.053 acc=0.306 sel=0.289 (597s)
    ep15 loss=0.686 acc=0.306 sel=0.266 (639s)
    ep16 loss=0.402 acc=0.294 sel=0.238 (681s)
    ep17 loss=0.218 acc=0.284 sel=0.240 (724s)
    ep18 loss=0.167 acc=0.285 sel=0.233 (767s)
    ep19 loss=0.100 acc=0.303 sel=0.230 (809s)
    ep20 loss=0.051 acc=0.279 sel=0.192 (852s)
    ep21 loss=0.091 acc=0.302 sel=0.186 (894s)
    ep22 loss=0.049 acc=0.305 sel=0.215 (937s)
    ep23 loss=0.044 acc=0.313 sel=0.238 (980s)
    ep24 loss=0.045 acc=0.306 sel=0.231 (1022s)
    ep25 loss=0.040 acc=0.291 sel=0.250 (1065s)
    ep26 loss=0.023 acc=0.293 sel=0.229 (1107s)
    ep27 loss=0.019 acc=0.293 sel=0.238 (1150s)
    ep28 loss=0.028 acc=0.298 sel=0.213 (1197s)
    ep29 loss=0.014 acc=0.308 sel=0.238 (1249s)
    ep30 loss=0.020 acc=0.296 sel=0.225 (1301s)
    ep31 loss=0.016 acc=0.299 sel=0.221 (1351s)
    ep32 loss=0.012 acc=0.284 sel=0.229 (1403s)
    ep33 loss=0.009 acc=0.299 sel=0.239 (1450s)
    ep34 loss=0.007 acc=0.295 sel=0.236 (1502s)
    ep35 loss=0.008 acc=0.293 sel=0.228 (1556s)
    ep36 loss=0.008 acc=0.296 sel=0.242 (1615s)
    ep37 loss=0.005 acc=0.291 sel=0.221 (1675s)
    ep38 loss=0.006 acc=0.296 sel=0.236 (1734s)
    ep39 loss=0.007 acc=0.296 sel=0.229 (1794s)
    ep40 loss=0.007 acc=0.303 sel=0.219 (1853s)
    ep41 loss=0.005 acc=0.295 sel=0.206 (1913s)
    ep42 loss=0.004 acc=0.291 sel=0.221 (1973s)
    ep43 loss=0.004 acc=0.296 sel=0.222 (2031s)
    ep44 loss=0.003 acc=0.299 sel=0.223 (2073s)
    ep45 loss=0.003 acc=0.293 sel=0.227 (2116s)
    ep46 loss=0.004 acc=0.298 sel=0.238 (2159s)
    ep47 loss=0.003 acc=0.299 sel=0.222 (2201s)
    ep48 loss=0.003 acc=0.298 sel=0.222 (2244s)
    ep49 loss=0.003 acc=0.298 sel=0.223 (2286s)
    ep50 loss=0.002 acc=0.297 sel=0.226 (2329s)
    ep51 loss=0.003 acc=0.295 sel=0.221 (2372s)
    ep52 loss=0.002 acc=0.294 sel=0.220 (2414s)
    ep53 loss=0.002 acc=0.301 sel=0.219 (2457s)
    ep54 loss=0.002 acc=0.297 sel=0.216 (2500s)
    ep55 loss=0.002 acc=0.293 sel=0.220 (2542s)
    ep56 loss=0.002 acc=0.305 sel=0.219 (2585s)
    ep57 loss=0.003 acc=0.299 sel=0.216 (2620s)
    ep58 loss=0.002 acc=0.299 sel=0.217 (2660s)
    ep59 loss=0.003 acc=0.303 sel=0.217 (2700s)
    test-time averaging: acc_avg8=0.286 acc_avg32=0.286
  -> g1_n512_d512L8_e60: acc=0.283 avg32=0.286 best_epoch=6
[g1_n256_d768L12_e60] regime=pooledcross train neurons=6706 val neurons=2575 mice=33
    ep0 loss=1.818 acc=0.239 sel=0.181 (42s)
    ep1 loss=1.779 acc=0.249 sel=0.203 (84s)
    ep2 loss=1.769 acc=0.241 sel=0.222 (126s)
    ep3 loss=1.764 acc=0.253 sel=0.244 (156s)
    ep4 loss=1.760 acc=0.207 sel=0.202 (178s)
    ep5 loss=1.753 acc=0.256 sel=0.241 (199s)
    ep6 loss=1.742 acc=0.277 sel=0.268 (220s)
    ep7 loss=1.721 acc=0.287 sel=0.255 (241s)
    ep8 loss=1.689 acc=0.286 sel=0.261 (262s)
    ep9 loss=1.668 acc=0.267 sel=0.235 (283s)
    ep10 loss=1.650 acc=0.266 sel=0.227 (304s)
    ep11 loss=1.630 acc=0.295 sel=0.260 (325s)
    ep12 loss=1.603 acc=0.297 sel=0.267 (346s)
    ep13 loss=1.582 acc=0.300 sel=0.290 (367s)
    ep14 loss=1.543 acc=0.289 sel=0.253 (388s)
    ep15 loss=1.499 acc=0.279 sel=0.242 (409s)
    ep16 loss=1.452 acc=0.289 sel=0.245 (430s)
    ep17 loss=1.372 acc=0.319 sel=0.253 (451s)
    ep18 loss=1.275 acc=0.294 sel=0.212 (472s)
    ep19 loss=1.124 acc=0.287 sel=0.198 (493s)
    ep20 loss=0.954 acc=0.280 sel=0.208 (514s)
    ep21 loss=0.757 acc=0.254 sel=0.203 (535s)
    ep22 loss=0.584 acc=0.303 sel=0.207 (556s)
    ep23 loss=0.484 acc=0.277 sel=0.214 (577s)
    ep24 loss=0.394 acc=0.271 sel=0.184 (598s)
    ep25 loss=0.305 acc=0.287 sel=0.189 (619s)
    ep26 loss=0.267 acc=0.294 sel=0.220 (640s)
    ep27 loss=0.231 acc=0.294 sel=0.202 (661s)
    ep28 loss=0.197 acc=0.301 sel=0.197 (682s)
    ep29 loss=0.162 acc=0.298 sel=0.195 (703s)
    ep30 loss=0.142 acc=0.297 sel=0.210 (724s)
    ep31 loss=0.127 acc=0.293 sel=0.192 (745s)
    ep32 loss=0.109 acc=0.305 sel=0.245 (766s)
    ep33 loss=0.101 acc=0.297 sel=0.215 (786s)
    ep34 loss=0.093 acc=0.303 sel=0.226 (807s)
    ep35 loss=0.074 acc=0.305 sel=0.217 (828s)
    ep36 loss=0.070 acc=0.318 sel=0.240 (849s)
    ep37 loss=0.063 acc=0.298 sel=0.228 (870s)
    ep38 loss=0.063 acc=0.305 sel=0.230 (891s)
    ep39 loss=0.053 acc=0.305 sel=0.238 (912s)
    ep40 loss=0.055 acc=0.302 sel=0.237 (933s)
    ep41 loss=0.042 acc=0.291 sel=0.226 (954s)
    ep42 loss=0.036 acc=0.313 sel=0.215 (975s)
    ep43 loss=0.035 acc=0.302 sel=0.227 (996s)
    ep44 loss=0.032 acc=0.321 sel=0.225 (1017s)
    ep45 loss=0.035 acc=0.310 sel=0.227 (1038s)
    ep46 loss=0.029 acc=0.312 sel=0.216 (1059s)
    ep47 loss=0.030 acc=0.315 sel=0.210 (1080s)
    ep48 loss=0.027 acc=0.319 sel=0.227 (1101s)
    ep49 loss=0.026 acc=0.308 sel=0.231 (1122s)
    ep50 loss=0.024 acc=0.305 sel=0.229 (1143s)
    ep51 loss=0.023 acc=0.301 sel=0.213 (1164s)
    ep52 loss=0.020 acc=0.308 sel=0.227 (1185s)
    ep53 loss=0.021 acc=0.310 sel=0.229 (1206s)
    ep54 loss=0.019 acc=0.321 sel=0.224 (1227s)
    ep55 loss=0.021 acc=0.317 sel=0.226 (1248s)
    ep56 loss=0.018 acc=0.312 sel=0.222 (1269s)
    ep57 loss=0.018 acc=0.314 sel=0.225 (1290s)
    ep58 loss=0.018 acc=0.310 sel=0.222 (1311s)
    ep59 loss=0.018 acc=0.301 sel=0.223 (1332s)
    test-time averaging: acc_avg8=0.287 acc_avg32=0.296
  -> g1_n256_d768L12_e60: acc=0.300 avg32=0.296 best_epoch=13
[g1_n1024_d512L8_e60] regime=pooledcross train neurons=6706 val neurons=2575 mice=33
    ep0 loss=1.791 acc=0.207 sel=0.186 (54s)
    ep1 loss=1.768 acc=0.255 sel=0.194 (107s)
    ep2 loss=1.751 acc=0.263 sel=0.244 (161s)
    ep3 loss=1.751 acc=0.251 sel=0.238 (214s)
    ep4 loss=1.732 acc=0.254 sel=0.230 (267s)
    ep5 loss=1.702 acc=0.268 sel=0.249 (321s)
    ep6 loss=1.662 acc=0.291 sel=0.293 (374s)
    ep7 loss=1.562 acc=0.273 sel=0.242 (428s)
    ep8 loss=1.456 acc=0.272 sel=0.254 (481s)
    ep9 loss=1.087 acc=0.251 sel=0.251 (535s)
    ep10 loss=0.440 acc=0.280 sel=0.260 (588s)
    ep11 loss=0.129 acc=0.261 sel=0.224 (641s)
    ep12 loss=0.031 acc=0.271 sel=0.239 (695s)
    ep13 loss=0.014 acc=0.297 sel=0.249 (748s)
    ep14 loss=0.018 acc=0.287 sel=0.239 (802s)
    ep15 loss=0.034 acc=0.289 sel=0.247 (855s)
    ep16 loss=0.011 acc=0.279 sel=0.261 (908s)
    ep17 loss=0.044 acc=0.282 sel=0.248 (962s)
    ep18 loss=0.012 acc=0.283 sel=0.258 (1015s)
    ep19 loss=0.004 acc=0.284 sel=0.250 (1069s)
    ep20 loss=0.032 acc=0.284 sel=0.231 (1122s)
    ep21 loss=0.009 acc=0.284 sel=0.241 (1175s)
    ep22 loss=0.003 acc=0.289 sel=0.242 (1229s)
    ep23 loss=0.003 acc=0.300 sel=0.238 (1282s)
    ep24 loss=0.002 acc=0.289 sel=0.243 (1336s)
    ep25 loss=0.002 acc=0.293 sel=0.240 (1389s)
    ep26 loss=0.002 acc=0.294 sel=0.243 (1442s)
    ep27 loss=0.002 acc=0.294 sel=0.219 (1496s)
    ep28 loss=0.002 acc=0.286 sel=0.243 (1549s)
    ep29 loss=0.001 acc=0.281 sel=0.238 (1603s)
    ep30 loss=0.001 acc=0.286 sel=0.231 (1656s)
    ep31 loss=0.001 acc=0.296 sel=0.231 (1709s)
    ep32 loss=0.001 acc=0.289 sel=0.234 (1763s)
    ep33 loss=0.001 acc=0.294 sel=0.250 (1816s)
    ep34 loss=0.001 acc=0.286 sel=0.255 (1870s)
    ep35 loss=0.001 acc=0.289 sel=0.246 (1923s)
    ep36 loss=0.001 acc=0.287 sel=0.237 (1976s)
    ep37 loss=0.001 acc=0.293 sel=0.248 (2030s)
    ep38 loss=0.001 acc=0.284 sel=0.234 (2083s)
    ep39 loss=0.001 acc=0.295 sel=0.233 (2137s)
    ep40 loss=0.001 acc=0.301 sel=0.243 (2190s)
    ep41 loss=0.001 acc=0.291 sel=0.245 (2244s)
    ep42 loss=0.001 acc=0.287 sel=0.230 (2297s)
    ep43 loss=0.001 acc=0.285 sel=0.239 (2350s)
    ep44 loss=0.001 acc=0.296 sel=0.250 (2404s)
    ep45 loss=0.000 acc=0.290 sel=0.250 (2457s)
    ep46 loss=0.000 acc=0.299 sel=0.256 (2511s)
    ep47 loss=0.000 acc=0.299 sel=0.254 (2564s)
    ep48 loss=0.000 acc=0.293 sel=0.247 (2617s)
    ep49 loss=0.000 acc=0.296 sel=0.248 (2671s)
    ep50 loss=0.000 acc=0.299 sel=0.253 (2724s)
    ep51 loss=0.000 acc=0.291 sel=0.244 (2778s)
    ep52 loss=0.000 acc=0.289 sel=0.244 (2831s)
    ep53 loss=0.000 acc=0.298 sel=0.253 (2884s)
    ep54 loss=0.000 acc=0.294 sel=0.246 (2938s)
    ep55 loss=0.000 acc=0.294 sel=0.247 (2991s)
    ep56 loss=0.000 acc=0.293 sel=0.250 (3044s)
    ep57 loss=0.000 acc=0.292 sel=0.251 (3098s)
    ep58 loss=0.000 acc=0.298 sel=0.249 (3151s)
    ep59 loss=0.000 acc=0.291 sel=0.250 (3205s)
    test-time averaging: acc_avg8=0.282 acc_avg32=0.285
  -> g1_n1024_d512L8_e60: acc=0.291 avg32=0.285 best_epoch=6
[g1_n512_d768L12_e100] regime=pooledcross train neurons=6706 val neurons=2575 mice=33
    ep0 loss=1.806 acc=0.203 sel=0.191 (48s)
    ep1 loss=1.777 acc=0.251 sel=0.191 (96s)
    ep2 loss=1.767 acc=0.246 sel=0.190 (144s)
    ep3 loss=1.756 acc=0.242 sel=0.253 (191s)
    ep4 loss=1.759 acc=0.261 sel=0.192 (239s)
    ep5 loss=1.753 acc=0.266 sel=0.240 (287s)
    ep6 loss=1.763 acc=0.207 sel=0.219 (334s)
    ep7 loss=1.744 acc=0.227 sel=0.215 (382s)
    ep8 loss=1.727 acc=0.273 sel=0.273 (430s)
    ep9 loss=1.700 acc=0.281 sel=0.251 (478s)
    ep10 loss=1.650 acc=0.287 sel=0.255 (525s)
    ep11 loss=1.622 acc=0.286 sel=0.270 (573s)
    ep12 loss=1.608 acc=0.280 sel=0.273 (621s)
    ep13 loss=1.554 acc=0.286 sel=0.247 (669s)
    ep14 loss=1.522 acc=0.308 sel=0.250 (716s)
    ep15 loss=1.412 acc=0.303 sel=0.249 (764s)
    ep16 loss=1.295 acc=0.310 sel=0.283 (812s)
    ep17 loss=1.052 acc=0.291 sel=0.244 (860s)
    ep18 loss=0.705 acc=0.301 sel=0.245 (908s)
    ep19 loss=0.419 acc=0.306 sel=0.223 (956s)
    ep20 loss=0.240 acc=0.295 sel=0.230 (1004s)
    ep21 loss=0.161 acc=0.300 sel=0.229 (1052s)
    ep22 loss=0.077 acc=0.296 sel=0.231 (1099s)
    ep23 loss=0.099 acc=0.257 sel=0.192 (1147s)
    ep24 loss=0.077 acc=0.298 sel=0.243 (1194s)
    ep25 loss=0.030 acc=0.317 sel=0.208 (1242s)
    ep26 loss=0.036 acc=0.306 sel=0.189 (1290s)
    ep27 loss=0.018 acc=0.305 sel=0.230 (1337s)
    ep28 loss=0.017 acc=0.294 sel=0.204 (1385s)
    ep29 loss=0.020 acc=0.313 sel=0.216 (1433s)
    ep30 loss=0.039 acc=0.282 sel=0.210 (1480s)
    ep31 loss=0.041 acc=0.293 sel=0.252 (1528s)
    ep32 loss=0.028 acc=0.289 sel=0.229 (1575s)
    ep33 loss=0.016 acc=0.299 sel=0.259 (1623s)
    ep34 loss=0.020 acc=0.296 sel=0.205 (1671s)
    ep35 loss=0.016 acc=0.302 sel=0.236 (1718s)
    ep36 loss=0.016 acc=0.298 sel=0.244 (1766s)
    ep37 loss=0.011 acc=0.304 sel=0.245 (1814s)
    ep38 loss=0.016 acc=0.286 sel=0.217 (1862s)
    ep39 loss=0.014 acc=0.310 sel=0.248 (1909s)
    ep40 loss=0.011 acc=0.279 sel=0.209 (1957s)
    ep41 loss=0.012 acc=0.290 sel=0.247 (2005s)
    ep42 loss=0.011 acc=0.282 sel=0.257 (2052s)
    ep43 loss=0.007 acc=0.306 sel=0.205 (2100s)
    ep44 loss=0.012 acc=0.298 sel=0.221 (2148s)
    ep45 loss=0.008 acc=0.280 sel=0.194 (2195s)
    ep46 loss=0.009 acc=0.306 sel=0.212 (2243s)
    ep47 loss=0.005 acc=0.291 sel=0.237 (2290s)
    ep48 loss=0.004 acc=0.297 sel=0.221 (2338s)
    ep49 loss=0.007 acc=0.290 sel=0.216 (2386s)
    ep50 loss=0.008 acc=0.308 sel=0.225 (2433s)
    ep51 loss=0.003 acc=0.306 sel=0.218 (2481s)
    ep52 loss=0.004 acc=0.308 sel=0.219 (2529s)
    ep53 loss=0.004 acc=0.296 sel=0.250 (2577s)
    ep54 loss=0.003 acc=0.301 sel=0.207 (2625s)
    ep55 loss=0.002 acc=0.282 sel=0.195 (2672s)
    ep56 loss=0.002 acc=0.305 sel=0.195 (2720s)
    ep57 loss=0.003 acc=0.305 sel=0.221 (2768s)
    ep58 loss=0.002 acc=0.305 sel=0.220 (2816s)
    ep59 loss=0.002 acc=0.305 sel=0.227 (2864s)
    ep60 loss=0.002 acc=0.291 sel=0.205 (2912s)
    ep61 loss=0.003 acc=0.284 sel=0.221 (2959s)
    ep62 loss=0.003 acc=0.294 sel=0.209 (3007s)
    ep63 loss=0.003 acc=0.301 sel=0.219 (3055s)
    ep64 loss=0.002 acc=0.304 sel=0.242 (3103s)
    ep65 loss=0.002 acc=0.299 sel=0.241 (3150s)
    ep66 loss=0.003 acc=0.287 sel=0.225 (3198s)
    ep67 loss=0.002 acc=0.306 sel=0.220 (3246s)
    ep68 loss=0.001 acc=0.299 sel=0.228 (3293s)
    ep69 loss=0.001 acc=0.293 sel=0.231 (3341s)
    ep70 loss=0.001 acc=0.296 sel=0.230 (3389s)
    ep71 loss=0.001 acc=0.299 sel=0.234 (3436s)
    ep72 loss=0.001 acc=0.289 sel=0.218 (3484s)
    ep73 loss=0.002 acc=0.312 sel=0.234 (3532s)
    ep74 loss=0.002 acc=0.307 sel=0.247 (3580s)
    ep75 loss=0.001 acc=0.310 sel=0.248 (3627s)
    ep76 loss=0.001 acc=0.312 sel=0.243 (3675s)
    ep77 loss=0.001 acc=0.294 sel=0.270 (3723s)
    ep78 loss=0.001 acc=0.298 sel=0.254 (3771s)
    ep79 loss=0.001 acc=0.300 sel=0.251 (3819s)
    ep80 loss=0.001 acc=0.301 sel=0.248 (3867s)
    ep81 loss=0.001 acc=0.306 sel=0.249 (3915s)
    ep82 loss=0.001 acc=0.298 sel=0.242 (3962s)
    ep83 loss=0.001 acc=0.299 sel=0.253 (4010s)
    ep84 loss=0.001 acc=0.300 sel=0.248 (4058s)
    ep85 loss=0.001 acc=0.301 sel=0.242 (4106s)
    ep86 loss=0.000 acc=0.296 sel=0.243 (4153s)
    ep87 loss=0.001 acc=0.301 sel=0.242 (4201s)
    ep88 loss=0.001 acc=0.298 sel=0.236 (4249s)
    ep89 loss=0.000 acc=0.302 sel=0.243 (4297s)
    ep90 loss=0.000 acc=0.298 sel=0.242 (4345s)
    ep91 loss=0.001 acc=0.293 sel=0.239 (4393s)
    ep92 loss=0.000 acc=0.298 sel=0.236 (4441s)
    ep93 loss=0.000 acc=0.298 sel=0.238 (4489s)
    ep94 loss=0.000 acc=0.296 sel=0.234 (4537s)
    ep95 loss=0.000 acc=0.298 sel=0.233 (4584s)
    ep96 loss=0.000 acc=0.301 sel=0.236 (4632s)
    ep97 loss=0.000 acc=0.292 sel=0.236 (4680s)
    ep98 loss=0.000 acc=0.298 sel=0.235 (4727s)
    ep99 loss=0.001 acc=0.305 sel=0.235 (4775s)
    test-time averaging: acc_avg8=0.299 acc_avg32=0.305
  -> g1_n512_d768L12_e100: acc=0.310 avg32=0.305 best_epoch=16
[g1_n256_d512L8_e60_do2] regime=pooledcross train neurons=6706 val neurons=2575 mice=33
    ep0 loss=1.806 acc=0.213 sel=0.190 (8s)
    ep1 loss=1.782 acc=0.236 sel=0.201 (16s)
    ep2 loss=1.777 acc=0.238 sel=0.190 (24s)
    ep3 loss=1.769 acc=0.201 sel=0.203 (31s)
    ep4 loss=1.759 acc=0.221 sel=0.212 (39s)
    ep5 loss=1.749 acc=0.244 sel=0.246 (47s)
    ep6 loss=1.736 acc=0.259 sel=0.249 (55s)
    ep7 loss=1.717 acc=0.253 sel=0.228 (62s)
    ep8 loss=1.689 acc=0.275 sel=0.231 (70s)
    ep9 loss=1.667 acc=0.264 sel=0.235 (77s)
    ep10 loss=1.647 acc=0.282 sel=0.237 (85s)
    ep11 loss=1.628 acc=0.285 sel=0.254 (93s)
    ep12 loss=1.602 acc=0.293 sel=0.280 (100s)
    ep13 loss=1.578 acc=0.288 sel=0.264 (108s)
    ep14 loss=1.538 acc=0.296 sel=0.248 (116s)
    ep15 loss=1.493 acc=0.294 sel=0.250 (124s)
    ep16 loss=1.439 acc=0.286 sel=0.234 (131s)
    ep17 loss=1.364 acc=0.316 sel=0.218 (139s)
    ep18 loss=1.263 acc=0.299 sel=0.218 (146s)
    ep19 loss=1.140 acc=0.279 sel=0.238 (154s)
    ep20 loss=0.983 acc=0.283 sel=0.231 (162s)
    ep21 loss=0.815 acc=0.258 sel=0.227 (169s)
    ep22 loss=0.670 acc=0.287 sel=0.212 (177s)
    ep23 loss=0.548 acc=0.294 sel=0.203 (185s)
    ep24 loss=0.454 acc=0.294 sel=0.227 (192s)
    ep25 loss=0.375 acc=0.295 sel=0.227 (200s)
    ep26 loss=0.332 acc=0.275 sel=0.238 (208s)
    ep27 loss=0.283 acc=0.279 sel=0.200 (215s)
    ep28 loss=0.245 acc=0.286 sel=0.227 (223s)
    ep29 loss=0.205 acc=0.284 sel=0.204 (230s)
    ep30 loss=0.188 acc=0.296 sel=0.210 (238s)
    ep31 loss=0.155 acc=0.286 sel=0.203 (246s)
    ep32 loss=0.140 acc=0.290 sel=0.219 (253s)
    ep33 loss=0.128 acc=0.286 sel=0.207 (261s)
    ep34 loss=0.113 acc=0.290 sel=0.222 (268s)
    ep35 loss=0.104 acc=0.303 sel=0.231 (276s)
    ep36 loss=0.091 acc=0.291 sel=0.214 (284s)
    ep37 loss=0.081 acc=0.296 sel=0.202 (291s)
    ep38 loss=0.075 acc=0.284 sel=0.226 (299s)
    ep39 loss=0.065 acc=0.291 sel=0.222 (307s)
    ep40 loss=0.059 acc=0.275 sel=0.228 (314s)
    ep41 loss=0.053 acc=0.291 sel=0.227 (322s)
    ep42 loss=0.052 acc=0.301 sel=0.208 (330s)
    ep43 loss=0.051 acc=0.307 sel=0.218 (337s)
    ep44 loss=0.048 acc=0.310 sel=0.244 (345s)
    ep45 loss=0.040 acc=0.294 sel=0.225 (353s)
    ep46 loss=0.039 acc=0.287 sel=0.224 (360s)
    ep47 loss=0.038 acc=0.296 sel=0.219 (368s)
    ep48 loss=0.035 acc=0.296 sel=0.208 (376s)
    ep49 loss=0.032 acc=0.308 sel=0.215 (383s)
    ep50 loss=0.030 acc=0.303 sel=0.218 (391s)
    ep51 loss=0.030 acc=0.294 sel=0.218 (399s)
    ep52 loss=0.029 acc=0.291 sel=0.210 (406s)
    ep53 loss=0.029 acc=0.296 sel=0.212 (414s)
    ep54 loss=0.027 acc=0.297 sel=0.215 (422s)
    ep55 loss=0.029 acc=0.302 sel=0.216 (429s)
    ep56 loss=0.026 acc=0.296 sel=0.218 (437s)
    ep57 loss=0.026 acc=0.301 sel=0.221 (444s)
    ep58 loss=0.027 acc=0.307 sel=0.215 (452s)
    ep59 loss=0.027 acc=0.298 sel=0.216 (460s)
    test-time averaging: acc_avg8=0.291 acc_avg32=0.288
  -> g1_n256_d512L8_e60_do2: acc=0.293 avg32=0.288 best_epoch=12
SWEEP_GPU1_DONE
