[g11_ori_within_n128] regime=within train neurons=3734 val neurons=3744 mice=33
    ep0 loss=1.804 acc=0.204 sel=0.177 (2s)
    ep1 loss=1.755 acc=0.187 sel=0.189 (4s)
    ep2 loss=1.731 acc=0.195 sel=0.176 (6s)
    ep3 loss=1.698 acc=0.207 sel=0.183 (8s)
    ep4 loss=1.628 acc=0.199 sel=0.186 (9s)
    ep5 loss=1.528 acc=0.208 sel=0.187 (11s)
    ep6 loss=1.389 acc=0.208 sel=0.163 (13s)
    ep7 loss=1.203 acc=0.207 sel=0.160 (15s)
    ep8 loss=1.012 acc=0.211 sel=0.166 (17s)
    ep9 loss=0.870 acc=0.213 sel=0.181 (18s)
    ep10 loss=0.716 acc=0.207 sel=0.181 (20s)
    ep11 loss=0.606 acc=0.208 sel=0.190 (22s)
    ep12 loss=0.522 acc=0.197 sel=0.184 (24s)
    ep13 loss=0.431 acc=0.210 sel=0.200 (26s)
    ep14 loss=0.385 acc=0.216 sel=0.185 (28s)
    ep15 loss=0.336 acc=0.204 sel=0.170 (29s)
    ep16 loss=0.294 acc=0.211 sel=0.174 (31s)
    ep17 loss=0.253 acc=0.225 sel=0.170 (33s)
    ep18 loss=0.235 acc=0.204 sel=0.164 (35s)
    ep19 loss=0.206 acc=0.209 sel=0.181 (37s)
    ep20 loss=0.184 acc=0.216 sel=0.157 (38s)
    ep21 loss=0.167 acc=0.209 sel=0.168 (40s)
    ep22 loss=0.156 acc=0.221 sel=0.165 (42s)
    ep23 loss=0.145 acc=0.214 sel=0.165 (44s)
    ep24 loss=0.136 acc=0.222 sel=0.171 (46s)
    ep25 loss=0.129 acc=0.220 sel=0.171 (48s)
    ep26 loss=0.123 acc=0.213 sel=0.166 (49s)
    ep27 loss=0.117 acc=0.207 sel=0.170 (51s)
    ep28 loss=0.116 acc=0.219 sel=0.169 (53s)
    ep29 loss=0.113 acc=0.212 sel=0.170 (55s)
    test-time averaging: acc_avg8=0.199 acc_avg32=0.205
  -> g11_ori_within_n128: acc=0.210 avg32=0.205 best_epoch=13
[g11_rf_within_n128] regime=within train neurons=3283 val neurons=3293 mice=33
    ep0 loss=0.686 r2=0.239 sel=0.153 (4s)
    ep1 loss=0.511 r2=0.371 sel=-0.208 (6s)
    ep2 loss=0.404 r2=0.344 sel=-0.366 (9s)
    ep3 loss=0.344 r2=0.234 sel=-0.300 (11s)
    ep4 loss=0.309 r2=0.224 sel=-0.379 (14s)
    ep5 loss=0.263 r2=0.325 sel=-0.398 (16s)
    ep6 loss=0.247 r2=0.278 sel=-0.404 (18s)
    ep7 loss=0.217 r2=0.270 sel=-0.365 (21s)
    ep8 loss=0.221 r2=0.283 sel=-0.380 (23s)
    ep9 loss=0.181 r2=0.171 sel=-0.308 (26s)
    ep10 loss=0.170 r2=0.238 sel=-0.374 (28s)
    ep11 loss=0.164 r2=0.198 sel=-0.342 (31s)
    ep12 loss=0.149 r2=0.259 sel=-0.342 (33s)
    ep13 loss=0.131 r2=0.194 sel=-0.392 (36s)
    ep14 loss=0.123 r2=0.206 sel=-0.439 (38s)
    ep15 loss=0.109 r2=0.215 sel=-0.375 (41s)
    ep16 loss=0.103 r2=0.229 sel=-0.470 (43s)
    ep17 loss=0.090 r2=0.253 sel=-0.514 (46s)
    ep18 loss=0.086 r2=0.211 sel=-0.452 (48s)
    ep19 loss=0.081 r2=0.234 sel=-0.500 (51s)
    ep20 loss=0.078 r2=0.264 sel=-0.524 (53s)
    ep21 loss=0.073 r2=0.254 sel=-0.499 (56s)
    ep22 loss=0.072 r2=0.255 sel=-0.502 (58s)
    ep23 loss=0.068 r2=0.273 sel=-0.518 (61s)
    ep24 loss=0.067 r2=0.268 sel=-0.516 (63s)
    ep25 loss=0.065 r2=0.226 sel=-0.514 (65s)
    ep26 loss=0.063 r2=0.245 sel=-0.520 (68s)
    ep27 loss=0.063 r2=0.238 sel=-0.524 (70s)
    ep28 loss=0.062 r2=0.238 sel=-0.526 (73s)
    ep29 loss=0.064 r2=0.258 sel=-0.523 (75s)
    test-time averaging: r2_avg8=0.229 r2_avg32=0.241
  -> g11_rf_within_n128: r2=0.239 avg32=0.241 best_epoch=0
[g11_rf_cross_fine_s1] regime=cross train neurons=5951 val neurons=2416 mice=33
    ep0 loss=1.038 r2=0.197 sel=-0.710 (1s)
    ep1 loss=0.853 r2=0.258 sel=-0.456 (2s)
    ep2 loss=0.777 r2=0.144 sel=-0.715 (3s)
    ep3 loss=0.733 r2=0.239 sel=-0.904 (3s)
    ep4 loss=0.670 r2=0.273 sel=-0.742 (4s)
    ep5 loss=0.660 r2=0.245 sel=-0.678 (5s)
    ep6 loss=0.614 r2=0.244 sel=-1.003 (5s)
    ep7 loss=0.621 r2=0.158 sel=-0.772 (6s)
    ep8 loss=0.661 r2=0.142 sel=-1.224 (7s)
    ep9 loss=0.580 r2=0.235 sel=-0.645 (7s)
    ep10 loss=0.594 r2=0.214 sel=-1.232 (8s)
    ep11 loss=0.569 r2=0.201 sel=-1.001 (9s)
    ep12 loss=0.542 r2=0.140 sel=-1.210 (9s)
    ep13 loss=0.531 r2=0.222 sel=-1.123 (10s)
    ep14 loss=0.544 r2=0.321 sel=-1.140 (10s)
    ep15 loss=0.526 r2=-0.029 sel=-1.192 (11s)
    ep16 loss=0.533 r2=0.154 sel=-1.014 (12s)
    ep17 loss=0.510 r2=0.183 sel=-0.911 (12s)
    ep18 loss=0.508 r2=0.011 sel=-1.222 (13s)
    ep19 loss=0.505 r2=0.175 sel=-1.058 (14s)
    ep20 loss=0.496 r2=0.239 sel=-1.045 (14s)
    ep21 loss=0.449 r2=0.184 sel=-1.153 (15s)
    ep22 loss=0.455 r2=0.136 sel=-1.003 (16s)
    ep23 loss=0.452 r2=0.086 sel=-0.925 (16s)
    ep24 loss=0.442 r2=0.095 sel=-1.068 (17s)
    ep25 loss=0.420 r2=0.075 sel=-1.177 (18s)
    ep26 loss=0.437 r2=0.070 sel=-1.104 (18s)
    ep27 loss=0.430 r2=0.019 sel=-1.114 (19s)
    ep28 loss=0.418 r2=0.082 sel=-1.173 (20s)
    ep29 loss=0.426 r2=-0.041 sel=-1.133 (20s)
    ep30 loss=0.413 r2=0.026 sel=-1.137 (21s)
    ep31 loss=0.406 r2=0.038 sel=-1.162 (22s)
    ep32 loss=0.410 r2=0.046 sel=-1.066 (22s)
    ep33 loss=0.405 r2=0.018 sel=-1.173 (23s)
    ep34 loss=0.401 r2=0.012 sel=-1.140 (23s)
    ep35 loss=0.414 r2=0.017 sel=-1.130 (24s)
    ep36 loss=0.421 r2=0.001 sel=-1.170 (25s)
    ep37 loss=0.413 r2=0.013 sel=-1.193 (25s)
    ep38 loss=0.404 r2=0.008 sel=-1.191 (26s)
    ep39 loss=0.408 r2=-0.016 sel=-1.191 (27s)
    test-time averaging: r2_avg8=0.244 r2_avg32=0.238
  -> g11_rf_cross_fine_s1: r2=0.258 avg32=0.238 best_epoch=1
[g11_rf_cross_fine_s2] regime=cross train neurons=5951 val neurons=2416 mice=33
    ep0 loss=1.130 r2=0.213 sel=-0.690 (1s)
    ep1 loss=0.897 r2=0.255 sel=-0.368 (2s)
    ep2 loss=0.843 r2=0.266 sel=-0.204 (2s)
    ep3 loss=0.766 r2=0.262 sel=-0.596 (3s)
    ep4 loss=0.748 r2=0.308 sel=-0.744 (4s)
    ep5 loss=0.695 r2=0.143 sel=-1.010 (4s)
    ep6 loss=0.744 r2=0.196 sel=-0.916 (5s)
    ep7 loss=0.622 r2=0.217 sel=-0.987 (6s)
    ep8 loss=0.616 r2=0.242 sel=-0.919 (6s)
    ep9 loss=0.620 r2=0.218 sel=-1.029 (7s)
    ep10 loss=0.592 r2=0.220 sel=-1.152 (8s)
    ep11 loss=0.594 r2=0.217 sel=-0.867 (8s)
    ep12 loss=0.559 r2=0.213 sel=-1.335 (9s)
    ep13 loss=0.550 r2=0.171 sel=-0.686 (10s)
    ep14 loss=0.523 r2=0.337 sel=-1.363 (10s)
    ep15 loss=0.531 r2=0.224 sel=-1.109 (11s)
    ep16 loss=0.520 r2=0.210 sel=-0.810 (12s)
    ep17 loss=0.477 r2=0.215 sel=-1.001 (12s)
    ep18 loss=0.453 r2=0.120 sel=-1.174 (13s)
    ep19 loss=0.441 r2=0.062 sel=-1.167 (13s)
    ep20 loss=0.466 r2=0.126 sel=-1.059 (14s)
    ep21 loss=0.454 r2=0.003 sel=-1.251 (15s)
    ep22 loss=0.452 r2=0.121 sel=-1.165 (15s)
    ep23 loss=0.434 r2=0.113 sel=-1.184 (16s)
    ep24 loss=0.425 r2=0.113 sel=-1.054 (17s)
    ep25 loss=0.424 r2=0.102 sel=-1.177 (17s)
    ep26 loss=0.427 r2=0.130 sel=-1.197 (18s)
    ep27 loss=0.425 r2=0.067 sel=-1.097 (19s)
    ep28 loss=0.400 r2=0.061 sel=-1.122 (19s)
    ep29 loss=0.393 r2=0.092 sel=-1.098 (20s)
    ep30 loss=0.398 r2=0.103 sel=-1.107 (20s)
    ep31 loss=0.401 r2=0.057 sel=-1.197 (21s)
    ep32 loss=0.395 r2=0.088 sel=-1.150 (22s)
    ep33 loss=0.384 r2=0.116 sel=-1.167 (22s)
    ep34 loss=0.394 r2=0.115 sel=-1.197 (23s)
    ep35 loss=0.381 r2=0.105 sel=-1.168 (24s)
    ep36 loss=0.382 r2=0.114 sel=-1.137 (24s)
    ep37 loss=0.377 r2=0.116 sel=-1.156 (25s)
    ep38 loss=0.390 r2=0.094 sel=-1.162 (26s)
    ep39 loss=0.378 r2=0.090 sel=-1.163 (26s)
    test-time averaging: r2_avg8=0.265 r2_avg32=0.271
  -> g11_rf_cross_fine_s2: r2=0.266 avg32=0.271 best_epoch=2
[g11_rf_cross_fine_sp1] regime=cross train neurons=6164 val neurons=2203 mice=33
    ep0 loss=0.993 r2=-0.132 sel=-2.210 (1s)
    ep1 loss=0.878 r2=-0.004 sel=-0.601 (2s)
    ep2 loss=0.797 r2=-0.090 sel=-0.846 (3s)
    ep3 loss=0.765 r2=-0.063 sel=-1.192 (3s)
    ep4 loss=0.746 r2=-0.161 sel=-1.109 (4s)
    ep5 loss=0.702 r2=-0.008 sel=-1.025 (5s)
    ep6 loss=0.716 r2=-0.054 sel=-0.999 (5s)
    ep7 loss=0.712 r2=-0.095 sel=-1.254 (6s)
    ep8 loss=0.694 r2=-0.126 sel=-1.859 (7s)
    ep9 loss=0.674 r2=-0.048 sel=-2.259 (7s)
    ep10 loss=0.655 r2=-0.454 sel=-4.371 (8s)
    ep11 loss=0.692 r2=-0.204 sel=-2.054 (9s)
    ep12 loss=0.633 r2=-0.206 sel=-0.814 (9s)
    ep13 loss=0.623 r2=-0.145 sel=-1.167 (10s)
    ep14 loss=0.629 r2=-0.024 sel=-0.243 (11s)
    ep15 loss=0.616 r2=-0.062 sel=-0.995 (11s)
    ep16 loss=0.594 r2=-0.022 sel=-1.535 (12s)
    ep17 loss=0.602 r2=-0.110 sel=-3.487 (12s)
    ep18 loss=0.592 r2=-0.134 sel=-0.655 (13s)
    ep19 loss=0.586 r2=-0.026 sel=-1.464 (14s)
    ep20 loss=0.548 r2=0.010 sel=-0.853 (14s)
    ep21 loss=0.576 r2=-0.031 sel=-1.365 (15s)
    ep22 loss=0.591 r2=-0.196 sel=-1.756 (16s)
    ep23 loss=0.554 r2=-0.289 sel=-1.567 (16s)
    ep24 loss=0.524 r2=0.009 sel=-0.443 (17s)
    ep25 loss=0.522 r2=0.012 sel=-0.623 (18s)
    ep26 loss=0.492 r2=-0.144 sel=-0.963 (18s)
    ep27 loss=0.487 r2=-0.063 sel=-0.513 (19s)
    ep28 loss=0.490 r2=-0.101 sel=-1.024 (19s)
    ep29 loss=0.506 r2=-0.095 sel=-0.564 (20s)
    ep30 loss=0.476 r2=-0.081 sel=-0.633 (21s)
    ep31 loss=0.441 r2=-0.140 sel=-0.585 (21s)
    ep32 loss=0.456 r2=-0.095 sel=-0.619 (22s)
    ep33 loss=0.465 r2=-0.110 sel=-0.501 (23s)
    ep34 loss=0.455 r2=-0.154 sel=-0.704 (23s)
    ep35 loss=0.459 r2=-0.131 sel=-0.484 (24s)
    ep36 loss=0.466 r2=-0.112 sel=-0.515 (25s)
    ep37 loss=0.461 r2=-0.079 sel=-0.589 (25s)
    ep38 loss=0.435 r2=-0.136 sel=-0.564 (26s)
    ep39 loss=0.454 r2=-0.086 sel=-0.563 (26s)
    test-time averaging: r2_avg8=-0.058 r2_avg32=-0.048
  -> g11_rf_cross_fine_sp1: r2=-0.024 avg32=-0.048 best_epoch=14
[g11_rf_cross_fine_sp2] regime=cross train neurons=6094 val neurons=2273 mice=33
    ep0 loss=1.097 r2=-0.625 sel=0.202 (1s)
    ep1 loss=0.792 r2=-0.466 sel=0.263 (2s)
    ep2 loss=0.774 r2=-0.353 sel=0.279 (3s)
    ep3 loss=0.777 r2=-0.681 sel=0.173 (3s)
    ep4 loss=0.738 r2=-0.507 sel=0.278 (4s)
    ep5 loss=0.734 r2=-0.350 sel=0.295 (5s)
    ep6 loss=0.718 r2=-0.425 sel=0.303 (5s)
    ep7 loss=0.676 r2=-0.549 sel=0.335 (6s)
    ep8 loss=0.707 r2=-0.555 sel=0.370 (7s)
    ep9 loss=0.671 r2=-0.330 sel=0.335 (8s)
    ep10 loss=0.682 r2=-0.310 sel=0.368 (8s)
    ep11 loss=0.671 r2=-0.481 sel=0.366 (9s)
    ep12 loss=0.631 r2=-0.546 sel=0.390 (9s)
    ep13 loss=0.669 r2=-0.678 sel=0.310 (10s)
    ep14 loss=0.652 r2=-0.457 sel=0.355 (11s)
    ep15 loss=0.669 r2=-0.328 sel=0.340 (11s)
    ep16 loss=0.606 r2=-0.453 sel=0.400 (12s)
    ep17 loss=0.607 r2=-0.620 sel=0.363 (13s)
    ep18 loss=0.596 r2=-0.356 sel=0.352 (13s)
    ep19 loss=0.655 r2=-0.344 sel=0.345 (14s)
    ep20 loss=0.588 r2=-0.640 sel=0.363 (15s)
    ep21 loss=0.581 r2=-0.427 sel=0.366 (15s)
    ep22 loss=0.568 r2=-0.264 sel=0.320 (16s)
    ep23 loss=0.566 r2=-0.456 sel=0.323 (16s)
    ep24 loss=0.567 r2=-0.613 sel=0.350 (17s)
    ep25 loss=0.560 r2=-0.518 sel=0.327 (18s)
    ep26 loss=0.513 r2=-0.593 sel=0.356 (18s)
    ep27 loss=0.526 r2=-0.496 sel=0.333 (19s)
    ep28 loss=0.544 r2=-0.591 sel=0.354 (20s)
    ep29 loss=0.504 r2=-0.464 sel=0.364 (20s)
    ep30 loss=0.509 r2=-0.669 sel=0.382 (21s)
    ep31 loss=0.499 r2=-0.381 sel=0.369 (22s)
    ep32 loss=0.495 r2=-0.424 sel=0.355 (22s)
    ep33 loss=0.491 r2=-0.513 sel=0.355 (23s)
    ep34 loss=0.491 r2=-0.496 sel=0.370 (23s)
    ep35 loss=0.482 r2=-0.558 sel=0.362 (24s)
    ep36 loss=0.485 r2=-0.559 sel=0.368 (25s)
    ep37 loss=0.481 r2=-0.599 sel=0.370 (25s)
    ep38 loss=0.477 r2=-0.464 sel=0.370 (26s)
    ep39 loss=0.505 r2=-0.469 sel=0.370 (27s)
    test-time averaging: r2_avg8=-0.545 r2_avg32=-0.456
  -> g11_rf_cross_fine_sp2: r2=-0.453 avg32=-0.456 best_epoch=16
[g11_rf_pooledcross_sp1] regime=pooledcross train neurons=6164 val neurons=2203 mice=33
    ep0 loss=0.968 r2=0.031 sel=-1.595 (5s)
    ep1 loss=0.877 r2=0.019 sel=-2.049 (11s)
    ep2 loss=0.853 r2=-0.044 sel=-1.665 (16s)
    ep3 loss=0.837 r2=0.076 sel=-1.082 (21s)
    ep4 loss=0.816 r2=0.032 sel=-1.988 (26s)
    ep5 loss=0.794 r2=-0.074 sel=-2.300 (31s)
    ep6 loss=0.784 r2=-0.029 sel=-1.908 (36s)
    ep7 loss=0.770 r2=-0.023 sel=-2.411 (41s)
    ep8 loss=0.759 r2=-0.025 sel=-2.526 (46s)
    ep9 loss=0.752 r2=-0.018 sel=-2.458 (51s)
    ep10 loss=0.744 r2=-0.038 sel=-2.388 (56s)
    ep11 loss=0.736 r2=-0.048 sel=-1.993 (61s)
    ep12 loss=0.731 r2=-0.073 sel=-1.485 (66s)
    ep13 loss=0.723 r2=-0.074 sel=-2.157 (71s)
    ep14 loss=0.715 r2=-0.078 sel=-2.010 (76s)
    ep15 loss=0.709 r2=-0.081 sel=-2.103 (81s)
    ep16 loss=0.702 r2=-0.075 sel=-2.857 (86s)
    ep17 loss=0.692 r2=-0.108 sel=-1.993 (91s)
    ep18 loss=0.692 r2=-0.114 sel=-1.972 (96s)
    ep19 loss=0.682 r2=-0.118 sel=-1.992 (101s)
    ep20 loss=0.672 r2=-0.093 sel=-1.794 (106s)
    ep21 loss=0.664 r2=-0.056 sel=-1.147 (111s)
    ep22 loss=0.653 r2=-0.091 sel=-1.232 (116s)
    ep23 loss=0.645 r2=-0.099 sel=-1.809 (121s)
    ep24 loss=0.640 r2=-0.131 sel=-2.350 (126s)
    ep25 loss=0.626 r2=-0.113 sel=-2.026 (131s)
    ep26 loss=0.617 r2=-0.148 sel=-2.518 (136s)
    ep27 loss=0.600 r2=-0.173 sel=-1.628 (141s)
    ep28 loss=0.584 r2=-0.194 sel=-1.861 (146s)
    ep29 loss=0.569 r2=-0.198 sel=-1.931 (151s)
    ep30 loss=0.548 r2=-0.203 sel=-2.165 (156s)
    ep31 loss=0.531 r2=-0.203 sel=-2.105 (161s)
    ep32 loss=0.521 r2=-0.191 sel=-2.292 (166s)
    ep33 loss=0.501 r2=-0.210 sel=-2.031 (171s)
    ep34 loss=0.488 r2=-0.214 sel=-2.036 (177s)
    ep35 loss=0.474 r2=-0.223 sel=-2.519 (182s)
    ep36 loss=0.461 r2=-0.200 sel=-2.239 (187s)
    ep37 loss=0.448 r2=-0.259 sel=-2.235 (192s)
    ep38 loss=0.438 r2=-0.236 sel=-2.441 (197s)
    ep39 loss=0.425 r2=-0.208 sel=-2.671 (202s)
    ep40 loss=0.416 r2=-0.216 sel=-2.031 (207s)
    ep41 loss=0.403 r2=-0.199 sel=-2.525 (212s)
    ep42 loss=0.397 r2=-0.184 sel=-2.283 (217s)
    ep43 loss=0.386 r2=-0.225 sel=-2.061 (222s)
    ep44 loss=0.379 r2=-0.234 sel=-2.665 (227s)
    ep45 loss=0.373 r2=-0.263 sel=-2.091 (232s)
    ep46 loss=0.366 r2=-0.244 sel=-2.409 (237s)
    ep47 loss=0.358 r2=-0.223 sel=-2.344 (242s)
    ep48 loss=0.359 r2=-0.209 sel=-2.387 (247s)
    ep49 loss=0.349 r2=-0.235 sel=-2.483 (252s)
    ep50 loss=0.347 r2=-0.233 sel=-2.372 (257s)
    ep51 loss=0.341 r2=-0.206 sel=-2.510 (262s)
    ep52 loss=0.342 r2=-0.220 sel=-2.497 (267s)
    ep53 loss=0.338 r2=-0.235 sel=-2.465 (272s)
    ep54 loss=0.335 r2=-0.209 sel=-2.420 (277s)
    ep55 loss=0.335 r2=-0.219 sel=-2.377 (282s)
    ep56 loss=0.334 r2=-0.247 sel=-2.477 (287s)
    ep57 loss=0.334 r2=-0.214 sel=-2.455 (292s)
    ep58 loss=0.332 r2=-0.232 sel=-2.457 (297s)
    ep59 loss=0.334 r2=-0.227 sel=-2.458 (302s)
    test-time averaging: r2_avg8=0.059 r2_avg32=0.067
  -> g11_rf_pooledcross_sp1: r2=0.076 avg32=0.067 best_epoch=3
[g11_rf_pooledcross_sp2] regime=pooledcross train neurons=6094 val neurons=2273 mice=33
    ep0 loss=0.997 r2=-0.126 sel=0.163 (6s)
    ep1 loss=0.920 r2=-0.203 sel=0.127 (11s)
    ep2 loss=0.908 r2=-0.235 sel=0.116 (16s)
    ep3 loss=0.906 r2=-0.038 sel=0.151 (21s)
    ep4 loss=0.892 r2=-0.040 sel=0.143 (26s)
    ep5 loss=0.885 r2=-0.259 sel=0.101 (31s)
    ep6 loss=0.873 r2=0.117 sel=0.161 (36s)
    ep7 loss=0.866 r2=-0.012 sel=0.136 (41s)
    ep8 loss=0.855 r2=-0.010 sel=0.146 (46s)
    ep9 loss=0.851 r2=-0.301 sel=0.147 (51s)
    ep10 loss=0.846 r2=-0.298 sel=0.122 (56s)
    ep11 loss=0.842 r2=-0.247 sel=0.169 (61s)
    ep12 loss=0.828 r2=-0.177 sel=0.157 (67s)
    ep13 loss=0.822 r2=-0.337 sel=0.133 (72s)
    ep14 loss=0.814 r2=-0.349 sel=0.138 (77s)
    ep15 loss=0.808 r2=-0.229 sel=0.153 (82s)
    ep16 loss=0.801 r2=-0.298 sel=0.117 (87s)
    ep17 loss=0.794 r2=-0.435 sel=0.116 (92s)
    ep18 loss=0.787 r2=-0.336 sel=0.119 (97s)
    ep19 loss=0.783 r2=-0.476 sel=0.094 (102s)
    ep20 loss=0.770 r2=-0.319 sel=0.123 (107s)
    ep21 loss=0.762 r2=-0.427 sel=0.075 (112s)
    ep22 loss=0.753 r2=-0.443 sel=0.093 (117s)
    ep23 loss=0.745 r2=-0.332 sel=0.105 (122s)
    ep24 loss=0.740 r2=-0.234 sel=0.130 (127s)
    ep25 loss=0.725 r2=-0.374 sel=0.138 (132s)
    ep26 loss=0.718 r2=-0.396 sel=0.092 (137s)
    ep27 loss=0.709 r2=-0.386 sel=0.109 (142s)
    ep28 loss=0.702 r2=-0.398 sel=0.101 (147s)
    ep29 loss=0.684 r2=-0.362 sel=0.078 (152s)
    ep30 loss=0.678 r2=-0.370 sel=0.092 (157s)
    ep31 loss=0.667 r2=-0.389 sel=0.079 (162s)
    ep32 loss=0.654 r2=-0.382 sel=0.094 (167s)
    ep33 loss=0.637 r2=-0.308 sel=0.068 (172s)
    ep34 loss=0.630 r2=-0.386 sel=0.091 (177s)
    ep35 loss=0.615 r2=-0.327 sel=0.077 (182s)
    ep36 loss=0.607 r2=-0.425 sel=0.082 (187s)
    ep37 loss=0.595 r2=-0.348 sel=0.088 (192s)
    ep38 loss=0.587 r2=-0.407 sel=0.039 (197s)
    ep39 loss=0.579 r2=-0.392 sel=0.066 (202s)
    ep40 loss=0.562 r2=-0.395 sel=0.089 (207s)
    ep41 loss=0.556 r2=-0.514 sel=0.046 (212s)
    ep42 loss=0.544 r2=-0.407 sel=0.107 (217s)
    ep43 loss=0.535 r2=-0.280 sel=0.093 (222s)
    ep44 loss=0.529 r2=-0.345 sel=0.088 (228s)
    ep45 loss=0.523 r2=-0.370 sel=0.086 (233s)
    ep46 loss=0.515 r2=-0.388 sel=0.091 (238s)
    ep47 loss=0.507 r2=-0.352 sel=0.063 (243s)
    ep48 loss=0.503 r2=-0.356 sel=0.087 (248s)
    ep49 loss=0.500 r2=-0.359 sel=0.091 (253s)
    ep50 loss=0.493 r2=-0.397 sel=0.073 (258s)
    ep51 loss=0.488 r2=-0.416 sel=0.070 (263s)
    ep52 loss=0.486 r2=-0.366 sel=0.088 (268s)
    ep53 loss=0.483 r2=-0.390 sel=0.091 (273s)
    ep54 loss=0.481 r2=-0.394 sel=0.088 (278s)
    ep55 loss=0.480 r2=-0.420 sel=0.082 (283s)
    ep56 loss=0.479 r2=-0.427 sel=0.083 (288s)
    ep57 loss=0.478 r2=-0.430 sel=0.090 (293s)
    ep58 loss=0.477 r2=-0.433 sel=0.086 (298s)
    ep59 loss=0.476 r2=-0.418 sel=0.087 (303s)
    test-time averaging: r2_avg8=-0.256 r2_avg32=-0.247
  -> g11_rf_pooledcross_sp2: r2=-0.247 avg32=-0.247 best_epoch=11
[g11_ori_cross_sp1] regime=cross train neurons=6927 val neurons=2354 mice=33
    ep0 loss=1.813 acc=0.202 sel=0.195 (2s)
    ep1 loss=1.775 acc=0.200 sel=0.196 (4s)
    ep2 loss=1.769 acc=0.203 sel=0.197 (6s)
    ep3 loss=1.757 acc=0.197 sel=0.212 (8s)
    ep4 loss=1.742 acc=0.194 sel=0.208 (10s)
    ep5 loss=1.727 acc=0.202 sel=0.187 (12s)
    ep6 loss=1.708 acc=0.194 sel=0.187 (13s)
    ep7 loss=1.685 acc=0.186 sel=0.163 (15s)
    ep8 loss=1.651 acc=0.205 sel=0.178 (17s)
    ep9 loss=1.600 acc=0.181 sel=0.165 (19s)
    ep10 loss=1.548 acc=0.212 sel=0.193 (21s)
    ep11 loss=1.478 acc=0.190 sel=0.187 (23s)
    ep12 loss=1.391 acc=0.203 sel=0.177 (24s)
    ep13 loss=1.324 acc=0.188 sel=0.182 (26s)
    ep14 loss=1.245 acc=0.209 sel=0.182 (28s)
    ep15 loss=1.163 acc=0.209 sel=0.184 (30s)
    ep16 loss=1.098 acc=0.203 sel=0.171 (32s)
    ep17 loss=1.030 acc=0.205 sel=0.175 (33s)
    ep18 loss=0.990 acc=0.194 sel=0.163 (35s)
    ep19 loss=0.922 acc=0.189 sel=0.177 (37s)
    ep20 loss=0.887 acc=0.200 sel=0.166 (39s)
    ep21 loss=0.853 acc=0.198 sel=0.171 (41s)
    ep22 loss=0.823 acc=0.196 sel=0.168 (42s)
    ep23 loss=0.797 acc=0.184 sel=0.158 (44s)
    ep24 loss=0.774 acc=0.186 sel=0.174 (46s)
    ep25 loss=0.750 acc=0.203 sel=0.180 (48s)
    ep26 loss=0.735 acc=0.188 sel=0.168 (50s)
    ep27 loss=0.728 acc=0.194 sel=0.176 (51s)
    ep28 loss=0.740 acc=0.191 sel=0.176 (53s)
    ep29 loss=0.737 acc=0.190 sel=0.176 (55s)
    test-time averaging: acc_avg8=0.193 acc_avg32=0.197
  -> g11_ori_cross_sp1: acc=0.197 avg32=0.197 best_epoch=3
[g11_ori_cross_sp2] regime=cross train neurons=6853 val neurons=2428 mice=33
    ep0 loss=1.806 acc=0.190 sel=0.201 (3s)
    ep1 loss=1.772 acc=0.196 sel=0.195 (5s)
    ep2 loss=1.769 acc=0.212 sel=0.197 (7s)
    ep3 loss=1.758 acc=0.220 sel=0.180 (8s)
    ep4 loss=1.746 acc=0.212 sel=0.193 (10s)
    ep5 loss=1.732 acc=0.212 sel=0.182 (12s)
    ep6 loss=1.715 acc=0.192 sel=0.183 (14s)
    ep7 loss=1.698 acc=0.194 sel=0.183 (16s)
    ep8 loss=1.673 acc=0.189 sel=0.189 (17s)
    ep9 loss=1.641 acc=0.199 sel=0.180 (19s)
    ep10 loss=1.600 acc=0.177 sel=0.182 (21s)
    ep11 loss=1.548 acc=0.172 sel=0.201 (23s)
    ep12 loss=1.491 acc=0.199 sel=0.183 (25s)
    ep13 loss=1.431 acc=0.189 sel=0.199 (27s)
    ep14 loss=1.363 acc=0.195 sel=0.193 (28s)
    ep15 loss=1.295 acc=0.170 sel=0.204 (30s)
    ep16 loss=1.241 acc=0.199 sel=0.174 (32s)
    ep17 loss=1.186 acc=0.187 sel=0.212 (34s)
    ep18 loss=1.127 acc=0.187 sel=0.182 (36s)
    ep19 loss=1.091 acc=0.175 sel=0.183 (37s)
    ep20 loss=1.046 acc=0.193 sel=0.192 (39s)
    ep21 loss=1.013 acc=0.188 sel=0.193 (41s)
    ep22 loss=0.973 acc=0.191 sel=0.188 (43s)
    ep23 loss=0.945 acc=0.195 sel=0.197 (45s)
    ep24 loss=0.945 acc=0.199 sel=0.193 (46s)
    ep25 loss=0.923 acc=0.191 sel=0.199 (48s)
    ep26 loss=0.907 acc=0.187 sel=0.189 (50s)
    ep27 loss=0.897 acc=0.195 sel=0.196 (52s)
    ep28 loss=0.884 acc=0.195 sel=0.196 (54s)
    ep29 loss=0.898 acc=0.197 sel=0.196 (56s)
    test-time averaging: acc_avg8=0.200 acc_avg32=0.190
  -> g11_ori_cross_sp2: acc=0.187 avg32=0.190 best_epoch=17
SWEEP_GPU11_DONE
