[g13_ori_within_n128_sp1] regime=within train neurons=3676 val neurons=3675 mice=33
    ep0 loss=1.806 acc=0.227 sel=0.206 (2s)
    ep1 loss=1.761 acc=0.203 sel=0.172 (5s)
    ep2 loss=1.737 acc=0.216 sel=0.217 (7s)
    ep3 loss=1.690 acc=0.207 sel=0.188 (10s)
    ep4 loss=1.625 acc=0.192 sel=0.193 (12s)
    ep5 loss=1.517 acc=0.193 sel=0.189 (14s)
    ep6 loss=1.357 acc=0.192 sel=0.199 (15s)
    ep7 loss=1.175 acc=0.193 sel=0.210 (17s)
    ep8 loss=0.985 acc=0.200 sel=0.176 (19s)
    ep9 loss=0.811 acc=0.195 sel=0.181 (21s)
    ep10 loss=0.686 acc=0.196 sel=0.175 (23s)
    ep11 loss=0.587 acc=0.201 sel=0.175 (25s)
    ep12 loss=0.496 acc=0.178 sel=0.154 (27s)
    ep13 loss=0.438 acc=0.198 sel=0.157 (29s)
    ep14 loss=0.364 acc=0.188 sel=0.160 (30s)
    ep15 loss=0.331 acc=0.195 sel=0.162 (32s)
    ep16 loss=0.296 acc=0.188 sel=0.177 (34s)
    ep17 loss=0.263 acc=0.188 sel=0.169 (36s)
    ep18 loss=0.235 acc=0.188 sel=0.188 (38s)
    ep19 loss=0.212 acc=0.190 sel=0.172 (40s)
    ep20 loss=0.190 acc=0.203 sel=0.171 (42s)
    ep21 loss=0.177 acc=0.195 sel=0.169 (44s)
    ep22 loss=0.163 acc=0.179 sel=0.172 (46s)
    ep23 loss=0.154 acc=0.179 sel=0.172 (48s)
    ep24 loss=0.142 acc=0.191 sel=0.172 (50s)
    ep25 loss=0.138 acc=0.194 sel=0.175 (51s)
    ep26 loss=0.131 acc=0.188 sel=0.174 (53s)
    ep27 loss=0.133 acc=0.189 sel=0.179 (55s)
    ep28 loss=0.130 acc=0.192 sel=0.176 (57s)
    ep29 loss=0.126 acc=0.197 sel=0.174 (59s)
    test-time averaging: acc_avg8=0.217 acc_avg32=0.216
  -> g13_ori_within_n128_sp1: acc=0.216 avg32=0.216 best_epoch=2
[g13_ori_within_n128_sp2] regime=within train neurons=3451 val neurons=3427 mice=33
    ep0 loss=1.790 acc=0.216 sel=0.159 (2s)
    ep1 loss=1.748 acc=0.220 sel=0.160 (5s)
    ep2 loss=1.719 acc=0.230 sel=0.164 (8s)
    ep3 loss=1.662 acc=0.219 sel=0.166 (11s)
    ep4 loss=1.538 acc=0.233 sel=0.160 (13s)
    ep5 loss=1.336 acc=0.218 sel=0.174 (15s)
    ep6 loss=1.121 acc=0.219 sel=0.183 (18s)
    ep7 loss=0.930 acc=0.216 sel=0.182 (21s)
    ep8 loss=0.756 acc=0.225 sel=0.183 (23s)
    ep9 loss=0.627 acc=0.210 sel=0.187 (24s)
    ep10 loss=0.531 acc=0.217 sel=0.189 (27s)
    ep11 loss=0.434 acc=0.201 sel=0.180 (30s)
    ep12 loss=0.377 acc=0.195 sel=0.171 (32s)
    ep13 loss=0.318 acc=0.192 sel=0.187 (34s)
    ep14 loss=0.272 acc=0.189 sel=0.169 (36s)
    ep15 loss=0.235 acc=0.210 sel=0.165 (38s)
    ep16 loss=0.198 acc=0.203 sel=0.173 (40s)
    ep17 loss=0.167 acc=0.195 sel=0.170 (42s)
    ep18 loss=0.148 acc=0.210 sel=0.176 (44s)
    ep19 loss=0.129 acc=0.201 sel=0.156 (46s)
    ep20 loss=0.111 acc=0.205 sel=0.156 (47s)
    ep21 loss=0.098 acc=0.199 sel=0.165 (49s)
    ep22 loss=0.090 acc=0.208 sel=0.171 (51s)
    ep23 loss=0.081 acc=0.207 sel=0.168 (53s)
    ep24 loss=0.075 acc=0.211 sel=0.174 (55s)
    ep25 loss=0.071 acc=0.208 sel=0.162 (56s)
    ep26 loss=0.068 acc=0.206 sel=0.165 (58s)
    ep27 loss=0.066 acc=0.206 sel=0.170 (60s)
    ep28 loss=0.063 acc=0.206 sel=0.168 (62s)
    ep29 loss=0.062 acc=0.203 sel=0.168 (64s)
    test-time averaging: acc_avg8=0.219 acc_avg32=0.224
  -> g13_ori_within_n128_sp2: acc=0.217 avg32=0.224 best_epoch=10
[g13_ori_pooledwithin_n256_sp1] regime=pooledwithin train neurons=3480 val neurons=4641 mice=33
    ep0 loss=1.814 acc=0.194 sel=0.201 (3s)
    ep1 loss=1.779 acc=0.212 sel=0.252 (5s)
    ep2 loss=1.767 acc=0.211 sel=0.214 (8s)
    ep3 loss=1.752 acc=0.230 sel=0.243 (10s)
    ep4 loss=1.739 acc=0.243 sel=0.242 (12s)
    ep5 loss=1.728 acc=0.264 sel=0.247 (14s)
    ep6 loss=1.756 acc=0.256 sel=0.232 (16s)
    ep7 loss=1.709 acc=0.278 sel=0.250 (18s)
    ep8 loss=1.673 acc=0.267 sel=0.252 (20s)
    ep9 loss=1.648 acc=0.287 sel=0.256 (22s)
    ep10 loss=1.619 acc=0.293 sel=0.230 (25s)
    ep11 loss=1.580 acc=0.283 sel=0.281 (27s)
    ep12 loss=1.535 acc=0.286 sel=0.250 (30s)
    ep13 loss=1.477 acc=0.293 sel=0.233 (32s)
    ep14 loss=1.405 acc=0.290 sel=0.255 (34s)
    ep15 loss=1.334 acc=0.281 sel=0.255 (36s)
    ep16 loss=1.241 acc=0.302 sel=0.247 (38s)
    ep17 loss=1.157 acc=0.286 sel=0.239 (40s)
    ep18 loss=1.071 acc=0.286 sel=0.259 (42s)
    ep19 loss=0.994 acc=0.281 sel=0.232 (44s)
    ep20 loss=0.918 acc=0.278 sel=0.242 (46s)
    ep21 loss=0.853 acc=0.291 sel=0.230 (48s)
    ep22 loss=0.806 acc=0.293 sel=0.242 (50s)
    ep23 loss=0.765 acc=0.290 sel=0.246 (52s)
    ep24 loss=0.729 acc=0.280 sel=0.237 (54s)
    ep25 loss=0.706 acc=0.286 sel=0.232 (56s)
    ep26 loss=0.683 acc=0.286 sel=0.233 (58s)
    ep27 loss=0.674 acc=0.293 sel=0.235 (60s)
    ep28 loss=0.670 acc=0.286 sel=0.242 (62s)
    ep29 loss=0.664 acc=0.275 sel=0.237 (64s)
    test-time averaging: acc_avg8=0.280 acc_avg32=0.285
  -> g13_ori_pooledwithin_n256_sp1: acc=0.283 avg32=0.285 best_epoch=11
[g13_ori_pooledwithin_n256_sp2] regime=pooledwithin train neurons=3480 val neurons=4641 mice=33
    ep0 loss=1.809 acc=0.219 sel=0.209 (3s)
    ep1 loss=1.779 acc=0.212 sel=0.221 (6s)
    ep2 loss=1.775 acc=0.204 sel=0.215 (8s)
    ep3 loss=1.762 acc=0.246 sel=0.263 (10s)
    ep4 loss=1.743 acc=0.250 sel=0.260 (13s)
    ep5 loss=1.734 acc=0.257 sel=0.259 (15s)
    ep6 loss=1.703 acc=0.272 sel=0.262 (17s)
    ep7 loss=1.680 acc=0.281 sel=0.284 (19s)
    ep8 loss=1.663 acc=0.299 sel=0.284 (22s)
    ep9 loss=1.628 acc=0.294 sel=0.284 (24s)
    ep10 loss=1.595 acc=0.281 sel=0.283 (26s)
    ep11 loss=1.571 acc=0.289 sel=0.268 (28s)
    ep12 loss=1.527 acc=0.284 sel=0.290 (30s)
    ep13 loss=1.488 acc=0.284 sel=0.275 (33s)
    ep14 loss=1.438 acc=0.288 sel=0.295 (35s)
    ep15 loss=1.378 acc=0.290 sel=0.281 (38s)
    ep16 loss=1.308 acc=0.289 sel=0.299 (40s)
    ep17 loss=1.239 acc=0.284 sel=0.296 (43s)
    ep18 loss=1.163 acc=0.283 sel=0.316 (45s)
    ep19 loss=1.100 acc=0.293 sel=0.283 (48s)
    ep20 loss=1.038 acc=0.284 sel=0.265 (50s)
    ep21 loss=0.990 acc=0.283 sel=0.278 (52s)
    ep22 loss=0.941 acc=0.283 sel=0.275 (54s)
    ep23 loss=0.898 acc=0.279 sel=0.283 (56s)
    ep24 loss=0.870 acc=0.275 sel=0.278 (58s)
    ep25 loss=0.848 acc=0.276 sel=0.289 (60s)
    ep26 loss=0.831 acc=0.283 sel=0.281 (62s)
    ep27 loss=0.824 acc=0.281 sel=0.280 (64s)
    ep28 loss=0.816 acc=0.279 sel=0.272 (66s)
    ep29 loss=0.814 acc=0.279 sel=0.277 (68s)
    test-time averaging: acc_avg8=0.291 acc_avg32=0.293
  -> g13_ori_pooledwithin_n256_sp2: acc=0.283 avg32=0.293 best_epoch=18
[g13_rf_within_n128_sp1] regime=within train neurons=3227 val neurons=3268 mice=33
    ep0 loss=0.610 r2=0.359 sel=-0.275 (3s)
    ep1 loss=0.398 r2=0.366 sel=-0.283 (6s)
    ep2 loss=0.327 r2=0.338 sel=-0.493 (7s)
    ep3 loss=0.281 r2=0.300 sel=-0.535 (9s)
    ep4 loss=0.250 r2=0.315 sel=-0.521 (11s)
    ep5 loss=0.222 r2=0.259 sel=-0.597 (13s)
    ep6 loss=0.180 r2=0.319 sel=-0.547 (15s)
    ep7 loss=0.149 r2=0.352 sel=-0.539 (17s)
    ep8 loss=0.129 r2=0.287 sel=-0.573 (19s)
    ep9 loss=0.117 r2=0.276 sel=-0.660 (20s)
    ep10 loss=0.105 r2=0.331 sel=-0.422 (22s)
    ep11 loss=0.094 r2=0.307 sel=-0.617 (24s)
    ep12 loss=0.084 r2=0.336 sel=-0.528 (26s)
    ep13 loss=0.076 r2=0.313 sel=-0.557 (28s)
    ep14 loss=0.069 r2=0.320 sel=-0.519 (30s)
    ep15 loss=0.061 r2=0.249 sel=-0.548 (32s)
    ep16 loss=0.056 r2=0.250 sel=-0.531 (34s)
    ep17 loss=0.052 r2=0.242 sel=-0.490 (35s)
    ep18 loss=0.050 r2=0.288 sel=-0.515 (37s)
    ep19 loss=0.048 r2=0.300 sel=-0.560 (39s)
    ep20 loss=0.043 r2=0.283 sel=-0.519 (41s)
    ep21 loss=0.042 r2=0.287 sel=-0.527 (43s)
    ep22 loss=0.039 r2=0.272 sel=-0.498 (45s)
    ep23 loss=0.038 r2=0.285 sel=-0.500 (47s)
    ep24 loss=0.037 r2=0.277 sel=-0.533 (48s)
    ep25 loss=0.036 r2=0.266 sel=-0.535 (50s)
    ep26 loss=0.036 r2=0.280 sel=-0.525 (52s)
    ep27 loss=0.036 r2=0.293 sel=-0.521 (54s)
    ep28 loss=0.035 r2=0.269 sel=-0.526 (56s)
    ep29 loss=0.035 r2=0.264 sel=-0.525 (58s)
    test-time averaging: r2_avg8=0.386 r2_avg32=0.368
  -> g13_rf_within_n128_sp1: r2=0.359 avg32=0.368 best_epoch=0
[g13_rf_within_n128_sp2] regime=within train neurons=3181 val neurons=3174 mice=33
    ep0 loss=0.701 r2=0.364 sel=0.006 (3s)
    ep1 loss=0.493 r2=0.383 sel=-0.278 (6s)
    ep2 loss=0.403 r2=0.382 sel=-0.059 (7s)
    ep3 loss=0.357 r2=0.317 sel=-0.173 (9s)
    ep4 loss=0.342 r2=0.353 sel=-0.457 (11s)
    ep5 loss=0.295 r2=0.310 sel=-0.322 (13s)
    ep6 loss=0.251 r2=0.277 sel=-0.298 (15s)
    ep7 loss=0.227 r2=0.252 sel=-0.417 (17s)
    ep8 loss=0.203 r2=0.292 sel=-0.375 (19s)
    ep9 loss=0.182 r2=0.200 sel=-0.404 (21s)
    ep10 loss=0.168 r2=0.235 sel=-0.246 (23s)
    ep11 loss=0.148 r2=0.248 sel=-0.267 (25s)
    ep12 loss=0.132 r2=0.264 sel=-0.301 (27s)
    ep13 loss=0.122 r2=0.284 sel=-0.296 (29s)
    ep14 loss=0.109 r2=0.233 sel=-0.307 (30s)
    ep15 loss=0.098 r2=0.230 sel=-0.325 (32s)
    ep16 loss=0.092 r2=0.229 sel=-0.346 (34s)
    ep17 loss=0.081 r2=0.233 sel=-0.311 (36s)
    ep18 loss=0.076 r2=0.222 sel=-0.325 (38s)
    ep19 loss=0.069 r2=0.258 sel=-0.316 (40s)
    ep20 loss=0.064 r2=0.232 sel=-0.345 (42s)
    ep21 loss=0.058 r2=0.239 sel=-0.334 (44s)
    ep22 loss=0.055 r2=0.273 sel=-0.330 (46s)
    ep23 loss=0.052 r2=0.271 sel=-0.347 (48s)
    ep24 loss=0.051 r2=0.268 sel=-0.355 (50s)
    ep25 loss=0.048 r2=0.246 sel=-0.344 (52s)
    ep26 loss=0.048 r2=0.252 sel=-0.337 (54s)
    ep27 loss=0.046 r2=0.252 sel=-0.335 (56s)
    ep28 loss=0.045 r2=0.241 sel=-0.332 (58s)
    ep29 loss=0.046 r2=0.253 sel=-0.333 (60s)
    test-time averaging: r2_avg8=0.355 r2_avg32=0.355
  -> g13_rf_within_n128_sp2: r2=0.364 avg32=0.355 best_epoch=0
[g13_rf_pooledwithin_n128_sp1] regime=pooledwithin train neurons=3138 val neurons=4184 mice=33
    ep0 loss=0.955 r2=0.074 sel=0.123 (3s)
    ep1 loss=0.880 r2=0.101 sel=0.121 (5s)
    ep2 loss=0.867 r2=0.072 sel=0.124 (7s)
    ep3 loss=0.859 r2=0.110 sel=0.142 (10s)
    ep4 loss=0.849 r2=0.114 sel=0.133 (13s)
    ep5 loss=0.847 r2=0.113 sel=0.146 (14s)
    ep6 loss=0.844 r2=0.118 sel=0.160 (17s)
    ep7 loss=0.835 r2=0.117 sel=0.159 (20s)
    ep8 loss=0.835 r2=0.115 sel=0.153 (22s)
    ep9 loss=0.826 r2=0.126 sel=0.148 (23s)
    ep10 loss=0.826 r2=0.110 sel=0.159 (25s)
    ep11 loss=0.816 r2=0.121 sel=0.159 (27s)
    ep12 loss=0.821 r2=0.117 sel=0.170 (29s)
    ep13 loss=0.813 r2=0.130 sel=0.174 (31s)
    ep14 loss=0.806 r2=0.119 sel=0.170 (34s)
    ep15 loss=0.810 r2=0.130 sel=0.179 (36s)
    ep16 loss=0.804 r2=0.132 sel=0.171 (39s)
    ep17 loss=0.796 r2=0.119 sel=0.183 (40s)
    ep18 loss=0.796 r2=0.130 sel=0.190 (43s)
    ep19 loss=0.790 r2=0.134 sel=0.178 (46s)
    ep20 loss=0.787 r2=0.127 sel=0.181 (48s)
    ep21 loss=0.784 r2=0.133 sel=0.183 (49s)
    ep22 loss=0.782 r2=0.123 sel=0.194 (51s)
    ep23 loss=0.788 r2=0.126 sel=0.189 (54s)
    ep24 loss=0.773 r2=0.128 sel=0.184 (56s)
    ep25 loss=0.784 r2=0.129 sel=0.187 (58s)
    ep26 loss=0.782 r2=0.125 sel=0.188 (59s)
    ep27 loss=0.772 r2=0.134 sel=0.187 (61s)
    ep28 loss=0.778 r2=0.127 sel=0.187 (63s)
    ep29 loss=0.777 r2=0.134 sel=0.186 (65s)
    test-time averaging: r2_avg8=0.137 r2_avg32=0.140
  -> g13_rf_pooledwithin_n128_sp1: r2=0.123 avg32=0.140 best_epoch=22
[g13_rf_pooledwithin_n128_sp2] regime=pooledwithin train neurons=3138 val neurons=4184 mice=33
    ep0 loss=0.962 r2=0.091 sel=0.075 (3s)
    ep1 loss=0.886 r2=0.107 sel=0.072 (5s)
    ep2 loss=0.878 r2=0.105 sel=0.076 (7s)
    ep3 loss=0.864 r2=0.112 sel=0.084 (10s)
    ep4 loss=0.855 r2=0.118 sel=0.097 (12s)
    ep5 loss=0.843 r2=0.126 sel=0.091 (15s)
    ep6 loss=0.841 r2=0.131 sel=0.092 (17s)
    ep7 loss=0.840 r2=0.126 sel=0.103 (19s)
    ep8 loss=0.828 r2=0.134 sel=0.072 (21s)
    ep9 loss=0.831 r2=0.139 sel=0.072 (23s)
    ep10 loss=0.827 r2=0.137 sel=0.078 (25s)
    ep11 loss=0.818 r2=0.147 sel=0.089 (27s)
    ep12 loss=0.815 r2=0.152 sel=0.090 (28s)
    ep13 loss=0.812 r2=0.140 sel=0.077 (30s)
    ep14 loss=0.808 r2=0.154 sel=0.091 (32s)
    ep15 loss=0.808 r2=0.136 sel=0.103 (34s)
    ep16 loss=0.812 r2=0.156 sel=0.097 (36s)
    ep17 loss=0.804 r2=0.167 sel=0.083 (38s)
    ep18 loss=0.792 r2=0.155 sel=0.092 (40s)
    ep19 loss=0.798 r2=0.157 sel=0.104 (42s)
    ep20 loss=0.786 r2=0.163 sel=0.100 (44s)
    ep21 loss=0.787 r2=0.163 sel=0.083 (46s)
    ep22 loss=0.791 r2=0.155 sel=0.099 (48s)
    ep23 loss=0.778 r2=0.149 sel=0.095 (50s)
    ep24 loss=0.780 r2=0.156 sel=0.097 (52s)
    ep25 loss=0.773 r2=0.161 sel=0.102 (54s)
    ep26 loss=0.772 r2=0.163 sel=0.099 (56s)
    ep27 loss=0.771 r2=0.173 sel=0.098 (57s)
    ep28 loss=0.773 r2=0.161 sel=0.100 (59s)
    ep29 loss=0.771 r2=0.171 sel=0.099 (61s)
    test-time averaging: r2_avg8=0.167 r2_avg32=0.167
  -> g13_rf_pooledwithin_n128_sp2: r2=0.157 avg32=0.167 best_epoch=19
SWEEP_GPU13_DONE
