[g2_n256_d256L4_cf75] regime=pooledcross train neurons=6706 val neurons=2575 mice=33
    ep0 loss=1.819 acc=0.211 sel=0.193 (5s)
    ep1 loss=1.785 acc=0.208 sel=0.191 (9s)
    ep2 loss=1.781 acc=0.200 sel=0.194 (14s)
    ep3 loss=1.778 acc=0.224 sel=0.194 (18s)
    ep4 loss=1.770 acc=0.225 sel=0.202 (22s)
    ep5 loss=1.762 acc=0.266 sel=0.244 (27s)
    ep6 loss=1.758 acc=0.231 sel=0.221 (31s)
    ep7 loss=1.759 acc=0.249 sel=0.240 (36s)
    ep8 loss=1.747 acc=0.267 sel=0.259 (40s)
    ep9 loss=1.740 acc=0.258 sel=0.222 (44s)
    ep10 loss=1.727 acc=0.277 sel=0.252 (49s)
    ep11 loss=1.715 acc=0.271 sel=0.240 (53s)
    ep12 loss=1.708 acc=0.263 sel=0.215 (57s)
    ep13 loss=1.701 acc=0.251 sel=0.255 (62s)
    ep14 loss=1.695 acc=0.269 sel=0.268 (66s)
    ep15 loss=1.688 acc=0.263 sel=0.231 (71s)
    ep16 loss=1.681 acc=0.277 sel=0.258 (75s)
    ep17 loss=1.674 acc=0.284 sel=0.258 (80s)
    ep18 loss=1.669 acc=0.291 sel=0.246 (84s)
    ep19 loss=1.664 acc=0.292 sel=0.289 (88s)
    ep20 loss=1.658 acc=0.286 sel=0.257 (93s)
    ep21 loss=1.650 acc=0.286 sel=0.286 (97s)
    ep22 loss=1.648 acc=0.281 sel=0.255 (102s)
    ep23 loss=1.637 acc=0.298 sel=0.261 (106s)
    ep24 loss=1.627 acc=0.308 sel=0.262 (110s)
    ep25 loss=1.619 acc=0.282 sel=0.232 (115s)
    ep26 loss=1.611 acc=0.303 sel=0.273 (119s)
    ep27 loss=1.604 acc=0.306 sel=0.275 (124s)
    ep28 loss=1.593 acc=0.293 sel=0.249 (128s)
    ep29 loss=1.583 acc=0.305 sel=0.270 (132s)
    ep30 loss=1.570 acc=0.306 sel=0.285 (137s)
    ep31 loss=1.558 acc=0.302 sel=0.257 (141s)
    ep32 loss=1.549 acc=0.275 sel=0.258 (145s)
    ep33 loss=1.538 acc=0.303 sel=0.241 (150s)
    ep34 loss=1.521 acc=0.294 sel=0.260 (154s)
    ep35 loss=1.510 acc=0.315 sel=0.258 (159s)
    ep36 loss=1.499 acc=0.303 sel=0.262 (163s)
    ep37 loss=1.487 acc=0.301 sel=0.280 (167s)
    ep38 loss=1.469 acc=0.303 sel=0.255 (172s)
    ep39 loss=1.459 acc=0.282 sel=0.259 (176s)
    ep40 loss=1.446 acc=0.288 sel=0.256 (181s)
    ep41 loss=1.434 acc=0.312 sel=0.255 (185s)
    ep42 loss=1.423 acc=0.314 sel=0.265 (189s)
    ep43 loss=1.417 acc=0.287 sel=0.267 (194s)
    ep44 loss=1.406 acc=0.293 sel=0.251 (198s)
    ep45 loss=1.396 acc=0.308 sel=0.262 (202s)
    ep46 loss=1.387 acc=0.308 sel=0.257 (207s)
    ep47 loss=1.381 acc=0.317 sel=0.253 (211s)
    ep48 loss=1.371 acc=0.305 sel=0.244 (216s)
    ep49 loss=1.366 acc=0.302 sel=0.239 (220s)
    ep50 loss=1.361 acc=0.301 sel=0.238 (224s)
    ep51 loss=1.355 acc=0.294 sel=0.238 (229s)
    ep52 loss=1.354 acc=0.308 sel=0.250 (233s)
    ep53 loss=1.342 acc=0.315 sel=0.242 (238s)
    ep54 loss=1.343 acc=0.312 sel=0.235 (242s)
    ep55 loss=1.345 acc=0.312 sel=0.241 (246s)
    ep56 loss=1.343 acc=0.309 sel=0.240 (251s)
    ep57 loss=1.341 acc=0.304 sel=0.233 (255s)
    ep58 loss=1.342 acc=0.311 sel=0.232 (259s)
    ep59 loss=1.340 acc=0.310 sel=0.233 (264s)
    test-time averaging: acc_avg8=0.282 acc_avg32=0.292
  -> g2_n256_d256L4_cf75: acc=0.292 avg32=0.292 best_epoch=19
[g2_n256_d256L4_cf50] regime=pooledcross train neurons=6706 val neurons=2575 mice=33
    ep0 loss=1.822 acc=0.211 sel=0.193 (5s)
    ep1 loss=1.787 acc=0.235 sel=0.193 (9s)
    ep2 loss=1.784 acc=0.188 sel=0.193 (14s)
    ep3 loss=1.782 acc=0.232 sel=0.215 (18s)
    ep4 loss=1.778 acc=0.206 sel=0.203 (23s)
    ep5 loss=1.774 acc=0.247 sel=0.251 (27s)
    ep6 loss=1.771 acc=0.234 sel=0.243 (32s)
    ep7 loss=1.769 acc=0.203 sel=0.216 (36s)
    ep8 loss=1.767 acc=0.196 sel=0.195 (40s)
    ep9 loss=1.763 acc=0.195 sel=0.188 (45s)
    ep10 loss=1.758 acc=0.254 sel=0.198 (49s)
    ep11 loss=1.754 acc=0.228 sel=0.202 (54s)
    ep12 loss=1.748 acc=0.235 sel=0.228 (58s)
    ep13 loss=1.746 acc=0.212 sel=0.204 (62s)
    ep14 loss=1.741 acc=0.239 sel=0.215 (67s)
    ep15 loss=1.738 acc=0.247 sel=0.221 (71s)
    ep16 loss=1.734 acc=0.232 sel=0.215 (76s)
    ep17 loss=1.732 acc=0.259 sel=0.234 (80s)
    ep18 loss=1.732 acc=0.261 sel=0.234 (84s)
    ep19 loss=1.728 acc=0.265 sel=0.239 (89s)
    ep20 loss=1.728 acc=0.235 sel=0.217 (93s)
    ep21 loss=1.724 acc=0.265 sel=0.242 (98s)
    ep22 loss=1.721 acc=0.252 sel=0.227 (102s)
    ep23 loss=1.720 acc=0.252 sel=0.211 (106s)
    ep24 loss=1.718 acc=0.246 sel=0.224 (111s)
    ep25 loss=1.715 acc=0.254 sel=0.232 (115s)
    ep26 loss=1.713 acc=0.244 sel=0.227 (120s)
    ep27 loss=1.710 acc=0.268 sel=0.216 (124s)
    ep28 loss=1.707 acc=0.268 sel=0.216 (128s)
    ep29 loss=1.707 acc=0.234 sel=0.199 (133s)
    ep30 loss=1.703 acc=0.263 sel=0.209 (137s)
    ep31 loss=1.701 acc=0.270 sel=0.238 (142s)
    ep32 loss=1.699 acc=0.238 sel=0.223 (146s)
    ep33 loss=1.698 acc=0.274 sel=0.229 (150s)
    ep34 loss=1.695 acc=0.275 sel=0.227 (155s)
    ep35 loss=1.692 acc=0.284 sel=0.221 (159s)
    ep36 loss=1.691 acc=0.282 sel=0.229 (164s)
    ep37 loss=1.689 acc=0.279 sel=0.230 (168s)
    ep38 loss=1.685 acc=0.274 sel=0.233 (172s)
    ep39 loss=1.685 acc=0.275 sel=0.239 (177s)
    ep40 loss=1.682 acc=0.283 sel=0.218 (181s)
    ep41 loss=1.680 acc=0.294 sel=0.241 (186s)
    ep42 loss=1.678 acc=0.280 sel=0.238 (190s)
    ep43 loss=1.679 acc=0.281 sel=0.232 (195s)
    ep44 loss=1.676 acc=0.287 sel=0.234 (199s)
    ep45 loss=1.673 acc=0.291 sel=0.236 (203s)
    ep46 loss=1.672 acc=0.271 sel=0.224 (208s)
    ep47 loss=1.670 acc=0.272 sel=0.234 (212s)
    ep48 loss=1.668 acc=0.280 sel=0.243 (217s)
    ep49 loss=1.668 acc=0.284 sel=0.242 (221s)
    ep50 loss=1.667 acc=0.282 sel=0.241 (225s)
    ep51 loss=1.666 acc=0.280 sel=0.227 (230s)
    ep52 loss=1.664 acc=0.299 sel=0.240 (234s)
    ep53 loss=1.663 acc=0.301 sel=0.236 (239s)
    ep54 loss=1.663 acc=0.293 sel=0.235 (243s)
    ep55 loss=1.663 acc=0.284 sel=0.228 (247s)
    ep56 loss=1.664 acc=0.284 sel=0.234 (252s)
    ep57 loss=1.661 acc=0.286 sel=0.234 (256s)
    ep58 loss=1.663 acc=0.279 sel=0.237 (261s)
    ep59 loss=1.662 acc=0.293 sel=0.238 (265s)
    test-time averaging: acc_avg8=0.242 acc_avg32=0.248
  -> g2_n256_d256L4_cf50: acc=0.247 avg32=0.248 best_epoch=5
[g2_n256_d256L4_gd20] regime=pooledcross train neurons=6706 val neurons=2575 mice=33
    ep0 loss=1.816 acc=0.207 sel=0.191 (5s)
    ep1 loss=1.784 acc=0.207 sel=0.190 (9s)
    ep2 loss=1.781 acc=0.204 sel=0.196 (13s)
    ep3 loss=1.778 acc=0.240 sel=0.195 (18s)
    ep4 loss=1.771 acc=0.246 sel=0.228 (22s)
    ep5 loss=1.757 acc=0.256 sel=0.248 (26s)
    ep6 loss=1.751 acc=0.272 sel=0.245 (31s)
    ep7 loss=1.741 acc=0.270 sel=0.256 (35s)
    ep8 loss=1.731 acc=0.276 sel=0.255 (39s)
    ep9 loss=1.722 acc=0.284 sel=0.273 (44s)
    ep10 loss=1.716 acc=0.270 sel=0.241 (48s)
    ep11 loss=1.687 acc=0.253 sel=0.259 (53s)
    ep12 loss=1.672 acc=0.285 sel=0.250 (57s)
    ep13 loss=1.661 acc=0.275 sel=0.259 (61s)
    ep14 loss=1.645 acc=0.280 sel=0.265 (66s)
    ep15 loss=1.632 acc=0.276 sel=0.252 (70s)
    ep16 loss=1.608 acc=0.275 sel=0.253 (74s)
    ep17 loss=1.587 acc=0.291 sel=0.267 (79s)
    ep18 loss=1.564 acc=0.267 sel=0.234 (83s)
    ep19 loss=1.541 acc=0.269 sel=0.233 (88s)
    ep20 loss=1.508 acc=0.247 sel=0.222 (92s)
    ep21 loss=1.470 acc=0.275 sel=0.242 (96s)
    ep22 loss=1.422 acc=0.266 sel=0.242 (101s)
    ep23 loss=1.376 acc=0.277 sel=0.242 (105s)
    ep24 loss=1.313 acc=0.260 sel=0.215 (109s)
    ep25 loss=1.252 acc=0.242 sel=0.236 (114s)
    ep26 loss=1.170 acc=0.244 sel=0.242 (118s)
    ep27 loss=1.098 acc=0.266 sel=0.249 (123s)
    ep28 loss=1.027 acc=0.234 sel=0.233 (127s)
    ep29 loss=0.957 acc=0.243 sel=0.220 (131s)
    ep30 loss=0.900 acc=0.247 sel=0.240 (136s)
    ep31 loss=0.842 acc=0.236 sel=0.221 (140s)
    ep32 loss=0.800 acc=0.260 sel=0.245 (143s)
    ep33 loss=0.754 acc=0.244 sel=0.214 (145s)
    ep34 loss=0.720 acc=0.254 sel=0.227 (147s)
    ep35 loss=0.683 acc=0.229 sel=0.215 (151s)
    ep36 loss=0.647 acc=0.228 sel=0.208 (155s)
    ep37 loss=0.622 acc=0.245 sel=0.232 (160s)
    ep38 loss=0.595 acc=0.227 sel=0.240 (164s)
    ep39 loss=0.570 acc=0.263 sel=0.230 (168s)
    ep40 loss=0.547 acc=0.247 sel=0.221 (173s)
    ep41 loss=0.528 acc=0.251 sel=0.220 (177s)
    ep42 loss=0.513 acc=0.257 sel=0.221 (182s)
    ep43 loss=0.499 acc=0.240 sel=0.221 (186s)
    ep44 loss=0.481 acc=0.247 sel=0.224 (191s)
    ep45 loss=0.467 acc=0.244 sel=0.223 (195s)
    ep46 loss=0.461 acc=0.238 sel=0.230 (199s)
    ep47 loss=0.447 acc=0.233 sel=0.238 (204s)
    ep48 loss=0.438 acc=0.228 sel=0.209 (208s)
    ep49 loss=0.433 acc=0.230 sel=0.231 (213s)
    ep50 loss=0.422 acc=0.225 sel=0.211 (217s)
    ep51 loss=0.417 acc=0.237 sel=0.221 (221s)
    ep52 loss=0.413 acc=0.253 sel=0.223 (226s)
    ep53 loss=0.408 acc=0.234 sel=0.210 (230s)
    ep54 loss=0.402 acc=0.240 sel=0.229 (235s)
    ep55 loss=0.404 acc=0.238 sel=0.220 (239s)
    ep56 loss=0.401 acc=0.220 sel=0.225 (243s)
    ep57 loss=0.398 acc=0.243 sel=0.230 (248s)
    ep58 loss=0.402 acc=0.228 sel=0.230 (252s)
    ep59 loss=0.401 acc=0.240 sel=0.230 (257s)
    test-time averaging: acc_avg8=0.277 acc_avg32=0.286
  -> g2_n256_d256L4_gd20: acc=0.284 avg32=0.286 best_epoch=9
[g2_n256_d256L4_cf50_gd20] regime=pooledcross train neurons=6706 val neurons=2575 mice=33
    ep0 loss=1.821 acc=0.210 sel=0.196 (5s)
    ep1 loss=1.787 acc=0.211 sel=0.203 (9s)
    ep2 loss=1.784 acc=0.208 sel=0.189 (14s)
    ep3 loss=1.783 acc=0.231 sel=0.213 (18s)
    ep4 loss=1.780 acc=0.220 sel=0.195 (23s)
    ep5 loss=1.776 acc=0.253 sel=0.212 (27s)
    ep6 loss=1.774 acc=0.255 sel=0.246 (31s)
    ep7 loss=1.771 acc=0.246 sel=0.240 (36s)
    ep8 loss=1.769 acc=0.255 sel=0.233 (40s)
    ep9 loss=1.768 acc=0.227 sel=0.250 (45s)
    ep10 loss=1.766 acc=0.244 sel=0.228 (49s)
    ep11 loss=1.763 acc=0.199 sel=0.192 (54s)
    ep12 loss=1.759 acc=0.228 sel=0.212 (58s)
    ep13 loss=1.757 acc=0.233 sel=0.204 (63s)
    ep14 loss=1.751 acc=0.263 sel=0.223 (67s)
    ep15 loss=1.749 acc=0.254 sel=0.191 (71s)
    ep16 loss=1.744 acc=0.270 sel=0.233 (76s)
    ep17 loss=1.741 acc=0.257 sel=0.227 (80s)
    ep18 loss=1.738 acc=0.259 sel=0.258 (85s)
    ep19 loss=1.735 acc=0.266 sel=0.258 (89s)
    ep20 loss=1.733 acc=0.262 sel=0.247 (94s)
    ep21 loss=1.731 acc=0.227 sel=0.219 (98s)
    ep22 loss=1.727 acc=0.235 sel=0.227 (102s)
    ep23 loss=1.726 acc=0.265 sel=0.244 (107s)
    ep24 loss=1.723 acc=0.255 sel=0.246 (111s)
    ep25 loss=1.721 acc=0.257 sel=0.250 (116s)
    ep26 loss=1.719 acc=0.257 sel=0.243 (120s)
    ep27 loss=1.717 acc=0.246 sel=0.240 (124s)
    ep28 loss=1.716 acc=0.249 sel=0.233 (129s)
    ep29 loss=1.716 acc=0.255 sel=0.253 (133s)
    ep30 loss=1.711 acc=0.243 sel=0.242 (138s)
    ep31 loss=1.710 acc=0.280 sel=0.246 (142s)
    ep32 loss=1.708 acc=0.263 sel=0.258 (147s)
    ep33 loss=1.708 acc=0.259 sel=0.241 (151s)
    ep34 loss=1.707 acc=0.259 sel=0.241 (156s)
    ep35 loss=1.704 acc=0.276 sel=0.240 (160s)
    ep36 loss=1.704 acc=0.254 sel=0.232 (165s)
    ep37 loss=1.702 acc=0.249 sel=0.234 (169s)
    ep38 loss=1.699 acc=0.255 sel=0.244 (173s)
    ep39 loss=1.699 acc=0.270 sel=0.250 (178s)
    ep40 loss=1.698 acc=0.273 sel=0.228 (182s)
    ep41 loss=1.695 acc=0.268 sel=0.233 (187s)
    ep42 loss=1.694 acc=0.288 sel=0.243 (191s)
    ep43 loss=1.693 acc=0.277 sel=0.238 (196s)
    ep44 loss=1.693 acc=0.284 sel=0.243 (200s)
    ep45 loss=1.689 acc=0.279 sel=0.229 (204s)
    ep46 loss=1.689 acc=0.279 sel=0.227 (209s)
    ep47 loss=1.688 acc=0.285 sel=0.234 (213s)
    ep48 loss=1.687 acc=0.279 sel=0.235 (218s)
    ep49 loss=1.688 acc=0.277 sel=0.232 (222s)
    ep50 loss=1.685 acc=0.278 sel=0.233 (226s)
    ep51 loss=1.684 acc=0.291 sel=0.234 (231s)
    ep52 loss=1.686 acc=0.275 sel=0.235 (235s)
    ep53 loss=1.685 acc=0.283 sel=0.233 (240s)
    ep54 loss=1.683 acc=0.289 sel=0.227 (244s)
    ep55 loss=1.682 acc=0.289 sel=0.235 (249s)
    ep56 loss=1.682 acc=0.280 sel=0.234 (253s)
    ep57 loss=1.683 acc=0.286 sel=0.236 (257s)
    ep58 loss=1.684 acc=0.277 sel=0.236 (262s)
    ep59 loss=1.683 acc=0.283 sel=0.235 (266s)
    test-time averaging: acc_avg8=0.249 acc_avg32=0.253
  -> g2_n256_d256L4_cf50_gd20: acc=0.259 avg32=0.253 best_epoch=18
[g2_n256_d512L8_cf50] regime=pooledcross train neurons=6706 val neurons=2575 mice=33
    ep0 loss=1.804 acc=0.218 sel=0.193 (17s)
    ep1 loss=1.783 acc=0.232 sel=0.194 (34s)
    ep2 loss=1.784 acc=0.204 sel=0.200 (51s)
    ep3 loss=1.782 acc=0.208 sel=0.210 (68s)
    ep4 loss=1.777 acc=0.209 sel=0.202 (85s)
    ep5 loss=1.773 acc=0.249 sel=0.232 (102s)
    ep6 loss=1.771 acc=0.222 sel=0.215 (118s)
    ep7 loss=1.770 acc=0.250 sel=0.237 (135s)
    ep8 loss=1.766 acc=0.234 sel=0.234 (152s)
    ep9 loss=1.765 acc=0.220 sel=0.210 (168s)
    ep10 loss=1.762 acc=0.221 sel=0.229 (185s)
    ep11 loss=1.759 acc=0.259 sel=0.249 (202s)
    ep12 loss=1.753 acc=0.239 sel=0.229 (219s)
    ep13 loss=1.747 acc=0.245 sel=0.226 (235s)
    ep14 loss=1.742 acc=0.261 sel=0.256 (252s)
    ep15 loss=1.736 acc=0.263 sel=0.246 (269s)
    ep16 loss=1.728 acc=0.246 sel=0.228 (285s)
    ep17 loss=1.726 acc=0.244 sel=0.216 (302s)
    ep18 loss=1.721 acc=0.234 sel=0.222 (318s)
    ep19 loss=1.718 acc=0.251 sel=0.239 (335s)
    ep20 loss=1.715 acc=0.250 sel=0.211 (351s)
    ep21 loss=1.711 acc=0.274 sel=0.227 (368s)
    ep22 loss=1.708 acc=0.269 sel=0.247 (385s)
    ep23 loss=1.703 acc=0.261 sel=0.232 (401s)
    ep24 loss=1.702 acc=0.270 sel=0.248 (418s)
    ep25 loss=1.697 acc=0.286 sel=0.216 (434s)
    ep26 loss=1.693 acc=0.286 sel=0.239 (451s)
    ep27 loss=1.691 acc=0.280 sel=0.226 (467s)
    ep28 loss=1.686 acc=0.272 sel=0.221 (484s)
    ep29 loss=1.685 acc=0.307 sel=0.255 (501s)
    ep30 loss=1.680 acc=0.286 sel=0.233 (517s)
    ep31 loss=1.678 acc=0.287 sel=0.246 (534s)
    ep32 loss=1.675 acc=0.294 sel=0.233 (550s)
    ep33 loss=1.673 acc=0.280 sel=0.234 (567s)
    ep34 loss=1.667 acc=0.288 sel=0.249 (583s)
    ep35 loss=1.665 acc=0.310 sel=0.263 (600s)
    ep36 loss=1.663 acc=0.290 sel=0.221 (617s)
    ep37 loss=1.661 acc=0.288 sel=0.212 (633s)
    ep38 loss=1.655 acc=0.292 sel=0.232 (650s)
    ep39 loss=1.657 acc=0.277 sel=0.213 (666s)
    ep40 loss=1.653 acc=0.297 sel=0.227 (683s)
    ep41 loss=1.648 acc=0.294 sel=0.233 (699s)
    ep42 loss=1.647 acc=0.277 sel=0.218 (716s)
    ep43 loss=1.646 acc=0.273 sel=0.205 (733s)
    ep44 loss=1.642 acc=0.284 sel=0.211 (749s)
    ep45 loss=1.638 acc=0.300 sel=0.184 (766s)
    ep46 loss=1.638 acc=0.288 sel=0.200 (782s)
    ep47 loss=1.635 acc=0.301 sel=0.216 (802s)
    ep48 loss=1.631 acc=0.306 sel=0.204 (822s)
    ep49 loss=1.631 acc=0.315 sel=0.215 (842s)
    ep50 loss=1.627 acc=0.302 sel=0.209 (862s)
    ep51 loss=1.624 acc=0.305 sel=0.203 (882s)
    ep52 loss=1.625 acc=0.310 sel=0.203 (902s)
    ep53 loss=1.623 acc=0.321 sel=0.201 (923s)
    ep54 loss=1.621 acc=0.327 sel=0.195 (943s)
    ep55 loss=1.623 acc=0.321 sel=0.201 (962s)
    ep56 loss=1.620 acc=0.311 sel=0.197 (981s)
    ep57 loss=1.621 acc=0.308 sel=0.197 (1002s)
    ep58 loss=1.622 acc=0.305 sel=0.197 (1022s)
    ep59 loss=1.618 acc=0.309 sel=0.197 (1042s)
    test-time averaging: acc_avg8=0.296 acc_avg32=0.306
  -> g2_n256_d512L8_cf50: acc=0.310 avg32=0.306 best_epoch=35
[g2_n256_d512L8_cf50_gd20] regime=pooledcross train neurons=6706 val neurons=2575 mice=33
    ep0 loss=1.805 acc=0.214 sel=0.188 (21s)
    ep1 loss=1.784 acc=0.236 sel=0.205 (41s)
    ep2 loss=1.784 acc=0.209 sel=0.193 (62s)
    ep3 loss=1.783 acc=0.214 sel=0.214 (82s)
    ep4 loss=1.779 acc=0.219 sel=0.215 (102s)
    ep5 loss=1.776 acc=0.239 sel=0.223 (125s)
    ep6 loss=1.773 acc=0.227 sel=0.227 (148s)
    ep7 loss=1.771 acc=0.244 sel=0.240 (171s)
    ep8 loss=1.769 acc=0.233 sel=0.225 (195s)
    ep9 loss=1.768 acc=0.261 sel=0.248 (218s)
    ep10 loss=1.767 acc=0.260 sel=0.250 (241s)
    ep11 loss=1.764 acc=0.247 sel=0.227 (264s)
    ep12 loss=1.761 acc=0.244 sel=0.255 (288s)
    ep13 loss=1.757 acc=0.261 sel=0.261 (311s)
    ep14 loss=1.753 acc=0.266 sel=0.259 (334s)
    ep15 loss=1.748 acc=0.257 sel=0.241 (357s)
    ep16 loss=1.742 acc=0.260 sel=0.234 (380s)
    ep17 loss=1.739 acc=0.265 sel=0.236 (403s)
    ep18 loss=1.733 acc=0.252 sel=0.233 (426s)
    ep19 loss=1.728 acc=0.262 sel=0.232 (450s)
    ep20 loss=1.726 acc=0.265 sel=0.237 (473s)
    ep21 loss=1.723 acc=0.270 sel=0.229 (496s)
    ep22 loss=1.718 acc=0.277 sel=0.262 (519s)
    ep23 loss=1.714 acc=0.287 sel=0.228 (542s)
    ep24 loss=1.713 acc=0.274 sel=0.270 (565s)
    ep25 loss=1.712 acc=0.277 sel=0.229 (588s)
    ep26 loss=1.707 acc=0.267 sel=0.231 (605s)
    ep27 loss=1.705 acc=0.258 sel=0.257 (622s)
    ep28 loss=1.702 acc=0.254 sel=0.220 (639s)
    ep29 loss=1.701 acc=0.256 sel=0.219 (655s)
    ep30 loss=1.697 acc=0.274 sel=0.251 (672s)
    ep31 loss=1.696 acc=0.265 sel=0.221 (688s)
    ep32 loss=1.694 acc=0.271 sel=0.248 (705s)
    ep33 loss=1.693 acc=0.269 sel=0.250 (721s)
    ep34 loss=1.691 acc=0.282 sel=0.231 (738s)
    ep35 loss=1.687 acc=0.305 sel=0.259 (754s)
    ep36 loss=1.688 acc=0.282 sel=0.242 (771s)
    ep37 loss=1.684 acc=0.281 sel=0.258 (787s)
    ep38 loss=1.683 acc=0.280 sel=0.250 (804s)
    ep39 loss=1.679 acc=0.267 sel=0.269 (820s)
    ep40 loss=1.678 acc=0.298 sel=0.246 (837s)
    ep41 loss=1.676 acc=0.292 sel=0.249 (853s)
    ep42 loss=1.674 acc=0.295 sel=0.233 (870s)
    ep43 loss=1.673 acc=0.288 sel=0.256 (886s)
    ep44 loss=1.670 acc=0.288 sel=0.260 (903s)
    ep45 loss=1.668 acc=0.283 sel=0.256 (919s)
    ep46 loss=1.666 acc=0.261 sel=0.245 (936s)
    ep47 loss=1.664 acc=0.298 sel=0.235 (952s)
    ep48 loss=1.663 acc=0.299 sel=0.250 (969s)
    ep49 loss=1.662 acc=0.291 sel=0.237 (985s)
    ep50 loss=1.661 acc=0.288 sel=0.247 (1002s)
    ep51 loss=1.657 acc=0.279 sel=0.238 (1018s)
    ep52 loss=1.657 acc=0.279 sel=0.240 (1035s)
    ep53 loss=1.655 acc=0.307 sel=0.255 (1051s)
    ep54 loss=1.654 acc=0.304 sel=0.264 (1068s)
    ep55 loss=1.656 acc=0.295 sel=0.267 (1084s)
    ep56 loss=1.654 acc=0.294 sel=0.267 (1101s)
    ep57 loss=1.653 acc=0.279 sel=0.273 (1117s)
    ep58 loss=1.655 acc=0.282 sel=0.273 (1134s)
    ep59 loss=1.654 acc=0.296 sel=0.273 (1150s)
    test-time averaging: acc_avg8=0.287 acc_avg32=0.298
  -> g2_n256_d512L8_cf50_gd20: acc=0.279 avg32=0.298 best_epoch=57
[g2_n256_d256L4_cf30] regime=pooledcross train neurons=6706 val neurons=2575 mice=33
    ep0 loss=1.827 acc=0.207 sel=0.203 (5s)
    ep1 loss=1.790 acc=0.209 sel=0.192 (9s)
    ep2 loss=1.786 acc=0.199 sel=0.188 (14s)
    ep3 loss=1.785 acc=0.214 sel=0.187 (18s)
    ep4 loss=1.783 acc=0.162 sel=0.186 (23s)
    ep5 loss=1.782 acc=0.199 sel=0.193 (27s)
    ep6 loss=1.780 acc=0.214 sel=0.186 (31s)
    ep7 loss=1.779 acc=0.195 sel=0.207 (36s)
    ep8 loss=1.778 acc=0.176 sel=0.186 (40s)
    ep9 loss=1.777 acc=0.181 sel=0.184 (45s)
    ep10 loss=1.777 acc=0.218 sel=0.216 (49s)
    ep11 loss=1.776 acc=0.174 sel=0.172 (53s)
    ep12 loss=1.775 acc=0.181 sel=0.180 (58s)
    ep13 loss=1.775 acc=0.202 sel=0.180 (62s)
    ep14 loss=1.774 acc=0.189 sel=0.186 (67s)
    ep15 loss=1.773 acc=0.180 sel=0.161 (71s)
    ep16 loss=1.772 acc=0.198 sel=0.174 (75s)
    ep17 loss=1.771 acc=0.208 sel=0.209 (80s)
    ep18 loss=1.770 acc=0.195 sel=0.194 (84s)
    ep19 loss=1.770 acc=0.209 sel=0.209 (89s)
    ep20 loss=1.769 acc=0.220 sel=0.188 (93s)
    ep21 loss=1.768 acc=0.196 sel=0.179 (98s)
    ep22 loss=1.767 acc=0.201 sel=0.175 (102s)
    ep23 loss=1.765 acc=0.184 sel=0.158 (106s)
    ep24 loss=1.764 acc=0.251 sel=0.181 (110s)
    ep25 loss=1.763 acc=0.242 sel=0.208 (112s)
    ep26 loss=1.763 acc=0.195 sel=0.185 (114s)
    ep27 loss=1.761 acc=0.182 sel=0.166 (117s)
    ep28 loss=1.759 acc=0.169 sel=0.176 (121s)
    ep29 loss=1.760 acc=0.216 sel=0.202 (126s)
    ep30 loss=1.757 acc=0.203 sel=0.179 (130s)
    ep31 loss=1.758 acc=0.251 sel=0.205 (135s)
    ep32 loss=1.756 acc=0.190 sel=0.181 (139s)
    ep33 loss=1.756 acc=0.214 sel=0.219 (143s)
    ep34 loss=1.754 acc=0.184 sel=0.180 (148s)
    ep35 loss=1.753 acc=0.213 sel=0.195 (152s)
    ep36 loss=1.753 acc=0.205 sel=0.196 (157s)
    ep37 loss=1.751 acc=0.199 sel=0.192 (161s)
    ep38 loss=1.752 acc=0.208 sel=0.200 (166s)
    ep39 loss=1.751 acc=0.225 sel=0.192 (170s)
    ep40 loss=1.750 acc=0.211 sel=0.201 (175s)
    ep41 loss=1.749 acc=0.232 sel=0.204 (179s)
    ep42 loss=1.749 acc=0.228 sel=0.185 (183s)
    ep43 loss=1.748 acc=0.204 sel=0.177 (188s)
    ep44 loss=1.747 acc=0.232 sel=0.200 (192s)
    ep45 loss=1.746 acc=0.216 sel=0.188 (197s)
    ep46 loss=1.747 acc=0.207 sel=0.178 (201s)
    ep47 loss=1.745 acc=0.215 sel=0.176 (206s)
    ep48 loss=1.745 acc=0.216 sel=0.182 (210s)
    ep49 loss=1.744 acc=0.232 sel=0.191 (215s)
    ep50 loss=1.744 acc=0.218 sel=0.193 (219s)
    ep51 loss=1.743 acc=0.206 sel=0.179 (223s)
    ep52 loss=1.743 acc=0.211 sel=0.180 (228s)
    ep53 loss=1.742 acc=0.232 sel=0.173 (232s)
    ep54 loss=1.743 acc=0.224 sel=0.181 (237s)
    ep55 loss=1.743 acc=0.216 sel=0.180 (241s)
    ep56 loss=1.743 acc=0.227 sel=0.181 (246s)
    ep57 loss=1.742 acc=0.221 sel=0.185 (250s)
    ep58 loss=1.741 acc=0.228 sel=0.185 (255s)
    ep59 loss=1.742 acc=0.225 sel=0.186 (259s)
    test-time averaging: acc_avg8=0.209 acc_avg32=0.207
  -> g2_n256_d256L4_cf30: acc=0.214 avg32=0.207 best_epoch=33
SWEEP_GPU2_DONE
