[g3_is_ori_n512_d512L8] func_is ori n_neurons=5287 {'n': 512, 'dim': 512, 'layers': 8, 'epochs': 40, 'rel_bias': True, 'device': 'cuda', 'early_stop': 0.2, 'sel_reps': 4, 'pops_per_epoch': 5000, 'batch': 64}
    ep0 loss=1.972 acc=0.298 sel=0.345 (20s)
    ep1 loss=1.898 acc=0.321 sel=0.282 (40s)
    ep2 loss=1.840 acc=0.327 sel=0.282 (59s)
    ep3 loss=1.808 acc=0.379 sel=0.297 (79s)
    ep4 loss=1.711 acc=0.399 sel=0.358 (98s)
    ep5 loss=1.630 acc=0.405 sel=0.358 (118s)
    ep6 loss=1.541 acc=0.421 sel=0.407 (138s)
    ep7 loss=1.495 acc=0.407 sel=0.356 (158s)
    ep8 loss=1.439 acc=0.418 sel=0.402 (177s)
    ep9 loss=1.393 acc=0.406 sel=0.388 (197s)
    ep10 loss=1.253 acc=0.420 sel=0.392 (217s)
    ep11 loss=1.097 acc=0.400 sel=0.384 (236s)
    ep12 loss=0.849 acc=0.362 sel=0.347 (256s)
    ep13 loss=0.552 acc=0.370 sel=0.337 (276s)
    ep14 loss=0.318 acc=0.378 sel=0.333 (295s)
    ep15 loss=0.152 acc=0.378 sel=0.333 (315s)
    ep16 loss=0.067 acc=0.384 sel=0.339 (335s)
    ep17 loss=0.034 acc=0.369 sel=0.348 (354s)
    ep18 loss=0.023 acc=0.374 sel=0.341 (374s)
    ep19 loss=0.016 acc=0.372 sel=0.347 (394s)
    ep20 loss=0.012 acc=0.376 sel=0.330 (413s)
    ep21 loss=0.010 acc=0.372 sel=0.343 (433s)
    ep22 loss=0.008 acc=0.373 sel=0.347 (452s)
    ep23 loss=0.007 acc=0.370 sel=0.337 (472s)
    ep24 loss=0.006 acc=0.375 sel=0.350 (492s)
    ep25 loss=0.005 acc=0.370 sel=0.333 (511s)
    ep26 loss=0.005 acc=0.374 sel=0.339 (531s)
    ep27 loss=0.011 acc=0.381 sel=0.343 (551s)
    ep28 loss=0.006 acc=0.375 sel=0.331 (570s)
    ep29 loss=0.004 acc=0.374 sel=0.341 (590s)
    ep30 loss=0.003 acc=0.375 sel=0.335 (610s)
    ep31 loss=0.003 acc=0.366 sel=0.339 (629s)
    ep32 loss=0.002 acc=0.370 sel=0.339 (649s)
    ep33 loss=0.002 acc=0.376 sel=0.331 (669s)
    ep34 loss=0.002 acc=0.371 sel=0.337 (688s)
    ep35 loss=0.002 acc=0.373 sel=0.335 (708s)
    ep36 loss=0.002 acc=0.374 sel=0.335 (728s)
    ep37 loss=0.002 acc=0.372 sel=0.339 (748s)
    ep38 loss=0.002 acc=0.377 sel=0.335 (767s)
    ep39 loss=0.002 acc=0.371 sel=0.335 (787s)
    test-time averaging: acc_avg8=0.411 acc_avg32=0.419
  -> g3_is_ori_n512_d512L8: acc=0.421 acc_modD=0.371 loss=0.002 sel_metric=0.407 val_at_last_epoch=0.371 acc_avg8=0.411 acc_avg32=0.419 best_epoch=6 params=17091624 788s
[g3_is_ori_n512_d512L8_cf50] func_is ori n_neurons=5287 {'n': 512, 'dim': 512, 'layers': 8, 'epochs': 40, 'cond_frac': 0.5, 'rel_bias': True, 'device': 'cuda', 'early_stop': 0.2, 'sel_reps': 4, 'pops_per_epoch': 5000, 'batch': 64}
    ep0 loss=1.984 acc=0.268 sel=0.282 (21s)
    ep1 loss=1.947 acc=0.240 sel=0.244 (40s)
    ep2 loss=1.940 acc=0.310 sel=0.316 (60s)
    ep3 loss=1.918 acc=0.289 sel=0.256 (80s)
    ep4 loss=1.894 acc=0.349 sel=0.331 (100s)
    ep5 loss=1.867 acc=0.346 sel=0.290 (120s)
    ep6 loss=1.839 acc=0.359 sel=0.320 (139s)
    ep7 loss=1.818 acc=0.399 sel=0.388 (159s)
    ep8 loss=1.803 acc=0.380 sel=0.339 (179s)
    ep9 loss=1.779 acc=0.371 sel=0.311 (198s)
    ep10 loss=1.774 acc=0.361 sel=0.312 (218s)
    ep11 loss=1.759 acc=0.374 sel=0.297 (238s)
    ep12 loss=1.756 acc=0.396 sel=0.367 (257s)
    ep13 loss=1.747 acc=0.383 sel=0.335 (277s)
    ep14 loss=1.737 acc=0.375 sel=0.350 (297s)
    ep15 loss=1.733 acc=0.389 sel=0.348 (316s)
    ep16 loss=1.722 acc=0.371 sel=0.347 (336s)
    ep17 loss=1.712 acc=0.375 sel=0.369 (356s)
    ep18 loss=1.704 acc=0.374 sel=0.335 (376s)
    ep19 loss=1.692 acc=0.380 sel=0.366 (395s)
    ep20 loss=1.683 acc=0.381 sel=0.371 (415s)
    ep21 loss=1.677 acc=0.377 sel=0.367 (435s)
    ep22 loss=1.665 acc=0.376 sel=0.373 (454s)
    ep23 loss=1.651 acc=0.368 sel=0.343 (474s)
    ep24 loss=1.637 acc=0.372 sel=0.360 (494s)
    ep25 loss=1.623 acc=0.372 sel=0.356 (514s)
    ep26 loss=1.610 acc=0.369 sel=0.326 (533s)
    ep27 loss=1.599 acc=0.375 sel=0.358 (553s)
    ep28 loss=1.581 acc=0.375 sel=0.366 (573s)
    ep29 loss=1.565 acc=0.378 sel=0.356 (593s)
    ep30 loss=1.555 acc=0.386 sel=0.364 (612s)
    ep31 loss=1.546 acc=0.371 sel=0.324 (632s)
    ep32 loss=1.533 acc=0.375 sel=0.341 (652s)
    ep33 loss=1.525 acc=0.379 sel=0.339 (671s)
    ep34 loss=1.516 acc=0.363 sel=0.316 (691s)
    ep35 loss=1.517 acc=0.372 sel=0.335 (711s)
    ep36 loss=1.504 acc=0.374 sel=0.326 (731s)
    ep37 loss=1.498 acc=0.371 sel=0.328 (750s)
    ep38 loss=1.498 acc=0.368 sel=0.331 (770s)
    ep39 loss=1.503 acc=0.373 sel=0.328 (790s)
    test-time averaging: acc_avg8=0.392 acc_avg32=0.398
  -> g3_is_ori_n512_d512L8_cf50: acc=0.399 acc_modD=0.373 loss=1.503 sel_metric=0.388 val_at_last_epoch=0.373 acc_avg8=0.392 acc_avg32=0.398 best_epoch=7 params=17091624 791s
[g3_is_ori_n512_d512L8_gd20] func_is ori n_neurons=5287 {'n': 512, 'dim': 512, 'layers': 8, 'epochs': 40, 'gram_drop': 0.2, 'rel_bias': True, 'device': 'cuda', 'early_stop': 0.2, 'sel_reps': 4, 'pops_per_epoch': 5000, 'batch': 64}
    ep0 loss=1.975 acc=0.282 sel=0.343 (20s)
    ep1 loss=1.940 acc=0.341 sel=0.333 (40s)
    ep2 loss=1.897 acc=0.338 sel=0.305 (59s)
    ep3 loss=1.843 acc=0.353 sel=0.258 (79s)
    ep4 loss=1.787 acc=0.356 sel=0.352 (99s)
    ep5 loss=1.693 acc=0.406 sel=0.392 (118s)
    ep6 loss=1.606 acc=0.412 sel=0.384 (138s)
    ep7 loss=1.542 acc=0.403 sel=0.413 (158s)
    ep8 loss=1.500 acc=0.409 sel=0.428 (178s)
    ep9 loss=1.460 acc=0.414 sel=0.415 (197s)
    ep10 loss=1.387 acc=0.401 sel=0.386 (217s)
    ep11 loss=1.284 acc=0.371 sel=0.358 (236s)
    ep12 loss=1.105 acc=0.397 sel=0.400 (256s)
    ep13 loss=0.865 acc=0.391 sel=0.373 (276s)
    ep14 loss=0.620 acc=0.379 sel=0.367 (295s)
    ep15 loss=0.409 acc=0.395 sel=0.375 (315s)
    ep16 loss=0.261 acc=0.372 sel=0.335 (335s)
    ep17 loss=0.145 acc=0.377 sel=0.350 (354s)
    ep18 loss=0.098 acc=0.383 sel=0.335 (374s)
    ep19 loss=0.049 acc=0.381 sel=0.354 (394s)
    ep20 loss=0.034 acc=0.374 sel=0.358 (413s)
    ep21 loss=0.026 acc=0.377 sel=0.352 (433s)
    ep22 loss=0.021 acc=0.373 sel=0.360 (453s)
    ep23 loss=0.018 acc=0.376 sel=0.360 (472s)
    ep24 loss=0.014 acc=0.369 sel=0.352 (492s)
    ep25 loss=0.012 acc=0.371 sel=0.362 (512s)
    ep26 loss=0.011 acc=0.376 sel=0.362 (531s)
    ep27 loss=0.009 acc=0.373 sel=0.347 (551s)
    ep28 loss=0.008 acc=0.369 sel=0.354 (571s)
    ep29 loss=0.008 acc=0.369 sel=0.352 (590s)
    ep30 loss=0.007 acc=0.369 sel=0.354 (610s)
    ep31 loss=0.006 acc=0.372 sel=0.354 (630s)
    ep32 loss=0.006 acc=0.376 sel=0.367 (649s)
    ep33 loss=0.005 acc=0.378 sel=0.373 (669s)
    ep34 loss=0.005 acc=0.377 sel=0.367 (688s)
    ep35 loss=0.005 acc=0.370 sel=0.366 (708s)
    ep36 loss=0.005 acc=0.376 sel=0.367 (728s)
    ep37 loss=0.005 acc=0.375 sel=0.364 (747s)
    ep38 loss=0.005 acc=0.378 sel=0.371 (767s)
    ep39 loss=0.005 acc=0.377 sel=0.371 (787s)
    test-time averaging: acc_avg8=0.408 acc_avg32=0.408
  -> g3_is_ori_n512_d512L8_gd20: acc=0.409 acc_modD=0.377 loss=0.005 sel_metric=0.428 val_at_last_epoch=0.377 acc_avg8=0.408 acc_avg32=0.408 best_epoch=8 params=17091624 789s
[g3_is_rf_n512_d512L8] func_is rf n_neurons=11326 {'n': 512, 'dim': 512, 'layers': 8, 'epochs': 40, 'rel_bias': True, 'device': 'cuda', 'early_stop': 0.2, 'sel_reps': 4, 'pops_per_epoch': 5000, 'batch': 64}
    ep0 loss=1.032 r2=0.001 sel=0.001 (20s)
    ep1 loss=0.993 r2=-0.024 sel=-0.019 (40s)
    ep2 loss=1.005 r2=0.020 sel=0.017 (59s)
    ep3 loss=0.977 r2=0.044 sel=0.025 (79s)
    ep4 loss=0.956 r2=0.076 sel=0.038 (99s)
    ep5 loss=0.919 r2=0.115 sel=0.089 (119s)
    ep6 loss=0.852 r2=0.204 sel=0.172 (139s)
    ep7 loss=0.754 r2=0.289 sel=0.285 (159s)
    ep8 loss=0.681 r2=0.342 sel=0.337 (179s)
    ep9 loss=0.633 r2=0.394 sel=0.369 (199s)
    ep10 loss=0.585 r2=0.425 sel=0.406 (218s)
    ep11 loss=0.547 r2=0.441 sel=0.441 (238s)
    ep12 loss=0.520 r2=0.466 sel=0.452 (258s)
    ep13 loss=0.478 r2=0.476 sel=0.439 (278s)
    ep14 loss=0.455 r2=0.489 sel=0.444 (298s)
    ep15 loss=0.412 r2=0.487 sel=0.431 (317s)
    ep16 loss=0.391 r2=0.490 sel=0.424 (337s)
    ep17 loss=0.342 r2=0.492 sel=0.439 (357s)
    ep18 loss=0.303 r2=0.471 sel=0.406 (376s)
    ep19 loss=0.265 r2=0.472 sel=0.392 (396s)
    ep20 loss=0.225 r2=0.472 sel=0.404 (416s)
    ep21 loss=0.191 r2=0.459 sel=0.388 (435s)
    ep22 loss=0.161 r2=0.465 sel=0.376 (455s)
    ep23 loss=0.133 r2=0.453 sel=0.372 (475s)
    ep24 loss=0.114 r2=0.447 sel=0.374 (494s)
    ep25 loss=0.097 r2=0.437 sel=0.361 (514s)
    ep26 loss=0.085 r2=0.449 sel=0.370 (534s)
    ep27 loss=0.076 r2=0.446 sel=0.357 (553s)
    ep28 loss=0.068 r2=0.441 sel=0.359 (573s)
    ep29 loss=0.061 r2=0.444 sel=0.351 (593s)
    ep30 loss=0.056 r2=0.438 sel=0.358 (612s)
    ep31 loss=0.053 r2=0.438 sel=0.357 (632s)
    ep32 loss=0.050 r2=0.435 sel=0.357 (652s)
    ep33 loss=0.048 r2=0.433 sel=0.357 (671s)
    ep34 loss=0.046 r2=0.442 sel=0.358 (691s)
    ep35 loss=0.045 r2=0.440 sel=0.357 (711s)
    ep36 loss=0.044 r2=0.435 sel=0.358 (730s)
    ep37 loss=0.044 r2=0.438 sel=0.357 (750s)
    ep38 loss=0.043 r2=0.435 sel=0.356 (770s)
    ep39 loss=0.043 r2=0.436 sel=0.356 (790s)
    test-time averaging: r2_avg8=0.462 r2_avg32=0.476
  -> g3_is_rf_n512_d512L8: r2=0.466 loss=0.043 sel_metric=0.452 val_at_last_epoch=0.436 r2_avg8=0.462 r2_avg32=0.476 best_epoch=12 params=17088546 792s
[g3_is_rf_n512_d512L8_cf50] func_is rf n_neurons=11326 {'n': 512, 'dim': 512, 'layers': 8, 'epochs': 40, 'cond_frac': 0.5, 'rel_bias': True, 'device': 'cuda', 'early_stop': 0.2, 'sel_reps': 4, 'pops_per_epoch': 5000, 'batch': 64}
    ep0 loss=1.044 r2=0.001 sel=-0.001 (20s)
    ep1 loss=1.015 r2=-0.070 sel=-0.068 (40s)
    ep2 loss=1.005 r2=-0.016 sel=-0.019 (60s)
    ep3 loss=0.993 r2=0.000 sel=-0.011 (80s)
    ep4 loss=0.986 r2=-0.004 sel=-0.006 (99s)
    ep5 loss=0.972 r2=-0.025 sel=-0.031 (119s)
    ep6 loss=0.965 r2=0.027 sel=0.022 (139s)
    ep7 loss=0.955 r2=0.017 sel=0.011 (158s)
    ep8 loss=0.944 r2=0.070 sel=0.061 (178s)
    ep9 loss=0.931 r2=0.011 sel=0.006 (198s)
    ep10 loss=0.916 r2=0.020 sel=0.032 (218s)
    ep11 loss=0.904 r2=0.002 sel=0.012 (237s)
    ep12 loss=0.887 r2=0.061 sel=0.079 (257s)
    ep13 loss=0.881 r2=0.045 sel=0.024 (277s)
    ep14 loss=0.872 r2=0.028 sel=-0.005 (297s)
    ep15 loss=0.861 r2=0.056 sel=0.019 (316s)
    ep16 loss=0.851 r2=0.035 sel=0.007 (336s)
    ep17 loss=0.841 r2=0.035 sel=-0.016 (356s)
    ep18 loss=0.837 r2=0.024 sel=-0.043 (376s)
    ep19 loss=0.830 r2=-0.009 sel=-0.074 (396s)
    ep20 loss=0.825 r2=0.030 sel=0.002 (415s)
    ep21 loss=0.820 r2=0.061 sel=-0.001 (435s)
    ep22 loss=0.814 r2=0.026 sel=0.030 (455s)
    ep23 loss=0.810 r2=0.034 sel=0.022 (475s)
    ep24 loss=0.805 r2=0.030 sel=0.015 (494s)
    ep25 loss=0.802 r2=0.010 sel=0.027 (514s)
    ep26 loss=0.799 r2=0.042 sel=0.010 (534s)
    ep27 loss=0.794 r2=0.020 sel=0.006 (554s)
    ep28 loss=0.788 r2=0.044 sel=0.022 (573s)
    ep29 loss=0.786 r2=0.034 sel=0.018 (593s)
    ep30 loss=0.784 r2=0.028 sel=0.018 (613s)
    ep31 loss=0.778 r2=0.030 sel=0.023 (633s)
    ep32 loss=0.778 r2=0.017 sel=0.015 (652s)
    ep33 loss=0.778 r2=0.021 sel=0.016 (672s)
    ep34 loss=0.775 r2=0.048 sel=0.034 (691s)
    ep35 loss=0.774 r2=0.036 sel=0.041 (711s)
    ep36 loss=0.771 r2=0.028 sel=0.028 (731s)
    ep37 loss=0.769 r2=0.031 sel=0.033 (751s)
    ep38 loss=0.769 r2=0.032 sel=0.031 (770s)
    ep39 loss=0.769 r2=0.020 sel=0.032 (790s)
    test-time averaging: r2_avg8=0.070 r2_avg32=0.072
  -> g3_is_rf_n512_d512L8_cf50: r2=0.061 loss=0.769 sel_metric=0.079 val_at_last_epoch=0.020 r2_avg8=0.070 r2_avg32=0.072 best_epoch=12 params=17088546 793s
[g3_iv_ori_n512_d512L8] func_iv ori n_neurons=5287 {'n': 512, 'dim': 512, 'layers': 8, 'epochs': 40, 'rel_bias': True, 'device': 'cuda', 'early_stop': 0.2, 'sel_reps': 4, 'pops_per_epoch': 5000, 'batch': 64}
    ep0 loss=1.899 acc=0.335 sel=0.322 (20s)
    ep1 loss=1.843 acc=0.349 sel=0.347 (39s)
    ep2 loss=1.814 acc=0.355 sel=0.369 (59s)
    ep3 loss=1.784 acc=0.355 sel=0.369 (79s)
    ep4 loss=1.709 acc=0.388 sel=0.371 (98s)
    ep5 loss=1.644 acc=0.385 sel=0.360 (128s)
    ep6 loss=1.586 acc=0.366 sel=0.339 (164s)
    ep7 loss=1.483 acc=0.356 sel=0.345 (201s)
    ep8 loss=1.315 acc=0.361 sel=0.356 (237s)
    ep9 loss=1.008 acc=0.335 sel=0.314 (273s)
    ep10 loss=0.577 acc=0.319 sel=0.282 (310s)
    ep11 loss=0.242 acc=0.324 sel=0.301 (346s)
    ep12 loss=0.078 acc=0.334 sel=0.278 (382s)
    ep13 loss=0.037 acc=0.329 sel=0.297 (416s)
    ep14 loss=0.023 acc=0.331 sel=0.282 (450s)
    ep15 loss=0.018 acc=0.329 sel=0.305 (487s)
    ep16 loss=0.059 acc=0.329 sel=0.309 (523s)
    ep17 loss=0.020 acc=0.331 sel=0.294 (560s)
    ep18 loss=0.008 acc=0.340 sel=0.288 (596s)
    ep19 loss=0.006 acc=0.336 sel=0.299 (632s)
    ep20 loss=0.005 acc=0.335 sel=0.311 (669s)
    ep21 loss=0.005 acc=0.334 sel=0.309 (705s)
    ep22 loss=0.004 acc=0.338 sel=0.301 (742s)
    ep23 loss=0.003 acc=0.332 sel=0.299 (777s)
    ep24 loss=0.003 acc=0.332 sel=0.297 (819s)
    ep25 loss=0.003 acc=0.329 sel=0.309 (862s)
    ep26 loss=0.002 acc=0.332 sel=0.301 (904s)
    ep27 loss=0.002 acc=0.326 sel=0.314 (946s)
    ep28 loss=0.002 acc=0.337 sel=0.307 (989s)
    ep29 loss=0.002 acc=0.334 sel=0.309 (1031s)
    ep30 loss=0.002 acc=0.335 sel=0.305 (1073s)
    ep31 loss=0.001 acc=0.339 sel=0.312 (1116s)
    ep32 loss=0.001 acc=0.337 sel=0.311 (1158s)
    ep33 loss=0.001 acc=0.341 sel=0.311 (1201s)
    ep34 loss=0.001 acc=0.340 sel=0.305 (1243s)
    ep35 loss=0.001 acc=0.333 sel=0.311 (1286s)
    ep36 loss=0.001 acc=0.331 sel=0.303 (1328s)
    ep37 loss=0.001 acc=0.335 sel=0.303 (1371s)
    ep38 loss=0.001 acc=0.332 sel=0.301 (1413s)
    ep39 loss=0.001 acc=0.334 sel=0.301 (1455s)
    test-time averaging: acc_avg8=0.384 acc_avg32=0.382
  -> g3_iv_ori_n512_d512L8: acc=0.388 acc_modD=0.334 loss=0.001 sel_metric=0.371 val_at_last_epoch=0.334 acc_avg8=0.384 acc_avg32=0.382 best_epoch=4 params=17091624 1457s
[g3_iv_ori_n512_d512L8_cf50] func_iv ori n_neurons=5287 {'n': 512, 'dim': 512, 'layers': 8, 'epochs': 40, 'cond_frac': 0.5, 'rel_bias': True, 'device': 'cuda', 'early_stop': 0.2, 'sel_reps': 4, 'pops_per_epoch': 5000, 'batch': 64}
    ep0 loss=1.925 acc=0.315 sel=0.280 (43s)
    ep1 loss=1.874 acc=0.278 sel=0.252 (86s)
    ep2 loss=1.853 acc=0.336 sel=0.326 (128s)
    ep3 loss=1.867 acc=0.318 sel=0.303 (171s)
    ep4 loss=1.835 acc=0.355 sel=0.337 (213s)
    ep5 loss=1.793 acc=0.335 sel=0.339 (256s)
    ep6 loss=1.752 acc=0.361 sel=0.343 (298s)
    ep7 loss=1.722 acc=0.367 sel=0.348 (341s)
    ep8 loss=1.714 acc=0.372 sel=0.352 (384s)
    ep9 loss=1.693 acc=0.370 sel=0.360 (426s)
    ep10 loss=1.670 acc=0.380 sel=0.366 (469s)
    ep11 loss=1.657 acc=0.374 sel=0.367 (512s)
    ep12 loss=1.632 acc=0.380 sel=0.366 (554s)
    ep13 loss=1.608 acc=0.369 sel=0.343 (597s)
    ep14 loss=1.603 acc=0.379 sel=0.350 (639s)
    ep15 loss=1.537 acc=0.372 sel=0.354 (682s)
    ep16 loss=1.501 acc=0.351 sel=0.331 (725s)
    ep17 loss=1.435 acc=0.372 sel=0.335 (767s)
    ep18 loss=1.371 acc=0.364 sel=0.316 (810s)
    ep19 loss=1.296 acc=0.348 sel=0.314 (852s)
    ep20 loss=1.191 acc=0.362 sel=0.330 (895s)
    ep21 loss=1.090 acc=0.349 sel=0.326 (938s)
    ep22 loss=0.992 acc=0.339 sel=0.297 (980s)
    ep23 loss=0.889 acc=0.354 sel=0.312 (1023s)
    ep24 loss=0.814 acc=0.347 sel=0.320 (1065s)
    ep25 loss=0.745 acc=0.352 sel=0.316 (1108s)
    ep26 loss=0.667 acc=0.342 sel=0.320 (1151s)
    ep27 loss=0.617 acc=0.353 sel=0.309 (1193s)
    ep28 loss=0.562 acc=0.355 sel=0.311 (1236s)
    ep29 loss=0.533 acc=0.350 sel=0.294 (1278s)
    ep30 loss=0.496 acc=0.349 sel=0.331 (1321s)
    ep31 loss=0.464 acc=0.349 sel=0.305 (1364s)
    ep32 loss=0.447 acc=0.359 sel=0.299 (1406s)
    ep33 loss=0.430 acc=0.356 sel=0.322 (1449s)
    ep34 loss=0.417 acc=0.350 sel=0.307 (1492s)
    ep35 loss=0.409 acc=0.357 sel=0.311 (1534s)
    ep36 loss=0.400 acc=0.355 sel=0.311 (1577s)
    ep37 loss=0.395 acc=0.350 sel=0.305 (1619s)
    ep38 loss=0.392 acc=0.353 sel=0.309 (1662s)
    ep39 loss=0.392 acc=0.355 sel=0.303 (1705s)
    test-time averaging: acc_avg8=0.375 acc_avg32=0.377
  -> g3_iv_ori_n512_d512L8_cf50: acc=0.374 acc_modD=0.355 loss=0.392 sel_metric=0.367 val_at_last_epoch=0.355 acc_avg8=0.375 acc_avg32=0.377 best_epoch=11 params=17091624 1707s
[g3_iv_rf_n512_d512L8_cf50] func_iv rf n_neurons=11326 {'n': 512, 'dim': 512, 'layers': 8, 'epochs': 40, 'cond_frac': 0.5, 'rel_bias': True, 'device': 'cuda', 'early_stop': 0.2, 'sel_reps': 4, 'pops_per_epoch': 5000, 'batch': 64}
    ep0 loss=1.033 r2=0.014 sel=0.013 (44s)
    ep1 loss=1.001 r2=0.002 sel=0.007 (87s)
    ep2 loss=0.995 r2=0.014 sel=0.028 (131s)
    ep3 loss=0.988 r2=0.025 sel=0.030 (174s)
    ep4 loss=0.985 r2=0.028 sel=0.029 (210s)
    ep5 loss=0.971 r2=0.022 sel=0.022 (252s)
    ep6 loss=0.964 r2=0.061 sel=0.066 (293s)
    ep7 loss=0.952 r2=0.074 sel=0.059 (335s)
    ep8 loss=0.938 r2=0.093 sel=0.074 (377s)
    ep9 loss=0.922 r2=0.107 sel=0.101 (419s)
    ep10 loss=0.907 r2=0.113 sel=0.106 (461s)
    ep11 loss=0.897 r2=0.117 sel=0.103 (503s)
    ep12 loss=0.887 r2=0.124 sel=0.106 (545s)
    ep13 loss=0.872 r2=0.126 sel=0.094 (587s)
    ep14 loss=0.859 r2=0.126 sel=0.109 (629s)
    ep15 loss=0.845 r2=0.143 sel=0.114 (670s)
    ep16 loss=0.832 r2=0.154 sel=0.112 (712s)
    ep17 loss=0.820 r2=0.173 sel=0.120 (754s)
    ep18 loss=0.808 r2=0.181 sel=0.115 (796s)
    ep19 loss=0.798 r2=0.185 sel=0.142 (838s)
    ep20 loss=0.789 r2=0.185 sel=0.147 (880s)
    ep21 loss=0.778 r2=0.199 sel=0.127 (922s)
    ep22 loss=0.769 r2=0.214 sel=0.144 (964s)
    ep23 loss=0.760 r2=0.219 sel=0.162 (1006s)
    ep24 loss=0.753 r2=0.228 sel=0.169 (1048s)
    ep25 loss=0.744 r2=0.222 sel=0.180 (1089s)
    ep26 loss=0.737 r2=0.230 sel=0.179 (1131s)
    ep27 loss=0.730 r2=0.222 sel=0.189 (1173s)
    ep28 loss=0.722 r2=0.225 sel=0.181 (1215s)
    ep29 loss=0.715 r2=0.223 sel=0.183 (1250s)
    ep30 loss=0.711 r2=0.248 sel=0.203 (1294s)
    ep31 loss=0.705 r2=0.234 sel=0.203 (1337s)
    ep32 loss=0.699 r2=0.243 sel=0.206 (1381s)
    ep33 loss=0.696 r2=0.247 sel=0.210 (1424s)
    ep34 loss=0.692 r2=0.247 sel=0.203 (1468s)
    ep35 loss=0.689 r2=0.247 sel=0.209 (1511s)
    ep36 loss=0.688 r2=0.245 sel=0.208 (1555s)
    ep37 loss=0.686 r2=0.244 sel=0.206 (1598s)
    ep38 loss=0.685 r2=0.249 sel=0.206 (1641s)
    ep39 loss=0.685 r2=0.250 sel=0.207 (1685s)
    test-time averaging: r2_avg8=0.243 r2_avg32=0.248
  -> g3_iv_rf_n512_d512L8_cf50: r2=0.247 loss=0.685 sel_metric=0.210 val_at_last_epoch=0.250 r2_avg8=0.243 r2_avg32=0.248 best_epoch=33 params=17088546 1688s
[g3_is_rf_n512_d768L12_cf50] func_is rf n_neurons=11326 {'n': 512, 'dim': 768, 'layers': 12, 'epochs': 60, 'cond_frac': 0.5, 'rel_bias': True, 'device': 'cuda', 'early_stop': 0.2, 'sel_reps': 4, 'pops_per_epoch': 5000, 'batch': 64}
Traceback (most recent call last):
  File "<frozen runpy>", line 198, in _run_module_as_main
  File "<frozen runpy>", line 88, in _run_code
  File "/workspace/intentionality/microns_ambiguity/run_decoder2.py", line 52, in <module>
    main(tag, sub, con, **kw)
  File "/workspace/intentionality/microns_ambiguity/run_decoder2.py", line 37, in main
    m = train(F, y, task, tr, va, **kw)
        ^^^^^^^^^^^^^^^^^^^^^^^^^^^^^^^
  File "/workspace/intentionality/microns_ambiguity/decoder2.py", line 214, in train
    out = model(G).reshape(-1, out_dim); it = torch.as_tensor(idx.reshape(-1), device=device)
          ^^^^^^^^
  File "/usr/local/lib/python3.11/dist-packages/torch/nn/modules/module.py", line 1553, in _wrapped_call_impl
    return self._call_impl(*args, **kwargs)
           ^^^^^^^^^^^^^^^^^^^^^^^^^^^^^^^^
  File "/usr/local/lib/python3.11/dist-packages/torch/nn/modules/module.py", line 1562, in _call_impl
    return forward_call(*args, **kwargs)
           ^^^^^^^^^^^^^^^^^^^^^^^^^^^^^
  File "/workspace/intentionality/microns_ambiguity/decoder2.py", line 71, in forward
    x = b(x, G)
        ^^^^^^^
  File "/usr/local/lib/python3.11/dist-packages/torch/nn/modules/module.py", line 1553, in _wrapped_call_impl
    return self._call_impl(*args, **kwargs)
           ^^^^^^^^^^^^^^^^^^^^^^^^^^^^^^^^
  File "/usr/local/lib/python3.11/dist-packages/torch/nn/modules/module.py", line 1562, in _call_impl
    return forward_call(*args, **kwargs)
           ^^^^^^^^^^^^^^^^^^^^^^^^^^^^^
  File "/workspace/intentionality/microns_ambiguity/decoder2.py", line 53, in forward
    x = x + self.drop(self.att(self.n1(x), G))
                      ^^^^^^^^^^^^^^^^^^^^^^^
  File "/usr/local/lib/python3.11/dist-packages/torch/nn/modules/module.py", line 1553, in _wrapped_call_impl
    return self._call_impl(*args, **kwargs)
           ^^^^^^^^^^^^^^^^^^^^^^^^^^^^^^^^
  File "/usr/local/lib/python3.11/dist-packages/torch/nn/modules/module.py", line 1562, in _call_impl
    return forward_call(*args, **kwargs)
           ^^^^^^^^^^^^^^^^^^^^^^^^^^^^^
  File "/workspace/intentionality/microns_ambiguity/decoder2.py", line 38, in forward
    att = att + self.bias_scale.view(1, -1, 1, 1) * G.unsqueeze(1)
          ~~~~^~~~~~~~~~~~~~~~~~~~~~~~~~~~~~~~~~~~~~~~~~~~~~~~~~~~
torch.OutOfMemoryError: CUDA out of memory. Tried to allocate 256.00 MiB. GPU 0 has a total capacity of 44.40 GiB of which 44.00 MiB is free. Process 2743611 has 25.75 GiB memory in use. Process 2753646 has 18.59 GiB memory in use. Of the allocated memory 17.21 GiB is allocated by PyTorch, and 919.04 MiB is reserved by PyTorch but unallocated. If reserved but unallocated memory is large try setting PYTORCH_CUDA_ALLOC_CONF=expandable_segments:True to avoid fragmentation.  See documentation for Memory Management  (https://pytorch.org/docs/stable/notes/cuda.html#environment-variables)
[g3_is_ori_n512_d768L12_cf50] func_is ori n_neurons=5287 {'n': 512, 'dim': 768, 'layers': 12, 'epochs': 60, 'cond_frac': 0.5, 'rel_bias': True, 'device': 'cuda', 'early_stop': 0.2, 'sel_reps': 4, 'pops_per_epoch': 5000, 'batch': 64}
Traceback (most recent call last):
  File "<frozen runpy>", line 198, in _run_module_as_main
  File "<frozen runpy>", line 88, in _run_code
  File "/workspace/intentionality/microns_ambiguity/run_decoder2.py", line 52, in <module>
    main(tag, sub, con, **kw)
  File "/workspace/intentionality/microns_ambiguity/run_decoder2.py", line 37, in main
    m = train(F, y, task, tr, va, **kw)
        ^^^^^^^^^^^^^^^^^^^^^^^^^^^^^^^
  File "/workspace/intentionality/microns_ambiguity/decoder2.py", line 214, in train
    out = model(G).reshape(-1, out_dim); it = torch.as_tensor(idx.reshape(-1), device=device)
          ^^^^^^^^
  File "/usr/local/lib/python3.11/dist-packages/torch/nn/modules/module.py", line 1553, in _wrapped_call_impl
    return self._call_impl(*args, **kwargs)
           ^^^^^^^^^^^^^^^^^^^^^^^^^^^^^^^^
  File "/usr/local/lib/python3.11/dist-packages/torch/nn/modules/module.py", line 1562, in _call_impl
    return forward_call(*args, **kwargs)
           ^^^^^^^^^^^^^^^^^^^^^^^^^^^^^
  File "/workspace/intentionality/microns_ambiguity/decoder2.py", line 71, in forward
    x = b(x, G)
        ^^^^^^^
  File "/usr/local/lib/python3.11/dist-packages/torch/nn/modules/module.py", line 1553, in _wrapped_call_impl
    return self._call_impl(*args, **kwargs)
           ^^^^^^^^^^^^^^^^^^^^^^^^^^^^^^^^
  File "/usr/local/lib/python3.11/dist-packages/torch/nn/modules/module.py", line 1562, in _call_impl
    return forward_call(*args, **kwargs)
           ^^^^^^^^^^^^^^^^^^^^^^^^^^^^^
  File "/workspace/intentionality/microns_ambiguity/decoder2.py", line 53, in forward
    x = x + self.drop(self.att(self.n1(x), G))
                      ^^^^^^^^^^^^^^^^^^^^^^^
  File "/usr/local/lib/python3.11/dist-packages/torch/nn/modules/module.py", line 1553, in _wrapped_call_impl
    return self._call_impl(*args, **kwargs)
           ^^^^^^^^^^^^^^^^^^^^^^^^^^^^^^^^
  File "/usr/local/lib/python3.11/dist-packages/torch/nn/modules/module.py", line 1562, in _call_impl
    return forward_call(*args, **kwargs)
           ^^^^^^^^^^^^^^^^^^^^^^^^^^^^^
  File "/workspace/intentionality/microns_ambiguity/decoder2.py", line 38, in forward
    att = att + self.bias_scale.view(1, -1, 1, 1) * G.unsqueeze(1)
          ~~~~^~~~~~~~~~~~~~~~~~~~~~~~~~~~~~~~~~~~~~~~~~~~~~~~~~~~
torch.OutOfMemoryError: CUDA out of memory. Tried to allocate 256.00 MiB. GPU 0 has a total capacity of 44.40 GiB of which 44.00 MiB is free. Process 2743611 has 25.75 GiB memory in use. Process 2753825 has 18.59 GiB memory in use. Of the allocated memory 17.21 GiB is allocated by PyTorch, and 919.04 MiB is reserved by PyTorch but unallocated. If reserved but unallocated memory is large try setting PYTORCH_CUDA_ALLOC_CONF=expandable_segments:True to avoid fragmentation.  See documentation for Memory Management  (https://pytorch.org/docs/stable/notes/cuda.html#environment-variables)
SWEEP_GPU3_ENDED_OOM_ON_PCA_AUG_RUNS
