[g4_rf_n256_d256L4] regime=pooledcross train neurons=5951 val neurons=2416 mice=33
    ep0 loss=0.952 r2=0.122 sel=-0.407 (6s)
    ep1 loss=0.859 r2=0.104 sel=-0.355 (11s)
    ep2 loss=0.844 r2=0.121 sel=-0.403 (16s)
    ep3 loss=0.824 r2=0.174 sel=-0.786 (21s)
    ep4 loss=0.806 r2=0.218 sel=-0.190 (26s)
    ep5 loss=0.783 r2=0.168 sel=-0.509 (31s)
    ep6 loss=0.767 r2=0.207 sel=-0.481 (36s)
    ep7 loss=0.758 r2=0.218 sel=-0.409 (41s)
    ep8 loss=0.751 r2=0.213 sel=-0.395 (47s)
    ep9 loss=0.740 r2=0.217 sel=-0.294 (52s)
    ep10 loss=0.731 r2=0.209 sel=-0.556 (57s)
    ep11 loss=0.722 r2=0.245 sel=-1.221 (62s)
    ep12 loss=0.711 r2=0.260 sel=-0.439 (67s)
    ep13 loss=0.706 r2=0.238 sel=-0.638 (72s)
    ep14 loss=0.697 r2=0.251 sel=-1.009 (77s)
    ep15 loss=0.681 r2=0.251 sel=-0.764 (82s)
    ep16 loss=0.674 r2=0.247 sel=-0.766 (88s)
    ep17 loss=0.667 r2=0.208 sel=-0.595 (93s)
    ep18 loss=0.658 r2=0.248 sel=-0.397 (98s)
    ep19 loss=0.652 r2=0.229 sel=-0.904 (103s)
    ep20 loss=0.640 r2=0.242 sel=-0.638 (108s)
    ep21 loss=0.630 r2=0.168 sel=-0.408 (113s)
    ep22 loss=0.625 r2=0.214 sel=-0.411 (118s)
    ep23 loss=0.611 r2=0.221 sel=-0.481 (123s)
    ep24 loss=0.603 r2=0.222 sel=-0.443 (128s)
    ep25 loss=0.589 r2=0.215 sel=-0.289 (134s)
    ep26 loss=0.581 r2=0.216 sel=-0.734 (139s)
    ep27 loss=0.562 r2=0.197 sel=-0.322 (144s)
    ep28 loss=0.556 r2=0.216 sel=-0.253 (149s)
    ep29 loss=0.536 r2=0.229 sel=-0.414 (154s)
    ep30 loss=0.520 r2=0.208 sel=-0.407 (159s)
    ep31 loss=0.507 r2=0.216 sel=-0.431 (164s)
    ep32 loss=0.491 r2=0.195 sel=-0.460 (169s)
    ep33 loss=0.481 r2=0.161 sel=-0.310 (174s)
    ep34 loss=0.462 r2=0.221 sel=-0.291 (180s)
    ep35 loss=0.444 r2=0.211 sel=-0.409 (185s)
    ep36 loss=0.432 r2=0.201 sel=-0.309 (190s)
    ep37 loss=0.419 r2=0.207 sel=-0.346 (195s)
    ep38 loss=0.405 r2=0.217 sel=-0.313 (200s)
    ep39 loss=0.394 r2=0.194 sel=-0.313 (205s)
    ep40 loss=0.382 r2=0.203 sel=-0.310 (210s)
    ep41 loss=0.371 r2=0.182 sel=-0.347 (215s)
    ep42 loss=0.362 r2=0.205 sel=-0.348 (220s)
    ep43 loss=0.355 r2=0.192 sel=-0.348 (226s)
    ep44 loss=0.346 r2=0.212 sel=-0.396 (231s)
    ep45 loss=0.340 r2=0.203 sel=-0.353 (236s)
    ep46 loss=0.333 r2=0.200 sel=-0.288 (241s)
    ep47 loss=0.327 r2=0.201 sel=-0.289 (246s)
    ep48 loss=0.322 r2=0.209 sel=-0.317 (251s)
    ep49 loss=0.318 r2=0.214 sel=-0.268 (256s)
    ep50 loss=0.315 r2=0.202 sel=-0.319 (261s)
    ep51 loss=0.312 r2=0.206 sel=-0.314 (266s)
    ep52 loss=0.309 r2=0.186 sel=-0.274 (272s)
    ep53 loss=0.308 r2=0.201 sel=-0.321 (277s)
    ep54 loss=0.306 r2=0.189 sel=-0.296 (282s)
    ep55 loss=0.303 r2=0.215 sel=-0.319 (287s)
    ep56 loss=0.301 r2=0.202 sel=-0.296 (292s)
    ep57 loss=0.303 r2=0.208 sel=-0.316 (297s)
    ep58 loss=0.301 r2=0.205 sel=-0.312 (302s)
    ep59 loss=0.300 r2=0.202 sel=-0.311 (307s)
    test-time averaging: r2_avg8=0.214 r2_avg32=0.224
  -> g4_rf_n256_d256L4: r2=0.218 avg32=0.224 best_epoch=4
[g4_rf_n256_d256L4_cf50] regime=pooledcross train neurons=5951 val neurons=2416 mice=33
    ep0 loss=0.958 r2=0.122 sel=-0.351 (6s)
    ep1 loss=0.866 r2=0.110 sel=-0.349 (12s)
    ep2 loss=0.853 r2=0.128 sel=-0.302 (17s)
    ep3 loss=0.844 r2=0.178 sel=-0.972 (23s)
    ep4 loss=0.817 r2=0.207 sel=-0.428 (28s)
    ep5 loss=0.812 r2=0.196 sel=-0.354 (34s)
    ep6 loss=0.795 r2=0.167 sel=-0.669 (39s)
    ep7 loss=0.780 r2=0.214 sel=-0.216 (44s)
    ep8 loss=0.771 r2=0.197 sel=-0.462 (50s)
    ep9 loss=0.765 r2=0.215 sel=-0.359 (55s)
    ep10 loss=0.759 r2=0.217 sel=-0.297 (61s)
    ep11 loss=0.750 r2=0.215 sel=-0.408 (66s)
    ep12 loss=0.748 r2=0.233 sel=-0.315 (71s)
    ep13 loss=0.759 r2=0.229 sel=-0.499 (77s)
    ep14 loss=0.737 r2=0.238 sel=-0.331 (82s)
    ep15 loss=0.721 r2=0.241 sel=-0.457 (88s)
    ep16 loss=0.721 r2=0.230 sel=-0.500 (93s)
    ep17 loss=0.716 r2=0.210 sel=-0.530 (98s)
    ep18 loss=0.709 r2=0.238 sel=-0.679 (104s)
    ep19 loss=0.704 r2=0.231 sel=-0.851 (109s)
    ep20 loss=0.699 r2=0.231 sel=-0.466 (115s)
    ep21 loss=0.692 r2=0.241 sel=-0.486 (120s)
    ep22 loss=0.692 r2=0.245 sel=-0.572 (126s)
    ep23 loss=0.683 r2=0.220 sel=-0.546 (131s)
    ep24 loss=0.678 r2=0.230 sel=-0.404 (136s)
    ep25 loss=0.674 r2=0.207 sel=-0.450 (142s)
    ep26 loss=0.670 r2=0.225 sel=-0.588 (147s)
    ep27 loss=0.659 r2=0.220 sel=-0.551 (153s)
    ep28 loss=0.661 r2=0.245 sel=-0.447 (158s)
    ep29 loss=0.649 r2=0.228 sel=-0.502 (163s)
    ep30 loss=0.645 r2=0.215 sel=-0.586 (169s)
    ep31 loss=0.640 r2=0.204 sel=-0.382 (174s)
    ep32 loss=0.630 r2=0.200 sel=-0.537 (180s)
    ep33 loss=0.627 r2=0.206 sel=-0.261 (185s)
    ep34 loss=0.616 r2=0.232 sel=-0.431 (190s)
    ep35 loss=0.607 r2=0.234 sel=-0.676 (196s)
    ep36 loss=0.601 r2=0.241 sel=-0.319 (201s)
    ep37 loss=0.596 r2=0.239 sel=-0.421 (207s)
    ep38 loss=0.585 r2=0.227 sel=-0.337 (212s)
    ep39 loss=0.581 r2=0.230 sel=-0.435 (217s)
    ep40 loss=0.572 r2=0.208 sel=-0.519 (223s)
    ep41 loss=0.563 r2=0.233 sel=-0.279 (228s)
    ep42 loss=0.556 r2=0.219 sel=-0.583 (233s)
    ep43 loss=0.552 r2=0.215 sel=-0.195 (239s)
    ep44 loss=0.547 r2=0.227 sel=-0.417 (244s)
    ep45 loss=0.542 r2=0.234 sel=-0.266 (250s)
    ep46 loss=0.537 r2=0.232 sel=-0.505 (255s)
    ep47 loss=0.528 r2=0.229 sel=-0.340 (261s)
    ep48 loss=0.527 r2=0.225 sel=-0.401 (266s)
    ep49 loss=0.524 r2=0.232 sel=-0.435 (271s)
    ep50 loss=0.520 r2=0.224 sel=-0.517 (277s)
    ep51 loss=0.517 r2=0.230 sel=-0.425 (282s)
    ep52 loss=0.515 r2=0.221 sel=-0.411 (288s)
    ep53 loss=0.513 r2=0.235 sel=-0.374 (293s)
    ep54 loss=0.511 r2=0.226 sel=-0.447 (298s)
    ep55 loss=0.509 r2=0.234 sel=-0.430 (304s)
    ep56 loss=0.509 r2=0.229 sel=-0.371 (309s)
    ep57 loss=0.508 r2=0.229 sel=-0.359 (315s)
    ep58 loss=0.509 r2=0.224 sel=-0.374 (320s)
    ep59 loss=0.508 r2=0.226 sel=-0.377 (325s)
    test-time averaging: r2_avg8=0.211 r2_avg32=0.218
  -> g4_rf_n256_d256L4_cf50: r2=0.215 avg32=0.218 best_epoch=43
[g4_rf_n512_d512L8_cf50] regime=pooledcross train neurons=5951 val neurons=2416 mice=33
    ep0 loss=0.923 r2=0.129 sel=-0.289 (45s)
    ep1 loss=0.857 r2=0.119 sel=-0.897 (90s)
    ep2 loss=0.849 r2=0.112 sel=-0.492 (134s)
    ep3 loss=0.850 r2=0.136 sel=-0.483 (178s)
    ep4 loss=0.836 r2=0.199 sel=-0.349 (222s)
    ep5 loss=0.812 r2=0.175 sel=-0.355 (266s)
    ep6 loss=0.792 r2=0.209 sel=-0.267 (310s)
    ep7 loss=0.768 r2=0.231 sel=-0.452 (355s)
    ep8 loss=0.739 r2=0.238 sel=-0.442 (400s)
    ep9 loss=0.724 r2=0.280 sel=-0.427 (444s)
    ep10 loss=0.700 r2=0.237 sel=-0.441 (488s)
    ep11 loss=0.684 r2=0.233 sel=-0.613 (533s)
    ep12 loss=0.666 r2=0.218 sel=-0.467 (577s)
    ep13 loss=0.648 r2=0.233 sel=-0.390 (621s)
    ep14 loss=0.624 r2=0.242 sel=-0.518 (666s)
    ep15 loss=0.615 r2=0.234 sel=-0.466 (708s)
    ep16 loss=0.582 r2=0.253 sel=-0.377 (743s)
    ep17 loss=0.558 r2=0.092 sel=-0.559 (787s)
    ep18 loss=0.551 r2=0.248 sel=-0.462 (831s)
    ep19 loss=0.510 r2=0.248 sel=-0.407 (875s)
    ep20 loss=0.484 r2=0.252 sel=-0.482 (920s)
    ep21 loss=0.435 r2=0.278 sel=-0.585 (964s)
    ep22 loss=0.400 r2=0.220 sel=-0.468 (1008s)
    ep23 loss=0.357 r2=0.269 sel=-0.594 (1052s)
    ep24 loss=0.320 r2=0.244 sel=-0.555 (1096s)
    ep25 loss=0.284 r2=0.244 sel=-0.713 (1140s)
    ep26 loss=0.248 r2=0.231 sel=-0.646 (1184s)
    ep27 loss=0.221 r2=0.229 sel=-0.792 (1228s)
    ep28 loss=0.199 r2=0.234 sel=-0.651 (1273s)
    ep29 loss=0.177 r2=0.223 sel=-0.593 (1317s)
    ep30 loss=0.157 r2=0.225 sel=-0.725 (1361s)
    ep31 loss=0.140 r2=0.205 sel=-0.662 (1405s)
    ep32 loss=0.128 r2=0.197 sel=-0.629 (1450s)
    ep33 loss=0.116 r2=0.197 sel=-0.665 (1494s)
    ep34 loss=0.104 r2=0.183 sel=-0.643 (1538s)
    ep35 loss=0.096 r2=0.170 sel=-0.656 (1583s)
    ep36 loss=0.087 r2=0.204 sel=-0.646 (1627s)
    ep37 loss=0.082 r2=0.178 sel=-0.629 (1671s)
    ep38 loss=0.076 r2=0.211 sel=-0.574 (1715s)
    ep39 loss=0.070 r2=0.168 sel=-0.558 (1759s)
    ep40 loss=0.066 r2=0.198 sel=-0.678 (1804s)
    ep41 loss=0.063 r2=0.198 sel=-0.543 (1848s)
    ep42 loss=0.059 r2=0.214 sel=-0.530 (1892s)
    ep43 loss=0.056 r2=0.177 sel=-0.644 (1936s)
    ep44 loss=0.053 r2=0.185 sel=-0.644 (1981s)
    ep45 loss=0.051 r2=0.178 sel=-0.698 (2025s)
    ep46 loss=0.049 r2=0.195 sel=-0.759 (2069s)
    ep47 loss=0.047 r2=0.192 sel=-0.776 (2113s)
    ep48 loss=0.045 r2=0.201 sel=-0.673 (2158s)
    ep49 loss=0.043 r2=0.199 sel=-0.642 (2202s)
    ep50 loss=0.042 r2=0.183 sel=-0.719 (2246s)
    ep51 loss=0.041 r2=0.178 sel=-0.704 (2291s)
    ep52 loss=0.040 r2=0.181 sel=-0.708 (2335s)
    ep53 loss=0.040 r2=0.180 sel=-0.666 (2379s)
    ep54 loss=0.039 r2=0.189 sel=-0.656 (2421s)
    ep55 loss=0.039 r2=0.195 sel=-0.684 (2457s)
    ep56 loss=0.038 r2=0.173 sel=-0.674 (2500s)
    ep57 loss=0.038 r2=0.179 sel=-0.669 (2544s)
    ep58 loss=0.038 r2=0.190 sel=-0.670 (2587s)
    ep59 loss=0.038 r2=0.196 sel=-0.671 (2630s)
    test-time averaging: r2_avg8=0.218 r2_avg32=0.210
  -> g4_rf_n512_d512L8_cf50: r2=0.209 avg32=0.210 best_epoch=6
[g4_rf_n256_d512L8_cf50_gd20] regime=pooledcross train neurons=5951 val neurons=2416 mice=33
    ep0 loss=0.953 r2=0.143 sel=-0.253 (18s)
    ep1 loss=0.870 r2=0.108 sel=-0.459 (35s)
    ep2 loss=0.870 r2=0.159 sel=-0.386 (52s)
    ep3 loss=0.855 r2=0.159 sel=-0.269 (70s)
    ep4 loss=0.853 r2=0.143 sel=-0.345 (87s)
    ep5 loss=0.850 r2=0.193 sel=-0.283 (104s)
    ep6 loss=0.838 r2=0.155 sel=-0.369 (121s)
    ep7 loss=0.820 r2=0.164 sel=-0.391 (138s)
    ep8 loss=0.807 r2=0.211 sel=-0.494 (155s)
    ep9 loss=0.792 r2=0.237 sel=-0.288 (172s)
    ep10 loss=0.774 r2=0.212 sel=-0.385 (189s)
    ep11 loss=0.782 r2=0.259 sel=-0.401 (207s)
    ep12 loss=0.761 r2=0.235 sel=-0.359 (224s)
    ep13 loss=0.754 r2=0.244 sel=-0.393 (241s)
    ep14 loss=0.748 r2=0.260 sel=-0.388 (258s)
    ep15 loss=0.735 r2=0.248 sel=-0.325 (275s)
    ep16 loss=0.734 r2=0.258 sel=-0.389 (292s)
    ep17 loss=0.726 r2=0.255 sel=-0.468 (309s)
    ep18 loss=0.720 r2=0.246 sel=-0.489 (326s)
    ep19 loss=0.715 r2=0.269 sel=-0.460 (343s)
    ep20 loss=0.707 r2=0.253 sel=-0.397 (361s)
    ep21 loss=0.702 r2=0.259 sel=-0.425 (378s)
    ep22 loss=0.699 r2=0.263 sel=-0.464 (395s)
    ep23 loss=0.693 r2=0.254 sel=-0.453 (412s)
    ep24 loss=0.688 r2=0.262 sel=-0.521 (429s)
    ep25 loss=0.683 r2=0.260 sel=-0.427 (446s)
    ep26 loss=0.679 r2=0.250 sel=-0.440 (463s)
    ep27 loss=0.667 r2=0.243 sel=-0.434 (480s)
    ep28 loss=0.667 r2=0.255 sel=-0.488 (497s)
    ep29 loss=0.656 r2=0.263 sel=-0.436 (514s)
    ep30 loss=0.649 r2=0.273 sel=-0.536 (532s)
    ep31 loss=0.643 r2=0.240 sel=-0.555 (549s)
    ep32 loss=0.632 r2=0.236 sel=-0.481 (566s)
    ep33 loss=0.624 r2=0.227 sel=-0.500 (583s)
    ep34 loss=0.612 r2=0.243 sel=-0.571 (600s)
    ep35 loss=0.601 r2=0.258 sel=-0.474 (618s)
    ep36 loss=0.592 r2=0.227 sel=-0.583 (635s)
    ep37 loss=0.587 r2=0.252 sel=-0.543 (652s)
    ep38 loss=0.571 r2=0.221 sel=-0.535 (669s)
    ep39 loss=0.566 r2=0.235 sel=-0.524 (686s)
    ep40 loss=0.556 r2=0.238 sel=-0.604 (704s)
    ep41 loss=0.545 r2=0.224 sel=-0.557 (721s)
    ep42 loss=0.536 r2=0.231 sel=-0.596 (738s)
    ep43 loss=0.532 r2=0.248 sel=-0.521 (755s)
    ep44 loss=0.523 r2=0.229 sel=-0.594 (773s)
    ep45 loss=0.512 r2=0.239 sel=-0.590 (790s)
    ep46 loss=0.509 r2=0.225 sel=-0.589 (807s)
    ep47 loss=0.501 r2=0.228 sel=-0.561 (824s)
    ep48 loss=0.494 r2=0.232 sel=-0.580 (841s)
    ep49 loss=0.489 r2=0.229 sel=-0.580 (858s)
    ep50 loss=0.487 r2=0.235 sel=-0.598 (875s)
    ep51 loss=0.480 r2=0.227 sel=-0.618 (892s)
    ep52 loss=0.476 r2=0.229 sel=-0.592 (910s)
    ep53 loss=0.473 r2=0.232 sel=-0.629 (927s)
    ep54 loss=0.472 r2=0.218 sel=-0.588 (944s)
    ep55 loss=0.469 r2=0.222 sel=-0.600 (961s)
    ep56 loss=0.467 r2=0.229 sel=-0.595 (978s)
    ep57 loss=0.470 r2=0.234 sel=-0.598 (995s)
    ep58 loss=0.469 r2=0.235 sel=-0.598 (1013s)
    ep59 loss=0.468 r2=0.240 sel=-0.599 (1030s)
    test-time averaging: r2_avg8=0.149 r2_avg32=0.144
  -> g4_rf_n256_d512L8_cf50_gd20: r2=0.143 avg32=0.144 best_epoch=0
[g4_rf_n1024_d512L8_cf50] regime=pooledcross train neurons=5951 val neurons=2416 mice=33
    ep0 loss=0.927 r2=0.118 sel=-0.548 (118s)
    ep1 loss=0.853 r2=0.071 sel=-1.368 (235s)
    ep2 loss=0.847 r2=0.126 sel=-0.521 (352s)
    ep3 loss=0.860 r2=0.126 sel=-0.344 (455s)
    ep4 loss=0.885 r2=0.094 sel=-0.324 (509s)
    ep5 loss=0.872 r2=0.114 sel=-0.303 (609s)
    ep6 loss=0.878 r2=0.092 sel=-0.185 (727s)
    ep7 loss=0.848 r2=0.175 sel=-0.221 (846s)
    ep8 loss=0.794 r2=0.210 sel=-0.579 (963s)
    ep9 loss=0.717 r2=0.225 sel=-0.350 (1081s)
    ep10 loss=0.691 r2=0.241 sel=-0.438 (1199s)
    ep11 loss=0.664 r2=0.268 sel=-0.376 (1316s)
    ep12 loss=0.629 r2=0.260 sel=-0.604 (1434s)
    ep13 loss=0.601 r2=0.227 sel=-0.749 (1552s)
    ep14 loss=0.538 r2=0.246 sel=-0.482 (1670s)
    ep15 loss=0.499 r2=0.213 sel=-0.516 (1787s)
    ep16 loss=0.435 r2=0.213 sel=-0.482 (1905s)
    ep17 loss=0.368 r2=0.231 sel=-0.425 (2023s)
    ep18 loss=0.305 r2=0.197 sel=-0.598 (2141s)
    ep19 loss=0.247 r2=0.213 sel=-0.436 (2260s)
    ep20 loss=0.202 r2=0.179 sel=-0.447 (2378s)
    ep21 loss=0.161 r2=0.210 sel=-0.410 (2497s)
    ep22 loss=0.124 r2=0.195 sel=-0.527 (2616s)
    ep23 loss=0.103 r2=0.213 sel=-0.434 (2734s)
    ep24 loss=0.085 r2=0.175 sel=-0.441 (2853s)
    ep25 loss=0.070 r2=0.203 sel=-0.889 (2971s)
    ep26 loss=0.061 r2=0.182 sel=-0.581 (3090s)
    ep27 loss=0.052 r2=0.168 sel=-0.378 (3209s)
    ep28 loss=0.046 r2=0.155 sel=-0.388 (3327s)
    ep29 loss=0.040 r2=0.196 sel=-0.266 (3446s)
    ep30 loss=0.037 r2=0.173 sel=-0.405 (3565s)
    ep31 loss=0.032 r2=0.176 sel=-0.395 (3683s)
    ep32 loss=0.028 r2=0.186 sel=-0.418 (3802s)
    ep33 loss=0.025 r2=0.190 sel=-0.410 (3921s)
    ep34 loss=0.024 r2=0.171 sel=-0.380 (4039s)
    ep35 loss=0.022 r2=0.202 sel=-0.547 (4158s)
    ep36 loss=0.021 r2=0.179 sel=-0.477 (4276s)
    ep37 loss=0.019 r2=0.219 sel=-0.401 (4395s)
    ep38 loss=0.018 r2=0.188 sel=-0.375 (4514s)
    ep39 loss=0.017 r2=0.194 sel=-0.341 (4632s)
    ep40 loss=0.015 r2=0.168 sel=-0.267 (4744s)
    ep41 loss=0.015 r2=0.196 sel=-0.387 (4857s)
    ep42 loss=0.014 r2=0.169 sel=-0.289 (4975s)
    ep43 loss=0.013 r2=0.146 sel=-0.240 (5092s)
    ep44 loss=0.013 r2=0.159 sel=-0.282 (5210s)
    ep45 loss=0.012 r2=0.173 sel=-0.230 (5327s)
    ep46 loss=0.012 r2=0.161 sel=-0.237 (5445s)
    ep47 loss=0.011 r2=0.147 sel=-0.264 (5562s)
    ep48 loss=0.011 r2=0.141 sel=-0.274 (5680s)
    ep49 loss=0.010 r2=0.173 sel=-0.263 (5798s)
    ep50 loss=0.010 r2=0.155 sel=-0.255 (5915s)
    ep51 loss=0.010 r2=0.154 sel=-0.269 (6033s)
    ep52 loss=0.009 r2=0.156 sel=-0.276 (6151s)
    ep53 loss=0.009 r2=0.172 sel=-0.281 (6268s)
    ep54 loss=0.009 r2=0.164 sel=-0.284 (6386s)
    ep55 loss=0.009 r2=0.151 sel=-0.297 (6501s)
    ep56 loss=0.009 r2=0.160 sel=-0.300 (6610s)
    ep57 loss=0.009 r2=0.158 sel=-0.297 (6727s)
    ep58 loss=0.009 r2=0.158 sel=-0.296 (6845s)
    ep59 loss=0.009 r2=0.161 sel=-0.295 (6962s)
    test-time averaging: r2_avg8=0.089 r2_avg32=0.091
  -> g4_rf_n1024_d512L8_cf50: r2=0.092 avg32=0.091 best_epoch=6
SWEEP_GPU4_DONE
