[g6_rf_cross_n128] regime=cross train neurons=5951 val neurons=2416 mice=33
    ep0 loss=0.891 r2=0.273 sel=-0.568 (5s)
    ep1 loss=0.707 r2=0.261 sel=-0.995 (9s)
    ep2 loss=0.631 r2=0.250 sel=-0.891 (13s)
    ep3 loss=0.583 r2=0.199 sel=-0.962 (18s)
    ep4 loss=0.547 r2=0.250 sel=-0.993 (22s)
    ep5 loss=0.548 r2=0.207 sel=-1.225 (26s)
    ep6 loss=0.477 r2=0.109 sel=-1.391 (31s)
    ep7 loss=0.459 r2=0.205 sel=-1.015 (35s)
    ep8 loss=0.431 r2=0.103 sel=-1.081 (39s)
    ep9 loss=0.406 r2=0.096 sel=-1.206 (44s)
    ep10 loss=0.413 r2=0.093 sel=-1.160 (48s)
    ep11 loss=0.386 r2=0.168 sel=-1.120 (52s)
    ep12 loss=0.385 r2=0.150 sel=-1.118 (57s)
    ep13 loss=0.363 r2=0.136 sel=-1.209 (61s)
    ep14 loss=0.345 r2=0.141 sel=-1.225 (65s)
    ep15 loss=0.328 r2=0.060 sel=-1.176 (69s)
    ep16 loss=0.312 r2=0.165 sel=-1.346 (74s)
    ep17 loss=0.303 r2=0.174 sel=-1.291 (78s)
    ep18 loss=0.284 r2=0.174 sel=-1.565 (82s)
    ep19 loss=0.269 r2=0.166 sel=-1.423 (87s)
    ep20 loss=0.254 r2=0.129 sel=-1.353 (91s)
    ep21 loss=0.243 r2=0.130 sel=-1.312 (95s)
    ep22 loss=0.230 r2=0.163 sel=-1.448 (100s)
    ep23 loss=0.214 r2=0.187 sel=-1.380 (104s)
    ep24 loss=0.204 r2=0.091 sel=-1.401 (108s)
    ep25 loss=0.199 r2=0.073 sel=-1.293 (113s)
    ep26 loss=0.187 r2=0.135 sel=-1.280 (117s)
    ep27 loss=0.181 r2=0.148 sel=-1.356 (121s)
    ep28 loss=0.174 r2=0.137 sel=-1.368 (126s)
    ep29 loss=0.172 r2=0.152 sel=-1.463 (130s)
    ep30 loss=0.165 r2=0.109 sel=-1.335 (134s)
    ep31 loss=0.163 r2=0.116 sel=-1.443 (138s)
    ep32 loss=0.162 r2=0.128 sel=-1.302 (143s)
    ep33 loss=0.158 r2=0.128 sel=-1.382 (147s)
    ep34 loss=0.154 r2=0.124 sel=-1.350 (151s)
    ep35 loss=0.153 r2=0.129 sel=-1.380 (156s)
    ep36 loss=0.151 r2=0.136 sel=-1.386 (160s)
    ep37 loss=0.150 r2=0.128 sel=-1.385 (164s)
    ep38 loss=0.152 r2=0.109 sel=-1.370 (169s)
    ep39 loss=0.150 r2=0.107 sel=-1.371 (173s)
    test-time averaging: r2_avg8=0.270 r2_avg32=0.267
  -> g6_rf_cross_n128: r2=0.273 avg32=0.267 best_epoch=0
[g6_rf_cross_n128_cf85] regime=cross train neurons=5951 val neurons=2416 mice=33
    ep0 loss=0.891 r2=0.281 sel=-0.557 (5s)
    ep1 loss=0.717 r2=0.197 sel=-0.583 (10s)
    ep2 loss=0.624 r2=0.234 sel=-1.156 (14s)
    ep3 loss=0.633 r2=0.210 sel=-1.006 (18s)
    ep4 loss=0.552 r2=0.096 sel=-0.896 (23s)
    ep5 loss=0.517 r2=0.177 sel=-0.991 (27s)
    ep6 loss=0.486 r2=0.139 sel=-1.170 (31s)
    ep7 loss=0.475 r2=0.221 sel=-1.004 (36s)
    ep8 loss=0.455 r2=0.089 sel=-0.965 (40s)
    ep9 loss=0.431 r2=0.136 sel=-1.123 (44s)
    ep10 loss=0.419 r2=0.207 sel=-1.185 (49s)
    ep11 loss=0.409 r2=0.125 sel=-1.127 (53s)
    ep12 loss=0.395 r2=0.152 sel=-1.161 (57s)
    ep13 loss=0.388 r2=0.193 sel=-1.098 (62s)
    ep14 loss=0.391 r2=0.144 sel=-1.331 (66s)
    ep15 loss=0.359 r2=0.168 sel=-1.164 (71s)
    ep16 loss=0.358 r2=0.160 sel=-1.174 (75s)
    ep17 loss=0.347 r2=0.123 sel=-1.257 (78s)
    ep18 loss=0.324 r2=0.077 sel=-1.381 (81s)
    ep19 loss=0.318 r2=0.128 sel=-1.257 (84s)
    ep20 loss=0.312 r2=0.213 sel=-1.236 (88s)
    ep21 loss=0.294 r2=0.167 sel=-1.090 (93s)
    ep22 loss=0.279 r2=0.150 sel=-1.221 (97s)
    ep23 loss=0.268 r2=0.128 sel=-1.444 (101s)
    ep24 loss=0.254 r2=0.141 sel=-1.213 (106s)
    ep25 loss=0.245 r2=0.123 sel=-1.296 (110s)
    ep26 loss=0.234 r2=0.163 sel=-1.182 (114s)
    ep27 loss=0.226 r2=0.210 sel=-1.185 (119s)
    ep28 loss=0.217 r2=0.165 sel=-1.232 (123s)
    ep29 loss=0.214 r2=0.206 sel=-1.158 (127s)
    ep30 loss=0.205 r2=0.227 sel=-1.175 (132s)
    ep31 loss=0.201 r2=0.209 sel=-1.243 (136s)
    ep32 loss=0.199 r2=0.160 sel=-1.148 (141s)
    ep33 loss=0.194 r2=0.205 sel=-1.248 (145s)
    ep34 loss=0.190 r2=0.189 sel=-1.210 (149s)
    ep35 loss=0.190 r2=0.195 sel=-1.217 (154s)
    ep36 loss=0.187 r2=0.196 sel=-1.253 (158s)
    ep37 loss=0.186 r2=0.174 sel=-1.239 (162s)
    ep38 loss=0.188 r2=0.185 sel=-1.225 (167s)
    ep39 loss=0.187 r2=0.185 sel=-1.228 (171s)
    test-time averaging: r2_avg8=0.277 r2_avg32=0.273
  -> g6_rf_cross_n128_cf85: r2=0.281 avg32=0.273 best_epoch=0
[g6_rf_cross_n128_d512L8] regime=cross train neurons=5951 val neurons=2416 mice=33
    ep0 loss=0.814 r2=0.297 sel=-0.873 (13s)
    ep1 loss=0.695 r2=0.288 sel=-0.651 (26s)
    ep2 loss=0.714 r2=0.297 sel=-0.650 (38s)
    ep3 loss=0.781 r2=-0.041 sel=-1.147 (50s)
    ep4 loss=0.826 r2=-0.014 sel=-0.483 (63s)
    ep5 loss=0.890 r2=0.212 sel=-0.201 (75s)
    ep6 loss=0.822 r2=0.247 sel=-0.361 (88s)
    ep7 loss=0.805 r2=0.254 sel=-0.350 (100s)
    ep8 loss=0.826 r2=0.128 sel=-0.239 (112s)
    ep9 loss=0.815 r2=0.238 sel=-0.370 (125s)
    ep10 loss=0.759 r2=0.265 sel=-0.447 (137s)
    ep11 loss=0.784 r2=0.238 sel=-0.132 (149s)
    ep12 loss=0.801 r2=0.265 sel=-0.152 (162s)
    ep13 loss=0.794 r2=0.247 sel=-0.487 (174s)
    ep14 loss=0.829 r2=0.176 sel=-0.114 (186s)
    ep15 loss=0.755 r2=0.257 sel=-0.504 (199s)
    ep16 loss=0.811 r2=0.249 sel=-0.325 (211s)
    ep17 loss=0.763 r2=0.297 sel=-0.735 (223s)
    ep18 loss=0.719 r2=0.314 sel=-0.585 (236s)
    ep19 loss=0.690 r2=0.283 sel=-0.557 (248s)
    ep20 loss=0.726 r2=0.228 sel=-0.545 (260s)
    ep21 loss=0.689 r2=0.311 sel=-0.530 (273s)
    ep22 loss=0.681 r2=0.257 sel=-0.810 (285s)
    ep23 loss=0.659 r2=-0.231 sel=-0.802 (297s)
    ep24 loss=0.659 r2=0.272 sel=-0.545 (309s)
    ep25 loss=0.624 r2=0.219 sel=-0.621 (322s)
    ep26 loss=0.609 r2=0.287 sel=-0.626 (334s)
    ep27 loss=0.602 r2=0.255 sel=-0.847 (346s)
    ep28 loss=0.597 r2=0.250 sel=-0.708 (359s)
    ep29 loss=0.594 r2=0.265 sel=-0.804 (371s)
    ep30 loss=0.577 r2=0.301 sel=-0.642 (383s)
    ep31 loss=0.576 r2=0.228 sel=-0.807 (395s)
    ep32 loss=0.567 r2=0.291 sel=-0.735 (408s)
    ep33 loss=0.563 r2=0.275 sel=-0.753 (420s)
    ep34 loss=0.556 r2=0.316 sel=-0.789 (432s)
    ep35 loss=0.557 r2=0.294 sel=-0.758 (445s)
    ep36 loss=0.548 r2=0.292 sel=-0.777 (457s)
    ep37 loss=0.548 r2=0.276 sel=-0.781 (469s)
    ep38 loss=0.545 r2=0.272 sel=-0.808 (481s)
    ep39 loss=0.552 r2=0.280 sel=-0.803 (494s)
    test-time averaging: r2_avg8=0.178 r2_avg32=0.186
  -> g6_rf_cross_n128_d512L8: r2=0.176 avg32=0.186 best_epoch=14
SWEEP_GPU6_DONE
