[g8_rf_cross_fine] regime=cross train neurons=5951 val neurons=2416 mice=33
    ep0 loss=1.179 r2=0.177 sel=-0.788 (1s)
    ep1 loss=0.863 r2=0.286 sel=-0.240 (2s)
    ep2 loss=0.794 r2=0.344 sel=-0.517 (2s)
    ep3 loss=0.734 r2=0.209 sel=-0.931 (3s)
    ep4 loss=0.699 r2=0.238 sel=-1.329 (4s)
    ep5 loss=0.723 r2=0.238 sel=-0.541 (4s)
    ep6 loss=0.639 r2=0.091 sel=-1.412 (5s)
    ep7 loss=0.684 r2=0.127 sel=-1.067 (6s)
    ep8 loss=0.652 r2=0.311 sel=-1.004 (6s)
    ep9 loss=0.571 r2=-0.121 sel=-1.257 (7s)
    ep10 loss=0.598 r2=0.096 sel=-0.831 (7s)
    ep11 loss=0.593 r2=0.294 sel=-1.251 (8s)
    ep12 loss=0.586 r2=0.170 sel=-1.028 (9s)
    ep13 loss=0.550 r2=0.217 sel=-1.265 (9s)
    ep14 loss=0.515 r2=0.249 sel=-1.276 (10s)
    ep15 loss=0.506 r2=0.190 sel=-1.003 (11s)
    ep16 loss=0.524 r2=0.169 sel=-1.020 (11s)
    ep17 loss=0.465 r2=0.186 sel=-0.888 (12s)
    ep18 loss=0.494 r2=0.195 sel=-1.136 (13s)
    ep19 loss=0.471 r2=0.205 sel=-1.064 (13s)
    ep20 loss=0.460 r2=0.233 sel=-0.802 (14s)
    ep21 loss=0.464 r2=0.142 sel=-0.901 (14s)
    ep22 loss=0.466 r2=0.204 sel=-0.819 (15s)
    ep23 loss=0.452 r2=0.221 sel=-1.045 (16s)
    ep24 loss=0.457 r2=0.156 sel=-1.176 (16s)
    ep25 loss=0.435 r2=0.107 sel=-0.891 (17s)
    ep26 loss=0.421 r2=0.155 sel=-0.910 (18s)
    ep27 loss=0.416 r2=0.153 sel=-0.864 (18s)
    ep28 loss=0.421 r2=0.135 sel=-1.090 (19s)
    ep29 loss=0.416 r2=0.116 sel=-1.068 (20s)
    ep30 loss=0.424 r2=0.128 sel=-1.038 (20s)
    ep31 loss=0.408 r2=0.063 sel=-1.032 (21s)
    ep32 loss=0.419 r2=0.063 sel=-0.961 (22s)
    ep33 loss=0.405 r2=0.077 sel=-1.020 (22s)
    ep34 loss=0.417 r2=0.082 sel=-0.982 (23s)
    ep35 loss=0.400 r2=0.075 sel=-0.978 (24s)
    ep36 loss=0.387 r2=0.072 sel=-0.939 (24s)
    ep37 loss=0.394 r2=0.075 sel=-0.953 (25s)
    ep38 loss=0.407 r2=0.042 sel=-0.963 (25s)
    ep39 loss=0.402 r2=0.072 sel=-0.965 (26s)
    test-time averaging: r2_avg8=0.287 r2_avg32=0.275
  -> g8_rf_cross_fine: r2=0.286 avg32=0.275 best_epoch=1
[g8_rf_cross_fine_cf75ap50] regime=cross train neurons=5951 val neurons=2416 mice=33
    ep0 loss=1.180 r2=0.167 sel=-0.827 (1s)
    ep1 loss=0.864 r2=0.278 sel=-0.245 (2s)
    ep2 loss=0.798 r2=0.349 sel=-0.483 (2s)
    ep3 loss=0.702 r2=0.240 sel=-0.818 (3s)
    ep4 loss=0.707 r2=0.184 sel=-1.336 (4s)
    ep5 loss=0.665 r2=0.267 sel=-0.726 (4s)
    ep6 loss=0.637 r2=0.168 sel=-1.417 (5s)
    ep7 loss=0.636 r2=0.171 sel=-1.221 (6s)
    ep8 loss=0.673 r2=0.237 sel=-0.953 (6s)
    ep9 loss=0.582 r2=0.229 sel=-1.231 (7s)
    ep10 loss=0.597 r2=0.188 sel=-0.787 (8s)
    ep11 loss=0.590 r2=0.092 sel=-0.909 (8s)
    ep12 loss=0.586 r2=0.104 sel=-0.732 (9s)
    ep13 loss=0.566 r2=0.119 sel=-0.869 (10s)
    ep14 loss=0.514 r2=0.269 sel=-1.090 (10s)
    ep15 loss=0.516 r2=0.181 sel=-1.075 (11s)
    ep16 loss=0.523 r2=0.120 sel=-1.099 (12s)
    ep17 loss=0.474 r2=0.150 sel=-0.876 (12s)
    ep18 loss=0.494 r2=0.140 sel=-1.078 (13s)
    ep19 loss=0.470 r2=0.178 sel=-1.192 (13s)
    ep20 loss=0.459 r2=0.164 sel=-0.898 (14s)
    ep21 loss=0.459 r2=0.078 sel=-1.043 (15s)
    ep22 loss=0.455 r2=0.135 sel=-0.981 (15s)
    ep23 loss=0.448 r2=0.186 sel=-1.130 (16s)
    ep24 loss=0.463 r2=-0.009 sel=-1.172 (17s)
    ep25 loss=0.441 r2=0.060 sel=-0.915 (17s)
    ep26 loss=0.425 r2=0.063 sel=-1.140 (18s)
    ep27 loss=0.422 r2=0.090 sel=-0.962 (19s)
    ep28 loss=0.426 r2=0.074 sel=-1.154 (19s)
    ep29 loss=0.422 r2=0.065 sel=-1.106 (20s)
    ep30 loss=0.428 r2=0.079 sel=-1.160 (21s)
    ep31 loss=0.414 r2=0.067 sel=-0.977 (21s)
    ep32 loss=0.421 r2=0.048 sel=-1.021 (22s)
    ep33 loss=0.410 r2=0.056 sel=-1.104 (23s)
    ep34 loss=0.421 r2=0.040 sel=-1.029 (23s)
    ep35 loss=0.406 r2=0.032 sel=-1.068 (24s)
    ep36 loss=0.394 r2=0.032 sel=-1.031 (24s)
    ep37 loss=0.400 r2=0.027 sel=-1.043 (25s)
    ep38 loss=0.417 r2=0.011 sel=-1.053 (26s)
    ep39 loss=0.408 r2=0.038 sel=-1.055 (26s)
    test-time averaging: r2_avg8=0.279 r2_avg32=0.266
  -> g8_rf_cross_fine_cf75ap50: r2=0.278 avg32=0.266 best_epoch=1
[g8_rf_cross_fine_cf50gd20] regime=cross train neurons=5951 val neurons=2416 mice=33
    ep0 loss=1.155 r2=0.211 sel=-0.653 (2s)
    ep1 loss=0.867 r2=0.260 sel=-0.225 (2s)
    ep2 loss=0.801 r2=0.357 sel=-0.430 (3s)
    ep3 loss=0.722 r2=0.226 sel=-0.701 (4s)
    ep4 loss=0.680 r2=0.251 sel=-1.264 (4s)
    ep5 loss=0.677 r2=0.256 sel=-0.958 (5s)
    ep6 loss=0.688 r2=0.320 sel=-0.914 (6s)
    ep7 loss=0.648 r2=0.219 sel=-0.737 (6s)
    ep8 loss=0.644 r2=0.199 sel=-0.964 (7s)
    ep9 loss=0.610 r2=0.291 sel=-0.861 (8s)
    ep10 loss=0.630 r2=0.177 sel=-0.841 (8s)
    ep11 loss=0.619 r2=0.278 sel=-0.986 (9s)
    ep12 loss=0.613 r2=0.070 sel=-1.232 (10s)
    ep13 loss=0.628 r2=0.197 sel=-0.548 (10s)
    ep14 loss=0.586 r2=0.364 sel=-0.836 (11s)
    ep15 loss=0.580 r2=0.217 sel=-1.386 (12s)
    ep16 loss=0.574 r2=0.212 sel=-0.985 (12s)
    ep17 loss=0.537 r2=0.187 sel=-1.137 (13s)
    ep18 loss=0.565 r2=0.245 sel=-0.780 (13s)
    ep19 loss=0.510 r2=0.254 sel=-1.032 (14s)
    ep20 loss=0.508 r2=0.221 sel=-0.829 (15s)
    ep21 loss=0.507 r2=0.218 sel=-1.248 (15s)
    ep22 loss=0.493 r2=0.239 sel=-0.981 (16s)
    ep23 loss=0.485 r2=0.322 sel=-1.309 (17s)
    ep24 loss=0.478 r2=0.128 sel=-1.184 (17s)
    ep25 loss=0.479 r2=0.320 sel=-1.104 (18s)
    ep26 loss=0.458 r2=0.196 sel=-1.137 (19s)
    ep27 loss=0.460 r2=0.176 sel=-0.990 (19s)
    ep28 loss=0.470 r2=0.225 sel=-1.221 (20s)
    ep29 loss=0.456 r2=0.186 sel=-1.117 (21s)
    ep30 loss=0.459 r2=0.253 sel=-1.093 (21s)
    ep31 loss=0.439 r2=0.182 sel=-1.167 (22s)
    ep32 loss=0.446 r2=0.198 sel=-1.146 (22s)
    ep33 loss=0.434 r2=0.210 sel=-1.114 (23s)
    ep34 loss=0.453 r2=0.184 sel=-1.126 (24s)
    ep35 loss=0.431 r2=0.164 sel=-1.092 (24s)
    ep36 loss=0.418 r2=0.195 sel=-1.114 (25s)
    ep37 loss=0.427 r2=0.185 sel=-1.130 (26s)
    ep38 loss=0.445 r2=0.139 sel=-1.136 (26s)
    ep39 loss=0.434 r2=0.190 sel=-1.136 (27s)
    test-time averaging: r2_avg8=0.264 r2_avg32=0.255
  -> g8_rf_cross_fine_cf50gd20: r2=0.260 avg32=0.255 best_epoch=1
[g8_rf_pooledcross_fine] regime=pooledcross train neurons=5951 val neurons=2416 mice=33
    ep0 loss=1.128 r2=0.116 sel=-0.453 (1s)
    ep1 loss=0.907 r2=0.112 sel=-0.386 (3s)
    ep2 loss=0.885 r2=0.104 sel=-0.439 (4s)
    ep3 loss=0.877 r2=0.137 sel=-0.322 (5s)
    ep4 loss=0.860 r2=0.153 sel=-0.341 (6s)
    ep5 loss=0.863 r2=0.134 sel=-0.478 (7s)
    ep6 loss=0.848 r2=0.151 sel=-0.250 (8s)
    ep7 loss=0.850 r2=0.153 sel=-0.295 (9s)
    ep8 loss=0.832 r2=0.157 sel=-0.271 (10s)
    ep9 loss=0.820 r2=0.151 sel=-0.405 (11s)
    ep10 loss=0.831 r2=0.173 sel=-0.817 (12s)
    ep11 loss=0.816 r2=0.175 sel=-0.419 (13s)
    ep12 loss=0.808 r2=0.181 sel=-0.563 (14s)
    ep13 loss=0.814 r2=0.159 sel=-0.536 (15s)
    ep14 loss=0.795 r2=0.204 sel=-0.752 (16s)
    ep15 loss=0.784 r2=0.218 sel=-0.848 (17s)
    ep16 loss=0.778 r2=0.236 sel=-0.489 (18s)
    ep17 loss=0.768 r2=0.245 sel=-0.323 (19s)
    ep18 loss=0.768 r2=0.221 sel=-0.371 (20s)
    ep19 loss=0.765 r2=0.216 sel=-0.418 (21s)
    ep20 loss=0.768 r2=0.193 sel=-0.489 (22s)
    ep21 loss=0.752 r2=0.226 sel=-0.644 (23s)
    ep22 loss=0.762 r2=0.224 sel=-0.456 (24s)
    ep23 loss=0.749 r2=0.242 sel=-0.473 (25s)
    ep24 loss=0.741 r2=0.223 sel=-0.484 (26s)
    ep25 loss=0.740 r2=0.237 sel=-0.437 (27s)
    ep26 loss=0.740 r2=0.223 sel=-0.394 (28s)
    ep27 loss=0.753 r2=0.237 sel=-0.411 (29s)
    ep28 loss=0.744 r2=0.234 sel=-0.439 (30s)
    ep29 loss=0.733 r2=0.240 sel=-0.414 (31s)
    ep30 loss=0.747 r2=0.248 sel=-0.363 (32s)
    ep31 loss=0.747 r2=0.230 sel=-0.345 (33s)
    ep32 loss=0.735 r2=0.233 sel=-0.466 (34s)
    ep33 loss=0.733 r2=0.250 sel=-0.487 (35s)
    ep34 loss=0.744 r2=0.240 sel=-0.423 (36s)
    ep35 loss=0.730 r2=0.241 sel=-0.435 (37s)
    ep36 loss=0.734 r2=0.243 sel=-0.412 (38s)
    ep37 loss=0.736 r2=0.247 sel=-0.421 (39s)
    ep38 loss=0.728 r2=0.241 sel=-0.423 (40s)
    ep39 loss=0.736 r2=0.246 sel=-0.423 (41s)
    test-time averaging: r2_avg8=0.142 r2_avg32=0.151
  -> g8_rf_pooledcross_fine: r2=0.151 avg32=0.151 best_epoch=6
[g8_rf_pooledcross_fine_cf75ap50] regime=pooledcross train neurons=5951 val neurons=2416 mice=33
    ep0 loss=1.130 r2=0.116 sel=-0.454 (2s)
    ep1 loss=0.909 r2=0.097 sel=-0.395 (3s)
    ep2 loss=0.887 r2=0.135 sel=-0.319 (4s)
    ep3 loss=0.895 r2=0.097 sel=-0.414 (6s)
    ep4 loss=0.862 r2=0.138 sel=-0.291 (7s)
    ep5 loss=0.859 r2=0.118 sel=-0.542 (8s)
    ep6 loss=0.852 r2=0.158 sel=-0.211 (9s)
    ep7 loss=0.855 r2=0.134 sel=-0.275 (10s)
    ep8 loss=0.832 r2=0.152 sel=-0.250 (11s)
    ep9 loss=0.821 r2=0.160 sel=-0.417 (12s)
    ep10 loss=0.831 r2=0.161 sel=-0.625 (13s)
    ep11 loss=0.819 r2=0.171 sel=-0.445 (14s)
    ep12 loss=0.810 r2=0.168 sel=-0.486 (15s)
    ep13 loss=0.822 r2=0.169 sel=-0.456 (16s)
    ep14 loss=0.801 r2=0.191 sel=-0.561 (17s)
    ep15 loss=0.792 r2=0.212 sel=-0.670 (18s)
    ep16 loss=0.787 r2=0.219 sel=-0.683 (19s)
    ep17 loss=0.779 r2=0.226 sel=-0.313 (20s)
    ep18 loss=0.774 r2=0.211 sel=-0.269 (21s)
    ep19 loss=0.769 r2=0.233 sel=-0.396 (22s)
    ep20 loss=0.774 r2=0.194 sel=-0.471 (24s)
    ep21 loss=0.759 r2=0.209 sel=-0.416 (25s)
    ep22 loss=0.766 r2=0.238 sel=-0.404 (26s)
    ep23 loss=0.754 r2=0.240 sel=-0.515 (27s)
    ep24 loss=0.747 r2=0.228 sel=-0.540 (28s)
    ep25 loss=0.745 r2=0.240 sel=-0.417 (29s)
    ep26 loss=0.742 r2=0.225 sel=-0.394 (30s)
    ep27 loss=0.756 r2=0.238 sel=-0.406 (31s)
    ep28 loss=0.750 r2=0.237 sel=-0.413 (32s)
    ep29 loss=0.738 r2=0.246 sel=-0.333 (33s)
    ep30 loss=0.751 r2=0.245 sel=-0.298 (34s)
    ep31 loss=0.751 r2=0.233 sel=-0.313 (35s)
    ep32 loss=0.740 r2=0.235 sel=-0.419 (36s)
    ep33 loss=0.737 r2=0.252 sel=-0.409 (37s)
    ep34 loss=0.749 r2=0.236 sel=-0.352 (38s)
    ep35 loss=0.733 r2=0.237 sel=-0.365 (39s)
    ep36 loss=0.740 r2=0.239 sel=-0.349 (40s)
    ep37 loss=0.741 r2=0.245 sel=-0.357 (41s)
    ep38 loss=0.733 r2=0.239 sel=-0.363 (43s)
    ep39 loss=0.740 r2=0.242 sel=-0.363 (44s)
    test-time averaging: r2_avg8=0.153 r2_avg32=0.155
  -> g8_rf_pooledcross_fine_cf75ap50: r2=0.158 avg32=0.155 best_epoch=6
SWEEP_GPU8_DONE
