[g9_is_rf_n512_d768L12] func_is rf n_neurons=11326 {'n': 512, 'dim': 768, 'layers': 12, 'epochs': 40, 'batch': 32, 'rel_bias': True, 'device': 'cuda', 'early_stop': 0.2, 'sel_reps': 4, 'pops_per_epoch': 5000}
    ep0 loss=1.085 r2=0.018 sel=0.028 (106s)
    ep1 loss=1.020 r2=0.025 sel=0.016 (211s)
    ep2 loss=0.984 r2=-0.021 sel=-0.041 (316s)
    ep3 loss=0.973 r2=0.056 sel=0.053 (420s)
    ep4 loss=0.941 r2=0.121 sel=0.125 (526s)
    ep5 loss=0.883 r2=0.161 sel=0.161 (631s)
    ep6 loss=0.767 r2=0.297 sel=0.287 (736s)
    ep7 loss=0.682 r2=0.355 sel=0.351 (841s)
    ep8 loss=0.621 r2=0.398 sel=0.373 (946s)
    ep9 loss=0.568 r2=0.453 sel=0.419 (1052s)
    ep10 loss=0.524 r2=0.465 sel=0.437 (1157s)
    ep11 loss=0.482 r2=0.488 sel=0.439 (1263s)
    ep12 loss=0.439 r2=0.499 sel=0.442 (1368s)
    ep13 loss=0.390 r2=0.507 sel=0.448 (1473s)
    ep14 loss=0.331 r2=0.504 sel=0.440 (1579s)
    ep15 loss=0.267 r2=0.506 sel=0.428 (1684s)
    ep16 loss=0.202 r2=0.498 sel=0.412 (1788s)
    ep17 loss=0.144 r2=0.491 sel=0.408 (1894s)
    ep18 loss=0.107 r2=0.474 sel=0.402 (1999s)
    ep19 loss=0.078 r2=0.479 sel=0.406 (2104s)
    ep20 loss=0.059 r2=0.470 sel=0.396 (2210s)
    ep21 loss=0.046 r2=0.463 sel=0.395 (2315s)
    ep22 loss=0.035 r2=0.467 sel=0.390 (2420s)
    ep23 loss=0.029 r2=0.456 sel=0.384 (2526s)
    ep24 loss=0.025 r2=0.459 sel=0.385 (2631s)
    ep25 loss=0.021 r2=0.453 sel=0.390 (2736s)
    ep26 loss=0.019 r2=0.460 sel=0.382 (2842s)
    ep27 loss=0.017 r2=0.454 sel=0.386 (2947s)
    ep28 loss=0.015 r2=0.450 sel=0.384 (3053s)
    ep29 loss=0.014 r2=0.455 sel=0.380 (3158s)
    ep30 loss=0.013 r2=0.454 sel=0.387 (3263s)
    ep31 loss=0.012 r2=0.449 sel=0.384 (3369s)
    ep32 loss=0.011 r2=0.451 sel=0.382 (3474s)
    ep33 loss=0.011 r2=0.450 sel=0.379 (3579s)
    ep34 loss=0.010 r2=0.447 sel=0.385 (3685s)
    ep35 loss=0.011 r2=0.450 sel=0.380 (3790s)
    ep36 loss=0.010 r2=0.447 sel=0.382 (3895s)
    ep37 loss=0.010 r2=0.446 sel=0.381 (4000s)
    ep38 loss=0.010 r2=0.446 sel=0.383 (4106s)
    ep39 loss=0.010 r2=0.448 sel=0.383 (4211s)
    test-time averaging: r2_avg8=0.501 r2_avg32=0.512
  -> g9_is_rf_n512_d768L12: r2=0.507 loss=0.010 sel_metric=0.448 val_at_last_epoch=0.448 r2_avg8=0.501 r2_avg32=0.512 best_epoch=13 params=57123890 4216s
[g9_is_rf_n512_d512L8_s1] func_is rf n_neurons=11326 {'n': 512, 'dim': 512, 'layers': 8, 'epochs': 40, 'batch': 64, 'seed': 1, 'rel_bias': True, 'device': 'cuda', 'early_stop': 0.2, 'sel_reps': 4, 'pops_per_epoch': 5000}
    ep0 loss=1.059 r2=0.001 sel=-0.014 (44s)
    ep1 loss=0.993 r2=-0.010 sel=-0.034 (88s)
    ep2 loss=0.998 r2=0.018 sel=0.017 (132s)
    ep3 loss=0.966 r2=0.073 sel=0.071 (176s)
    ep4 loss=0.957 r2=0.065 sel=0.083 (219s)
    ep5 loss=0.909 r2=0.144 sel=0.130 (263s)
    ep6 loss=0.829 r2=0.211 sel=0.198 (307s)
    ep7 loss=0.758 r2=0.264 sel=0.254 (351s)
    ep8 loss=0.721 r2=0.316 sel=0.279 (394s)
    ep9 loss=0.646 r2=0.354 sel=0.292 (438s)
    ep10 loss=0.597 r2=0.427 sel=0.360 (482s)
    ep11 loss=0.552 r2=0.434 sel=0.405 (526s)
    ep12 loss=0.518 r2=0.457 sel=0.419 (569s)
    ep13 loss=0.485 r2=0.459 sel=0.427 (613s)
    ep14 loss=0.469 r2=0.444 sel=0.374 (657s)
    ep15 loss=0.436 r2=0.496 sel=0.408 (701s)
    ep16 loss=0.390 r2=0.482 sel=0.430 (744s)
    ep17 loss=0.375 r2=0.487 sel=0.443 (788s)
    ep18 loss=0.323 r2=0.494 sel=0.431 (832s)
    ep19 loss=0.289 r2=0.477 sel=0.416 (876s)
    ep20 loss=0.256 r2=0.473 sel=0.390 (919s)
    ep21 loss=0.225 r2=0.466 sel=0.411 (963s)
    ep22 loss=0.194 r2=0.463 sel=0.394 (1007s)
    ep23 loss=0.169 r2=0.467 sel=0.397 (1051s)
    ep24 loss=0.146 r2=0.466 sel=0.396 (1094s)
    ep25 loss=0.129 r2=0.465 sel=0.395 (1138s)
    ep26 loss=0.113 r2=0.464 sel=0.388 (1182s)
    ep27 loss=0.103 r2=0.462 sel=0.388 (1225s)
    ep28 loss=0.093 r2=0.471 sel=0.389 (1269s)
    ep29 loss=0.084 r2=0.454 sel=0.386 (1313s)
    ep30 loss=0.078 r2=0.462 sel=0.383 (1357s)
    ep31 loss=0.073 r2=0.451 sel=0.381 (1400s)
    ep32 loss=0.069 r2=0.453 sel=0.380 (1444s)
    ep33 loss=0.066 r2=0.453 sel=0.380 (1488s)
    ep34 loss=0.064 r2=0.454 sel=0.377 (1531s)
    ep35 loss=0.062 r2=0.452 sel=0.376 (1575s)
    ep36 loss=0.061 r2=0.455 sel=0.376 (1619s)
    ep37 loss=0.060 r2=0.452 sel=0.378 (1662s)
    ep38 loss=0.060 r2=0.456 sel=0.377 (1706s)
    ep39 loss=0.060 r2=0.450 sel=0.378 (1750s)
    test-time averaging: r2_avg8=0.483 r2_avg32=0.495
  -> g9_is_rf_n512_d512L8_s1: r2=0.487 loss=0.060 sel_metric=0.443 val_at_last_epoch=0.450 r2_avg8=0.483 r2_avg32=0.495 best_epoch=17 params=17088546 1753s
[g9_is_rf_n512_d512L8_s2] func_is rf n_neurons=11326 {'n': 512, 'dim': 512, 'layers': 8, 'epochs': 40, 'batch': 64, 'seed': 2, 'rel_bias': True, 'device': 'cuda', 'early_stop': 0.2, 'sel_reps': 4, 'pops_per_epoch': 5000}
    ep0 loss=1.013 r2=0.011 sel=0.007 (45s)
    ep1 loss=0.986 r2=-0.003 sel=0.008 (88s)
    ep2 loss=0.992 r2=0.035 sel=0.044 (132s)
    ep3 loss=0.966 r2=-0.005 sel=-0.004 (176s)
    ep4 loss=0.946 r2=0.092 sel=0.105 (220s)
    ep5 loss=0.898 r2=0.141 sel=0.114 (263s)
    ep6 loss=0.822 r2=0.228 sel=0.227 (307s)
    ep7 loss=0.743 r2=0.278 sel=0.246 (351s)
    ep8 loss=0.677 r2=0.304 sel=0.286 (395s)
    ep9 loss=0.623 r2=0.397 sel=0.364 (439s)
    ep10 loss=0.580 r2=0.424 sel=0.390 (469s)
    ep11 loss=0.544 r2=0.452 sel=0.382 (505s)
    ep12 loss=0.511 r2=0.456 sel=0.399 (539s)
    ep13 loss=0.481 r2=0.484 sel=0.437 (580s)
    ep14 loss=0.454 r2=0.487 sel=0.445 (621s)
    ep15 loss=0.423 r2=0.488 sel=0.448 (659s)
    ep16 loss=0.408 r2=0.490 sel=0.441 (686s)
    ep17 loss=0.356 r2=0.482 sel=0.433 (717s)
    ep18 loss=0.347 r2=0.478 sel=0.427 (746s)
    ep19 loss=0.285 r2=0.463 sel=0.400 (773s)
    ep20 loss=0.247 r2=0.462 sel=0.383 (799s)
    ep21 loss=0.211 r2=0.452 sel=0.404 (824s)
    ep22 loss=0.177 r2=0.454 sel=0.384 (851s)
    ep23 loss=0.150 r2=0.443 sel=0.385 (883s)
    ep24 loss=0.126 r2=0.431 sel=0.365 (911s)
    ep25 loss=0.108 r2=0.430 sel=0.366 (940s)
    ep26 loss=0.093 r2=0.432 sel=0.370 (983s)
    ep27 loss=0.081 r2=0.432 sel=0.364 (1026s)
    ep28 loss=0.073 r2=0.428 sel=0.371 (1069s)
    ep29 loss=0.067 r2=0.427 sel=0.353 (1113s)
    ep30 loss=0.062 r2=0.421 sel=0.361 (1156s)
    ep31 loss=0.057 r2=0.425 sel=0.363 (1200s)
    ep32 loss=0.054 r2=0.427 sel=0.366 (1243s)
    ep33 loss=0.052 r2=0.427 sel=0.367 (1286s)
    ep34 loss=0.050 r2=0.428 sel=0.362 (1330s)
    ep35 loss=0.049 r2=0.424 sel=0.362 (1374s)
    ep36 loss=0.048 r2=0.425 sel=0.359 (1417s)
    ep37 loss=0.047 r2=0.423 sel=0.362 (1461s)
    ep38 loss=0.047 r2=0.424 sel=0.362 (1504s)
    ep39 loss=0.047 r2=0.423 sel=0.362 (1548s)
    test-time averaging: r2_avg8=0.479 r2_avg32=0.496
  -> g9_is_rf_n512_d512L8_s2: r2=0.488 loss=0.047 sel_metric=0.448 val_at_last_epoch=0.423 r2_avg8=0.479 r2_avg32=0.496 best_epoch=15 params=17088546 1551s
[g9_iv_rf_n512_d512L8] func_iv rf n_neurons=11326 {'n': 512, 'dim': 512, 'layers': 8, 'epochs': 40, 'batch': 64, 'rel_bias': True, 'device': 'cuda', 'early_stop': 0.2, 'sel_reps': 4, 'pops_per_epoch': 5000}
    ep0 loss=1.062 r2=0.010 sel=0.012 (44s)
    ep1 loss=1.006 r2=-0.022 sel=-0.013 (88s)
    ep2 loss=1.000 r2=0.013 sel=0.029 (131s)
    ep3 loss=0.980 r2=0.028 sel=0.032 (174s)
    ep4 loss=0.969 r2=0.031 sel=0.039 (218s)
    ep5 loss=0.944 r2=0.061 sel=0.074 (261s)
    ep6 loss=0.932 r2=0.100 sel=0.104 (305s)
    ep7 loss=0.888 r2=0.133 sel=0.128 (340s)
    ep8 loss=0.849 r2=0.166 sel=0.134 (384s)
    ep9 loss=0.813 r2=0.186 sel=0.160 (427s)
    ep10 loss=0.805 r2=0.214 sel=0.180 (471s)
    ep11 loss=0.748 r2=0.225 sel=0.204 (515s)
    ep12 loss=0.719 r2=0.233 sel=0.200 (559s)
    ep13 loss=0.688 r2=0.230 sel=0.189 (602s)
    ep14 loss=0.653 r2=0.220 sel=0.191 (645s)
    ep15 loss=0.622 r2=0.219 sel=0.194 (689s)
    ep16 loss=0.563 r2=0.229 sel=0.171 (732s)
    ep17 loss=0.507 r2=0.210 sel=0.145 (776s)
    ep18 loss=0.429 r2=0.203 sel=0.142 (819s)
    ep19 loss=0.378 r2=0.202 sel=0.126 (862s)
    ep20 loss=0.281 r2=0.190 sel=0.108 (905s)
    ep21 loss=0.212 r2=0.181 sel=0.085 (949s)
    ep22 loss=0.162 r2=0.174 sel=0.095 (992s)
    ep23 loss=0.126 r2=0.172 sel=0.091 (1036s)
    ep24 loss=0.102 r2=0.175 sel=0.093 (1079s)
    ep25 loss=0.087 r2=0.167 sel=0.086 (1122s)
    ep26 loss=0.073 r2=0.166 sel=0.088 (1166s)
    ep27 loss=0.064 r2=0.167 sel=0.083 (1209s)
    ep28 loss=0.057 r2=0.170 sel=0.083 (1253s)
    ep29 loss=0.052 r2=0.165 sel=0.085 (1296s)
    ep30 loss=0.048 r2=0.163 sel=0.086 (1332s)
    ep31 loss=0.044 r2=0.169 sel=0.084 (1374s)
    ep32 loss=0.042 r2=0.166 sel=0.083 (1418s)
    ep33 loss=0.040 r2=0.164 sel=0.079 (1461s)
    ep34 loss=0.039 r2=0.170 sel=0.084 (1504s)
    ep35 loss=0.038 r2=0.162 sel=0.083 (1548s)
    ep36 loss=0.037 r2=0.166 sel=0.083 (1591s)
    ep37 loss=0.037 r2=0.168 sel=0.083 (1634s)
    ep38 loss=0.037 r2=0.167 sel=0.082 (1677s)
    ep39 loss=0.037 r2=0.169 sel=0.083 (1720s)
    test-time averaging: r2_avg8=0.223 r2_avg32=0.227
  -> g9_iv_rf_n512_d512L8: r2=0.225 loss=0.037 sel_metric=0.204 val_at_last_epoch=0.169 r2_avg8=0.223 r2_avg32=0.227 best_epoch=11 params=17088546 1723s
[g9_iv_rf_n512_d512L8_cf75] func_iv rf n_neurons=11326 {'n': 512, 'dim': 512, 'layers': 8, 'epochs': 40, 'batch': 64, 'cond_frac': 0.75, 'rel_bias': True, 'device': 'cuda', 'early_stop': 0.2, 'sel_reps': 4, 'pops_per_epoch': 5000}
    ep0 loss=1.046 r2=0.018 sel=0.019 (43s)
    ep1 loss=0.988 r2=0.026 sel=0.033 (87s)
    ep2 loss=0.997 r2=0.009 sel=0.023 (130s)
    ep3 loss=0.988 r2=0.012 sel=0.016 (173s)
    ep4 loss=0.974 r2=0.003 sel=0.015 (216s)
    ep5 loss=0.961 r2=0.043 sel=0.045 (259s)
    ep6 loss=0.946 r2=0.063 sel=0.052 (303s)
    ep7 loss=0.926 r2=0.104 sel=0.090 (346s)
    ep8 loss=0.900 r2=0.124 sel=0.112 (390s)
    ep9 loss=0.873 r2=0.146 sel=0.127 (433s)
    ep10 loss=0.843 r2=0.182 sel=0.162 (476s)
    ep11 loss=0.821 r2=0.209 sel=0.191 (520s)
    ep12 loss=0.802 r2=0.197 sel=0.170 (563s)
    ep13 loss=0.782 r2=0.239 sel=0.189 (599s)
    ep14 loss=0.758 r2=0.240 sel=0.200 (643s)
    ep15 loss=0.735 r2=0.239 sel=0.184 (686s)
    ep16 loss=0.712 r2=0.259 sel=0.195 (729s)
    ep17 loss=0.690 r2=0.262 sel=0.223 (772s)
    ep18 loss=0.664 r2=0.258 sel=0.206 (816s)
    ep19 loss=0.637 r2=0.262 sel=0.200 (859s)
    ep20 loss=0.605 r2=0.270 sel=0.213 (903s)
    ep21 loss=0.570 r2=0.261 sel=0.206 (946s)
    ep22 loss=0.534 r2=0.255 sel=0.202 (990s)
    ep23 loss=0.501 r2=0.254 sel=0.185 (1033s)
    ep24 loss=0.464 r2=0.255 sel=0.173 (1076s)
    ep25 loss=0.430 r2=0.246 sel=0.175 (1120s)
    ep26 loss=0.398 r2=0.241 sel=0.168 (1163s)
    ep27 loss=0.369 r2=0.236 sel=0.159 (1207s)
    ep28 loss=0.343 r2=0.236 sel=0.153 (1250s)
    ep29 loss=0.325 r2=0.231 sel=0.143 (1294s)
    ep30 loss=0.305 r2=0.236 sel=0.145 (1337s)
    ep31 loss=0.290 r2=0.228 sel=0.137 (1381s)
    ep32 loss=0.277 r2=0.232 sel=0.142 (1424s)
    ep33 loss=0.268 r2=0.227 sel=0.141 (1467s)
    ep34 loss=0.263 r2=0.231 sel=0.131 (1511s)
    ep35 loss=0.257 r2=0.228 sel=0.138 (1553s)
    ep36 loss=0.254 r2=0.231 sel=0.140 (1590s)
    ep37 loss=0.252 r2=0.230 sel=0.136 (1633s)
    ep38 loss=0.250 r2=0.230 sel=0.136 (1676s)
    ep39 loss=0.250 r2=0.229 sel=0.135 (1719s)
    test-time averaging: r2_avg8=0.262 r2_avg32=0.265
  -> g9_iv_rf_n512_d512L8_cf75: r2=0.262 loss=0.250 sel_metric=0.223 val_at_last_epoch=0.229 r2_avg8=0.262 r2_avg32=0.265 best_epoch=17 params=17088546 1723s
[g9_is_ori_n512_d768L12] func_is ori n_neurons=5287 {'n': 512, 'dim': 768, 'layers': 12, 'epochs': 30, 'batch': 32, 'rel_bias': True, 'device': 'cuda', 'early_stop': 0.2, 'sel_reps': 4, 'pops_per_epoch': 5000}
    ep0 loss=1.958 acc=0.352 sel=0.288 (104s)
    ep1 loss=1.847 acc=0.336 sel=0.288 (208s)
    ep2 loss=1.810 acc=0.381 sel=0.311 (311s)
    ep3 loss=1.690 acc=0.414 sel=0.369 (415s)
    ep4 loss=1.571 acc=0.418 sel=0.400 (520s)
    ep5 loss=1.518 acc=0.415 sel=0.398 (624s)
    ep6 loss=1.453 acc=0.420 sel=0.390 (728s)
    ep7 loss=1.356 acc=0.398 sel=0.360 (825s)
    ep8 loss=1.103 acc=0.384 sel=0.352 (928s)
    ep9 loss=0.723 acc=0.384 sel=0.364 (1030s)
    ep10 loss=0.317 acc=0.372 sel=0.341 (1133s)
    ep11 loss=0.131 acc=0.371 sel=0.352 (1236s)
    ep12 loss=0.030 acc=0.367 sel=0.362 (1339s)
    ep13 loss=0.032 acc=0.380 sel=0.343 (1442s)
    ep14 loss=0.009 acc=0.377 sel=0.339 (1545s)
    ep15 loss=0.006 acc=0.376 sel=0.348 (1649s)
    ep16 loss=0.004 acc=0.379 sel=0.339 (1752s)
    ep17 loss=0.004 acc=0.374 sel=0.341 (1847s)
    ep18 loss=0.003 acc=0.375 sel=0.356 (1950s)
    ep19 loss=0.002 acc=0.381 sel=0.347 (2054s)
    ep20 loss=0.002 acc=0.374 sel=0.337 (2159s)
    ep21 loss=0.002 acc=0.374 sel=0.339 (2263s)
    ep22 loss=0.001 acc=0.373 sel=0.345 (2368s)
    ep23 loss=0.001 acc=0.377 sel=0.343 (2473s)
    ep24 loss=0.001 acc=0.380 sel=0.350 (2577s)
    ep25 loss=0.001 acc=0.378 sel=0.337 (2683s)
    ep26 loss=0.001 acc=0.376 sel=0.331 (2788s)
    ep27 loss=0.001 acc=0.373 sel=0.331 (2893s)
    ep28 loss=0.001 acc=0.374 sel=0.333 (2999s)
    ep29 loss=0.001 acc=0.377 sel=0.331 (3104s)
    test-time averaging: acc_avg8=0.414 acc_avg32=0.415
  -> g9_is_ori_n512_d768L12: acc=0.418 acc_modD=0.377 loss=0.001 sel_metric=0.400 val_at_last_epoch=0.377 acc_avg8=0.414 acc_avg32=0.415 best_epoch=4 params=57128504 3108s
SWEEP_GPU9B_DONE
